This is pdfTeX, Version 3.141592653-2.6-1.40.29 (MiKTeX 26.2) (preloaded format=pdflatex 2026.8.15)  9 SEP 2026 13:00
entering extended mode
 file:line:error style messages enabled.
 %&-line parsing enabled.
**./Gaussian_Coefficient_Calculus.tex
(Gaussian_Coefficient_Calculus.tex
LaTeX2e <2025-11-01>
L3 programming layer <2026-03-20>
(C:\Users\vresh\AppData\Local\Programs\MiKTeX\tex/latex/base\book.cls
Document Class: book 2025/01/22 v1.4n Standard LaTeX document class
(C:\Users\vresh\AppData\Local\Programs\MiKTeX\tex/latex/base\bk11.clo
File: bk11.clo 2025/01/22 v1.4n Standard LaTeX file (size option)
)
\c@part=\count275
\c@chapter=\count276
\c@section=\count277
\c@subsection=\count278
\c@subsubsection=\count279
\c@paragraph=\count280
\c@subparagraph=\count281
\c@figure=\count282
\c@table=\count283
\abovecaptionskip=\skip49
\belowcaptionskip=\skip50
\bibindent=\dimen150
)
(C:\Users\vresh\AppData\Local\Programs\MiKTeX\tex/latex/base\fontenc.sty
Package: fontenc 2025/07/18 v2.1d Standard LaTeX package
)
(C:\Users\vresh\AppData\Local\Programs\MiKTeX\tex/latex/base\inputenc.sty
Package: inputenc 2024/02/08 v1.3d Input encoding file
\inpenc@prehook=\toks17
\inpenc@posthook=\toks18
)
(C:\Users\vresh\AppData\Local\Programs\MiKTeX\tex/latex/libertinus\libertinus.s
ty
Package: libertinus 2020/05/06 v. 0.02 (Herbert Voss) Supports libertinus fonts
 for pdflatex/lualatex/xelatex
 (C:\Users\vresh\AppData\Local\Programs\MiKTeX\tex/generic/iftex\iftex.sty
Package: iftex 2024/12/12 v1.0g TeX engine tests
)
(C:\Users\vresh\AppData\Local\Programs\MiKTeX\tex/latex/xkeyval\xkeyval.sty
Package: xkeyval 2022/06/16 v2.9 package option processing (HA)

(C:\Users\vresh\AppData\Local\Programs\MiKTeX\tex/generic/xkeyval\xkeyval.tex
(C:\Users\vresh\AppData\Local\Programs\MiKTeX\tex/generic/xkeyval\xkvutils.tex
\XKV@toks=\toks19
\XKV@tempa@toks=\toks20

(C:\Users\vresh\AppData\Local\Programs\MiKTeX\tex/generic/xkeyval\keyval.tex))
\XKV@depth=\count284
File: xkeyval.tex 2014/12/03 v2.7a key=value parser (HA)
))
(C:\Users\vresh\AppData\Local\Programs\MiKTeX\tex/latex/libertinus-type1\libert
inus-type1.sty
Package: libertinus-type1 2025/11/17 (Bob Tennent) Supports libertinus fonts fo
r latex/pdflatex.

(C:\Users\vresh\AppData\Local\Programs\MiKTeX\tex/generic/iftex\ifxetex.sty
Package: ifxetex 2019/10/25 v0.7 ifxetex legacy package. Use iftex instead.
)
(C:\Users\vresh\AppData\Local\Programs\MiKTeX\tex/generic/iftex\ifluatex.sty
Package: ifluatex 2019/10/25 v1.5 ifluatex legacy package. Use iftex instead.
)
(C:\Users\vresh\AppData\Local\Programs\MiKTeX\tex/latex/base\textcomp.sty
Package: textcomp 2024/04/24 v2.1b Standard LaTeX package
)
(C:\Users\vresh\AppData\Local\Programs\MiKTeX\tex/latex/base\fontenc.sty
Package: fontenc 2025/07/18 v2.1d Standard LaTeX package
)
(C:\Users\vresh\AppData\Local\Programs\MiKTeX\tex/latex/fontaxes\fontaxes.sty
Package: fontaxes 2026-01-02 v2.0.2 Font selection axes (deprecated)
Applying: [2024-11-01] Use figureversions if present on input line 74.

(C:\Users\vresh\AppData\Local\Programs\MiKTeX\tex/latex/figureversions\figureve
rsions.sty
Package: figureversions 2025-04-29 v1.0.1 Figure versions
)
Already applied: [0000-00-00] Fall back to v1 on input line 76.
)))
(C:\Users\vresh\AppData\Local\Programs\MiKTeX\tex/latex/microtype\microtype.sty
Package: microtype 2026/03/01 v3.2d Micro-typographical refinements (RS)
(C:\Users\vresh\AppData\Local\Programs\MiKTeX\tex/latex/etoolbox\etoolbox.sty
Package: etoolbox 2025/10/02 v2.5m e-TeX tools for LaTeX (JAW)
\etb@tempcnta=\count285
)
\MT@toks=\toks21
\MT@tempbox=\box53
\MT@count=\count286
LaTeX Info: Redefining \noprotrusionifhmode on input line 1084.
LaTeX Info: Redefining \leftprotrusion on input line 1085.
\MT@prot@toks=\toks22
LaTeX Info: Redefining \rightprotrusion on input line 1104.
LaTeX Info: Redefining \textls on input line 1449.
\MT@outer@kern=\dimen151
LaTeX Info: Redefining \microtypecontext on input line 2053.
LaTeX Info: Redefining \textmicrotypecontext on input line 2070.
\MT@listname@count=\count287

(C:\Users\vresh\AppData\Local\Programs\MiKTeX\tex/latex/microtype\microtype-pdf
tex.def
File: microtype-pdftex.def 2026/03/01 v3.2d Definitions specific to pdftex (RS)

LaTeX Info: Redefining \lsstyle on input line 944.
LaTeX Info: Redefining \lslig on input line 944.
\MT@outer@space=\skip51
)
Package microtype Info: Loading configuration file microtype.cfg.

(C:\Users\vresh\AppData\Local\Programs\MiKTeX\tex/latex/microtype\microtype.cfg
File: microtype.cfg 2026/03/01 v3.2d microtype main configuration file (RS)
)
LaTeX Info: Redefining \microtypesetup on input line 3065.
)
(C:\Users\vresh\AppData\Local\Programs\MiKTeX\tex/latex/geometry\geometry.sty
Package: geometry 2026/03/07 v6.0 Page Geometry

(C:\Users\vresh\AppData\Local\Programs\MiKTeX\tex/generic/iftex\ifvtex.sty
Package: ifvtex 2019/10/25 v1.7 ifvtex legacy package. Use iftex instead.
)
\Gm@cnth=\count288
\Gm@cntv=\count289
\c@Gm@tempcnt=\count290
\Gm@bindingoffset=\dimen152
\Gm@wd@mp=\dimen153
\Gm@odd@mp=\dimen154
\Gm@even@mp=\dimen155
\Gm@layoutwidth=\dimen156
\Gm@layoutheight=\dimen157
\Gm@layouthoffset=\dimen158
\Gm@layoutvoffset=\dimen159
\Gm@dimlist=\toks23

(C:\Users\vresh\AppData\Local\Programs\MiKTeX\tex/latex/geometry\geometry.cfg))
(C:\Users\vresh\AppData\Local\Programs\MiKTeX\tex/latex/amsmath\amsmath.sty
Package: amsmath 2025/07/09 v2.17z AMS math features
\@mathmargin=\skip52

For additional information on amsmath, use the `?' option.
(C:\Users\vresh\AppData\Local\Programs\MiKTeX\tex/latex/amsmath\amstext.sty
Package: amstext 2024/11/17 v2.01 AMS text

(C:\Users\vresh\AppData\Local\Programs\MiKTeX\tex/latex/amsmath\amsgen.sty
File: amsgen.sty 1999/11/30 v2.0 generic functions
\@emptytoks=\toks24
\ex@=\dimen160
))
(C:\Users\vresh\AppData\Local\Programs\MiKTeX\tex/latex/amsmath\amsbsy.sty
Package: amsbsy 1999/11/29 v1.2d Bold Symbols
\pmbraise@=\dimen161
)
(C:\Users\vresh\AppData\Local\Programs\MiKTeX\tex/latex/amsmath\amsopn.sty
Package: amsopn 2022/04/08 v2.04 operator names
)
\inf@bad=\count291
LaTeX Info: Redefining \frac on input line 233.
\uproot@=\count292
\leftroot@=\count293
LaTeX Info: Redefining \overline on input line 398.
LaTeX Info: Redefining \colon on input line 409.
\classnum@=\count294
\DOTSCASE@=\count295
LaTeX Info: Redefining \ldots on input line 495.
LaTeX Info: Redefining \dots on input line 498.
LaTeX Info: Redefining \cdots on input line 619.
\Mathstrutbox@=\box54
\strutbox@=\box55
LaTeX Info: Redefining \big on input line 721.
LaTeX Info: Redefining \Big on input line 722.
LaTeX Info: Redefining \bigg on input line 723.
LaTeX Info: Redefining \Bigg on input line 724.
\big@size=\dimen162
LaTeX Font Info:    Redeclaring font encoding OML on input line 742.
LaTeX Font Info:    Redeclaring font encoding OMS on input line 743.
\macc@depth=\count296
LaTeX Info: Redefining \bmod on input line 904.
LaTeX Info: Redefining \pmod on input line 909.
LaTeX Info: Redefining \smash on input line 939.
LaTeX Info: Redefining \relbar on input line 969.
LaTeX Info: Redefining \Relbar on input line 970.
\c@MaxMatrixCols=\count297
\dotsspace@=\muskip17
\c@parentequation=\count298
\dspbrk@lvl=\count299
\tag@help=\toks25
\row@=\count300
\column@=\count301
\maxfields@=\count302
\andhelp@=\toks26
\eqnshift@=\dimen163
\alignsep@=\dimen164
\tagshift@=\dimen165
\tagwidth@=\dimen166
\totwidth@=\dimen167
\lineht@=\dimen168
\@envbody=\toks27
\multlinegap=\skip53
\multlinetaggap=\skip54
\mathdisplay@stack=\toks28
LaTeX Info: Redefining \[ on input line 2950.
LaTeX Info: Redefining \] on input line 2951.
)
(C:\Users\vresh\AppData\Local\Programs\MiKTeX\tex/latex/amsfonts\amssymb.sty
Package: amssymb 2013/01/14 v3.01 AMS font symbols

(C:\Users\vresh\AppData\Local\Programs\MiKTeX\tex/latex/amsfonts\amsfonts.sty
Package: amsfonts 2013/01/14 v3.01 Basic AMSFonts support
\symAMSa=\mathgroup4
\symAMSb=\mathgroup5
LaTeX Font Info:    Redeclaring math symbol \hbar on input line 98.
LaTeX Font Info:    Overwriting math alphabet `\mathfrak' in version `bold'
(Font)                  U/euf/m/n --> U/euf/b/n on input line 106.
)) (C:\Users\vresh\AppData\Local\Programs\MiKTeX\tex/latex/amscls\amsthm.sty
Package: amsthm 2020/05/29 v2.20.6
\thm@style=\toks29
\thm@bodyfont=\toks30
\thm@headfont=\toks31
\thm@notefont=\toks32
\thm@headpunct=\toks33
\thm@preskip=\skip55
\thm@postskip=\skip56
\thm@headsep=\skip57
\dth@everypar=\toks34
)
(C:\Users\vresh\AppData\Local\Programs\MiKTeX\tex/latex/mathtools\mathtools.sty
Package: mathtools 2024/10/04 v1.31 mathematical typesetting tools
(C:\Users\vresh\AppData\Local\Programs\MiKTeX\tex/latex/tools\calc.sty
Package: calc 2025/03/01 v4.3b Infix arithmetic (KKT,FJ)
\calc@Acount=\count303
\calc@Bcount=\count304
\calc@Adimen=\dimen169
\calc@Bdimen=\dimen170
\calc@Askip=\skip58
\calc@Bskip=\skip59
LaTeX Info: Redefining \setlength on input line 86.
LaTeX Info: Redefining \addtolength on input line 87.
\calc@Ccount=\count305
\calc@Cskip=\skip60
)
(C:\Users\vresh\AppData\Local\Programs\MiKTeX\tex/latex/mathtools\mhsetup.sty
Package: mhsetup 2021/03/18 v1.4 programming setup (MH)
)
\g_MT_multlinerow_int=\count306
\l_MT_multwidth_dim=\dimen171
\origjot=\skip61
\l_MT_shortvdotswithinadjustabove_dim=\dimen172
\l_MT_shortvdotswithinadjustbelow_dim=\dimen173
\l_MT_above_intertext_sep=\dimen174
\l_MT_below_intertext_sep=\dimen175
\l_MT_above_shortintertext_sep=\dimen176
\l_MT_below_shortintertext_sep=\dimen177
\xmathstrut@box=\box56
\xmathstrut@dim=\dimen178
) (C:\Users\vresh\AppData\Local\Programs\MiKTeX\tex/latex/tools\bm.sty
Package: bm 2025/10/21 v1.2g Bold Symbol Support (DPC/FMi)
\symboldoperators=\mathgroup6
\symboldletters=\mathgroup7
\symboldsymbols=\mathgroup8
Package bm Info: No bold for \OMX/cmex/m/n, using \pmb.
Package bm Info: No bold for \U/msa/m/n, using \pmb.
Package bm Info: No bold for \U/msb/m/n, using \pmb.
LaTeX Font Info:    Redeclaring math alphabet \mathbf on input line 149.
)
(C:\Users\vresh\AppData\Local\Programs\MiKTeX\tex/latex/jknappen\mathrsfs.sty
Package: mathrsfs 1996/01/01 Math RSFS package v1.0 (jk)
\symrsfs=\mathgroup9
)
(C:\Users\vresh\AppData\Local\Programs\MiKTeX\tex/latex/booktabs\booktabs.sty
Package: booktabs 2020/01/12 v1.61803398 Publication quality tables
\heavyrulewidth=\dimen179
\lightrulewidth=\dimen180
\cmidrulewidth=\dimen181
\belowrulesep=\dimen182
\belowbottomsep=\dimen183
\aboverulesep=\dimen184
\abovetopsep=\dimen185
\cmidrulesep=\dimen186
\cmidrulekern=\dimen187
\defaultaddspace=\dimen188
\@cmidla=\count307
\@cmidlb=\count308
\@aboverulesep=\dimen189
\@belowrulesep=\dimen190
\@thisruleclass=\count309
\@lastruleclass=\count310
\@thisrulewidth=\dimen191
)
(C:\Users\vresh\AppData\Local\Programs\MiKTeX\tex/latex/tools\longtable.sty
Package: longtable 2025-10-13 v4.24 Multi-page Table package (DPC)
\LTleft=\skip62
\LTright=\skip63
\LTpre=\skip64
\LTpost=\skip65
\LTchunksize=\count311
\LTcapwidth=\dimen192
\LT@head=\box57
\LT@firsthead=\box58
\LT@foot=\box59
\LT@lastfoot=\box60
\LT@gbox=\box61
\LT@cols=\count312
\LT@rows=\count313
\c@LT@tables=\count314
\c@LT@chunks=\count315
\LT@p@ftn=\toks35
)
(C:\Users\vresh\AppData\Local\Programs\MiKTeX\tex/latex/tools\array.sty
Package: array 2025/09/25 v2.6n Tabular extension package (FMi)
\col@sep=\dimen193
\ar@mcellbox=\box62
\extrarowheight=\dimen194
\NC@list=\toks36
\extratabsurround=\skip66
\backup@length=\skip67
\ar@cellbox=\box63
)
(C:\Users\vresh\AppData\Local\Programs\MiKTeX\tex/latex/tools\tabularx.sty
Package: tabularx 2023/12/11 v2.12a `tabularx' package (DPC)
\TX@col@width=\dimen195
\TX@old@table=\dimen196
\TX@old@col=\dimen197
\TX@target=\dimen198
\TX@delta=\dimen199
\TX@cols=\count316
\TX@ftn=\toks37
)
(C:\Users\vresh\AppData\Local\Programs\MiKTeX\tex/latex/ragged2e\ragged2e.sty
Package: ragged2e 2023/06/22 v3.6 ragged2e Package
\CenteringLeftskip=\skip68
\RaggedLeftLeftskip=\skip69
\RaggedRightLeftskip=\skip70
\CenteringRightskip=\skip71
\RaggedLeftRightskip=\skip72
\RaggedRightRightskip=\skip73
\CenteringParfillskip=\skip74
\RaggedLeftParfillskip=\skip75
\RaggedRightParfillskip=\skip76
\JustifyingParfillskip=\skip77
\CenteringParindent=\skip78
\RaggedLeftParindent=\skip79
\RaggedRightParindent=\skip80
\JustifyingParindent=\skip81
)
(C:\Users\vresh\AppData\Local\Programs\MiKTeX\tex/latex/enumitem\enumitem.sty
Package: enumitem 2025/02/06 v3.11 Customized lists
\enitkv@toks@=\toks38
\labelindent=\skip82
\enit@outerparindent=\dimen256
\enit@toks=\toks39
\enit@inbox=\box64
\enit@count@id=\count317
\enitdp@description=\count318
)
(C:\Users\vresh\AppData\Local\Programs\MiKTeX\tex/latex/xcolor\xcolor.sty
Package: xcolor 2024/09/29 v3.02 LaTeX color extensions (UK)

(C:\Users\vresh\AppData\Local\Programs\MiKTeX\tex/latex/graphics-cfg\color.cfg
File: color.cfg 2016/01/02 v1.6 sample color configuration
)
Package xcolor Info: Driver file: pdftex.def on input line 274.

(C:\Users\vresh\AppData\Local\Programs\MiKTeX\tex/latex/graphics-def\pdftex.def
File: pdftex.def 2025/09/29 v1.2d Graphics/color driver for pdftex
)
(C:\Users\vresh\AppData\Local\Programs\MiKTeX\tex/latex/graphics\mathcolor.ltx)
Package xcolor Info: Model `cmy' substituted by `cmy0' on input line 1349.
Package xcolor Info: Model `hsb' substituted by `rgb' on input line 1353.
Package xcolor Info: Model `RGB' extended on input line 1365.
Package xcolor Info: Model `HTML' substituted by `rgb' on input line 1367.
Package xcolor Info: Model `Hsb' substituted by `hsb' on input line 1368.
Package xcolor Info: Model `tHsb' substituted by `hsb' on input line 1369.
Package xcolor Info: Model `HSB' substituted by `hsb' on input line 1370.
Package xcolor Info: Model `Gray' substituted by `gray' on input line 1371.
Package xcolor Info: Model `wave' substituted by `hsb' on input line 1372.
)
(C:\Users\vresh\AppData\Local\Programs\MiKTeX\tex/latex/tcolorbox\tcolorbox.sty
Package: tcolorbox 2025/11/28 version 6.9.0 text color boxes

(C:\Users\vresh\AppData\Local\Programs\MiKTeX\tex/latex/pgf/frontendlayer\tikz.
sty
(C:\Users\vresh\AppData\Local\Programs\MiKTeX\tex/latex/pgf/basiclayer\pgf.sty
(C:\Users\vresh\AppData\Local\Programs\MiKTeX\tex/latex/pgf/utilities\pgfrcs.st
y
(C:\Users\vresh\AppData\Local\Programs\MiKTeX\tex/generic/pgf/utilities\pgfutil
-common.tex
\pgfutil@everybye=\toks40
\pgfutil@tempdima=\dimen257
\pgfutil@tempdimb=\dimen258
)
(C:\Users\vresh\AppData\Local\Programs\MiKTeX\tex/generic/pgf/utilities\pgfutil
-latex.def
\pgfutil@abb=\box65
)
(C:\Users\vresh\AppData\Local\Programs\MiKTeX\tex/generic/pgf/utilities\pgfrcs.
code.tex
(C:\Users\vresh\AppData\Local\Programs\MiKTeX\tex/generic/pgf\pgf.revision.tex)
Package: pgfrcs 2025-08-29 v3.1.11a (3.1.11a)
))
Package: pgf 2025-08-29 v3.1.11a (3.1.11a)

(C:\Users\vresh\AppData\Local\Programs\MiKTeX\tex/latex/pgf/basiclayer\pgfcore.
sty
(C:\Users\vresh\AppData\Local\Programs\MiKTeX\tex/latex/graphics\graphicx.sty
Package: graphicx 2024/12/31 v1.2e Enhanced LaTeX Graphics (DPC,SPQR)

(C:\Users\vresh\AppData\Local\Programs\MiKTeX\tex/latex/graphics\graphics.sty
Package: graphics 2024/08/06 v1.4g Standard LaTeX Graphics (DPC,SPQR)

(C:\Users\vresh\AppData\Local\Programs\MiKTeX\tex/latex/graphics\trig.sty
Package: trig 2023/12/02 v1.11 sin cos tan (DPC)
)
(C:\Users\vresh\AppData\Local\Programs\MiKTeX\tex/latex/graphics-cfg\graphics.c
fg
File: graphics.cfg 2016/06/04 v1.11 sample graphics configuration
)
Package graphics Info: Driver file: pdftex.def on input line 106.
)
\Gin@req@height=\dimen259
\Gin@req@width=\dimen260
)
(C:\Users\vresh\AppData\Local\Programs\MiKTeX\tex/latex/pgf/systemlayer\pgfsys.
sty
(C:\Users\vresh\AppData\Local\Programs\MiKTeX\tex/generic/pgf/systemlayer\pgfsy
s.code.tex
Package: pgfsys 2025-08-29 v3.1.11a (3.1.11a)

(C:\Users\vresh\AppData\Local\Programs\MiKTeX\tex/generic/pgf/utilities\pgfkeys
.code.tex
\pgfkeys@pathtoks=\toks41
\pgfkeys@temptoks=\toks42

(C:\Users\vresh\AppData\Local\Programs\MiKTeX\tex/generic/pgf/utilities\pgfkeys
libraryfiltered.code.tex
\pgfkeys@tmptoks=\toks43
))
\pgf@x=\dimen261
\pgf@y=\dimen262
\pgf@xa=\dimen263
\pgf@ya=\dimen264
\pgf@xb=\dimen265
\pgf@yb=\dimen266
\pgf@xc=\dimen267
\pgf@yc=\dimen268
\pgf@xd=\dimen269
\pgf@yd=\dimen270
\w@pgf@writea=\write3
\r@pgf@reada=\read2
\c@pgf@counta=\count319
\c@pgf@countb=\count320
\c@pgf@countc=\count321
\c@pgf@countd=\count322
\t@pgf@toka=\toks44
\t@pgf@tokb=\toks45
\t@pgf@tokc=\toks46
\pgf@sys@id@count=\count323

(C:\Users\vresh\AppData\Local\Programs\MiKTeX\tex/generic/pgf/systemlayer\pgf.c
fg
File: pgf.cfg 2025-08-29 v3.1.11a (3.1.11a)
)
Driver file for pgf: pgfsys-pdftex.def

(C:\Users\vresh\AppData\Local\Programs\MiKTeX\tex/generic/pgf/systemlayer\pgfsy
s-pdftex.def
File: pgfsys-pdftex.def 2025-08-29 v3.1.11a (3.1.11a)

(C:\Users\vresh\AppData\Local\Programs\MiKTeX\tex/generic/pgf/systemlayer\pgfsy
s-common-pdf.def
File: pgfsys-common-pdf.def 2025-08-29 v3.1.11a (3.1.11a)
)))
(C:\Users\vresh\AppData\Local\Programs\MiKTeX\tex/generic/pgf/systemlayer\pgfsy
ssoftpath.code.tex
File: pgfsyssoftpath.code.tex 2025-08-29 v3.1.11a (3.1.11a)
\pgfsyssoftpath@smallbuffer@items=\count324
\pgfsyssoftpath@bigbuffer@items=\count325
)
(C:\Users\vresh\AppData\Local\Programs\MiKTeX\tex/generic/pgf/systemlayer\pgfsy
sprotocol.code.tex
File: pgfsysprotocol.code.tex 2025-08-29 v3.1.11a (3.1.11a)
))
(C:\Users\vresh\AppData\Local\Programs\MiKTeX\tex/generic/pgf/basiclayer\pgfcor
e.code.tex
Package: pgfcore 2025-08-29 v3.1.11a (3.1.11a)

(C:\Users\vresh\AppData\Local\Programs\MiKTeX\tex/generic/pgf/math\pgfmath.code
.tex
(C:\Users\vresh\AppData\Local\Programs\MiKTeX\tex/generic/pgf/math\pgfmathutil.
code.tex)
(C:\Users\vresh\AppData\Local\Programs\MiKTeX\tex/generic/pgf/math\pgfmathparse
r.code.tex
\pgfmath@dimen=\dimen271
\pgfmath@count=\count326
\pgfmath@box=\box66
\pgfmath@toks=\toks47
\pgfmath@stack@operand=\toks48
\pgfmath@stack@operation=\toks49
)
(C:\Users\vresh\AppData\Local\Programs\MiKTeX\tex/generic/pgf/math\pgfmathfunct
ions.code.tex)
(C:\Users\vresh\AppData\Local\Programs\MiKTeX\tex/generic/pgf/math\pgfmathfunct
ions.basic.code.tex)
(C:\Users\vresh\AppData\Local\Programs\MiKTeX\tex/generic/pgf/math\pgfmathfunct
ions.trigonometric.code.tex)
(C:\Users\vresh\AppData\Local\Programs\MiKTeX\tex/generic/pgf/math\pgfmathfunct
ions.random.code.tex)
(C:\Users\vresh\AppData\Local\Programs\MiKTeX\tex/generic/pgf/math\pgfmathfunct
ions.comparison.code.tex)
(C:\Users\vresh\AppData\Local\Programs\MiKTeX\tex/generic/pgf/math\pgfmathfunct
ions.base.code.tex)
(C:\Users\vresh\AppData\Local\Programs\MiKTeX\tex/generic/pgf/math\pgfmathfunct
ions.round.code.tex)
(C:\Users\vresh\AppData\Local\Programs\MiKTeX\tex/generic/pgf/math\pgfmathfunct
ions.misc.code.tex)
(C:\Users\vresh\AppData\Local\Programs\MiKTeX\tex/generic/pgf/math\pgfmathfunct
ions.integerarithmetics.code.tex)
(C:\Users\vresh\AppData\Local\Programs\MiKTeX\tex/generic/pgf/math\pgfmathcalc.
code.tex)
(C:\Users\vresh\AppData\Local\Programs\MiKTeX\tex/generic/pgf/math\pgfmathfloat
.code.tex
\c@pgfmathroundto@lastzeros=\count327
))
(C:\Users\vresh\AppData\Local\Programs\MiKTeX\tex/generic/pgf/math\pgfint.code.
tex)
(C:\Users\vresh\AppData\Local\Programs\MiKTeX\tex/generic/pgf/basiclayer\pgfcor
epoints.code.tex
File: pgfcorepoints.code.tex 2025-08-29 v3.1.11a (3.1.11a)
\pgf@picminx=\dimen272
\pgf@picmaxx=\dimen273
\pgf@picminy=\dimen274
\pgf@picmaxy=\dimen275
\pgf@pathminx=\dimen276
\pgf@pathmaxx=\dimen277
\pgf@pathminy=\dimen278
\pgf@pathmaxy=\dimen279
\pgf@xx=\dimen280
\pgf@xy=\dimen281
\pgf@yx=\dimen282
\pgf@yy=\dimen283
\pgf@zx=\dimen284
\pgf@zy=\dimen285
)
(C:\Users\vresh\AppData\Local\Programs\MiKTeX\tex/generic/pgf/basiclayer\pgfcor
epathconstruct.code.tex
File: pgfcorepathconstruct.code.tex 2025-08-29 v3.1.11a (3.1.11a)
\pgf@path@lastx=\dimen286
\pgf@path@lasty=\dimen287
)
(C:\Users\vresh\AppData\Local\Programs\MiKTeX\tex/generic/pgf/basiclayer\pgfcor
epathusage.code.tex
File: pgfcorepathusage.code.tex 2025-08-29 v3.1.11a (3.1.11a)
\pgf@shorten@end@additional=\dimen288
\pgf@shorten@start@additional=\dimen289
)
(C:\Users\vresh\AppData\Local\Programs\MiKTeX\tex/generic/pgf/basiclayer\pgfcor
escopes.code.tex
File: pgfcorescopes.code.tex 2025-08-29 v3.1.11a (3.1.11a)
\pgfpic=\box67
\pgf@hbox=\box68
\pgf@layerbox@main=\box69
\pgf@picture@serial@count=\count328
)
(C:\Users\vresh\AppData\Local\Programs\MiKTeX\tex/generic/pgf/basiclayer\pgfcor
egraphicstate.code.tex
File: pgfcoregraphicstate.code.tex 2025-08-29 v3.1.11a (3.1.11a)
\pgflinewidth=\dimen290
)
(C:\Users\vresh\AppData\Local\Programs\MiKTeX\tex/generic/pgf/basiclayer\pgfcor
etransformations.code.tex
File: pgfcoretransformations.code.tex 2025-08-29 v3.1.11a (3.1.11a)
\pgf@pt@x=\dimen291
\pgf@pt@y=\dimen292
\pgf@pt@temp=\dimen293
)
(C:\Users\vresh\AppData\Local\Programs\MiKTeX\tex/generic/pgf/basiclayer\pgfcor
equick.code.tex
File: pgfcorequick.code.tex 2025-08-29 v3.1.11a (3.1.11a)
)
(C:\Users\vresh\AppData\Local\Programs\MiKTeX\tex/generic/pgf/basiclayer\pgfcor
eobjects.code.tex
File: pgfcoreobjects.code.tex 2025-08-29 v3.1.11a (3.1.11a)
)
(C:\Users\vresh\AppData\Local\Programs\MiKTeX\tex/generic/pgf/basiclayer\pgfcor
epathprocessing.code.tex
File: pgfcorepathprocessing.code.tex 2025-08-29 v3.1.11a (3.1.11a)
)
(C:\Users\vresh\AppData\Local\Programs\MiKTeX\tex/generic/pgf/basiclayer\pgfcor
earrows.code.tex
File: pgfcorearrows.code.tex 2025-08-29 v3.1.11a (3.1.11a)
\pgfarrowsep=\dimen294
)
(C:\Users\vresh\AppData\Local\Programs\MiKTeX\tex/generic/pgf/basiclayer\pgfcor
eshade.code.tex
File: pgfcoreshade.code.tex 2025-08-29 v3.1.11a (3.1.11a)
\pgf@max=\dimen295
\pgf@sys@shading@range@num=\count329
\pgf@shadingcount=\count330
)
(C:\Users\vresh\AppData\Local\Programs\MiKTeX\tex/generic/pgf/basiclayer\pgfcor
eimage.code.tex
File: pgfcoreimage.code.tex 2025-08-29 v3.1.11a (3.1.11a)
)
(C:\Users\vresh\AppData\Local\Programs\MiKTeX\tex/generic/pgf/basiclayer\pgfcor
eexternal.code.tex
File: pgfcoreexternal.code.tex 2025-08-29 v3.1.11a (3.1.11a)
\pgfexternal@startupbox=\box70
)
(C:\Users\vresh\AppData\Local\Programs\MiKTeX\tex/generic/pgf/basiclayer\pgfcor
elayers.code.tex
File: pgfcorelayers.code.tex 2025-08-29 v3.1.11a (3.1.11a)
)
(C:\Users\vresh\AppData\Local\Programs\MiKTeX\tex/generic/pgf/basiclayer\pgfcor
etransparency.code.tex
File: pgfcoretransparency.code.tex 2025-08-29 v3.1.11a (3.1.11a)
)
(C:\Users\vresh\AppData\Local\Programs\MiKTeX\tex/generic/pgf/basiclayer\pgfcor
epatterns.code.tex
File: pgfcorepatterns.code.tex 2025-08-29 v3.1.11a (3.1.11a)
)
(C:\Users\vresh\AppData\Local\Programs\MiKTeX\tex/generic/pgf/basiclayer\pgfcor
erdf.code.tex
File: pgfcorerdf.code.tex 2025-08-29 v3.1.11a (3.1.11a)
)))
(C:\Users\vresh\AppData\Local\Programs\MiKTeX\tex/generic/pgf/modules\pgfmodule
shapes.code.tex
File: pgfmoduleshapes.code.tex 2025-08-29 v3.1.11a (3.1.11a)
\pgfnodeparttextbox=\box71
)
(C:\Users\vresh\AppData\Local\Programs\MiKTeX\tex/generic/pgf/modules\pgfmodule
plot.code.tex
File: pgfmoduleplot.code.tex 2025-08-29 v3.1.11a (3.1.11a)
)
(C:\Users\vresh\AppData\Local\Programs\MiKTeX\tex/latex/pgf/compatibility\pgfco
mp-version-0-65.sty
Package: pgfcomp-version-0-65 2025-08-29 v3.1.11a (3.1.11a)
\pgf@nodesepstart=\dimen296
\pgf@nodesepend=\dimen297
)
(C:\Users\vresh\AppData\Local\Programs\MiKTeX\tex/latex/pgf/compatibility\pgfco
mp-version-1-18.sty
Package: pgfcomp-version-1-18 2025-08-29 v3.1.11a (3.1.11a)
))
(C:\Users\vresh\AppData\Local\Programs\MiKTeX\tex/latex/pgf/utilities\pgffor.st
y
(C:\Users\vresh\AppData\Local\Programs\MiKTeX\tex/latex/pgf/utilities\pgfkeys.s
ty
(C:\Users\vresh\AppData\Local\Programs\MiKTeX\tex/generic/pgf/utilities\pgfkeys
.code.tex))
(C:\Users\vresh\AppData\Local\Programs\MiKTeX\tex/latex/pgf/math\pgfmath.sty
(C:\Users\vresh\AppData\Local\Programs\MiKTeX\tex/generic/pgf/math\pgfmath.code
.tex))
(C:\Users\vresh\AppData\Local\Programs\MiKTeX\tex/generic/pgf/utilities\pgffor.
code.tex
Package: pgffor 2025-08-29 v3.1.11a (3.1.11a)
\pgffor@iter=\dimen298
\pgffor@skip=\dimen299
\pgffor@stack=\toks50
\pgffor@toks=\toks51
))
(C:\Users\vresh\AppData\Local\Programs\MiKTeX\tex/generic/pgf/frontendlayer/tik
z\tikz.code.tex
Package: tikz 2025-08-29 v3.1.11a (3.1.11a)

(C:\Users\vresh\AppData\Local\Programs\MiKTeX\tex/generic/pgf/libraries\pgflibr
aryplothandlers.code.tex
File: pgflibraryplothandlers.code.tex 2025-08-29 v3.1.11a (3.1.11a)
\pgf@plot@mark@count=\count331
\pgfplotmarksize=\dimen300
)
\tikz@lastx=\dimen301
\tikz@lasty=\dimen302
\tikz@lastxsaved=\dimen303
\tikz@lastysaved=\dimen304
\tikz@lastmovetox=\dimen305
\tikz@lastmovetoy=\dimen306
\tikzleveldistance=\dimen307
\tikzsiblingdistance=\dimen308
\tikz@figbox=\box72
\tikz@figbox@bg=\box73
\tikz@tempbox=\box74
\tikz@tempbox@bg=\box75
\tikztreelevel=\count332
\tikznumberofchildren=\count333
\tikznumberofcurrentchild=\count334
\tikz@fig@count=\count335

(C:\Users\vresh\AppData\Local\Programs\MiKTeX\tex/generic/pgf/modules\pgfmodule
matrix.code.tex
File: pgfmodulematrix.code.tex 2025-08-29 v3.1.11a (3.1.11a)
\pgfmatrixcurrentrow=\count336
\pgfmatrixcurrentcolumn=\count337
\pgf@matrix@numberofcolumns=\count338
)
\tikz@expandcount=\count339

(C:\Users\vresh\AppData\Local\Programs\MiKTeX\tex/generic/pgf/frontendlayer/tik
z/libraries\tikzlibrarytopaths.code.tex
File: tikzlibrarytopaths.code.tex 2025-08-29 v3.1.11a (3.1.11a)
)))
(C:\Users\vresh\AppData\Local\Programs\MiKTeX\tex/latex/tools\verbatim.sty
Package: verbatim 2024-01-22 v1.5x LaTeX2e package for verbatim enhancements
\every@verbatim=\toks52
\verbatim@line=\toks53
\verbatim@in@stream=\read3
)
(C:\Users\vresh\AppData\Local\Programs\MiKTeX\tex/latex/environ\environ.sty
Package: environ 2014/05/04 v0.3 A new way to define environments

(C:\Users\vresh\AppData\Local\Programs\MiKTeX\tex/latex/trimspaces\trimspaces.s
ty
Package: trimspaces 2009/09/17 v1.1 Trim spaces around a token list
))
\tcb@titlebox=\box76
\tcb@upperbox=\box77
\tcb@lowerbox=\box78
\tcb@phantombox=\box79
\c@tcbbreakpart=\count340
\c@tcblayer=\count341
\c@tcolorbox@number=\count342
\l__tcobox_tmpa_box=\box80
\l__tcobox_tmpa_dim=\dimen309
\tcb@temp=\box81
\tcb@temp=\box82
\tcb@temp=\box83
\tcb@temp=\box84

(C:\Users\vresh\AppData\Local\Programs\MiKTeX\tex/latex/tcolorbox\tcbraster.cod
e.tex
Library (tcolorbox): 'tcbraster.code.tex' version '6.9.0'
\c@tcbrastercolumn=\count343
\c@tcbrasterrow=\count344
\c@tcbrasternum=\count345
\c@tcbraster=\count346
)
(C:\Users\vresh\AppData\Local\Programs\MiKTeX\tex/latex/tcolorbox\tcbskins.code
.tex
Library (tcolorbox): 'tcbskins.code.tex' version '6.9.0'

(C:\Users\vresh\AppData\Local\Programs\MiKTeX\tex/latex/tikzfill\tikzfill.image
.sty
Package: tikzfill.image 2026/04/23 v1.2.0 Image filling library for TikZ

(C:\Users\vresh\AppData\Local\Programs\MiKTeX\tex/latex/tikzfill\tikzlibraryfil
l.image.code.tex
File: tikzlibraryfill.image.code.tex 2026/04/23 v1.2.0 Image filling library
\l__tikzfill_tmpa_dim=\dimen310
\l__tikzfill_tmpb_dim=\dimen311
\l__tikzfill_img_box=\box85
))
(C:\Users\vresh\AppData\Local\Programs\MiKTeX\tex/latex/tcolorbox\tcbskinsjigsa
w.code.tex
Library (tcolorbox): 'tcbskinsjigsaw.code.tex' version '6.9.0'
))
(C:\Users\vresh\AppData\Local\Programs\MiKTeX\tex/latex/tcolorbox\tcbbreakable.
code.tex
Library (tcolorbox): 'tcbbreakable.code.tex' version '6.9.0'
(C:\Users\vresh\AppData\Local\Programs\MiKTeX\tex/latex/pdfcol\pdfcol.sty
Package: pdfcol 2022-09-21 v1.7 Handle new color stacks for pdfTeX (HO)

(C:\Users\vresh\AppData\Local\Programs\MiKTeX\tex/generic/ltxcmds\ltxcmds.sty
Package: ltxcmds 2023-12-04 v1.26 LaTeX kernel commands for general use (HO)
)
(C:\Users\vresh\AppData\Local\Programs\MiKTeX\tex/generic/infwarerr\infwarerr.s
ty
Package: infwarerr 2019/12/03 v1.5 Providing info/warning/error messages (HO)
))
Package pdfcol Info: New color stack `tcb@breakable' = 1 on input line 23.
\tcb@testbox=\box86
\tcb@totalupperbox=\box87
\tcb@totallowerbox=\box88
)
(C:\Users\vresh\AppData\Local\Programs\MiKTeX\tex/latex/tcolorbox\tcbhooks.code
.tex
Library (tcolorbox): 'tcbhooks.code.tex' version '6.9.0'
)
(C:\Users\vresh\AppData\Local\Programs\MiKTeX\tex/latex/tcolorbox\tcbtheorems.c
ode.tex
Library (tcolorbox): 'tcbtheorems.code.tex' version '6.9.0'
)
(C:\Users\vresh\AppData\Local\Programs\MiKTeX\tex/latex/tcolorbox\tcbfitting.co
de.tex
Library (tcolorbox): 'tcbfitting.code.tex' version '6.9.0'
\tcbfitdim=\dimen312
\tcb@lowerfitdim=\dimen313
\tcb@upperfitdim=\dimen314
\tcb@cur@hbadness=\count347
)
(C:\Users\vresh\AppData\Local\Programs\MiKTeX\tex/latex/tcolorbox\tcblistingsut
f8.code.tex
Library (tcolorbox): 'tcblistingsutf8.code.tex' version '6.9.0'

(C:\Users\vresh\AppData\Local\Programs\MiKTeX\tex/latex/tcolorbox\tcblistings.c
ode.tex
Library (tcolorbox): 'tcblistings.code.tex' version '6.9.0'
(C:\Users\vresh\AppData\Local\Programs\MiKTeX\tex/latex/listings\listings.sty
\lst@mode=\count348
\lst@gtempboxa=\box89
\lst@token=\toks54
\lst@length=\count349
\lst@currlwidth=\dimen315
\lst@column=\count350
\lst@pos=\count351
\lst@lostspace=\dimen316
\lst@width=\dimen317
\lst@newlines=\count352
\lst@lineno=\count353
\lst@maxwidth=\dimen318

(C:\Users\vresh\AppData\Local\Programs\MiKTeX\tex/latex/listings\lstpatch.sty
File: lstpatch.sty 2025/11/14 1.11b (Carsten Heinz)
)
(C:\Users\vresh\AppData\Local\Programs\MiKTeX\tex/latex/listings\lstmisc.sty
File: lstmisc.sty 2025/11/14 1.11b (Carsten Heinz)
\c@lstnumber=\count354
\lst@skipnumbers=\count355
\lst@framebox=\box90
)
(C:\Users\vresh\AppData\Local\Programs\MiKTeX\tex/latex/listings\listings.cfg
File: listings.cfg 2025/11/14 1.11b listings configuration
))
Package: listings 2025/11/14 1.11b (Carsten Heinz)
==> First Aid for listings.sty no longer applied!
    Expected:
        2024/09/23 1.10c (Carsten Heinz)
    but found:
        2025/11/14 1.11b (Carsten Heinz)
    so I'm assuming it got fixed.

(C:\Users\vresh\AppData\Local\Programs\MiKTeX\tex/latex/tcolorbox\tcblistingsco
re.code.tex
Library (tcolorbox): 'tcblistingscore.code.tex' version '6.9.0'

(C:\Users\vresh\AppData\Local\Programs\MiKTeX\tex/latex/tcolorbox\tcbprocessing
.code.tex
Library (tcolorbox): 'tcbprocessing.code.tex' version '6.9.0'
)
\c@tcblisting=\count356
))
(C:\Users\vresh\AppData\Local\Programs\MiKTeX\tex/latex/listingsutf8\listingsut
f8.sty
Package: listingsutf8 2019-12-10 v1.5 Allow UTF-8 in listings input (HO)

(C:\Users\vresh\AppData\Local\Programs\MiKTeX\tex/generic/pdftexcmds\pdftexcmds
.sty
Package: pdftexcmds 2020-06-27 v0.33 Utility functions of pdfTeX for LuaTeX (HO
)
Package pdftexcmds Info: \pdf@primitive is available.
Package pdftexcmds Info: \pdf@ifprimitive is available.
Package pdftexcmds Info: \pdfdraftmode found.
)
(C:\Users\vresh\AppData\Local\Programs\MiKTeX\tex/generic/stringenc\stringenc.s
ty
Package: stringenc 2019/11/29 v1.12 Convert strings between diff. encodings (HO
)

(C:\Users\vresh\AppData\Local\Programs\MiKTeX\tex/generic/pdfescape\pdfescape.s
ty
Package: pdfescape 2019/12/09 v1.15 Implements pdfTeX's escape features (HO)
))))
(C:\Users\vresh\AppData\Local\Programs\MiKTeX\tex/latex/tcolorbox\tcbexternal.c
ode.tex
Library (tcolorbox): 'tcbexternal.code.tex' version '6.9.0'
)
(C:\Users\vresh\AppData\Local\Programs\MiKTeX\tex/latex/tcolorbox\tcbmagazine.c
ode.tex
Library (tcolorbox): 'tcbmagazine.code.tex' version '6.9.0'
)
(C:\Users\vresh\AppData\Local\Programs\MiKTeX\tex/latex/tcolorbox\tcbvignette.c
ode.tex
Library (tcolorbox): 'tcbvignette.code.tex' version '6.9.0'

(C:\Users\vresh\AppData\Local\Programs\MiKTeX\tex/generic/pgf/frontendlayer/tik
z/libraries\tikzlibraryfadings.code.tex
File: tikzlibraryfadings.code.tex 2025-08-29 v3.1.11a (3.1.11a)

(C:\Users\vresh\AppData\Local\Programs\MiKTeX\tex/generic/pgf/libraries\pgflibr
aryfadings.code.tex
File: pgflibraryfadings.code.tex 2025-08-29 v3.1.11a (3.1.11a)
)))
(C:\Users\vresh\AppData\Local\Programs\MiKTeX\tex/latex/tcolorbox\tcbposter.cod
e.tex
Library (tcolorbox): 'tcbposter.code.tex' version '6.9.0'
))
(C:\Users\vresh\AppData\Local\Programs\MiKTeX\tex/latex/fancyhdr\fancyhdr.sty
Package: fancyhdr 2025/02/07 v5.2 Extensive control of page headers and footers

\f@nch@headwidth=\skip83
\f@nch@offset@elh=\skip84
\f@nch@offset@erh=\skip85
\f@nch@offset@olh=\skip86
\f@nch@offset@orh=\skip87
\f@nch@offset@elf=\skip88
\f@nch@offset@erf=\skip89
\f@nch@offset@olf=\skip90
\f@nch@offset@orf=\skip91
\f@nch@height=\skip92
\f@nch@footalignment=\skip93
\f@nch@widthL=\skip94
\f@nch@widthC=\skip95
\f@nch@widthR=\skip96
\@temptokenb=\toks55
)
(C:\Users\vresh\AppData\Local\Programs\MiKTeX\tex/latex/xurl\xurl.sty
Package: xurl 2022/01/09 v 0.10 modify URL breaks

(C:\Users\vresh\AppData\Local\Programs\MiKTeX\tex/latex/url\url.sty
\Urlmuskip=\muskip18
Package: url 2013/09/16  ver 3.4  Verb mode for urls, etc.
))
(C:\Users\vresh\AppData\Local\Programs\MiKTeX\tex/latex/hyperref\hyperref.sty
Package: hyperref 2026-01-29 v7.01p Hypertext links for LaTeX

(C:\Users\vresh\AppData\Local\Programs\MiKTeX\tex/latex/kvsetkeys\kvsetkeys.sty
Package: kvsetkeys 2022-10-05 v1.19 Key value parser (HO)
)
(C:\Users\vresh\AppData\Local\Programs\MiKTeX\tex/generic/kvdefinekeys\kvdefine
keys.sty
Package: kvdefinekeys 2019-12-19 v1.6 Define keys (HO)
)
(C:\Users\vresh\AppData\Local\Programs\MiKTeX\tex/latex/hycolor\hycolor.sty
Package: hycolor 2020-01-27 v1.10 Color options for hyperref/bookmark (HO)
)
(C:\Users\vresh\AppData\Local\Programs\MiKTeX\tex/latex/hyperref\nameref.sty
Package: nameref 2026-01-29 v2.58 Cross-referencing by name of section

(C:\Users\vresh\AppData\Local\Programs\MiKTeX\tex/latex/refcount\refcount.sty
Package: refcount 2019/12/15 v3.6 Data extraction from label references (HO)
)
(C:\Users\vresh\AppData\Local\Programs\MiKTeX\tex/generic/gettitlestring\gettit
lestring.sty
Package: gettitlestring 2019/12/15 v1.6 Cleanup title references (HO)

(C:\Users\vresh\AppData\Local\Programs\MiKTeX\tex/latex/kvoptions\kvoptions.sty
Package: kvoptions 2022-06-15 v3.15 Key value format for package options (HO)
))
\c@section@level=\count357
)
\@linkdim=\dimen319
\Hy@linkcounter=\count358
\Hy@pagecounter=\count359
 (C:\Users\vresh\AppData\Local\Programs\MiKTeX\tex/latex/hyperref\pd1enc.def
File: pd1enc.def 2026-01-29 v7.01p Hyperref: PDFDocEncoding definition (HO)
Now handling font encoding PD1 ...
... no UTF-8 mapping file for font encoding PD1
) (C:\Users\vresh\AppData\Local\Programs\MiKTeX\tex/generic/intcalc\intcalc.sty
Package: intcalc 2019/12/15 v1.3 Expandable calculations with integers (HO)
)
\Hy@SavedSpaceFactor=\count360
 (C:\Users\vresh\AppData\Local\Programs\MiKTeX\tex/latex/hyperref\puenc.def
File: puenc.def 2026-01-29 v7.01p Hyperref: PDF Unicode definition (HO)
Now handling font encoding PU ...
... no UTF-8 mapping file for font encoding PU
)
Package hyperref Info: Hyper figures OFF on input line 4201.
Package hyperref Info: Link nesting OFF on input line 4206.
Package hyperref Info: Hyper index ON on input line 4209.
Package hyperref Info: Plain pages OFF on input line 4216.
Package hyperref Info: Backreferencing OFF on input line 4221.
Package hyperref Info: Implicit mode ON; LaTeX internals redefined.
Package hyperref Info: Bookmarks ON on input line 4468.
\c@Hy@tempcnt=\count361
LaTeX Info: Redefining \url on input line 4807.
\XeTeXLinkMargin=\dimen320

(C:\Users\vresh\AppData\Local\Programs\MiKTeX\tex/generic/bitset\bitset.sty
Package: bitset 2019/12/09 v1.3 Handle bit-vector datatype (HO)

(C:\Users\vresh\AppData\Local\Programs\MiKTeX\tex/generic/bigintcalc\bigintcalc
.sty
Package: bigintcalc 2019/12/15 v1.5 Expandable calculations on big integers (HO
)
))
\Fld@menulength=\count362
\Field@Width=\dimen321
\Fld@charsize=\dimen322
Package hyperref Info: Hyper figures OFF on input line 6084.
Package hyperref Info: Link nesting OFF on input line 6089.
Package hyperref Info: Hyper index ON on input line 6092.
Package hyperref Info: backreferencing OFF on input line 6099.
Package hyperref Info: Link coloring OFF on input line 6104.
Package hyperref Info: Link coloring with OCG OFF on input line 6109.
Package hyperref Info: PDF/A mode OFF on input line 6114.
\Hy@abspage=\count363
\c@Item=\count364
\c@Hfootnote=\count365
)
Package hyperref Info: Driver (autodetected): hpdftex.

(C:\Users\vresh\AppData\Local\Programs\MiKTeX\tex/latex/hyperref\hpdftex.def
File: hpdftex.def 2026-01-29 v7.01p Hyperref driver for pdfTeX
\Fld@listcount=\count366
\c@bookmark@seq@number=\count367

(C:\Users\vresh\AppData\Local\Programs\MiKTeX\tex/latex/rerunfilecheck\rerunfil
echeck.sty
Package: rerunfilecheck 2025-06-21 v1.11 Rerun checks for auxiliary files (HO)

(C:\Users\vresh\AppData\Local\Programs\MiKTeX\tex/generic/uniquecounter\uniquec
ounter.sty
Package: uniquecounter 2019/12/15 v1.4 Provide unlimited unique counter (HO)
)
Package uniquecounter Info: New unique counter `rerunfilecheck' on input line 2
84.
)
\Hy@SectionHShift=\skip97
)
(C:\Users\vresh\AppData\Local\Programs\MiKTeX\tex/latex/cleveref\cleveref.sty
Package: cleveref 2018/03/27 v0.21.4 Intelligent cross-referencing
Package cleveref Info: `hyperref' support loaded on input line 2370.
LaTeX Info: Redefining \cref on input line 2370.
LaTeX Info: Redefining \Cref on input line 2370.
LaTeX Info: Redefining \crefrange on input line 2370.
LaTeX Info: Redefining \Crefrange on input line 2370.
LaTeX Info: Redefining \cpageref on input line 2370.
LaTeX Info: Redefining \Cpageref on input line 2370.
LaTeX Info: Redefining \cpagerefrange on input line 2370.
LaTeX Info: Redefining \Cpagerefrange on input line 2370.
LaTeX Info: Redefining \labelcref on input line 2370.
LaTeX Info: Redefining \labelcpageref on input line 2370.
Package cleveref Info: `amsthm' support loaded on input line 3026.
Package cleveref Info: `listings' support loaded on input line 3131.
Package cleveref Info: always capitalise cross-reference names on input line 78
25.
Package cleveref Info: include cross-reference names in hyperlinks on input lin
e 7836.
Package cleveref Info: include cross-reference names in hyperlinks on input lin
e 7852.
Package cleveref Info: no abbreviation of names on input line 7852.
Package cleveref Info: always capitalise cross-reference names on input line 78
52.
)
==> First Aid for cleveref.sty applied!
(../../../../fabius-notation.tex)
Package hyperref Info: Option `colorlinks' set `true' on input line 29.
Package hyperref Info: Option `hypertexnames' set `false' on input line 29.
\c@theorem=\count368
LaTeX Font Info:    Trying to load font information for T1+LibertinusSerif-TLF 
on input line 124.

(C:\Users\vresh\AppData\Local\Programs\MiKTeX\tex/latex/libertinus-type1\t1libe
rtinusserif-tlf.fd
File: T1LibertinusSerif-TLF.fd 2024/09/22 (autoinst) Font definitions for T1/Li
bertinusSerif-TLF.
)
LaTeX Font Info:    Font shape `T1/LibertinusSerif-TLF/m/n' will be
(Font)              scaled to size 10.95pt on input line 124.

(C:\Users\vresh\AppData\Local\Programs\MiKTeX\tex/latex/l3backend\l3backend-pdf
tex.def
File: l3backend-pdftex.def 2026-02-18 L3 backend support: PDF output (pdfTeX)
\l__color_backend_stack_int=\count369
)
No file Gaussian_Coefficient_Calculus.aux.
\openout1 = `Gaussian_Coefficient_Calculus.aux'.

LaTeX Font Info:    Checking defaults for OML/cmm/m/it on input line 124.
LaTeX Font Info:    ... okay on input line 124.
LaTeX Font Info:    Checking defaults for OMS/cmsy/m/n on input line 124.
LaTeX Font Info:    ... okay on input line 124.
LaTeX Font Info:    Checking defaults for OT1/cmr/m/n on input line 124.
LaTeX Font Info:    ... okay on input line 124.
LaTeX Font Info:    Checking defaults for T1/cmr/m/n on input line 124.
LaTeX Font Info:    ... okay on input line 124.
LaTeX Font Info:    Checking defaults for TS1/cmr/m/n on input line 124.
LaTeX Font Info:    ... okay on input line 124.
LaTeX Font Info:    Checking defaults for OMX/cmex/m/n on input line 124.
LaTeX Font Info:    ... okay on input line 124.
LaTeX Font Info:    Checking defaults for U/cmr/m/n on input line 124.
LaTeX Font Info:    ... okay on input line 124.
LaTeX Font Info:    Checking defaults for PD1/pdf/m/n on input line 124.
LaTeX Font Info:    ... okay on input line 124.
LaTeX Font Info:    Checking defaults for PU/pdf/m/n on input line 124.
LaTeX Font Info:    ... okay on input line 124.
\c@mv@tabular=\count370
\c@mv@boldtabular=\count371
LaTeX Info: Redefining \microtypecontext on input line 124.
Package microtype Info: Applying patch `item' on input line 124.
Package microtype Info: Applying patch `toc' on input line 124.
Package microtype Info: Applying patch `eqnum' on input line 124.
Package microtype Info: Applying patch `footnote' on input line 124.
Package microtype Info: Applying patch `verbatim' on input line 124.
LaTeX Info: Redefining \microtypesetup on input line 124.
Package microtype Info: Generating PDF output.
Package microtype Info: Character protrusion enabled (level 2).
Package microtype Info: Using default protrusion set `alltext'.
Package microtype Info: Automatic font expansion enabled (level 2),
(microtype)             stretch: 20, shrink: 20, step: 1, non-selected.
Package microtype Info: Using default expansion set `alltext-nott'.
Package microtype Info: Patching command `\showhyphens'.
Package microtype Info: No adjustment of tracking.
Package microtype Info: No adjustment of interword spacing.
Package microtype Info: No adjustment of character kerning.
Package microtype Info: Loading generic protrusion settings for font family
(microtype)             `LibertinusSerif-TLF' (encoding: T1).
(microtype)             For optimal results, create family-specific settings.
(microtype)             See the microtype manual for details.
*geometry* driver: auto-detecting
*geometry* detected driver: pdftex
*geometry* verbose mode - [ preamble ] result:
* driver: pdftex
* paper: a4paper
* layout: <same size as paper>
* layoutoffset:(h,v)=(0.0pt,0.0pt)
* modes: 
* h-part:(L,W,R)=(76.82243pt, 443.863pt, 76.82243pt)
* v-part:(T,H,B)=(76.82243pt, 691.40198pt, 76.82243pt)
* \paperwidth=597.50787pt
* \paperheight=845.04684pt
* \textwidth=443.863pt
* \textheight=691.40198pt
* \oddsidemargin=4.55244pt
* \evensidemargin=4.55244pt
* \topmargin=-30.32135pt
* \headheight=15.0pt
* \headsep=19.8738pt
* \topskip=11.0pt
* \footskip=27.46295pt
* \marginparwidth=53.0pt
* \marginparsep=7.0pt
* \columnsep=10.0pt
* \skip\footins=10.0pt plus 4.0pt minus 2.0pt
* \hoffset=0.0pt
* \voffset=0.0pt
* \mag=1000
* \@twocolumnfalse
* \@twosidefalse
* \@mparswitchfalse
* \@reversemarginfalse
* (1in=72.27pt=25.4mm, 1cm=28.453pt)


(C:\Users\vresh\AppData\Local\Programs\MiKTeX\tex/context/base/mkii\supp-pdf.mk
ii
[Loading MPS to PDF converter (version 2006.09.02).]
\scratchcounter=\count372
\scratchdimen=\dimen323
\scratchbox=\box91
\nofMPsegments=\count373
\nofMParguments=\count374
\everyMPshowfont=\toks56
\MPscratchCnt=\count375
\MPscratchDim=\dimen324
\MPnumerator=\count376
\makeMPintoPDFobject=\count377
\everyMPtoPDFconversion=\toks57
)
(C:\Users\vresh\AppData\Local\Programs\MiKTeX\tex/latex/epstopdf-pkg\epstopdf-b
ase.sty
Package: epstopdf-base 2020-01-24 v2.11 Base part for package epstopdf

(C:\Users\vresh\AppData\Local\Programs\MiKTeX\tex/latex/grfext\grfext.sty
Package: grfext 2019/12/03 v1.3 Manage graphics extensions (HO)
)

Package epstopdf Warning: Shell escape feature is not enabled.

Package epstopdf-base Info: Redefining graphics rule for `.eps' on input line 4
85.
Package grfext Info: Graphics extension search list:
(grfext)             [.pdf,.png,.jpg,.mps,.jpeg,.jbig2,.jb2,.PDF,.PNG,.JPG,.JPE
G,.JBIG2,.JB2,.eps]
(grfext)             \AppendGraphicsExtensions on input line 504.

(C:\Users\vresh\AppData\Local\Programs\MiKTeX\tex/latex/00miktex\epstopdf-sys.c
fg
File: epstopdf-sys.cfg 2021/03/18 v2.0 Configuration of epstopdf for MiKTeX
))
\c@lstlisting=\count378
Package hyperref Info: Link coloring ON on input line 124.
\@outlinefile=\write4
\openout4 = `Gaussian_Coefficient_Calculus.out'.

Package hyperref Info: Option `pageanchor' set `false' on input line 126.
LaTeX Font Info:    Font shape `T1/LibertinusSerif-TLF/m/n' will be
(Font)              scaled to size 17.28pt on input line 128.
LaTeX Font Info:    Font shape `T1/LibertinusSerif-TLF/m/n' will be
(Font)              scaled to size 24.88pt on input line 128.
LaTeX Font Info:    Font shape `T1/LibertinusSerif-TLF/b/n' will be
(Font)              scaled to size 24.88pt on input line 128.
LaTeX Font Info:    Font shape `T1/LibertinusSerif-TLF/b/n' will be
(Font)              scaled to size 14.4pt on input line 128.

(C:\Users\vresh\AppData\Local\Programs\MiKTeX\tex/latex/microtype\mt-cmr.cfg
File: mt-cmr.cfg 2013/05/19 v2.2 microtype config. file: Computer Modern Roman 
(RS)
)
LaTeX Font Info:    Trying to load font information for U+msa on input line 128
.

(C:\Users\vresh\AppData\Local\Programs\MiKTeX\tex/latex/amsfonts\umsa.fd
File: umsa.fd 2013/01/14 v3.01 AMS symbols A
)
(C:\Users\vresh\AppData\Local\Programs\MiKTeX\tex/latex/microtype\mt-msa.cfg
File: mt-msa.cfg 2006/02/04 v1.1 microtype config. file: AMS symbols (a) (RS)
)
LaTeX Font Info:    Trying to load font information for U+msb on input line 128
.

(C:\Users\vresh\AppData\Local\Programs\MiKTeX\tex/latex/amsfonts\umsb.fd
File: umsb.fd 2013/01/14 v3.01 AMS symbols B
)
(C:\Users\vresh\AppData\Local\Programs\MiKTeX\tex/latex/microtype\mt-msb.cfg
File: mt-msb.cfg 2005/06/01 v1.0 microtype config. file: AMS symbols (b) (RS)
)
LaTeX Font Info:    Trying to load font information for U+rsfs on input line 12
8.

(C:\Users\vresh\AppData\Local\Programs\MiKTeX\tex/latex/jknappen\ursfs.fd
File: ursfs.fd 1998/03/24 rsfs font definition file (jk)
)
LaTeX Font Info:    Font shape `T1/LibertinusSerif-TLF/b/n' will be
(Font)              scaled to size 12.0pt on input line 128.
LaTeX Font Info:    Font shape `T1/LibertinusSerif-TLF/b/it' will be
(Font)              scaled to size 12.0pt on input line 128.
LaTeX Font Info:    Font shape `T1/LibertinusSerif-TLF/m/n' will be
(Font)              scaled to size 12.0pt on input line 128.

[1



{C:/Users/vresh/AppData/Local/MiKTeX/fonts/map/pdftex/pdftex.map}{C:/Users/vres
h/AppData/Local/Programs/MiKTeX/fonts/enc/dvips/libertinus-type1/lbn1_sfissr.en
c}{C:/Users/vresh/AppData/Local/Programs/MiKTeX/fonts/enc/dvips/libertinus-type
1/lbn1_opzo24.enc}{C:/Users/vresh/AppData/Local/Programs/MiKTeX/fonts/enc/dvips
/libertinus-type1/lbn1_75t36g.enc}]
Package hyperref Info: Option `pageanchor' set `true' on input line 128.
LaTeX Font Info:    Font shape `T1/LibertinusSerif-TLF/m/it' will be
(Font)              scaled to size 10.95pt on input line 132.
 [1

{C:/Users/vresh/AppData/Local/Programs/MiKTeX/fonts/enc/dvips/libertinus-type1/
lbn1_sncvby.enc}]
LaTeX Font Info:    Font shape `T1/LibertinusSerif-TLF/b/n' will be
(Font)              scaled to size 10.95pt on input line 171.


LaTeX Warning: Citation `ccc' on page ii undefined on input line 171.


LaTeX Warning: Reference `q1:qcc:setting' on page i undefined on input line 201
.

LaTeX Font Info:    Trying to load font information for T1+LibertinusMono-TLF o
n input line 209.

(C:\Users\vresh\AppData\Local\Programs\MiKTeX\tex/latex/libertinus-type1\t1libe
rtinusmono-tlf.fd
File: T1LibertinusMono-TLF.fd 2025/01/11 (autoinst) Font definitions for T1/Lib
ertinusMono-TLF.
)
LaTeX Font Info:    Font shape `T1/LibertinusMono-TLF/m/n' will be
(Font)              scaled to size 9.30756pt on input line 209.
Package microtype Info: Loading generic protrusion settings for font family
(microtype)             `LibertinusMono-TLF' (encoding: T1).
(microtype)             For optimal results, create family-specific settings.
(microtype)             See the microtype manual for details.
Package microtype Info: Character `guilsinglleft ' is missing
(microtype)             in font `T1/LibertinusMono-TLF/m/n/10.95'.
(microtype)             Ignoring protrusion settings for this character.
Package microtype Info: Character `guilsinglright ' is missing
(microtype)             in font `T1/LibertinusMono-TLF/m/n/10.95'.
(microtype)             Ignoring protrusion settings for this character.
LaTeX Font Info:    Font shape `T1/LibertinusSerif-TLF/m/n' will be
(Font)              scaled to size 10.0pt on input line 225.
 [2

{C:/Users/vresh/AppData/Local/Programs/MiKTeX/fonts/enc/dvips/libertinus-type1/
lbn1_or3pzs.enc}]
No file Gaussian_Coefficient_Calculus.toc.
\tf@toc=\write5
\openout5 = `Gaussian_Coefficient_Calculus.toc'.

[3

]
Chapter 1.
LaTeX Font Info:    Font shape `T1/LibertinusSerif-TLF/m/n' will be
(Font)              scaled to size 20.74pt on input line 232.
LaTeX Font Info:    Font shape `T1/LibertinusSerif-TLF/b/n' will be
(Font)              scaled to size 20.74pt on input line 232.
LaTeX Font Info:    Font shape `T1/LibertinusSerif-TLF/m/n' will be
(Font)              scaled to size 14.4pt on input line 234.

LaTeX Warning: Citation `dlmf172' on page 1 undefined on input line 253.


LaTeX Warning: Reference `q1:qcc:bell-def' on page 1 undefined on input line 27
6.


LaTeX Warning: Reference `q1:qcc:bell-finite' on page 1 undefined on input line
 276.

[1


]
LaTeX Font Info:    Font shape `T1/LibertinusSerif-TLF/m/n' will be
(Font)              scaled to size 8.0pt on input line 299.
LaTeX Font Info:    Font shape `T1/LibertinusSerif-TLF/m/n' will be
(Font)              scaled to size 6.0pt on input line 299.


LaTeX Warning: Reference `q1:qcc:bell-def' on page 2 undefined on input line 33
6.


LaTeX Warning: Reference `q2:eq:E-kernel' on page 2 undefined on input line 346
.

[2] [3]
Chapter 2.

LaTeX Warning: Reference `q1:qcc:subset' on page 4 undefined on input line 387.



LaTeX Warning: Reference `q1:qcc:pascal1' on page 4 undefined on input line 389
.


LaTeX Warning: Reference `q1:qcc:quotient' on page 4 undefined on input line 39
3.


LaTeX Warning: Reference `q1:qcc:pascal2' on page 4 undefined on input line 394
.


LaTeX Warning: Reference `q1:qcc:subset' on page 4 undefined on input line 404.


[4

]

LaTeX Warning: Reference `q1:qcc:subset' on page 1 undefined on input line 420.



LaTeX Warning: Reference `q1:qcc:pascal2' on page 1 undefined on input line 445
.


LaTeX Warning: Reference `q3:eq:qmultinomial' on page 1 undefined on input line
 477.


LaTeX Warning: Reference `q1:qcc:quotient' on page 1 undefined on input line 48
4.

[5]

LaTeX Warning: Reference `q1:qcc:subset' on page 6 undefined on input line 506.



LaTeX Warning: Reference `q1:qcc:finite' on page 6 undefined on input line 506.



LaTeX Warning: Reference `q1:qcc:pascal1' on page 6 undefined on input line 513
.


LaTeX Warning: Citation `dlmf172' on page 6 undefined on input line 518.


LaTeX Warning: Citation `dlmf175' on page 6 undefined on input line 518.


LaTeX Warning: Reference `q1:qcc:reciprocal' on page 6 undefined on input line 
524.


LaTeX Warning: Citation `formichella' on page 6 undefined on input line 540.

[6]

LaTeX Warning: Reference `q1:qcc:binomial-functional' on page 7 undefined on in
put line 559.


LaTeX Warning: Reference `q1:qcc:formal-binomial-series' on page 7 undefined on
 input line 561.


LaTeX Warning: Reference `q1:qcc:formal-binomial-series' on page 7 undefined on
 input line 573.


LaTeX Warning: Reference `q1:qcc:analytic-binomial' on page 7 undefined on inpu
t line 575.

[7]
Chapter 3.

LaTeX Warning: Reference `q1:qcc:finite' on page 8 undefined on input line 596.


[8

]

LaTeX Warning: Reference `q1:qcc:finite' on page 1 undefined on input line 684.


[9]

LaTeX Warning: Reference `q1:qcc:qstirling' on page 1 undefined on input line 7
15.


LaTeX Warning: Reference `q1:qcc:binomial-functional' on page 10 undefined on i
nput line 736.


LaTeX Warning: Reference `q1:qcc:formal-binomial-series' on page 10 undefined o
n input line 739.


LaTeX Warning: Reference `q1:qcc:poch-convolution-formula' on page 10 undefined
 on input line 740.


LaTeX Warning: Reference `q1:qcc:conversion-chu' on page 10 undefined on input 
line 757.


LaTeX Warning: Reference `q1:qcc:chu1' on page 10 undefined on input line 761.


LaTeX Warning: Reference `q1:qcc:chu1' on page 10 undefined on input line 763.


LaTeX Warning: Reference `q1:qcc:chu2' on page 10 undefined on input line 766.

[10]

LaTeX Warning: Citation `dlmf176' on page 11 undefined on input line 770.


LaTeX Warning: Reference `q1:qcc:inversion' on page 1 undefined on input line 7
77.


LaTeX Warning: Reference `q1:qcc:composition' on page 1 undefined on input line
 780.


LaTeX Warning: Reference `q1:qcc:infinite-binomial' on page 1 undefined on inpu
t line 789.


LaTeX Warning: Reference `q2:eq:qexp-products' on page 11 undefined on input li
ne 799.


LaTeX Warning: Reference `q2:eq:qexp' on page 11 undefined on input line 800.

[11]

LaTeX Warning: Reference `q2:eq:transform-forward' on page 12 undefined on inpu
t line 840.


LaTeX Warning: Reference `q2:eq:transform-composition' on page 12 undefined on 
input line 856.


LaTeX Warning: Reference `q1:qcc:poch-convolution' on page 1 undefined on input
 line 857.


LaTeX Warning: Reference `q2:sec:transforms' on page 1 undefined on input line 
872.

[12]
Chapter 4.

LaTeX Warning: Reference `q1:qcc:bell-def' on page 13 undefined on input line 8
96.


LaTeX Warning: Reference `q1:qcc:e-gf' on page 13 undefined on input line 911.


LaTeX Warning: Reference `q1:qcc:h-gf' on page 13 undefined on input line 911.


LaTeX Warning: Reference `q1:qcc:finite' on page 13 undefined on input line 911
.


LaTeX Warning: Reference `q1:qcc:reciprocal' on page 13 undefined on input line
 912.

[13

]

LaTeX Warning: Reference `q1:qcc:bell-def' on page 14 undefined on input line 9
58.


LaTeX Warning: Reference `q1:qcc:bell-finite' on page 14 undefined on input lin
e 959.


LaTeX Warning: Reference `q1:qcc:reciprocal' on page 14 undefined on input line
 982.


LaTeX Warning: Reference `q1:qcc:master-theorem' on page 1 undefined on input l
ine 983.


LaTeX Warning: Reference `q1:qcc:master-theorem' on page 1 undefined on input l
ine 990.


LaTeX Warning: Reference `q2:sec:kernel' on page 1 undefined on input line 993.


[14]

LaTeX Warning: Reference `q1:qcc:infinite-binomial' on page 1 undefined on inpu
t line 1004.


LaTeX Warning: Reference `q2:eq:E-Bell' on page 15 undefined on input line 1038
.


LaTeX Warning: Reference `q2:eq:master-coef' on page 15 undefined on input line
 1039.


LaTeX Warning: Reference `q2:thm:master' on page 1 undefined on input line 1044
.


LaTeX Warning: Reference `q2:eq:master-coef' on page 15 undefined on input line
 1061.

[15]

LaTeX Warning: Reference `q2:eq:master-L' on page 16 undefined on input line 10
76.


LaTeX Warning: Reference `q1:qcc:master-theorem' on page 1 undefined on input l
ine 1081.


LaTeX Warning: Reference `q1:qcc:master-theorem' on page 1 undefined on input l
ine 1085.


LaTeX Warning: Reference `q3:eq:poch-power-factor' on page 1 undefined on input
 line 1102.


LaTeX Warning: Reference `q3:eq:poch-power' on page 1 undefined on input line 1
102.


LaTeX Warning: Reference `q1:qcc:master-theorem' on page 1 undefined on input l
ine 1105.


LaTeX Warning: Reference `q1:qcc:partial-def' on page 16 undefined on input lin
e 1139.

[16] [17]
Chapter 5.

LaTeX Warning: Reference `q1:qcc:h-divided' on page 18 undefined on input line 
1164.


LaTeX Warning: Reference `q1:qcc:partial-fraction' on page 1 undefined on input
 line 1191.

[18

]

LaTeX Warning: Reference `q1:qcc:dilcher-formula' on page 19 undefined on input
 line 1205.


LaTeX Warning: Reference `q1:qcc:h-gf' on page 19 undefined on input line 1206.



LaTeX Warning: Reference `q1:qcc:h-bell' on page 19 undefined on input line 120
6.


LaTeX Warning: Citation `dilcher' on page 19 undefined on input line 1209.


LaTeX Warning: Reference `q1:qcc:dilcher-formula' on page 19 undefined on input
 line 1221.

[19]
Chapter 6.

LaTeX Warning: Reference `q1:qcc:qstirling' on page 1 undefined on input line 1
242.


LaTeX Warning: Citation `voigt' on page 20 undefined on input line 1261.


LaTeX Warning: Reference `q3:eq:node-Srec' on page 1 undefined on input line 12
96.


LaTeX Warning: Reference `q3:eq:node-h' on page 1 undefined on input line 1298.



LaTeX Warning: Reference `q3:eq:node-e' on page 1 undefined on input line 1299.



LaTeX Warning: Reference `q3:eq:node-srec' on page 1 undefined on input line 13
00.

[20

]

LaTeX Warning: Reference `q3:eq:divided-difference' on page 1 undefined on inpu
t line 1330.


LaTeX Warning: Reference `q3:eq:node-spectral' on page 1 undefined on input lin
e 1334.


LaTeX Warning: Reference `q3:eq:node-h' on page 1 undefined on input line 1349.



LaTeX Warning: Reference `q1:qcc:reciprocal' on page 1 undefined on input line 
1351.


LaTeX Warning: Reference `q1:qcc:finite' on page 1 undefined on input line 1352
.


LaTeX Warning: Reference `q1:qcc:pascal1' on page 1 undefined on input line 135
4.


LaTeX Warning: Reference `q3:eq:gaussian-newton' on page 1 undefined on input l
ine 1360.


LaTeX Warning: Reference `q3:eq:divided-difference' on page 1 undefined on inpu
t line 1377.


LaTeX Warning: Reference `q3:eq:geometric-dd' on page 1 undefined on input line
 1377.

[21]

LaTeX Warning: Reference `q3:eq:gaussian-newton' on page 1 undefined on input l
ine 1395.


LaTeX Warning: Reference `q3:eq:affine-geometric' on page 1 undefined on input 
line 1396.


LaTeX Warning: Citation `harmanhopkins' on page 22 undefined on input line 1416
.


LaTeX Warning: Reference `q2:eq:qnewton-coef' on page 22 undefined on input lin
e 1432.

[22]
Chapter 7.

LaTeX Warning: Citation `dlmf172' on page 23 undefined on input line 1452.


LaTeX Warning: Reference `q1:qcc:pascal1' on page 23 undefined on input line 14
70.

[23

]

LaTeX Warning: Reference `q1:qcc:reciprocity' on page 24 undefined on input lin
e 1547.


LaTeX Warning: Reference `q1:qcc:q-stencil' on page 24 undefined on input line 
1549.


LaTeX Warning: Reference `q1:qcc:q-stencil' on page 24 undefined on input line 
1550.


LaTeX Warning: Reference `q1:qcc:q-taylor' on page 1 undefined on input line 15
53.


LaTeX Warning: Reference `q1:qcc:divided-difference' on page 24 undefined on in
put line 1553.

[24]

LaTeX Warning: Reference `q1:qcc:q-stencil' on page 25 undefined on input line 
1565.


LaTeX Warning: Reference `q1:qcc:finite' on page 25 undefined on input line 156
7.


LaTeX Warning: Reference `q1:qcc:leibniz' on page 1 undefined on input line 157
5.


LaTeX Warning: Reference `q2:prop:quantum-plane' on page 1 undefined on input l
ine 1593.


LaTeX Warning: Citation `floaterlyche' on page 25 undefined on input line 1606.


[25]

LaTeX Warning: Reference `q3:eq:matrix-dd' on page 1 undefined on input line 16
62.


LaTeX Warning: Reference `q3:eq:dd-chain' on page 1 undefined on input line 166
3.


LaTeX Warning: Reference `q1:qcc:divided-difference' on page 1 undefined on inp
ut line 1668.

[26]
Chapter 8.

LaTeX Warning: Reference `q1:qcc:sq-rec' on page 27 undefined on input line 170
7.


LaTeX Warning: Reference `q1:qcc:Sq-rec' on page 27 undefined on input line 170
8.


LaTeX Warning: Reference `q1:qcc:sq-e' on page 27 undefined on input line 1708.



LaTeX Warning: Reference `q1:qcc:Sq-h' on page 27 undefined on input line 1710.


[27

]

LaTeX Warning: Reference `q1:qcc:qstirling-basis' on page 28 undefined on input
 line 1737.


LaTeX Warning: Reference `q1:qcc:qstirling-sum' on page 28 undefined on input l
ine 1754.


LaTeX Warning: Reference `q1:qcc:sq-e' on page 28 undefined on input line 1767.



LaTeX Warning: Reference `q1:qcc:Sq-h' on page 28 undefined on input line 1767.



LaTeX Warning: Reference `q1:qcc:bell-finite' on page 28 undefined on input lin
e 1776.

[28]

LaTeX Warning: Reference `q1:qcc:Sq-rec' on page 29 undefined on input line 179
8.


LaTeX Warning: Citation `cai' on page 29 undefined on input line 1800.


LaTeX Warning: Reference `q1:qcc:q-weyl' on page 29 undefined on input line 181
4.


LaTeX Warning: Reference `q1:qcc:normal-ordering-formula' on page 29 undefined 
on input line 1816.


LaTeX Warning: Reference `q1:qcc:normalized-stirling-rec' on page 29 undefined 
on input line 1818.


LaTeX Warning: Reference `q1:qcc:factorial-moments' on page 29 undefined on inp
ut line 1822.


LaTeX Warning: Reference `q3:thm:affine' on page 1 undefined on input line 1832
.


LaTeX Warning: Reference `q1:qcc:qstirling-basic' on page 1 undefined on input 
line 1834.


LaTeX Warning: Reference `q1:qcc:qstirling-explicit' on page 1 undefined on inp
ut line 1835.


LaTeX Warning: Reference `q3:eq:affine-geometric' on page 29 undefined on input
 line 1853.


LaTeX Warning: Reference `q3:eq:qstirling-gaussian' on page 29 undefined on inp
ut line 1855.


LaTeX Warning: Reference `q1:qcc:qstirling-basis' on page 29 undefined on input
 line 1858.


LaTeX Warning: Reference `q3:eq:gaussian-newton-inverse' on page 29 undefined o
n input line 1859.


LaTeX Warning: Reference `q3:eq:qstirling-first-gaussian' on page 29 undefined 
on input line 1863.


LaTeX Warning: Reference `q1:qcc:qstirling-basis' on page 29 undefined on input
 line 1864.

[29]

LaTeX Warning: Reference `q1:qcc:Sq-h' on page 1 undefined on input line 1884.


LaTeX Warning: Citation `dingzeng' on page 30 undefined on input line 1904.


LaTeX Warning: Reference `q3:thm:affine' on page 1 undefined on input line 1908
.


LaTeX Warning: Reference `q3:eq:node-h' on page 1 undefined on input line 1909.



LaTeX Warning: Reference `q3:eq:typeB' on page 1 undefined on input line 1909.


LaTeX Warning: Reference `q3:eq:node-Srec' on page 1 undefined on input line 19
09.


LaTeX Warning: Reference `q3:eq:colored' on page 1 undefined on input line 1912
.


LaTeX Warning: Reference `q1:qcc:factorial-moments' on page 30 undefined on inp
ut line 1917.


LaTeX Warning: Reference `q2:eq:qexp' on page 30 undefined on input line 1925.


LaTeX Warning: Reference `q1:qcc:factorial-moments' on page 30 undefined on inp
ut line 1933.


LaTeX Warning: Reference `q3:eq:qdobinski' on page 30 undefined on input line 1
943.

[30] [31]
Chapter 9.
LaTeX Font Info:    Trying to load font information for U+euf on input line 196
0.
(C:\Users\vresh\AppData\Local\Programs\MiKTeX\tex/latex/amsfonts\ueuf.fd
File: ueuf.fd 2013/01/14 v3.01 Euler Fraktur
)
(C:\Users\vresh\AppData\Local\Programs\MiKTeX\tex/latex/microtype\mt-euf.cfg
File: mt-euf.cfg 2006/07/03 v1.1 microtype config. file: AMS Euler Fraktur (RS)

)

LaTeX Warning: Reference `q3:eq:qeulerian-gf' on page 1 undefined on input line
 2000.


LaTeX Warning: Reference `q1:qcc:reciprocal' on page 1 undefined on input line 
2001.


LaTeX Warning: Reference `q3:eq:qworpitzky' on page 1 undefined on input line 2
001.


LaTeX Warning: Reference `q1:qcc:finite' on page 1 undefined on input line 2002
.


LaTeX Warning: Reference `q3:eq:qeulerian-explicit' on page 1 undefined on inpu
t line 2003.

[32

]

LaTeX Warning: Reference `q3:eq:qeulerian-gf' on page 1 undefined on input line
 2031.


LaTeX Warning: Reference `q3:eq:eulerian-stirling' on page 1 undefined on input
 line 2032.


LaTeX Warning: Reference `q3:cor:annihilator' on page 1 undefined on input line
 2043.


LaTeX Warning: Reference `q3:eq:eulerian-kernel' on page 1 undefined on input l
ine 2044.


LaTeX Warning: Reference `q3:eq:eulerian-stirling' on page 1 undefined on input
 line 2051.


LaTeX Warning: Reference `q3:eq:stirling-eulerian' on page 1 undefined on input
 line 2053.


LaTeX Warning: Reference `q3:eq:stirling-eulerian' on page 1 undefined on input
 line 2055.


LaTeX Warning: Citation `dingzeng' on page 33 undefined on input line 2056.


LaTeX Warning: Reference `q3:eq:stirling-eulerian' on page 1 undefined on input
 line 2060.

[33]
Chapter 10.
[34

]

LaTeX Warning: Reference `q1:qcc:weighted-bell-finite' on page 35 undefined on 
input line 2139.


LaTeX Warning: Reference `q1:qcc:weighted-bell-transport' on page 35 undefined 
on input line 2140.


LaTeX Warning: Reference `q1:qcc:weighted-bell-def' on page 35 undefined on inp
ut line 2141.

[35]
Underfull \hbox (badness 1184) in paragraph at lines 2196--2205
\T1/LibertinusSerif-TLF/m/n/10.95 (+20) and its in-verse is $\OMS/cmsy/m/n/10.9
5 M[]\OT1/cmr/m/n/10.95 (\OML/cmm/m/it/10.95 E[]\OT1/cmr/m/n/10.95 (\OMS/cmsy/m
/n/10.95 ^^@\OML/cmm/m/it/10.95 z\OT1/cmr/m/n/10.95 )\OML/cmm/m/it/10.95 ; z\OT
1/cmr/m/n/10.95 )$\T1/LibertinusSerif-TLF/m/n/10.95 (+20) . This re-cov-ers Gau
s-sian in-ver-sion, in-clud-ing the fac-tor
 []


LaTeX Warning: Reference `q1:qcc:jackson-def' on page 36 undefined on input lin
e 2212.


LaTeX Warning: Reference `q3:sec:chain' on page 1 undefined on input line 2219.


[36]
Chapter 11.

LaTeX Warning: Reference `q1:qcc:lagrange-formula' on page 37 undefined on inpu
t line 2257.


LaTeX Warning: Reference `q1:qcc:lagrange-powers' on page 37 undefined on input
 line 2258.


LaTeX Warning: Citation `gessel' on page 37 undefined on input line 2261.


LaTeX Warning: Reference `q1:qcc:master-product' on page 37 undefined on input 
line 2265.


LaTeX Warning: Reference `q1:qcc:master-theorem' on page 1 undefined on input l
ine 2279.


LaTeX Warning: Reference `q1:qcc:lagrange-powers' on page 37 undefined on input
 line 2279.

[37

]

LaTeX Warning: Reference `q1:qcc:simple-inverse' on page 38 undefined on input 
line 2321.

[38]

LaTeX Warning: Reference `q3:eq:slot-gaussian' on page 1 undefined on input lin
e 2361.


LaTeX Warning: Reference `q3:eq:slot-gaussian' on page 1 undefined on input lin
e 2367.


LaTeX Warning: Reference `q3:eq:slot-tree-eq' on page 1 undefined on input line
 2372.


LaTeX Warning: Reference `q1:qcc:finite-binomial' on page 1 undefined on input 
line 2403.


LaTeX Warning: Reference `q1:qcc:inverse-product-formula' on page 39 undefined 
on input line 2404.


LaTeX Warning: Reference `q2:eq:reciprocal-reversion' on page 39 undefined on i
nput line 2405.


LaTeX Warning: Reference `q3:thm:slot-tree' on page 1 undefined on input line 2
408.


LaTeX Warning: Citation `cigler' on page 39 undefined on input line 2411.

[39]

LaTeX Warning: Reference `q2:eq:U-Airy' on page 40 undefined on input line 2438
.


LaTeX Warning: Reference `q2:eq:area-eqn' on page 40 undefined on input line 24
44.


LaTeX Warning: Reference `q2:eq:area-finite' on page 40 undefined on input line
 2447.


LaTeX Warning: Reference `q2:eq:area-eqn' on page 40 undefined on input line 24
54.


LaTeX Warning: Reference `q2:eq:area-finite' on page 40 undefined on input line
 2458.


LaTeX Warning: Reference `q2:eq:area-first' on page 40 undefined on input line 
2461.


LaTeX Warning: Reference `q3:eq:narayana-slot' on page 40 undefined on input li
ne 2461.

[40]

LaTeX Warning: Reference `q1:qcc:master-coefficient' on page 41 undefined on in
put line 2485.


LaTeX Warning: Reference `q1:qcc:lagrange-formula' on page 41 undefined on inpu
t line 2490.


LaTeX Warning: Reference `q1:qcc:coupled-formula' on page 41 undefined on input
 line 2513.


LaTeX Warning: Reference `q1:qcc:lagrange-theorem' on page 1 undefined on input
 line 2527.


LaTeX Warning: Citation `ccc' on page 41 undefined on input line 2528.


LaTeX Warning: Reference `q1:qcc:coupled' on page 1 undefined on input line 253
2.


LaTeX Warning: Reference `q1:qcc:coupled-formula' on page 41 undefined on input
 line 2538.

[41] [42]
Chapter 12.

LaTeX Warning: Reference `q1:qcc:gaussian-coeff-finite' on page 43 undefined on
 input line 2601.

[43

] [44]
Chapter 13.
[45

]

LaTeX Warning: Reference `q1:qcc:regular-log' on page 1 undefined on input line
 2720.


LaTeX Warning: Reference `q1:qcc:kappa' on page 46 undefined on input line 2722
.


LaTeX Warning: Reference `q1:qcc:cumulant-expansion' on page 46 undefined on in
put line 2723.


LaTeX Warning: Reference `q1:qcc:low-cumulants' on page 46 undefined on input l
ine 2733.


LaTeX Warning: Reference `q1:qcc:kappa' on page 46 undefined on input line 2738
.


LaTeX Warning: Reference `q1:qcc:kappa' on page 46 undefined on input line 2746
.


LaTeX Warning: Reference `q1:qcc:power-moments' on page 46 undefined on input l
ine 2765.


LaTeX Warning: Reference `q1:qcc:ordinary-jets-one' on page 46 undefined on inp
ut line 2767.


LaTeX Warning: Reference `q1:qcc:cumulant-expansion' on page 46 undefined on in
put line 2773.

[46]

LaTeX Warning: Reference `q1:qcc:li-eulerian' on page 47 undefined on input lin
e 2847.


LaTeX Warning: Reference `q1:qcc:li-eulerian' on page 47 undefined on input lin
e 2870.

[47]

LaTeX Warning: Reference `q1:qcc:li-eulerian' on page 48 undefined on input lin
e 2890.


LaTeX Warning: Reference `q1:qcc:L-r' on page 48 undefined on input line 2913.

[48]
Chapter 14.

LaTeX Warning: Citation `formichella' on page 49 undefined on input line 2952.

[49

]

LaTeX Warning: Reference `q1:qcc:lucas-eq' on page 50 undefined on input line 2
991.

[50]

LaTeX Warning: Reference `q1:qcc:root-factorization' on page 51 undefined on in
put line 3056.


LaTeX Warning: Reference `q1:qcc:regular-log' on page 1 undefined on input line
 3068.


LaTeX Warning: Reference `q1:qcc:root-factorization' on page 51 undefined on in
put line 3076.


LaTeX Warning: Reference `q1:qcc:root-t-coefficients' on page 51 undefined on i
nput line 3077.


LaTeX Warning: Reference `q1:qcc:stirling-operators' on page 51 undefined on in
put line 3088.


LaTeX Warning: Reference `q1:qcc:root-ordinary-derivatives' on page 51 undefine
d on input line 3089.


LaTeX Warning: Reference `q1:qcc:root-ordinary-derivatives' on page 51 undefine
d on input line 3110.


LaTeX Warning: Reference `q1:qcc:root-jets' on page 1 undefined on input line 3
129.


LaTeX Warning: Reference `q1:qcc:generic-jets' on page 1 undefined on input lin
e 3129.


LaTeX Warning: Reference `q1:qcc:gaussian-coefficients' on page 1 undefined on 
input line 3129.


LaTeX Warning: Reference `q1:qcc:root-jets' on page 1 undefined on input line 3
134.


LaTeX Warning: Reference `q1:qcc:cyclotomic-product' on page 51 undefined on in
put line 3137.


LaTeX Warning: Reference `q3:eq:Rr-stirling' on page 51 undefined on input line
 3140.


LaTeX Warning: Reference `q1:qcc:eta' on page 51 undefined on input line 3141.

[51]

LaTeX Warning: Reference `q1:qcc:cyclotomic-product' on page 1 undefined on inp
ut line 3168.


LaTeX Warning: Reference `q3:eq:root-local-cumulants' on page 1 undefined on in
put line 3169.


LaTeX Warning: Reference `q3:eq:root-local-expansion' on page 1 undefined on in
put line 3184.

[52]
Chapter 15.

LaTeX Warning: Reference `q1:qcc:weighted-Gaussian-eq' on page 53 undefined on 
input line 3226.

[53

]

LaTeX Warning: Reference `q1:qcc:root-jets' on page 1 undefined on input line 3
264.


LaTeX Warning: Reference `q1:qcc:alternating-kernels' on page 54 undefined on i
nput line 3265.

[54]

LaTeX Warning: Reference `q1:qcc:cumulants' on page 1 undefined on input line 3
312.


LaTeX Warning: Reference `q1:qcc:convolution' on page 1 undefined on input line
 3328.

[55]
Chapter 16.

LaTeX Warning: Reference `q1:qcc:filter-def' on page 56 undefined on input line
 3364.


LaTeX Warning: Reference `q1:qcc:weights' on page 56 undefined on input line 33
72.


LaTeX Warning: Reference `q1:qcc:filter-response' on page 56 undefined on input
 line 3381.

[56

]

LaTeX Warning: Reference `q1:qcc:filter-response' on page 57 undefined on input
 line 3403.


LaTeX Warning: Reference `q1:qcc:filter-error-bound' on page 57 undefined on in
put line 3410.


LaTeX Warning: Reference `q1:qcc:noise-norm' on page 57 undefined on input line
 3429.


LaTeX Warning: Reference `q1:qcc:weights' on page 57 undefined on input line 34
32.


LaTeX Warning: Reference `q1:qcc:filter-sum' on page 57 undefined on input line
 3447.


LaTeX Warning: Reference `q1:qcc:filter-error-series' on page 57 undefined on i
nput line 3462.

[57]

LaTeX Warning: Reference `q1:qcc:weights' on page 58 undefined on input line 34
85.


LaTeX Warning: Reference `q1:qcc:log-spectral-identity' on page 58 undefined on
 input line 3539.


LaTeX Warning: Reference `q1:qcc:confluent-polynomial' on page 58 undefined on 
input line 3540.

[58]

LaTeX Warning: Reference `q1:qcc:filter-weights' on page 1 undefined on input l
ine 3583.


LaTeX Warning: Reference `q1:qcc:weights' on page 59 undefined on input line 35
85.

[59]

LaTeX Warning: Citation `proveit-primary' on page 60 undefined on input line 36
54.


LaTeX Warning: Reference `q3:eq:uniform-moments-profile' on page 1 undefined on
 input line 3664.


LaTeX Warning: Reference `q3:eq:uniform-moments-profile' on page 1 undefined on
 input line 3678.


LaTeX Warning: Reference `q1:qcc:filter-weights' on page 1 undefined on input l
ine 3683.

[60]
Chapter 17.

LaTeX Warning: Reference `q1:qcc:multinomial-coefficients' on page 61 undefined
 on input line 3743.


LaTeX Warning: Reference `q1:qcc:regular-log' on page 1 undefined on input line
 3744.

[61

]

LaTeX Warning: Reference `q1:qcc:root-C' on page 62 undefined on input line 376
0.


LaTeX Warning: Reference `q1:qcc:root-lambda' on page 62 undefined on input lin
e 3760.


LaTeX Warning: Reference `q1:qcc:root-factorization' on page 62 undefined on in
put line 3761.


LaTeX Warning: Reference `q1:qcc:root-ordinary-derivatives' on page 62 undefine
d on input line 3762.


LaTeX Warning: Reference `q1:qcc:root-jets' on page 1 undefined on input line 3
809.


LaTeX Warning: Reference `q1:qcc:ratio-cyclotomic' on page 62 undefined on inpu
t line 3817.


LaTeX Warning: Reference `q1:qcc:root-jets' on page 1 undefined on input line 3
822.

[62] [63]
Chapter 18.

LaTeX Warning: Reference `q3:eq:fixed-k-exact' on page 1 undefined on input lin
e 3865.

[64

]

LaTeX Warning: Reference `q3:eq:bulk-fixed-q-log' on page 1 undefined on input 
line 3905.


LaTeX Warning: Reference `q3:eq:rate-integral' on page 1 undefined on input lin
e 3939.


LaTeX Warning: Reference `q3:eq:double-scaling-domain' on page 1 undefined on i
nput line 3943.

[65]

LaTeX Warning: Citation `dlmfem' on page 66 undefined on input line 3996.


LaTeX Warning: Citation `dlmfgamma' on page 66 undefined on input line 3999.


LaTeX Warning: Reference `q3:eq:double-scaling-exact-decomposition' on page 1 u
ndefined on input line 4008.


LaTeX Warning: Reference `q3:eq:double-scaling-C' on page 1 undefined on input 
line 4010.


LaTeX Warning: Reference `q3:eq:double-scaling-log' on page 1 undefined on inpu
t line 4010.


LaTeX Warning: Reference `q3:eq:double-scaling-C' on page 1 undefined on input 
line 4014.


LaTeX Warning: Reference `q3:eq:Rr' on page 1 undefined on input line 4023.


LaTeX Warning: Reference `q3:eq:h-tau-zero' on page 1 undefined on input line 4
031.


LaTeX Warning: Reference `q3:eq:h-tau-derivative' on page 1 undefined on input 
line 4031.


LaTeX Warning: Reference `q3:eq:Rr-stirling' on page 1 undefined on input line 
4031.

[66] [67]
Chapter 19.

LaTeX Warning: Reference `q1:qcc:gaussian-coefficients' on page 1 undefined on 
input line 4074.


LaTeX Warning: Reference `q1:qcc:generic-jets' on page 1 undefined on input lin
e 4081.


LaTeX Warning: Reference `q1:qcc:root-jets' on page 1 undefined on input line 4
084.


LaTeX Warning: Reference `q1:qcc:inverse-product' on page 1 undefined on input 
line 4090.


LaTeX Warning: Reference `q1:qcc:weights' on page 68 undefined on input line 40
92.


LaTeX Warning: Reference `q1:qcc:master-coefficient' on page 68 undefined on in
put line 4107.

[68

]
LaTeX Font Info:    Trying to load font information for TS1+LibertinusSerif-TLF
 on input line 4164.

(C:\Users\vresh\AppData\Local\Programs\MiKTeX\tex/latex/libertinus-type1\ts1lib
ertinusserif-tlf.fd
File: TS1LibertinusSerif-TLF.fd 2024/09/22 (autoinst) Font definitions for TS1/
LibertinusSerif-TLF.
)
LaTeX Font Info:    Font shape `TS1/LibertinusSerif-TLF/m/n' will be
(Font)              scaled to size 10.95pt on input line 4164.
Package microtype Info: Loading generic protrusion settings for font family
(microtype)             `LibertinusSerif-TLF' (encoding: TS1).
(microtype)             For optimal results, create family-specific settings.
(microtype)             See the microtype manual for details.
 [69{C:/Users/vresh/AppData/Local/Programs/MiKTeX/fonts/enc/dvips/libertinus-ty
pe1/lbn1_rlktsf.enc}]

LaTeX Warning: Reference `q3:eq:double-scaling-log' on page 1 undefined on inpu
t line 4201.


LaTeX Warning: Reference `q3:sec:asymptotic' on page 1 undefined on input line 
4223.


LaTeX Warning: Reference `q1:qcc:weighted-bell-def' on page 70 undefined on inp
ut line 4237.


ignored: Infinite glue shrinkage found in box being split [70]

LaTeX Warning: Reference `q3:sec:newton' on page 1 undefined on input line 4259
.


Underfull \hbox (badness 1178) in paragraph at lines 4260--4260
[]|\T1/LibertinusMono-TLF/m/n/10.95 thm:bell-symmetric- 
 []


LaTeX Warning: Reference `q1:qcc:bell-master' on page 1 undefined on input line
 4260.


LaTeX Warning: Reference `q2:sec:transforms' on page 1 undefined on input line 
4261.


LaTeX Warning: Reference `q2:sec:transforms' on page 1 undefined on input line 
4262.


Underfull \hbox (badness 3826) in paragraph at lines 4263--4263
[]|\T1/LibertinusMono-TLF/m/n/10.95 eq:merged-bell- 
 []


LaTeX Warning: Reference `q1:qcc:composition' on page 1 undefined on input line
 4263.


LaTeX Warning: Reference `q1:qcc:lagrange' on page 1 undefined on input line 42
64.


LaTeX Warning: Reference `q1:qcc:qstirling' on page 1 undefined on input line 4
283.


LaTeX Warning: Reference `q1:qcc:jackson' on page 1 undefined on input line 428
3.


LaTeX Warning: Reference `q1:qcc:bell-master' on page 1 undefined on input line
 4286.


Underfull \hbox (badness 1365) in paragraph at lines 4287--4287
[]|\T1/LibertinusSerif-TLF/m/n/10.95 (+20) Binomial in-ver-sion and in-ci-
 []


LaTeX Warning: Reference `q1:qcc:convolution' on page 1 undefined on input line
 4289.


LaTeX Warning: Reference `q1:qcc:roots' on page 1 undefined on input line 4293.



LaTeX Warning: Reference `q1:qcc:parameter-jets' on page 1 undefined on input l
ine 4293.


LaTeX Warning: Reference `q1:qcc:composition' on page 1 undefined on input line
 4296.


LaTeX Warning: Reference `q1:qcc:lagrange' on page 1 undefined on input line 42
99.


LaTeX Warning: Reference `q1:qcc:filters' on page 1 undefined on input line 430
2.

[71]

LaTeX Warning: Citation `dlmf172' on page 72 undefined on input line 4331.


LaTeX Warning: Citation `dlmf175' on page 72 undefined on input line 4331.


LaTeX Warning: Reference `q1:qcc:lagrange-theorem' on page 1 undefined on input
 line 4333.


LaTeX Warning: Reference `q1:qcc:finite' on page 72 undefined on input line 434
1.


LaTeX Warning: Reference `q1:qcc:vandermonde-formula' on page 72 undefined on i
nput line 4341.


LaTeX Warning: Reference `q2:eq:transform-inverse' on page 72 undefined on inpu
t line 4342.


LaTeX Warning: Reference `q1:qcc:lucas-eq' on page 72 undefined on input line 4
342.


LaTeX Warning: Reference `q1:qcc:root-jets' on page 1 undefined on input line 4
353.


LaTeX Warning: Reference `q1:qcc:inverse-product-formula' on page 1 undefined o
n input line 4371.

[72] [73]
Appendix A.

LaTeX Warning: Reference `q1:qcc:master-theorem' on page 1 undefined on input l
ine 4413.


LaTeX Warning: Reference `q1:qcc:inverse-product' on page 1 undefined on input 
line 4415.


LaTeX Warning: Reference `q1:qcc:gaussian-coefficients' on page 1 undefined on 
input line 4429.


LaTeX Warning: Reference `q1:qcc:ordinary-jets-one' on page 74 undefined on inp
ut line 4441.

[74

]

LaTeX Warning: Reference `q1:qcc:eta' on page 75 undefined on input line 4452.


LaTeX Warning: Reference `q1:qcc:root-lambda' on page 75 undefined on input lin
e 4452.


LaTeX Warning: Reference `q1:qcc:root-ordinary-derivatives' on page 75 undefine
d on input line 4453.


LaTeX Warning: Reference `q1:qcc:confluent-filter' on page 1 undefined on input
 line 4466.

[75]
Appendix B.

LaTeX Warning: Reference `q1:qcc:atlas' on page 1 undefined on input line 4474.



LaTeX Warning: Reference `q3:eq:subset' on page 76 undefined on input line 4490
.


LaTeX Warning: Reference `q3:eq:rectangle' on page 76 undefined on input line 4
490.


LaTeX Warning: Reference `q1:qcc:vandermonde-formula' on page 76 undefined on i
nput line 4493.


LaTeX Warning: Reference `q1:qcc:block-vandermonde' on page 76 undefined on inp
ut line 4494.


LaTeX Warning: Reference `q1:qcc:inverse-pair' on page 76 undefined on input li
ne 4494.


LaTeX Warning: Reference `q3:eq:affine-geometric' on page 76 undefined on input
 line 4496.


LaTeX Warning: Reference `q3:eq:qstirling-gaussian' on page 76 undefined on inp
ut line 4498.


LaTeX Warning: Reference `q1:qcc:qstirling-sum' on page 76 undefined on input l
ine 4498.


LaTeX Warning: Reference `q3:eq:qstirling-first-gaussian' on page 76 undefined 
on input line 4499.


LaTeX Warning: Reference `q3:eq:stirling-eulerian' on page 76 undefined on inpu
t line 4502.


LaTeX Warning: Reference `q3:eq:eulerian-stirling' on page 76 undefined on inpu
t line 4502.


LaTeX Warning: Reference `q3:eq:qeulerian' on page 76 undefined on input line 4
503.


LaTeX Warning: Reference `q1:qcc:master-coefficient' on page 76 undefined on in
put line 4506.


LaTeX Warning: Reference `q1:qcc:q-stencil' on page 76 undefined on input line 
4508.


LaTeX Warning: Reference `q1:qcc:q-leibniz' on page 76 undefined on input line 
4509.


LaTeX Warning: Reference `q3:eq:dd-chain' on page 76 undefined on input line 45
09.


LaTeX Warning: Reference `q1:qcc:weighted-bell-finite' on page 76 undefined on 
input line 4511.


LaTeX Warning: Reference `q1:qcc:composition-formula' on page 76 undefined on i
nput line 4511.


LaTeX Warning: Reference `q1:qcc:inverse-product-formula' on page 76 undefined 
on input line 4514.


LaTeX Warning: Reference `q1:qcc:cumulant-expansion' on page 76 undefined on in
put line 4517.


LaTeX Warning: Reference `q1:qcc:ordinary-jets-one' on page 76 undefined on inp
ut line 4518.


LaTeX Warning: Reference `q1:qcc:lucas-eq' on page 76 undefined on input line 4
520.


LaTeX Warning: Reference `q3:eq:root-local-expansion' on page 76 undefined on i
nput line 4521.


LaTeX Warning: Reference `q3:eq:double-scaling-C' on page 76 undefined on input
 line 4523.


LaTeX Warning: Reference `q3:eq:double-scaling-H' on page 76 undefined on input
 line 4523.


LaTeX Warning: Reference `q3:eq:double-scaling-domain' on page 76 undefined on 
input line 4524.


LaTeX Warning: Reference `q1:qcc:weights' on page 76 undefined on input line 45
26.


LaTeX Warning: Reference `q1:qcc:filter-error-series' on page 76 undefined on i
nput line 4527.


LaTeX Warning: Reference `q3:eq:moment-extrapolation' on page 76 undefined on i
nput line 4528.

[76

]
Appendix C.

LaTeX Warning: Reference `q2:sec:ramified' on page 1 undefined on input line 45
48.


LaTeX Warning: Reference `q2:sec:kernel' on page 1 undefined on input line 4548
.


LaTeX Warning: Reference `q2:sec:negative' on page 1 undefined on input line 45
49.


LaTeX Warning: Reference `q2:sec:transforms' on page 1 undefined on input line 
4551.


LaTeX Warning: Reference `q2:sec:analytic' on page 1 undefined on input line 45
55.


LaTeX Warning: Reference `q3:sec:newton' on page 1 undefined on input line 4557
.


LaTeX Warning: Reference `q3:sec:chain' on page 1 undefined on input line 4560.



LaTeX Warning: Reference `q3:sec:asymptotic' on page 1 undefined on input line 
4564.


LaTeX Warning: Reference `q3:sec:uniform' on page 1 undefined on input line 456
5.

[77

]
LaTeX Font Info:    Font shape `T1/LibertinusMono-TLF/m/n' will be
(Font)              scaled to size 8.50006pt on input line 4593.
Package microtype Info: Character `guilsinglleft ' is missing
(microtype)             in font `T1/LibertinusMono-TLF/m/n/10'.
(microtype)             Ignoring protrusion settings for this character.
Package microtype Info: Character `guilsinglright ' is missing
(microtype)             in font `T1/LibertinusMono-TLF/m/n/10'.
(microtype)             Ignoring protrusion settings for this character.


LaTeX Warning: Reference `q1:qcc:computation' on page 1 undefined on input line
 4613.

[78] [79


] [80] (C:\Temp\pv-iv_v9ao8\out\Gaussian_Coefficient_Calculus.aux)
 ***********
LaTeX2e <2025-11-01>
L3 programming layer <2026-03-20>
 ***********


LaTeX Warning: There were undefined references.


LaTeX Warning: Label(s) may have changed. Rerun to get cross-references right.


Package rerunfilecheck Warning: File `Gaussian_Coefficient_Calculus.out' has ch
anged.
(rerunfilecheck)                Rerun to get outlines right
(rerunfilecheck)                or use package `bookmark'.

Package rerunfilecheck Info: Checksums for `Gaussian_Coefficient_Calculus.out':

(rerunfilecheck)             Before: <no file>
(rerunfilecheck)             After:  4FC8A32941C758584976D850B6D8039E;31238.
 ) 
Here is how much of TeX's memory you used:
 35712 strings out of 467691
 726343 string characters out of 5414987
 1166559 words of memory out of 5000000
 63309 multiletter control sequences out of 15000+600000
 767413 words of font info for 371 fonts, out of 8000000 for 9000
 1141 hyphenation exceptions out of 8191
 116i,16n,121p,1028b,926s stack positions out of 10000i,1000n,20000p,200000b,200000s
<C:/Users/vresh/AppData/Local/Programs/MiKTeX/fonts/type1/public/libertinus-t
ype1/LibertinusMono-Regular.pfb><C:/Users/vresh/AppData/Local/Programs/MiKTeX/f
onts/type1/public/libertinus-type1/LibertinusSerif-Bold.pfb><C:/Users/vresh/App
Data/Local/Programs/MiKTeX/fonts/type1/public/libertinus-type1/LibertinusSerif-
BoldItalic.pfb><C:/Users/vresh/AppData/Local/Programs/MiKTeX/fonts/type1/public
/libertinus-type1/LibertinusSerif-Italic.pfb><C:/Users/vresh/AppData/Local/Prog
rams/MiKTeX/fonts/type1/public/libertinus-type1/LibertinusSerif-Regular.pfb><C:
/Users/vresh/AppData/Local/Programs/MiKTeX/fonts/type1/public/amsfonts/cm/cmbx1
0.pfb><C:/Users/vresh/AppData/Local/Programs/MiKTeX/fonts/type1/public/amsfonts
/cm/cmex10.pfb><C:/Users/vresh/AppData/Local/Programs/MiKTeX/fonts/type1/public
/amsfonts/cmextra/cmex8.pfb><C:/Users/vresh/AppData/Local/Programs/MiKTeX/fonts
/type1/public/amsfonts/cm/cmmi10.pfb><C:/Users/vresh/AppData/Local/Programs/MiK
TeX/fonts/type1/public/amsfonts/cm/cmmi12.pfb><C:/Users/vresh/AppData/Local/Pro
grams/MiKTeX/fonts/type1/public/amsfonts/cm/cmmi5.pfb><C:/Users/vresh/AppData/L
ocal/Programs/MiKTeX/fonts/type1/public/amsfonts/cm/cmmi6.pfb><C:/Users/vresh/A
ppData/Local/Programs/MiKTeX/fonts/type1/public/amsfonts/cm/cmmi7.pfb><C:/Users
/vresh/AppData/Local/Programs/MiKTeX/fonts/type1/public/amsfonts/cm/cmmi8.pfb><
C:/Users/vresh/AppData/Local/Programs/MiKTeX/fonts/type1/public/amsfonts/cm/cmm
ib10.pfb><C:/Users/vresh/AppData/Local/Programs/MiKTeX/fonts/type1/public/amsfo
nts/cmextra/cmmib8.pfb><C:/Users/vresh/AppData/Local/Programs/MiKTeX/fonts/type
1/public/amsfonts/cm/cmr10.pfb><C:/Users/vresh/AppData/Local/Programs/MiKTeX/fo
nts/type1/public/amsfonts/cm/cmr12.pfb><C:/Users/vresh/AppData/Local/Programs/M
iKTeX/fonts/type1/public/amsfonts/cm/cmr5.pfb><C:/Users/vresh/AppData/Local/Pro
grams/MiKTeX/fonts/type1/public/amsfonts/cm/cmr6.pfb><C:/Users/vresh/AppData/Lo
cal/Programs/MiKTeX/fonts/type1/public/amsfonts/cm/cmr7.pfb><C:/Users/vresh/App
Data/Local/Programs/MiKTeX/fonts/type1/public/amsfonts/cm/cmr8.pfb><C:/Users/vr
esh/AppData/Local/Programs/MiKTeX/fonts/type1/public/amsfonts/cm/cmsy10.pfb><C:
/Users/vresh/AppData/Local/Programs/MiKTeX/fonts/type1/public/amsfonts/cm/cmsy6
.pfb><C:/Users/vresh/AppData/Local/Programs/MiKTeX/fonts/type1/public/amsfonts/
cm/cmsy7.pfb><C:/Users/vresh/AppData/Local/Programs/MiKTeX/fonts/type1/public/a
msfonts/cm/cmsy8.pfb><C:/Users/vresh/AppData/Local/Programs/MiKTeX/fonts/type1/
public/amsfonts/euler/eufm10.pfb><C:/Users/vresh/AppData/Local/Programs/MiKTeX/
fonts/type1/public/amsfonts/symbols/msbm10.pfb><C:/Users/vresh/AppData/Local/Pr
ograms/MiKTeX/fonts/type1/public/rsfs/rsfs10.pfb>
Output written on C:\Temp\pv-iv_v9ao8\out\Gaussian_Coefficient_Calculus.pdf (84
 pages, 1093416 bytes).
PDF statistics:
 1167 PDF objects out of 1200 (max. 8388607)
 561 named destinations out of 1000 (max. 500000)
 71837 words of extra memory for PDF output out of 74296 (max. 10000000)

