{
  "evidence_class": "Independent exact mathematics, not Wolfram execution",
  "python": "3.13.5",
  "sympy": "1.14.0",
  "checks": {
    "false-certificate-root-solves-unrestricted-equation": true,
    "false-certificate-root-violates-domain": true,
    "entire-invalid-interval-violates-domain": true,
    "branch-image-supremum-is-5/16": true,
    "requested-target-outside-branch-image": true,
    "valid-control-root": true,
    "valid-control-whole-interval-in-domain": true,
    "strict-boundary-contact-is-excluded": true,
    "new-center-is-strictly-interior": true,
    "invalid-interval-derivative-positive": true,
    "flat-dense-pair-count": true,
    "flat-budget-sandwich": true,
    "flat-active-pair-count": true,
    "flat-constant-convolution": true,
    "polynomial-inverse-residual": true,
    "polynomial-root-expansion": true,
    "logarithmic-coefficients": true,
    "irrational-inverse-retained-weights": true,
    "irrational-inverse-first-omitted-weight": true,
    "irrational-inverse-independent-composition": true
  },
  "passed": 20,
  "total": 20
}
