This is pdfTeX, Version 3.141592653-2.6-1.40.29 (MiKTeX 26.2) (preloaded format=pdflatex 2026.8.15)  9 SEP 2026 13:08
entering extended mode
 file:line:error style messages enabled.
 %&-line parsing enabled.
**./Lambert_W_Guide.tex
(Lambert_W_Guide.tex
LaTeX2e <2025-11-01>
L3 programming layer <2026-03-20>
(C:\Users\vresh\AppData\Local\Programs\MiKTeX\tex/latex/base\article.cls
Document Class: article 2025/01/22 v1.4n Standard LaTeX document class
(C:\Users\vresh\AppData\Local\Programs\MiKTeX\tex/latex/base\size11.clo
File: size11.clo 2025/01/22 v1.4n Standard LaTeX file (size option)
)
\c@part=\count275
\c@section=\count276
\c@subsection=\count277
\c@subsubsection=\count278
\c@paragraph=\count279
\c@subparagraph=\count280
\c@figure=\count281
\c@table=\count282
\abovecaptionskip=\skip49
\belowcaptionskip=\skip50
\bibindent=\dimen150
)
(C:\Users\vresh\AppData\Local\Programs\MiKTeX\tex/latex/base\fontenc.sty
Package: fontenc 2025/07/18 v2.1d Standard LaTeX package
)
(C:\Users\vresh\AppData\Local\Programs\MiKTeX\tex/latex/base\inputenc.sty
Package: inputenc 2024/02/08 v1.3d Input encoding file
\inpenc@prehook=\toks17
\inpenc@posthook=\toks18
)
(C:\Users\vresh\AppData\Local\Programs\MiKTeX\tex/latex/libertinus\libertinus.s
ty
Package: libertinus 2020/05/06 v. 0.02 (Herbert Voss) Supports libertinus fonts
 for pdflatex/lualatex/xelatex
 (C:\Users\vresh\AppData\Local\Programs\MiKTeX\tex/generic/iftex\iftex.sty
Package: iftex 2024/12/12 v1.0g TeX engine tests
)
(C:\Users\vresh\AppData\Local\Programs\MiKTeX\tex/latex/xkeyval\xkeyval.sty
Package: xkeyval 2022/06/16 v2.9 package option processing (HA)

(C:\Users\vresh\AppData\Local\Programs\MiKTeX\tex/generic/xkeyval\xkeyval.tex
(C:\Users\vresh\AppData\Local\Programs\MiKTeX\tex/generic/xkeyval\xkvutils.tex
\XKV@toks=\toks19
\XKV@tempa@toks=\toks20

(C:\Users\vresh\AppData\Local\Programs\MiKTeX\tex/generic/xkeyval\keyval.tex))
\XKV@depth=\count283
File: xkeyval.tex 2014/12/03 v2.7a key=value parser (HA)
))
(C:\Users\vresh\AppData\Local\Programs\MiKTeX\tex/latex/libertinus-type1\libert
inus-type1.sty
Package: libertinus-type1 2025/11/17 (Bob Tennent) Supports libertinus fonts fo
r latex/pdflatex.

(C:\Users\vresh\AppData\Local\Programs\MiKTeX\tex/generic/iftex\ifxetex.sty
Package: ifxetex 2019/10/25 v0.7 ifxetex legacy package. Use iftex instead.
)
(C:\Users\vresh\AppData\Local\Programs\MiKTeX\tex/generic/iftex\ifluatex.sty
Package: ifluatex 2019/10/25 v1.5 ifluatex legacy package. Use iftex instead.
)
(C:\Users\vresh\AppData\Local\Programs\MiKTeX\tex/latex/base\textcomp.sty
Package: textcomp 2024/04/24 v2.1b Standard LaTeX package
)
(C:\Users\vresh\AppData\Local\Programs\MiKTeX\tex/latex/base\fontenc.sty
Package: fontenc 2025/07/18 v2.1d Standard LaTeX package
)
(C:\Users\vresh\AppData\Local\Programs\MiKTeX\tex/latex/fontaxes\fontaxes.sty
Package: fontaxes 2026-01-02 v2.0.2 Font selection axes (deprecated)
Applying: [2024-11-01] Use figureversions if present on input line 74.

(C:\Users\vresh\AppData\Local\Programs\MiKTeX\tex/latex/figureversions\figureve
rsions.sty
Package: figureversions 2025-04-29 v1.0.1 Figure versions
)
Already applied: [0000-00-00] Fall back to v1 on input line 76.
)))
(C:\Users\vresh\AppData\Local\Programs\MiKTeX\tex/latex/microtype\microtype.sty
Package: microtype 2026/03/01 v3.2d Micro-typographical refinements (RS)
(C:\Users\vresh\AppData\Local\Programs\MiKTeX\tex/latex/etoolbox\etoolbox.sty
Package: etoolbox 2025/10/02 v2.5m e-TeX tools for LaTeX (JAW)
\etb@tempcnta=\count284
)
\MT@toks=\toks21
\MT@tempbox=\box53
\MT@count=\count285
LaTeX Info: Redefining \noprotrusionifhmode on input line 1084.
LaTeX Info: Redefining \leftprotrusion on input line 1085.
\MT@prot@toks=\toks22
LaTeX Info: Redefining \rightprotrusion on input line 1104.
LaTeX Info: Redefining \textls on input line 1449.
\MT@outer@kern=\dimen151
LaTeX Info: Redefining \microtypecontext on input line 2053.
LaTeX Info: Redefining \textmicrotypecontext on input line 2070.
\MT@listname@count=\count286

(C:\Users\vresh\AppData\Local\Programs\MiKTeX\tex/latex/microtype\microtype-pdf
tex.def
File: microtype-pdftex.def 2026/03/01 v3.2d Definitions specific to pdftex (RS)

LaTeX Info: Redefining \lsstyle on input line 944.
LaTeX Info: Redefining \lslig on input line 944.
\MT@outer@space=\skip51
)
Package microtype Info: Loading configuration file microtype.cfg.

(C:\Users\vresh\AppData\Local\Programs\MiKTeX\tex/latex/microtype\microtype.cfg
File: microtype.cfg 2026/03/01 v3.2d microtype main configuration file (RS)
)
LaTeX Info: Redefining \microtypesetup on input line 3065.
)
(C:\Users\vresh\AppData\Local\Programs\MiKTeX\tex/latex/geometry\geometry.sty
Package: geometry 2026/03/07 v6.0 Page Geometry

(C:\Users\vresh\AppData\Local\Programs\MiKTeX\tex/generic/iftex\ifvtex.sty
Package: ifvtex 2019/10/25 v1.7 ifvtex legacy package. Use iftex instead.
)
\Gm@cnth=\count287
\Gm@cntv=\count288
\c@Gm@tempcnt=\count289
\Gm@bindingoffset=\dimen152
\Gm@wd@mp=\dimen153
\Gm@odd@mp=\dimen154
\Gm@even@mp=\dimen155
\Gm@layoutwidth=\dimen156
\Gm@layoutheight=\dimen157
\Gm@layouthoffset=\dimen158
\Gm@layoutvoffset=\dimen159
\Gm@dimlist=\toks23

(C:\Users\vresh\AppData\Local\Programs\MiKTeX\tex/latex/geometry\geometry.cfg))
(C:\Users\vresh\AppData\Local\Programs\MiKTeX\tex/latex/amsmath\amsmath.sty
Package: amsmath 2025/07/09 v2.17z AMS math features
\@mathmargin=\skip52

For additional information on amsmath, use the `?' option.
(C:\Users\vresh\AppData\Local\Programs\MiKTeX\tex/latex/amsmath\amstext.sty
Package: amstext 2024/11/17 v2.01 AMS text

(C:\Users\vresh\AppData\Local\Programs\MiKTeX\tex/latex/amsmath\amsgen.sty
File: amsgen.sty 1999/11/30 v2.0 generic functions
\@emptytoks=\toks24
\ex@=\dimen160
))
(C:\Users\vresh\AppData\Local\Programs\MiKTeX\tex/latex/amsmath\amsbsy.sty
Package: amsbsy 1999/11/29 v1.2d Bold Symbols
\pmbraise@=\dimen161
)
(C:\Users\vresh\AppData\Local\Programs\MiKTeX\tex/latex/amsmath\amsopn.sty
Package: amsopn 2022/04/08 v2.04 operator names
)
\inf@bad=\count290
LaTeX Info: Redefining \frac on input line 233.
\uproot@=\count291
\leftroot@=\count292
LaTeX Info: Redefining \overline on input line 398.
LaTeX Info: Redefining \colon on input line 409.
\classnum@=\count293
\DOTSCASE@=\count294
LaTeX Info: Redefining \ldots on input line 495.
LaTeX Info: Redefining \dots on input line 498.
LaTeX Info: Redefining \cdots on input line 619.
\Mathstrutbox@=\box54
\strutbox@=\box55
LaTeX Info: Redefining \big on input line 721.
LaTeX Info: Redefining \Big on input line 722.
LaTeX Info: Redefining \bigg on input line 723.
LaTeX Info: Redefining \Bigg on input line 724.
\big@size=\dimen162
LaTeX Font Info:    Redeclaring font encoding OML on input line 742.
LaTeX Font Info:    Redeclaring font encoding OMS on input line 743.
\macc@depth=\count295
LaTeX Info: Redefining \bmod on input line 904.
LaTeX Info: Redefining \pmod on input line 909.
LaTeX Info: Redefining \smash on input line 939.
LaTeX Info: Redefining \relbar on input line 969.
LaTeX Info: Redefining \Relbar on input line 970.
\c@MaxMatrixCols=\count296
\dotsspace@=\muskip17
\c@parentequation=\count297
\dspbrk@lvl=\count298
\tag@help=\toks25
\row@=\count299
\column@=\count300
\maxfields@=\count301
\andhelp@=\toks26
\eqnshift@=\dimen163
\alignsep@=\dimen164
\tagshift@=\dimen165
\tagwidth@=\dimen166
\totwidth@=\dimen167
\lineht@=\dimen168
\@envbody=\toks27
\multlinegap=\skip53
\multlinetaggap=\skip54
\mathdisplay@stack=\toks28
LaTeX Info: Redefining \[ on input line 2950.
LaTeX Info: Redefining \] on input line 2951.
)
(C:\Users\vresh\AppData\Local\Programs\MiKTeX\tex/latex/amsfonts\amssymb.sty
Package: amssymb 2013/01/14 v3.01 AMS font symbols

(C:\Users\vresh\AppData\Local\Programs\MiKTeX\tex/latex/amsfonts\amsfonts.sty
Package: amsfonts 2013/01/14 v3.01 Basic AMSFonts support
\symAMSa=\mathgroup4
\symAMSb=\mathgroup5
LaTeX Font Info:    Redeclaring math symbol \hbar on input line 98.
LaTeX Font Info:    Overwriting math alphabet `\mathfrak' in version `bold'
(Font)                  U/euf/m/n --> U/euf/b/n on input line 106.
)) (C:\Users\vresh\AppData\Local\Programs\MiKTeX\tex/latex/amscls\amsthm.sty
Package: amsthm 2020/05/29 v2.20.6
\thm@style=\toks29
\thm@bodyfont=\toks30
\thm@headfont=\toks31
\thm@notefont=\toks32
\thm@headpunct=\toks33
\thm@preskip=\skip55
\thm@postskip=\skip56
\thm@headsep=\skip57
\dth@everypar=\toks34
)
(C:\Users\vresh\AppData\Local\Programs\MiKTeX\tex/latex/mathtools\mathtools.sty
Package: mathtools 2024/10/04 v1.31 mathematical typesetting tools
(C:\Users\vresh\AppData\Local\Programs\MiKTeX\tex/latex/tools\calc.sty
Package: calc 2025/03/01 v4.3b Infix arithmetic (KKT,FJ)
\calc@Acount=\count302
\calc@Bcount=\count303
\calc@Adimen=\dimen169
\calc@Bdimen=\dimen170
\calc@Askip=\skip58
\calc@Bskip=\skip59
LaTeX Info: Redefining \setlength on input line 86.
LaTeX Info: Redefining \addtolength on input line 87.
\calc@Ccount=\count304
\calc@Cskip=\skip60
)
(C:\Users\vresh\AppData\Local\Programs\MiKTeX\tex/latex/mathtools\mhsetup.sty
Package: mhsetup 2021/03/18 v1.4 programming setup (MH)
)
\g_MT_multlinerow_int=\count305
\l_MT_multwidth_dim=\dimen171
\origjot=\skip61
\l_MT_shortvdotswithinadjustabove_dim=\dimen172
\l_MT_shortvdotswithinadjustbelow_dim=\dimen173
\l_MT_above_intertext_sep=\dimen174
\l_MT_below_intertext_sep=\dimen175
\l_MT_above_shortintertext_sep=\dimen176
\l_MT_below_shortintertext_sep=\dimen177
\xmathstrut@box=\box56
\xmathstrut@dim=\dimen178
) (C:\Users\vresh\AppData\Local\Programs\MiKTeX\tex/latex/booktabs\booktabs.sty
Package: booktabs 2020/01/12 v1.61803398 Publication quality tables
\heavyrulewidth=\dimen179
\lightrulewidth=\dimen180
\cmidrulewidth=\dimen181
\belowrulesep=\dimen182
\belowbottomsep=\dimen183
\aboverulesep=\dimen184
\abovetopsep=\dimen185
\cmidrulesep=\dimen186
\cmidrulekern=\dimen187
\defaultaddspace=\dimen188
\@cmidla=\count306
\@cmidlb=\count307
\@aboverulesep=\dimen189
\@belowrulesep=\dimen190
\@thisruleclass=\count308
\@lastruleclass=\count309
\@thisrulewidth=\dimen191
) (C:\Users\vresh\AppData\Local\Programs\MiKTeX\tex/latex/tools\longtable.sty
Package: longtable 2025-10-13 v4.24 Multi-page Table package (DPC)
\LTleft=\skip62
\LTright=\skip63
\LTpre=\skip64
\LTpost=\skip65
\LTchunksize=\count310
\LTcapwidth=\dimen192
\LT@head=\box57
\LT@firsthead=\box58
\LT@foot=\box59
\LT@lastfoot=\box60
\LT@gbox=\box61
\LT@cols=\count311
\LT@rows=\count312
\c@LT@tables=\count313
\c@LT@chunks=\count314
\LT@p@ftn=\toks35
)
(C:\Users\vresh\AppData\Local\Programs\MiKTeX\tex/latex/tools\array.sty
Package: array 2025/09/25 v2.6n Tabular extension package (FMi)
\col@sep=\dimen193
\ar@mcellbox=\box62
\extrarowheight=\dimen194
\NC@list=\toks36
\extratabsurround=\skip66
\backup@length=\skip67
\ar@cellbox=\box63
)
(C:\Users\vresh\AppData\Local\Programs\MiKTeX\tex/latex/tools\tabularx.sty
Package: tabularx 2023/12/11 v2.12a `tabularx' package (DPC)
\TX@col@width=\dimen195
\TX@old@table=\dimen196
\TX@old@col=\dimen197
\TX@target=\dimen198
\TX@delta=\dimen199
\TX@cols=\count315
\TX@ftn=\toks37
)
(C:\Users\vresh\AppData\Local\Programs\MiKTeX\tex/latex/graphics\graphicx.sty
Package: graphicx 2024/12/31 v1.2e Enhanced LaTeX Graphics (DPC,SPQR)

(C:\Users\vresh\AppData\Local\Programs\MiKTeX\tex/latex/graphics\graphics.sty
Package: graphics 2024/08/06 v1.4g Standard LaTeX Graphics (DPC,SPQR)

(C:\Users\vresh\AppData\Local\Programs\MiKTeX\tex/latex/graphics\trig.sty
Package: trig 2023/12/02 v1.11 sin cos tan (DPC)
)
(C:\Users\vresh\AppData\Local\Programs\MiKTeX\tex/latex/graphics-cfg\graphics.c
fg
File: graphics.cfg 2016/06/04 v1.11 sample graphics configuration
)
Package graphics Info: Driver file: pdftex.def on input line 106.

(C:\Users\vresh\AppData\Local\Programs\MiKTeX\tex/latex/graphics-def\pdftex.def
File: pdftex.def 2025/09/29 v1.2d Graphics/color driver for pdftex
))
\Gin@req@height=\dimen256
\Gin@req@width=\dimen257
) (C:\Users\vresh\AppData\Local\Programs\MiKTeX\tex/latex/float\float.sty
Package: float 2001/11/08 v1.3d Float enhancements (AL)
\c@float@type=\count316
\float@exts=\toks38
\float@box=\box64
\@float@everytoks=\toks39
\@floatcapt=\box65
)
(C:\Users\vresh\AppData\Local\Programs\MiKTeX\tex/latex/caption\caption.sty
Package: caption 2023/08/05 v3.6o Customizing captions (AR)

(C:\Users\vresh\AppData\Local\Programs\MiKTeX\tex/latex/caption\caption3.sty
Package: caption3 2023/07/31 v2.4d caption3 kernel (AR)
\caption@tempdima=\dimen258
\captionmargin=\dimen259
\caption@leftmargin=\dimen260
\caption@rightmargin=\dimen261
\caption@width=\dimen262
\caption@indent=\dimen263
\caption@parindent=\dimen264
\caption@hangindent=\dimen265
Package caption Info: Standard document class detected.
)
\c@caption@flags=\count317
\c@continuedfloat=\count318
Package caption Info: float package is loaded.
Package caption Info: longtable package is loaded.

(C:\Users\vresh\AppData\Local\Programs\MiKTeX\tex/latex/caption\ltcaption.sty
Package: ltcaption 2021/01/08 v1.4c longtable captions (AR)
)) (C:\Users\vresh\AppData\Local\Programs\MiKTeX\tex/latex/enumitem\enumitem.st
y
Package: enumitem 2025/02/06 v3.11 Customized lists
\enitkv@toks@=\toks40
\labelindent=\skip68
\enit@outerparindent=\dimen266
\enit@toks=\toks41
\enit@inbox=\box66
\enit@count@id=\count319
\enitdp@description=\count320
) (C:\Users\vresh\AppData\Local\Programs\MiKTeX\tex/latex/xcolor\xcolor.sty
Package: xcolor 2024/09/29 v3.02 LaTeX color extensions (UK)

(C:\Users\vresh\AppData\Local\Programs\MiKTeX\tex/latex/graphics-cfg\color.cfg
File: color.cfg 2016/01/02 v1.6 sample color configuration
)
Package xcolor Info: Driver file: pdftex.def on input line 274.
(C:\Users\vresh\AppData\Local\Programs\MiKTeX\tex/latex/graphics\mathcolor.ltx)
Package xcolor Info: Model `cmy' substituted by `cmy0' on input line 1349.
Package xcolor Info: Model `hsb' substituted by `rgb' on input line 1353.
Package xcolor Info: Model `RGB' extended on input line 1365.
Package xcolor Info: Model `HTML' substituted by `rgb' on input line 1367.
Package xcolor Info: Model `Hsb' substituted by `hsb' on input line 1368.
Package xcolor Info: Model `tHsb' substituted by `hsb' on input line 1369.
Package xcolor Info: Model `HSB' substituted by `hsb' on input line 1370.
Package xcolor Info: Model `Gray' substituted by `gray' on input line 1371.
Package xcolor Info: Model `wave' substituted by `hsb' on input line 1372.
) (C:\Users\vresh\AppData\Local\Programs\MiKTeX\tex/latex/listings\listings.sty
\lst@mode=\count321
\lst@gtempboxa=\box67
\lst@token=\toks42
\lst@length=\count322
\lst@currlwidth=\dimen267
\lst@column=\count323
\lst@pos=\count324
\lst@lostspace=\dimen268
\lst@width=\dimen269
\lst@newlines=\count325
\lst@lineno=\count326
\lst@maxwidth=\dimen270
(C:\Users\vresh\AppData\Local\Programs\MiKTeX\tex/latex/listings\lstpatch.sty
File: lstpatch.sty 2025/11/14 1.11b (Carsten Heinz)
)
(C:\Users\vresh\AppData\Local\Programs\MiKTeX\tex/latex/listings\lstmisc.sty
File: lstmisc.sty 2025/11/14 1.11b (Carsten Heinz)
\c@lstnumber=\count327
\lst@skipnumbers=\count328
\lst@framebox=\box68
)
(C:\Users\vresh\AppData\Local\Programs\MiKTeX\tex/latex/listings\listings.cfg
File: listings.cfg 2025/11/14 1.11b listings configuration
))
Package: listings 2025/11/14 1.11b (Carsten Heinz)
==> First Aid for listings.sty no longer applied!
    Expected:
        2024/09/23 1.10c (Carsten Heinz)
    but found:
        2025/11/14 1.11b (Carsten Heinz)
    so I'm assuming it got fixed.
(C:\Users\vresh\AppData\Local\Programs\MiKTeX\tex/latex/xurl\xurl.sty
Package: xurl 2022/01/09 v 0.10 modify URL breaks

(C:\Users\vresh\AppData\Local\Programs\MiKTeX\tex/latex/url\url.sty
\Urlmuskip=\muskip18
Package: url 2013/09/16  ver 3.4  Verb mode for urls, etc.
))
(C:\Users\vresh\AppData\Local\Programs\MiKTeX\tex/latex/hyperref\hyperref.sty
Package: hyperref 2026-01-29 v7.01p Hypertext links for LaTeX

(C:\Users\vresh\AppData\Local\Programs\MiKTeX\tex/latex/kvsetkeys\kvsetkeys.sty
Package: kvsetkeys 2022-10-05 v1.19 Key value parser (HO)
)
(C:\Users\vresh\AppData\Local\Programs\MiKTeX\tex/generic/kvdefinekeys\kvdefine
keys.sty
Package: kvdefinekeys 2019-12-19 v1.6 Define keys (HO)
)
(C:\Users\vresh\AppData\Local\Programs\MiKTeX\tex/generic/pdfescape\pdfescape.s
ty
Package: pdfescape 2019/12/09 v1.15 Implements pdfTeX's escape features (HO)

(C:\Users\vresh\AppData\Local\Programs\MiKTeX\tex/generic/ltxcmds\ltxcmds.sty
Package: ltxcmds 2023-12-04 v1.26 LaTeX kernel commands for general use (HO)
)
(C:\Users\vresh\AppData\Local\Programs\MiKTeX\tex/generic/pdftexcmds\pdftexcmds
.sty
Package: pdftexcmds 2020-06-27 v0.33 Utility functions of pdfTeX for LuaTeX (HO
)

(C:\Users\vresh\AppData\Local\Programs\MiKTeX\tex/generic/infwarerr\infwarerr.s
ty
Package: infwarerr 2019/12/03 v1.5 Providing info/warning/error messages (HO)
)
Package pdftexcmds Info: \pdf@primitive is available.
Package pdftexcmds Info: \pdf@ifprimitive is available.
Package pdftexcmds Info: \pdfdraftmode found.
))
(C:\Users\vresh\AppData\Local\Programs\MiKTeX\tex/latex/hycolor\hycolor.sty
Package: hycolor 2020-01-27 v1.10 Color options for hyperref/bookmark (HO)
)
(C:\Users\vresh\AppData\Local\Programs\MiKTeX\tex/latex/hyperref\nameref.sty
Package: nameref 2026-01-29 v2.58 Cross-referencing by name of section

(C:\Users\vresh\AppData\Local\Programs\MiKTeX\tex/latex/refcount\refcount.sty
Package: refcount 2019/12/15 v3.6 Data extraction from label references (HO)
)
(C:\Users\vresh\AppData\Local\Programs\MiKTeX\tex/generic/gettitlestring\gettit
lestring.sty
Package: gettitlestring 2019/12/15 v1.6 Cleanup title references (HO)

(C:\Users\vresh\AppData\Local\Programs\MiKTeX\tex/latex/kvoptions\kvoptions.sty
Package: kvoptions 2022-06-15 v3.15 Key value format for package options (HO)
))
\c@section@level=\count329
)
(C:\Users\vresh\AppData\Local\Programs\MiKTeX\tex/generic/stringenc\stringenc.s
ty
Package: stringenc 2019/11/29 v1.12 Convert strings between diff. encodings (HO
)
)
\@linkdim=\dimen271
\Hy@linkcounter=\count330
\Hy@pagecounter=\count331
 (C:\Users\vresh\AppData\Local\Programs\MiKTeX\tex/latex/hyperref\pd1enc.def
File: pd1enc.def 2026-01-29 v7.01p Hyperref: PDFDocEncoding definition (HO)
Now handling font encoding PD1 ...
... no UTF-8 mapping file for font encoding PD1
) (C:\Users\vresh\AppData\Local\Programs\MiKTeX\tex/generic/intcalc\intcalc.sty
Package: intcalc 2019/12/15 v1.3 Expandable calculations with integers (HO)
)
\Hy@SavedSpaceFactor=\count332
 (C:\Users\vresh\AppData\Local\Programs\MiKTeX\tex/latex/hyperref\puenc.def
File: puenc.def 2026-01-29 v7.01p Hyperref: PDF Unicode definition (HO)
Now handling font encoding PU ...
... no UTF-8 mapping file for font encoding PU
)
Package hyperref Info: Hyper figures OFF on input line 4201.
Package hyperref Info: Link nesting OFF on input line 4206.
Package hyperref Info: Hyper index ON on input line 4209.
Package hyperref Info: Plain pages OFF on input line 4216.
Package hyperref Info: Backreferencing OFF on input line 4221.
Package hyperref Info: Implicit mode ON; LaTeX internals redefined.
Package hyperref Info: Bookmarks ON on input line 4468.
\c@Hy@tempcnt=\count333
LaTeX Info: Redefining \url on input line 4807.
\XeTeXLinkMargin=\dimen272

(C:\Users\vresh\AppData\Local\Programs\MiKTeX\tex/generic/bitset\bitset.sty
Package: bitset 2019/12/09 v1.3 Handle bit-vector datatype (HO)

(C:\Users\vresh\AppData\Local\Programs\MiKTeX\tex/generic/bigintcalc\bigintcalc
.sty
Package: bigintcalc 2019/12/15 v1.5 Expandable calculations on big integers (HO
)
))
\Fld@menulength=\count334
\Field@Width=\dimen273
\Fld@charsize=\dimen274
Package hyperref Info: Hyper figures OFF on input line 6084.
Package hyperref Info: Link nesting OFF on input line 6089.
Package hyperref Info: Hyper index ON on input line 6092.
Package hyperref Info: backreferencing OFF on input line 6099.
Package hyperref Info: Link coloring OFF on input line 6104.
Package hyperref Info: Link coloring with OCG OFF on input line 6109.
Package hyperref Info: PDF/A mode OFF on input line 6114.
\Hy@abspage=\count335
\c@Item=\count336
\c@Hfootnote=\count337
)
Package hyperref Info: Driver (autodetected): hpdftex.

(C:\Users\vresh\AppData\Local\Programs\MiKTeX\tex/latex/hyperref\hpdftex.def
File: hpdftex.def 2026-01-29 v7.01p Hyperref driver for pdfTeX
\Fld@listcount=\count338
\c@bookmark@seq@number=\count339

(C:\Users\vresh\AppData\Local\Programs\MiKTeX\tex/latex/rerunfilecheck\rerunfil
echeck.sty
Package: rerunfilecheck 2025-06-21 v1.11 Rerun checks for auxiliary files (HO)

(C:\Users\vresh\AppData\Local\Programs\MiKTeX\tex/generic/uniquecounter\uniquec
ounter.sty
Package: uniquecounter 2019/12/15 v1.4 Provide unlimited unique counter (HO)
)
Package uniquecounter Info: New unique counter `rerunfilecheck' on input line 2
84.
)
\Hy@SectionHShift=\skip69
)
(C:\Users\vresh\AppData\Local\Programs\MiKTeX\tex/latex/cleveref\cleveref.sty
Package: cleveref 2018/03/27 v0.21.4 Intelligent cross-referencing
Package cleveref Info: `hyperref' support loaded on input line 2370.
LaTeX Info: Redefining \cref on input line 2370.
LaTeX Info: Redefining \Cref on input line 2370.
LaTeX Info: Redefining \crefrange on input line 2370.
LaTeX Info: Redefining \Crefrange on input line 2370.
LaTeX Info: Redefining \cpageref on input line 2370.
LaTeX Info: Redefining \Cpageref on input line 2370.
LaTeX Info: Redefining \cpagerefrange on input line 2370.
LaTeX Info: Redefining \Cpagerefrange on input line 2370.
LaTeX Info: Redefining \labelcref on input line 2370.
LaTeX Info: Redefining \labelcpageref on input line 2370.
Package cleveref Info: `amsthm' support loaded on input line 3026.
Package cleveref Info: `listings' support loaded on input line 3131.
Package cleveref Info: always capitalise cross-reference names on input line 78
25.
Package cleveref Info: include cross-reference names in hyperlinks on input lin
e 7836.
Package cleveref Info: include cross-reference names in hyperlinks on input lin
e 7852.
Package cleveref Info: no abbreviation of names on input line 7852.
Package cleveref Info: always capitalise cross-reference names on input line 78
52.
)
==> First Aid for cleveref.sty applied!
(C:\Users\vresh\AppData\Local\Programs\MiKTeX\tex/latex/aliascnt\aliascnt.sty
Package: aliascnt 2026-03-08 v1.7 Alias counters (HO)
)
(../../../../fabius-notation.tex)
Package hyperref Info: Option `colorlinks' set `true' on input line 37.
\c@theorem=\count340

(C:\Users\vresh\AppData\Local\Programs\MiKTeX\tex/latex/listings\lstlang1.sty
File: lstlang1.sty 2025/11/14 1.11b listings language file
)
LaTeX Font Info:    Trying to load font information for T1+LibertinusSerif-TLF 
on input line 136.

(C:\Users\vresh\AppData\Local\Programs\MiKTeX\tex/latex/libertinus-type1\t1libe
rtinusserif-tlf.fd
File: T1LibertinusSerif-TLF.fd 2024/09/22 (autoinst) Font definitions for T1/Li
bertinusSerif-TLF.
)
LaTeX Font Info:    Font shape `T1/LibertinusSerif-TLF/m/n' will be
(Font)              scaled to size 10.95pt on input line 136.

(C:\Users\vresh\AppData\Local\Programs\MiKTeX\tex/latex/l3backend\l3backend-pdf
tex.def
File: l3backend-pdftex.def 2026-02-18 L3 backend support: PDF output (pdfTeX)
\l__color_backend_stack_int=\count341
)
No file Lambert_W_Guide.aux.
\openout1 = `Lambert_W_Guide.aux'.

LaTeX Font Info:    Checking defaults for OML/cmm/m/it on input line 136.
LaTeX Font Info:    ... okay on input line 136.
LaTeX Font Info:    Checking defaults for OMS/cmsy/m/n on input line 136.
LaTeX Font Info:    ... okay on input line 136.
LaTeX Font Info:    Checking defaults for OT1/cmr/m/n on input line 136.
LaTeX Font Info:    ... okay on input line 136.
LaTeX Font Info:    Checking defaults for T1/cmr/m/n on input line 136.
LaTeX Font Info:    ... okay on input line 136.
LaTeX Font Info:    Checking defaults for TS1/cmr/m/n on input line 136.
LaTeX Font Info:    ... okay on input line 136.
LaTeX Font Info:    Checking defaults for OMX/cmex/m/n on input line 136.
LaTeX Font Info:    ... okay on input line 136.
LaTeX Font Info:    Checking defaults for U/cmr/m/n on input line 136.
LaTeX Font Info:    ... okay on input line 136.
LaTeX Font Info:    Checking defaults for PD1/pdf/m/n on input line 136.
LaTeX Font Info:    ... okay on input line 136.
LaTeX Font Info:    Checking defaults for PU/pdf/m/n on input line 136.
LaTeX Font Info:    ... okay on input line 136.
\c@mv@tabular=\count342
\c@mv@boldtabular=\count343
LaTeX Info: Redefining \microtypecontext on input line 136.
Package microtype Info: Applying patch `item' on input line 136.
Package microtype Info: Applying patch `toc' on input line 136.
Package microtype Info: Applying patch `eqnum' on input line 136.
Package microtype Info: Applying patch `footnote' on input line 136.
Package microtype Info: Applying patch `verbatim' on input line 136.
LaTeX Info: Redefining \microtypesetup on input line 136.
Package microtype Info: Generating PDF output.
Package microtype Info: Character protrusion enabled (level 2).
Package microtype Info: Using default protrusion set `alltext'.
Package microtype Info: Automatic font expansion enabled (level 2),
(microtype)             stretch: 20, shrink: 20, step: 1, non-selected.
Package microtype Info: Using default expansion set `alltext-nott'.
Package microtype Info: Patching command `\showhyphens'.
Package microtype Info: No adjustment of tracking.
Package microtype Info: No adjustment of interword spacing.
Package microtype Info: No adjustment of character kerning.
Package microtype Info: Loading generic protrusion settings for font family
(microtype)             `LibertinusSerif-TLF' (encoding: T1).
(microtype)             For optimal results, create family-specific settings.
(microtype)             See the microtype manual for details.
*geometry* driver: auto-detecting
*geometry* detected driver: pdftex
*geometry* verbose mode - [ preamble ] result:
* driver: pdftex
* paper: a4paper
* layout: <same size as paper>
* layoutoffset:(h,v)=(0.0pt,0.0pt)
* modes: 
* h-part:(L,W,R)=(76.82243pt, 443.863pt, 76.82243pt)
* v-part:(T,H,B)=(76.82243pt, 691.40198pt, 76.82243pt)
* \paperwidth=597.50787pt
* \paperheight=845.04684pt
* \textwidth=443.863pt
* \textheight=691.40198pt
* \oddsidemargin=4.55244pt
* \evensidemargin=4.55244pt
* \topmargin=-35.44756pt
* \headheight=15.0pt
* \headsep=25.0pt
* \topskip=11.0pt
* \footskip=30.0pt
* \marginparwidth=59.0pt
* \marginparsep=10.0pt
* \columnsep=10.0pt
* \skip\footins=10.0pt plus 4.0pt minus 2.0pt
* \hoffset=0.0pt
* \voffset=0.0pt
* \mag=1000
* \@twocolumnfalse
* \@twosidefalse
* \@mparswitchfalse
* \@reversemarginfalse
* (1in=72.27pt=25.4mm, 1cm=28.453pt)


(C:\Users\vresh\AppData\Local\Programs\MiKTeX\tex/context/base/mkii\supp-pdf.mk
ii
[Loading MPS to PDF converter (version 2006.09.02).]
\scratchcounter=\count344
\scratchdimen=\dimen275
\scratchbox=\box69
\nofMPsegments=\count345
\nofMParguments=\count346
\everyMPshowfont=\toks43
\MPscratchCnt=\count347
\MPscratchDim=\dimen276
\MPnumerator=\count348
\makeMPintoPDFobject=\count349
\everyMPtoPDFconversion=\toks44
)
(C:\Users\vresh\AppData\Local\Programs\MiKTeX\tex/latex/epstopdf-pkg\epstopdf-b
ase.sty
Package: epstopdf-base 2020-01-24 v2.11 Base part for package epstopdf


Package epstopdf Warning: Shell escape feature is not enabled.

Package epstopdf-base Info: Redefining graphics rule for `.eps' on input line 4
85.

(C:\Users\vresh\AppData\Local\Programs\MiKTeX\tex/latex/00miktex\epstopdf-sys.c
fg
File: epstopdf-sys.cfg 2021/03/18 v2.0 Configuration of epstopdf for MiKTeX
))
Package caption Info: Begin \AtBeginDocument code.
Package caption Info: hyperref package is loaded.
Package caption Info: listings package is loaded.
Package caption Info: End \AtBeginDocument code.
\c@lstlisting=\count350
Package hyperref Info: Link coloring ON on input line 136.
\@outlinefile=\write3
\openout3 = `Lambert_W_Guide.out'.

LaTeX Font Info:    Font shape `T1/LibertinusSerif-TLF/m/n' will be
(Font)              scaled to size 17.28pt on input line 138.
LaTeX Font Info:    Font shape `T1/LibertinusSerif-TLF/b/n' will be
(Font)              scaled to size 17.28pt on input line 138.

(C:\Users\vresh\AppData\Local\Programs\MiKTeX\tex/latex/microtype\mt-cmr.cfg
File: mt-cmr.cfg 2013/05/19 v2.2 microtype config. file: Computer Modern Roman 
(RS)
)
LaTeX Font Info:    Trying to load font information for U+msa on input line 138
.

(C:\Users\vresh\AppData\Local\Programs\MiKTeX\tex/latex/amsfonts\umsa.fd
File: umsa.fd 2013/01/14 v3.01 AMS symbols A
)
(C:\Users\vresh\AppData\Local\Programs\MiKTeX\tex/latex/microtype\mt-msa.cfg
File: mt-msa.cfg 2006/02/04 v1.1 microtype config. file: AMS symbols (a) (RS)
)
LaTeX Font Info:    Trying to load font information for U+msb on input line 138
.

(C:\Users\vresh\AppData\Local\Programs\MiKTeX\tex/latex/amsfonts\umsb.fd
File: umsb.fd 2013/01/14 v3.01 AMS symbols B
)
(C:\Users\vresh\AppData\Local\Programs\MiKTeX\tex/latex/microtype\mt-msb.cfg
File: mt-msb.cfg 2005/06/01 v1.0 microtype config. file: AMS symbols (b) (RS)
)
LaTeX Font Info:    Font shape `T1/LibertinusSerif-TLF/m/n' will be
(Font)              scaled to size 12.0pt on input line 138.
LaTeX Font Info:    Font shape `T1/LibertinusSerif-TLF/m/n' will be
(Font)              scaled to size 10.0pt on input line 139.
LaTeX Font Info:    Font shape `T1/LibertinusSerif-TLF/b/n' will be
(Font)              scaled to size 10.0pt on input line 139.


LaTeX Warning: Citation `corless1996' on page 1 undefined on input line 155.


LaTeX Warning: Citation `dlmf' on page 1 undefined on input line 156.

LaTeX Font Info:    Font shape `T1/LibertinusSerif-TLF/b/n' will be
(Font)              scaled to size 12.0pt on input line 168.
LaTeX Font Info:    Font shape `T1/LibertinusSerif-TLF/b/n' will be
(Font)              scaled to size 10.95pt on input line 173.

LaTeX Warning: Reference `sec:complements' on page 1 undefined on input line 17
3.


LaTeX Warning: Reference `app:concordance' on page 1 undefined on input line 17
4.

LaTeX Font Info:    Trying to load font information for T1+LibertinusMono-TLF o
n input line 175.

(C:\Users\vresh\AppData\Local\Programs\MiKTeX\tex/latex/libertinus-type1\t1libe
rtinusmono-tlf.fd
File: T1LibertinusMono-TLF.fd 2025/01/11 (autoinst) Font definitions for T1/Lib
ertinusMono-TLF.
)
LaTeX Font Info:    Font shape `T1/LibertinusMono-TLF/m/n' will be
(Font)              scaled to size 9.30756pt on input line 175.
Package microtype Info: Loading generic protrusion settings for font family
(microtype)             `LibertinusMono-TLF' (encoding: T1).
(microtype)             For optimal results, create family-specific settings.
(microtype)             See the microtype manual for details.
Package microtype Info: Character `guilsinglleft ' is missing
(microtype)             in font `T1/LibertinusMono-TLF/m/n/10.95'.
(microtype)             Ignoring protrusion settings for this character.
Package microtype Info: Character `guilsinglright ' is missing
(microtype)             in font `T1/LibertinusMono-TLF/m/n/10.95'.
(microtype)             Ignoring protrusion settings for this character.
LaTeX Font Info:    Trying to load font information for TS1+LibertinusSerif-TLF
 on input line 186.

(C:\Users\vresh\AppData\Local\Programs\MiKTeX\tex/latex/libertinus-type1\ts1lib
ertinusserif-tlf.fd
File: TS1LibertinusSerif-TLF.fd 2024/09/22 (autoinst) Font definitions for TS1/
LibertinusSerif-TLF.
)
LaTeX Font Info:    Font shape `TS1/LibertinusSerif-TLF/m/n' will be
(Font)              scaled to size 10.95pt on input line 186.
Package microtype Info: Loading generic protrusion settings for font family
(microtype)             `LibertinusSerif-TLF' (encoding: TS1).
(microtype)             For optimal results, create family-specific settings.
(microtype)             See the microtype manual for details.
LaTeX Font Info:    Font shape `T1/LibertinusSerif-TLF/m/n' will be
(Font)              scaled to size 9.0pt on input line 187.
LaTeX Font Info:    Font shape `T1/LibertinusMono-TLF/m/n' will be
(Font)              scaled to size 7.65005pt on input line 187.
Package microtype Info: Character `guilsinglleft ' is missing
(microtype)             in font `T1/LibertinusMono-TLF/m/n/9'.
(microtype)             Ignoring protrusion settings for this character.
Package microtype Info: Character `guilsinglright ' is missing
(microtype)             in font `T1/LibertinusMono-TLF/m/n/9'.
(microtype)             Ignoring protrusion settings for this character.
 [1

{C:/Users/vresh/AppData/Local/MiKTeX/fonts/map/pdftex/pdftex.map}{C:/Users/vres
h/AppData/Local/Programs/MiKTeX/fonts/enc/dvips/libertinus-type1/lbn1_sfissr.en
c}{C:/Users/vresh/AppData/Local/Programs/MiKTeX/fonts/enc/dvips/libertinus-type
1/lbn1_75t36g.enc}{C:/Users/vresh/AppData/Local/Programs/MiKTeX/fonts/enc/dvips
/libertinus-type1/lbn1_or3pzs.enc}]
LaTeX Font Info:    Font shape `T1/LibertinusSerif-TLF/m/n' will be
(Font)              scaled to size 14.4pt on input line 196.
LaTeX Font Info:    Font shape `T1/LibertinusSerif-TLF/b/n' will be
(Font)              scaled to size 14.4pt on input line 196.

No file Lambert_W_Guide.toc.
\tf@toc=\write4
\openout4 = `Lambert_W_Guide.toc'.

[2{C:/Users/vresh/AppData/Local/Programs/MiKTeX/fonts/enc/dvips/libertinus-type
1/lbn1_rlktsf.enc}]
LaTeX Font Info:    Font shape `T1/LibertinusSerif-TLF/m/it' will be
(Font)              scaled to size 10.95pt on input line 213.


LaTeX Warning: Reference `eq:defining' on page 3 undefined on input line 231.


LaTeX Warning: Reference `sec:realbranches' on page 3 undefined on input line 2
46.


LaTeX Warning: Reference `sec:calculus' on page 3 undefined on input line 246.

[3

{C:/Users/vresh/AppData/Local/Programs/MiKTeX/fonts/enc/dvips/libertinus-type1/
lbn1_sncvby.enc}]

LaTeX Warning: Reference `thm:realbranches' on page 1 undefined on input line 3
32.


LaTeX Warning: Reference `rem:formal-branchpoint-crosswalk' on page 1 undefined
 on input line 343.

<figures/real_branches.pdf, id=41, 520.34402pt x 346.89601pt>
File: figures/real_branches.pdf Graphic file (type pdf)
<use figures/real_branches.pdf>
Package pdftex.def Info: figures/real_branches.pdf  used on input line 348.
(pdftex.def)             Requested size: 363.9709pt x 242.65616pt.
[4]
LaTeX Font Info:    Font shape `T1/LibertinusSerif-TLF/m/it' will be
(Font)              scaled to size 8.0pt on input line 368.
LaTeX Font Info:    Font shape `T1/LibertinusSerif-TLF/m/it' will be
(Font)              scaled to size 6.0pt on input line 368.


LaTeX Warning: Reference `thm:realbranches' on page 1 undefined on input line 3
81.


LaTeX Warning: Reference `cor:inverse' on page 1 undefined on input line 385.

[5 <./figures/real_branches.pdf>]

LaTeX Warning: Reference `eq:omega' on page 6 undefined on input line 446.

[6]

LaTeX Warning: Reference `eq:W0-gap' on page 7 undefined on input line 517.


LaTeX Warning: Reference `eq:Wm-gap' on page 7 undefined on input line 517.


LaTeX Warning: Reference `eq:x-gap' on page 7 undefined on input line 518.


LaTeX Warning: Reference `eq:t-pair-W' on page 7 undefined on input line 519.


LaTeX Warning: Reference `eq:t-pair-x' on page 7 undefined on input line 520.


LaTeX Warning: Reference `thm:realbranches' on page 1 undefined on input line 5
35.


LaTeX Warning: Reference `eq:branchgap' on page 7 undefined on input line 542.


LaTeX Warning: Reference `eq:W0-gap' on page 7 undefined on input line 561.


LaTeX Warning: Reference `eq:Wm-gap' on page 7 undefined on input line 561.


LaTeX Warning: Reference `eq:pair-sum' on page 7 undefined on input line 568.


LaTeX Warning: Reference `eq:pair-product' on page 7 undefined on input line 56
8.


LaTeX Warning: Reference `eq:pair-product' on page 7 undefined on input line 57
1.

[7]

LaTeX Warning: Reference `eq:bernoulli-gen' on page 8 undefined on input line 5
85.

LaTeX Font Info:    Font shape `T1/LibertinusSerif-TLF/m/n' will be
(Font)              scaled to size 8.0pt on input line 588.
LaTeX Font Info:    Font shape `T1/LibertinusSerif-TLF/m/n' will be
(Font)              scaled to size 6.0pt on input line 588.

LaTeX Warning: Reference `eq:pair-Bernoulli-general' on page 8 undefined on inp
ut line 616.


LaTeX Warning: Reference `eq:W0-gap' on page 8 undefined on input line 617.


LaTeX Warning: Reference `eq:bernoulli-gen' on page 8 undefined on input line 6
17.


LaTeX Warning: Reference `sec:branchpoint' on page 1 undefined on input line 62
9.


LaTeX Warning: Reference `eq:branchdifference' on page 8 undefined on input lin
e 630.

[8]

LaTeX Warning: Reference `eq:firstder' on page 9 undefined on input line 670.


LaTeX Warning: Reference `eq:firstder-x' on page 9 undefined on input line 671.



LaTeX Warning: Reference `eq:secondder' on page 9 undefined on input line 685.


LaTeX Warning: Reference `sec:maclaurin' on page 1 undefined on input line 688.



LaTeX Warning: Reference `eq:firstder' on page 9 undefined on input line 701.


LaTeX Warning: Reference `thm:realbranches' on page 1 undefined on input line 7
02.


LaTeX Warning: Reference `eq:firstder' on page 9 undefined on input line 719.


LaTeX Warning: Reference `eq:secondder-exp' on page 9 undefined on input line 7
19.


LaTeX Warning: Reference `rem:formal-branchpoint-crosswalk' on page 1 undefined
 on input line 742.

[9]

LaTeX Warning: Reference `eq:secondder-exp' on page 10 undefined on input line 
757.


LaTeX Warning: Reference `eq:secondder-exp' on page 10 undefined on input line 
760.


LaTeX Warning: Reference `eq:firstder' on page 10 undefined on input line 793.


LaTeX Warning: Reference `eq:higherder' on page 10 undefined on input line 794.



LaTeX Warning: Reference `eq:higherder' on page 10 undefined on input line 809.



LaTeX Warning: Reference `eq:firstder-x' on page 10 undefined on input line 828
.

[10]

LaTeX Warning: Reference `eq:intW' on page 11 undefined on input line 877.


LaTeX Warning: Reference `eq:intW-x' on page 11 undefined on input line 878.

[11]

LaTeX Warning: Reference `lem:exp-poly' on page 1 undefined on input line 970.


LaTeX Warning: Reference `eq:intWoverx' on page 12 undefined on input line 977.


[12]

LaTeX Warning: Reference `eq:mellin-W0' on page 13 undefined on input line 1050
.


LaTeX Warning: Reference `eq:mellin-W0-simple' on page 13 undefined on input li
ne 1052.


LaTeX Warning: Reference `eq:mellin-Wm' on page 13 undefined on input line 1068
.


LaTeX Warning: Reference `eq:mellin-Wm-simple' on page 13 undefined on input li
ne 1074.


LaTeX Warning: Reference `eq:mellin-W0-simple' on page 13 undefined on input li
ne 1079.

[13]

LaTeX Warning: Reference `thm:higherder' on page 1 undefined on input line 1090
.


LaTeX Warning: Reference `thm:higherder' on page 1 undefined on input line 1103
.


LaTeX Warning: Reference `thm:higherder' on page 1 undefined on input line 1111
.


LaTeX Warning: Reference `sec:branchpoint' on page 1 undefined on input line 11
28.


LaTeX Warning: Reference `app:lagrange' on page 1 undefined on input line 1137.


[14]

LaTeX Warning: Reference `eq:lagrange-power' on page 15 undefined on input line
 1182.


LaTeX Warning: Reference `eq:Wpower-series' on page 15 undefined on input line 
1189.


LaTeX Warning: Reference `eq:Wseries' on page 15 undefined on input line 1190.


LaTeX Warning: Reference `eq:termratio' on page 15 undefined on input line 1242
.


LaTeX Warning: Reference `eq:tailbound' on page 15 undefined on input line 1244
.


LaTeX Warning: Reference `eq:alternatingtail' on page 15 undefined on input lin
e 1247.


LaTeX Warning: Reference `eq:Wseries' on page 15 undefined on input line 1250.

[15]

LaTeX Warning: Reference `eq:treefunction' on page 16 undefined on input line 1
312.


LaTeX Warning: Reference `eq:Wseries' on page 16 undefined on input line 1313.

[16]

LaTeX Warning: Reference `eq:p-s-relation' on page 17 undefined on input line 1
368.


LaTeX Warning: Reference `eq:unified-puiseux' on page 17 undefined on input lin
e 1378.


LaTeX Warning: Reference `eq:p-s-relation' on page 17 undefined on input line 1
381.

[17]

LaTeX Warning: Reference `eq:brec' on page 18 undefined on input line 1415.


LaTeX Warning: Reference `eq:arec' on page 18 undefined on input line 1421.

[18]

LaTeX Warning: Reference `eq:branchleading' on page 19 undefined on input line 
1494.


LaTeX Warning: Reference `eq:puiseux-series' on page 19 undefined on input line
 1495.


LaTeX Warning: Reference `eq:brec' on page 19 undefined on input line 1496.


LaTeX Warning: Reference `eq:arec' on page 19 undefined on input line 1496.


LaTeX Warning: Reference `thm:puiseux' on page 1 undefined on input line 1497.

<figures/branch_point_error_W0.pdf, id=231, 520.34402pt x 346.89601pt>
File: figures/branch_point_error_W0.pdf Graphic file (type pdf)
<use figures/branch_point_error_W0.pdf>
Package pdftex.def Info: figures/branch_point_error_W0.pdf  used on input line 
1507.
(pdftex.def)             Requested size: 346.2126pt x 230.82057pt.

LaTeX Warning: Reference `eq:puiseux-series' on page 19 undefined on input line
 1509.


LaTeX Warning: Reference `eq:puiseux-series' on page 19 undefined on input line
 1509.

<figures/branch_point_error_Wm1.pdf, id=232, 520.34402pt x 346.89601pt>
File: figures/branch_point_error_Wm1.pdf Graphic file (type pdf)
<use figures/branch_point_error_Wm1.pdf>
Package pdftex.def Info: figures/branch_point_error_Wm1.pdf  used on input line
 1515.
(pdftex.def)             Requested size: 346.2126pt x 230.82057pt.
[19 <./figures/branch_point_error_W0.pdf>]

LaTeX Warning: Reference `thm:puiseux' on page 1 undefined on input line 1543.


LaTeX Warning: Citation `dlmf' on page 20 undefined on input line 1548.


LaTeX Warning: Citation `corless1996' on page 20 undefined on input line 1549.


LaTeX Warning: Reference `eq:tparamx' on page 20 undefined on input line 1550.

[20 <./figures/branch_point_error_Wm1.pdf>]

LaTeX Warning: Reference `eq:stirling-egf' on page 21 undefined on input line 1
603.


LaTeX Warning: Reference `eq:stirling-rec' on page 21 undefined on input line 1
604.


LaTeX Warning: Reference `eq:stirling-egf' on page 21 undefined on input line 1
611.


LaTeX Warning: Reference `eq:stirling-derivative-egf' on page 21 undefined on i
nput line 1613.

[21]

LaTeX Warning: Reference `eq:stirling-derivative-egf' on page 22 undefined on i
nput line 1706.


LaTeX Warning: Reference `eq:keycoeff-asym' on page 22 undefined on input line 
1707.


LaTeX Warning: Reference `eq:asym-lagrange' on page 22 undefined on input line 
1709.


LaTeX Warning: Reference `eq:doubleasym' on page 22 undefined on input line 172
1.


LaTeX Warning: Reference `eq:Pn-asym' on page 22 undefined on input line 1722.


LaTeX Warning: Reference `eq:vimplicit' on page 22 undefined on input line 1724
.


LaTeX Warning: Reference `eq:fullasym' on page 22 undefined on input line 1731.


[22]
<figures/asymptotic_error_W0.pdf, id=305, 520.34402pt x 346.89601pt>
File: figures/asymptotic_error_W0.pdf Graphic file (type pdf)
<use figures/asymptotic_error_W0.pdf>
Package pdftex.def Info: figures/asymptotic_error_W0.pdf  used on input line 17
62.
(pdftex.def)             Requested size: 346.2126pt x 230.82057pt.
<figures/asymptotic_error_Wm1.pdf, id=306, 520.34402pt x 346.89601pt>
File: figures/asymptotic_error_Wm1.pdf Graphic file (type pdf)
<use figures/asymptotic_error_Wm1.pdf>
Package pdftex.def Info: figures/asymptotic_error_Wm1.pdf  used on input line 1
771.
(pdftex.def)             Requested size: 346.2126pt x 230.82057pt.
 [23 <./figures/asymptotic_error_W0.pdf>]

LaTeX Warning: Reference `thm:fullasym' on page 1 undefined on input line 1781.


[24 <./figures/asymptotic_error_Wm1.pdf>]

LaTeX Warning: Reference `lem:logineq' on page 1 undefined on input line 1832.

[25]

LaTeX Warning: Citation `chatzigeorgiou2013' on page 26 undefined on input line
 1933.

[26]

LaTeX Warning: Reference `eq:v-bounds' on page 27 undefined on input line 1993.



LaTeX Warning: Reference `eq:chatzbound' on page 27 undefined on input line 199
3.


LaTeX Warning: Reference `eq:chatzbound' on page 27 undefined on input line 200
9.

<figures/Wm1_bounds.pdf, id=378, 520.34402pt x 346.89601pt>
File: figures/Wm1_bounds.pdf Graphic file (type pdf)
<use figures/Wm1_bounds.pdf>
Package pdftex.def Info: figures/Wm1_bounds.pdf  used on input line 2014.
(pdftex.def)             Requested size: 346.2126pt x 230.82057pt.

LaTeX Warning: Reference `thm:chatzbound' on page 1 undefined on input line 201
6.


LaTeX Warning: Reference `thm:chatzbound' on page 1 undefined on input line 201
6.

[27 <./figures/Wm1_bounds.pdf>]

LaTeX Warning: Reference `eq:Wmzerobounds' on page 28 undefined on input line 2
075.


LaTeX Warning: Reference `eq:Wmzerobounds' on page 28 undefined on input line 2
078.

[28]

LaTeX Warning: Reference `eq:Wseries' on page 29 undefined on input line 2115.

<figures/pade_errors.pdf, id=415, 520.34402pt x 346.89601pt>
File: figures/pade_errors.pdf Graphic file (type pdf)
<use figures/pade_errors.pdf>
Package pdftex.def Info: figures/pade_errors.pdf  used on input line 2144.
(pdftex.def)             Requested size: 346.2126pt x 230.82057pt.
[29 <./figures/pade_errors.pdf>]

LaTeX Warning: Reference `lem:euler-cf' on page 1 undefined on input line 2230.



LaTeX Warning: Reference `eq:eulerW' on page 30 undefined on input line 2239.

[30]

LaTeX Warning: Citation `kalugin2012' on page 31 undefined on input line 2281.


LaTeX Warning: Reference `eq:av' on page 31 undefined on input line 2301.


LaTeX Warning: Reference `eq:aderivative' on page 31 undefined on input line 23
05.

[31]

LaTeX Warning: Reference `eq:W-log-integral' on page 32 undefined on input line
 2343.


LaTeX Warning: Reference `eq:Wprime-stieltjes' on page 32 undefined on input li
ne 2347.


LaTeX Warning: Reference `eq:Fjump' on page 32 undefined on input line 2376.


LaTeX Warning: Reference `eq:W-log-integral' on page 32 undefined on input line
 2392.


LaTeX Warning: Reference `eq:aderivative' on page 32 undefined on input line 24
02.


LaTeX Warning: Reference `eq:W-stieltjes' on page 32 undefined on input line 24
02.


LaTeX Warning: Reference `eq:Wprime-stieltjes' on page 32 undefined on input li
ne 2417.


LaTeX Warning: Reference `lem:av' on page 1 undefined on input line 2418.


LaTeX Warning: Reference `eq:complete-monotone' on page 32 undefined on input l
ine 2419.


LaTeX Warning: Reference `thm:curvature' on page 1 undefined on input line 2424
.

[32]

LaTeX Warning: Reference `eq:complete-monotone' on page 33 undefined on input l
ine 2436.


LaTeX Warning: Reference `eq:derivatives-zero' on page 33 undefined on input li
ne 2441.


LaTeX Warning: Reference `eq:W-log-integral' on page 33 undefined on input line
 2444.


LaTeX Warning: Reference `eq:tree-integral' on page 33 undefined on input line 
2445.


LaTeX Warning: Reference `eq:residual-bound' on page 33 undefined on input line
 2507.


LaTeX Warning: Reference `eq:log-residual-bound' on page 33 undefined on input 
line 2508.


LaTeX Warning: Reference `eq:condition' on page 1 undefined on input line 2513.


[33] [34]

LaTeX Warning: Reference `lem:logineq' on page 1 undefined on input line 2619.


LaTeX Warning: Reference `eq:Nminusw' on page 35 undefined on input line 2622.


LaTeX Warning: Reference `eq:rminusN' on page 35 undefined on input line 2622.


LaTeX Warning: Reference `eq:Nminusw' on page 35 undefined on input line 2631.


LaTeX Warning: Reference `eq:rminusN' on page 35 undefined on input line 2632.


LaTeX Warning: Reference `eq:log-t-bounds' on page 35 undefined on input line 2
639.


LaTeX Warning: Reference `eq:Nminusw' on page 35 undefined on input line 2640.


LaTeX Warning: Reference `eq:rminusN' on page 35 undefined on input line 2641.


LaTeX Warning: Reference `thm:W0positivebounds' on page 1 undefined on input li
ne 2662.


LaTeX Warning: Reference `thm:lognewton-order' on page 1 undefined on input lin
e 2664.


LaTeX Warning: Reference `thm:W0logbounds' on page 1 undefined on input line 26
65.


LaTeX Warning: Reference `eq:W0xbound' on page 35 undefined on input line 2668.



LaTeX Warning: Reference `thm:chatzbound' on page 1 undefined on input line 267
0.

[35]

LaTeX Warning: Reference `thm:newton-halley-orders' on page 1 undefined on inpu
t line 2695.

<figures/logarithmic_newton_convergence.pdf, id=513, 520.34402pt x 346.89601pt>

File: figures/logarithmic_newton_convergence.pdf Graphic file (type pdf)
<use figures/logarithmic_newton_convergence.pdf>
Package pdftex.def Info: figures/logarithmic_newton_convergence.pdf  used on in
put line 2701.
(pdftex.def)             Requested size: 346.2126pt x 230.82057pt.

LaTeX Warning: Reference `eq:lognewton' on page 36 undefined on input line 2703
.


LaTeX Warning: Reference `eq:lognewton' on page 36 undefined on input line 2703
.


LaTeX Warning: Reference `eq:puiseux-series' on page 36 undefined on input line
 2717.


LaTeX Warning: Reference `eq:asymW0explicit' on page 36 undefined on input line
 2721.


LaTeX Warning: Reference `eq:asymWmexplicit' on page 36 undefined on input line
 2722.


LaTeX Warning: Reference `eq:globalstarts' on page 36 undefined on input line 2
723.


LaTeX Warning: Reference `eq:lognewton' on page 36 undefined on input line 2730
.

[36 <./figures/logarithmic_newton_convergence.pdf>]

LaTeX Warning: Citation `loczi2022' on page 37 undefined on input line 2738.


LaTeX Warning: Citation `iacono2017' on page 37 undefined on input line 2741.


LaTeX Warning: Citation `howard2025' on page 37 undefined on input line 2742.


LaTeX Warning: Reference `thm:lognewton-order' on page 1 undefined on input lin
e 2745.

[37]

LaTeX Warning: Reference `eq:xminuslogx' on page 38 undefined on input line 282
6.


LaTeX Warning: Reference `eq:vminuslogv' on page 1 undefined on input line 2830
.


LaTeX Warning: Reference `eq:xpowerexp' on page 38 undefined on input line 2851
.


LaTeX Warning: Reference `thm:xpowerexp' on page 1 undefined on input line 2881
.

[38] [39]

LaTeX Warning: Reference `eq:exp-affine' on page 40 undefined on input line 303
6.

[40]

LaTeX Warning: Reference `eq:xtox' on page 41 undefined on input line 3084.


LaTeX Warning: Reference `eq:power-tower-candidate' on page 41 undefined on inp
ut line 3115.

[41]

LaTeX Warning: Reference `cor:inverse' on page 1 undefined on input line 3162.


LaTeX Warning: Reference `eq:mm-solution' on page 42 undefined on input line 32
19.


LaTeX Warning: Citation `golicnik2012' on page 42 undefined on input line 3222.



LaTeX Warning: Reference `eq:mm-solution' on page 42 undefined on input line 32
23.

[42]

LaTeX Warning: Reference `eq:diode' on page 43 undefined on input line 3261.


LaTeX Warning: Citation `banwell2000' on page 43 undefined on input line 3265.


LaTeX Warning: Reference `eq:dde-spectrum' on page 43 undefined on input line 3
292.


LaTeX Warning: Reference `eq:sir' on page 43 undefined on input line 3318.


LaTeX Warning: Reference `eq:sir' on page 43 undefined on input line 3322.

[43]

LaTeX Warning: Reference `eq:sir-sol' on page 44 undefined on input line 3331.


LaTeX Warning: Reference `eq:asymWmexplicit' on page 44 undefined on input line
 3374.

[44]

LaTeX Warning: Reference `eq:omega-e-series' on page 45 undefined on input line
 3424.


LaTeX Warning: Reference `eq:tseries' on page 45 undefined on input line 3436.


LaTeX Warning: Reference `sec:branchpoint' on page 1 undefined on input line 34
53.

[45]

LaTeX Warning: Reference `eq:Pn-asym' on page 46 undefined on input line 3487.


LaTeX Warning: Reference `thm:fullasym' on page 1 undefined on input line 3496.



LaTeX Warning: Reference `eq:complex-asym' on page 46 undefined on input line 3
503.


LaTeX Warning: Citation `corless1996' on page 46 undefined on input line 3547.


LaTeX Warning: Citation `dlmf' on page 46 undefined on input line 3552.


LaTeX Warning: Reference `sec:integralreps' on page 1 undefined on input line 3
555.


LaTeX Warning: Citation `barry2000' on page 46 undefined on input line 3557.


LaTeX Warning: Citation `banwell2000' on page 46 undefined on input line 3561.


LaTeX Warning: Reference `thm:diode' on page 1 undefined on input line 3563.


LaTeX Warning: Citation `golicnik2012' on page 46 undefined on input line 3565.



LaTeX Warning: Reference `thm:mm' on page 1 undefined on input line 3567.


LaTeX Warning: Citation `chatzigeorgiou2013' on page 46 undefined on input line
 3569.


LaTeX Warning: Reference `cor:Wm-midpoint' on page 1 undefined on input line 35
72.


LaTeX Warning: Reference `thm:chatzbound' on page 1 undefined on input line 357
2.


LaTeX Warning: Citation `corcino2019' on page 46 undefined on input line 3574.


LaTeX Warning: Reference `thm:eulerW' on page 1 undefined on input line 3577.


LaTeX Warning: Citation `iacono2017' on page 46 undefined on input line 3579.


LaTeX Warning: Citation `loczi2022' on page 46 undefined on input line 3583.


LaTeX Warning: Citation `howard2025' on page 46 undefined on input line 3587.


LaTeX Warning: Reference `sec:omega-series' on page 1 undefined on input line 3
590.


LaTeX Warning: Citation `lehtonen2016' on page 46 undefined on input line 3592.



LaTeX Warning: Citation `visser2018' on page 46 undefined on input line 3596.


LaTeX Warning: Reference `eq:primeinverse' on page 1 undefined on input line 35
98.

[46] [47]

LaTeX Warning: Reference `thm:globalstarts' on page 1 undefined on input line 3
639.


LaTeX Warning: Reference `thm:residual' on page 1 undefined on input line 3640.



LaTeX Warning: Reference `sec:pairing' on page 1 undefined on input line 3656.


LaTeX Warning: Reference `app:concordance' on page 1 undefined on input line 36
65.


LaTeX Warning: Reference `sec:equations' on page 1 undefined on input line 3671
.


LaTeX Warning: Reference `cmp:eq:tower-interval' on page 48 undefined on input 
line 3689.

[48]

LaTeX Warning: Reference `sec:numerics' on page 1 undefined on input line 3723.



LaTeX Warning: Reference `thm:higherder' on page 1 undefined on input line 3746
.


LaTeX Warning: Reference `thm:W0positivebounds' on page 1 undefined on input li
ne 3756.


LaTeX Warning: Reference `sec:pairing' on page 1 undefined on input line 3771.

[49]

LaTeX Warning: Reference `thm:puiseux' on page 1 undefined on input line 3791.


LaTeX Warning: Reference `eq:loginput-newton' on page 50 undefined on input lin
e 3847.


LaTeX Warning: Citation `lehtonen2016' on page 50 undefined on input line 3861.



LaTeX Warning: Reference `thm:planckmax' on page 1 undefined on input line 3865
.

[50]

LaTeX Warning: Reference `eq:primeinverse' on page 51 undefined on input line 3
881.


LaTeX Warning: Reference `eq:vminuslogv' on page 1 undefined on input line 3887
.


LaTeX Warning: Citation `mezobaricz2017' on page 51 undefined on input line 389
3.


LaTeX Warning: Reference `thm:exp-affine' on page 1 undefined on input line 390
0.

[51]

LaTeX Warning: Reference `sec:asymptotics' on page 1 undefined on input line 39
60.


LaTeX Warning: Reference `eq:vminuslogv' on page 1 undefined on input line 3962
.

[52]

LaTeX Warning: Reference `eq:appendix-implicit' on page 53 undefined on input l
ine 4032.


LaTeX Warning: Reference `lem:formal-residue' on page 1 undefined on input line
 4038.


LaTeX Warning: Reference `eq:coeff-residue' on page 53 undefined on input line 
4039.


LaTeX Warning: Reference `eq:lagrange-mid' on page 53 undefined on input line 4
061.

[53

]

LaTeX Warning: Reference `eq:lagrange' on page 54 undefined on input line 4068.



LaTeX Warning: Reference `eq:lagrange-power' on page 54 undefined on input line
 4073.


LaTeX Warning: Reference `eq:brec' on page 54 undefined on input line 4113.


LaTeX Warning: Reference `eq:arec' on page 54 undefined on input line 4113.


LaTeX Warning: Reference `thm:higherder' on page 1 undefined on input line 4131
.

[54]

LaTeX Warning: Reference `sec:rational' on page 1 undefined on input line 4158.


(C:\Users\vresh\AppData\Local\Programs\MiKTeX\tex/latex/listings\lstlang1.sty
File: lstlang1.sty 2025/11/14 1.11b listings language file
)
(C:\Users\vresh\AppData\Local\Programs\MiKTeX\tex/latex/listings\lstlang1.sty
File: lstlang1.sty 2025/11/14 1.11b listings language file
)
LaTeX Font Info:    Font shape `T1/LibertinusMono-TLF/m/n' will be
(Font)              scaled to size 8.50006pt on input line 4164.
Package microtype Info: Character `guilsinglleft ' is missing
(microtype)             in font `T1/LibertinusMono-TLF/m/n/10'.
(microtype)             Ignoring protrusion settings for this character.
Package microtype Info: Character `guilsinglright ' is missing
(microtype)             in font `T1/LibertinusMono-TLF/m/n/10'.
(microtype)             Ignoring protrusion settings for this character.
Package hyperref Info: bookmark level for unknown lstlisting defaults to 0 on i
nput line 4178.

(numerical_values.txt) [55]

LaTeX Warning: Reference `thm:realbranches' on page 1 undefined on input line 4
230.


LaTeX Warning: Reference `eq:defintWm' on page 56 undefined on input line 4256.



LaTeX Warning: Reference `eq:firstder' on page 56 undefined on input line 4264.



LaTeX Warning: Reference `eq:pair-sum' on page 56 undefined on input line 4273.


[56]

LaTeX Warning: Reference `eq:lognewton' on page 57 undefined on input line 4314
.


ignored: Infinite glue shrinkage found in box being split [57] [58] [59]

LaTeX Warning: Reference `thm:realbranches' on page 1 undefined on input line 4
549.


Underfull \hbox (badness 10000) in paragraph at lines 4549--4552
[]|[]\T1/LibertinusSerif-TLF/m/n/10.95 (+20) : $\OML/cmm/m/it/10.95 W[]$ \T1/Li
bertinusSerif-TLF/m/n/10.95 (+20) is a strictly
 []


Underfull \hbox (badness 10000) in paragraph at lines 4549--4552
\T1/LibertinusSerif-TLF/m/n/10.95 (+20) in-creas-ing bi-jec-tion
 []


Underfull \hbox (badness 10000) in paragraph at lines 4549--4552
\OT1/cmr/m/n/10.95 [\OMS/cmsy/m/n/10.95 ^^@\OT1/cmr/m/n/10.95 1\OML/cmm/m/it/10
.95 =\OT1/cmr/m/n/10.95 e\OML/cmm/m/it/10.95 ; \OT1/cmr/m/n/10.95 0) \OMS/cmsy/
m/n/10.95 ! \OT1/cmr/m/n/10.95 (\OMS/cmsy/m/n/10.95 ^^@1\OML/cmm/m/it/10.95 ; \
OMS/cmsy/m/n/10.95 ^^@\OT1/cmr/m/n/10.95 1]$\T1/LibertinusSerif-TLF/m/n/10.95 (
+20) ,
 []


Underfull \hbox (badness 2809) in paragraph at lines 4549--4552
\T1/LibertinusSerif-TLF/m/n/10.95 (+20) and ev-ery real so-lu-tion of
 []


Underfull \hbox (badness 1215) in paragraph at lines 4559--4565
[]|\T1/LibertinusSerif-TLF/m/n/10.95 (+20) The last, in mod-ule
 []


Underfull \hbox (badness 2680) in paragraph at lines 4559--4565
\T1/LibertinusMono-TLF/m/n/10.95 i c h o t o my$\T1/LibertinusSerif-TLF/m/n/10.
95 (+20) , is the
 []


Underfull \hbox (badness 10000) in paragraph at lines 4559--4565
\T1/LibertinusSerif-TLF/m/n/10.95 (+20) im-ages are stated
 []


Underfull \hbox (badness 10000) in paragraph at lines 4559--4565
\T1/LibertinusSerif-TLF/m/n/10.95 (+20) for the open ray
 []


Underfull \hbox (badness 10000) in paragraph at lines 4559--4565
\OT1/cmr/m/n/10.95 (\OMS/cmsy/m/n/10.95 ^^@\OT1/cmr/m/n/10.95 1\OML/cmm/m/it/10
.95 =\OT1/cmr/m/n/10.95 e\OML/cmm/m/it/10.95 ; \OMS/cmsy/m/n/10.95 1\OT1/cmr/m/
n/10.95 )$ \T1/LibertinusSerif-TLF/m/n/10.95 (+20) and the
 []


Underfull \hbox (badness 10000) in paragraph at lines 4559--4565
\T1/LibertinusSerif-TLF/m/n/10.95 (+20) in-ter-val $\OT1/cmr/m/n/10.95 [\OMS/cm
sy/m/n/10.95 ^^@\OT1/cmr/m/n/10.95 1\OML/cmm/m/it/10.95 =\OT1/cmr/m/n/10.95 e\O
ML/cmm/m/it/10.95 ; \OT1/cmr/m/n/10.95 0]$
 []


Underfull \hbox (badness 10000) in paragraph at lines 4559--4565
\T1/LibertinusSerif-TLF/m/n/10.95 (+20) on the prin-ci-pal
 []


Underfull \hbox (badness 7759) in paragraph at lines 4559--4565
\T1/LibertinusSerif-TLF/m/n/10.95 (+20) side and the open
 []


Underfull \hbox (badness 2393) in paragraph at lines 4559--4565
\T1/LibertinusSerif-TLF/m/n/10.95 (+20) the lower side; the
 []


Underfull \hbox (badness 2799) in paragraph at lines 4559--4565
\T1/LibertinusSerif-TLF/m/n/10.95 (+20) end-point val-ues are
 []


LaTeX Warning: Reference `cor:inverse' on page 1 undefined on input line 4566.


Underfull \hbox (badness 4193) in paragraph at lines 4572--4574
\OML/cmm/m/it/10.95 w\OT1/cmr/m/n/10.95 e[] = \OML/cmm/m/it/10.95 z$ \T1/Libert
inusSerif-TLF/m/n/10.95 (+20) equals
 []


LaTeX Warning: Reference `thm:derivatives' on page 1 undefined on input line 45
75.


LaTeX Warning: Reference `eq:firstder' on page 60 undefined on input line 4580.



LaTeX Warning: Reference `eq:firstder-x' on page 60 undefined on input line 458
1.


LaTeX Warning: Reference `eq:secondder-exp' on page 60 undefined on input line 
4582.


Underfull \hbox (badness 1117) in paragraph at lines 4579--4586
\T1/LibertinusSerif-TLF/m/n/10.95 (+20) first deriva-tive is in
 []


Underfull \hbox (badness 10000) in paragraph at lines 4579--4586
\T1/LibertinusSerif-TLF/m/n/10.95 (+20) the form [], the
 []


Underfull \hbox (badness 2221) in paragraph at lines 4579--4586
\T1/LibertinusSerif-TLF/m/n/10.95 (+20) the form []; both
 []


Underfull \hbox (badness 10000) in paragraph at lines 4579--4586
\T1/LibertinusSerif-TLF/m/n/10.95 (+20) sec-ond deriva-tives
 []


Underfull \hbox (badness 4303) in paragraph at lines 4579--4586
\T1/LibertinusSerif-TLF/m/n/10.95 (+20) Pos-i-tiv-ity of $\OML/cmm/m/it/10.95 W
[]$ \T1/LibertinusSerif-TLF/m/n/10.95 (+20) is
 []


LaTeX Warning: Reference `thm:curvature' on page 1 undefined on input line 4587
.


Underfull \hbox (badness 10000) in paragraph at lines 4587--4589
[]|[]\T1/LibertinusSerif-TLF/m/n/10.95 (+20) : $\OML/cmm/m/it/10.95 W[]$ \T1/Li
bertinusSerif-TLF/m/n/10.95 (+20) strictly con-cave;
 []


Underfull \hbox (badness 10000) in paragraph at lines 4587--4589
\OML/cmm/m/it/10.95 W[]$ \T1/LibertinusSerif-TLF/m/n/10.95 (+20) strictly con-v
ex on
 []


Underfull \hbox (badness 1668) in paragraph at lines 4587--4589
\OT1/cmr/m/n/10.95 (\OMS/cmsy/m/n/10.95 ^^@\OT1/cmr/m/n/10.95 1\OML/cmm/m/it/10
.95 =\OT1/cmr/m/n/10.95 e\OML/cmm/m/it/10.95 ; \OMS/cmsy/m/n/10.95 ^^@\OT1/cmr/
m/n/10.95 2\OML/cmm/m/it/10.95 =\OT1/cmr/m/n/10.95 e[])$\T1/LibertinusSerif-TLF
/m/n/10.95 (+20) , in-flec-tion at
 []


Underfull \hbox (badness 2401) in paragraph at lines 4587--4589
\OMS/cmsy/m/n/10.95 ^^@\OT1/cmr/m/n/10.95 2\OML/cmm/m/it/10.95 =\OT1/cmr/m/n/10
.95 e[]$\T1/LibertinusSerif-TLF/m/n/10.95 (+20) , strictly con-cave on
 []


Underfull \hbox (badness 10000) in paragraph at lines 4594--4599
[]|\T1/LibertinusSerif-TLF/m/n/10.95 (+20) Lean's con-cav-ity
 []


Underfull \hbox (badness 10000) in paragraph at lines 4594--4599
\T1/LibertinusSerif-TLF/m/n/10.95 (+20) of $\OML/cmm/m/it/10.95 W[]$ \T1/Libert
inusSerif-TLF/m/n/10.95 (+20) is on the
 []


Underfull \hbox (badness 10000) in paragraph at lines 4594--4599
\T1/LibertinusSerif-TLF/m/n/10.95 (+20) slightly more than
 []


Underfull \hbox (badness 10000) in paragraph at lines 4594--4599
\T1/LibertinusSerif-TLF/m/n/10.95 (+20) stated here; the
 []


Underfull \hbox (badness 6842) in paragraph at lines 4594--4599
\T1/LibertinusSerif-TLF/m/n/10.95 (+20) lower-branch pieces
 []


Underfull \hbox (badness 2680) in paragraph at lines 4594--4599
\T1/LibertinusSerif-TLF/m/n/10.95 (+20) ter-val $\OT1/cmr/m/n/10.95 [\OMS/cmsy/
m/n/10.95 ^^@\OT1/cmr/m/n/10.95 1\OML/cmm/m/it/10.95 =\OT1/cmr/m/n/10.95 e\OML/
cmm/m/it/10.95 ; \OMS/cmsy/m/n/10.95 ^^@\OT1/cmr/m/n/10.95 2\OML/cmm/m/it/10.95
 =\OT1/cmr/m/n/10.95 e[]]$
 []


Underfull \hbox (badness 10000) in paragraph at lines 4594--4599
\T1/LibertinusSerif-TLF/m/n/10.95 (+20) and the half-open
 []


Underfull \hbox (badness 10000) in paragraph at lines 4594--4599
\OT1/cmr/m/n/10.95 [\OMS/cmsy/m/n/10.95 ^^@\OT1/cmr/m/n/10.95 2\OML/cmm/m/it/10
.95 =\OT1/cmr/m/n/10.95 e[]\OML/cmm/m/it/10.95 ; \OT1/cmr/m/n/10.95 0)$\T1/Libe
rtinusSerif-TLF/m/n/10.95 (+20) . The
 []


LaTeX Warning: Reference `thm:maclaurin' on page 1 undefined on input line 4600
.


LaTeX Warning: Reference `thm:cayley' on page 1 undefined on input line 4600.


LaTeX Warning: Reference `thm:lagrange' on page 1 undefined on input line 4606.



Underfull \hbox (badness 10000) in paragraph at lines 4603--4609
[]|\T1/LibertinusSerif-TLF/m/n/10.95 (+20) A state-ment about
 []


Underfull \hbox (badness 1024) in paragraph at lines 4603--4609
\T1/LibertinusSerif-TLF/m/n/10.95 (+20) in-verse of $\OML/cmm/m/it/10.95 X\OT1/
cmr/m/n/10.95 e[]$ \T1/LibertinusSerif-TLF/m/n/10.95 (+20) has
 []


Underfull \hbox (badness 10000) in paragraph at lines 4603--4609
\T1/LibertinusSerif-TLF/m/n/10.95 (+20) li-brary's Lagrange--
 []


Underfull \hbox (badness 10000) in paragraph at lines 4603--4609
\T1/LibertinusSerif-TLF/m/n/10.95 (+20) Bürmann in-ver-sion
 []


Underfull \hbox (badness 2042) in paragraph at lines 4603--4609
\T1/LibertinusSerif-TLF/m/n/10.95 (+20) ([]), and car-ries no
 []


Underfull \hbox (badness 10000) in paragraph at lines 4603--4609
\T1/LibertinusSerif-TLF/m/n/10.95 (+20) state-ment about
 []


Underfull \hbox (badness 10000) in paragraph at lines 4603--4609
\T1/LibertinusSerif-TLF/m/n/10.95 (+20) con-ver-gence, the
 []


Underfull \hbox (badness 1721) in paragraph at lines 4603--4609
\T1/LibertinusSerif-TLF/m/n/10.95 (+20) point; those re-main
 []


LaTeX Warning: Reference `thm:puiseux' on page 1 undefined on input line 4610.


Underfull \hbox (badness 10000) in paragraph at lines 4619--4621
[]|\T1/LibertinusSerif-TLF/m/n/10.95 (+20) Only the lead-ing
 []


Underfull \hbox (badness 5667) in paragraph at lines 4619--4621
\T1/LibertinusSerif-TLF/m/n/10.95 (+20) square-root term is
 []


LaTeX Warning: Reference `lem:logineq' on page 1 undefined on input line 4622.


Underfull \hbox (badness 10000) in paragraph at lines 4625--4628
[]|\T1/LibertinusSerif-TLF/m/n/10.95 (+20) Both halves are
 []


Underfull \hbox (badness 10000) in paragraph at lines 4625--4628
\T1/LibertinusSerif-TLF/m/n/10.95 (+20) Math-lib lem-mas
 []


Underfull \hbox (badness 3989) in paragraph at lines 4625--4628
\T1/LibertinusSerif-TLF/m/n/10.95 (+20) (not repos-i-tory dec-
 []


Underfull \hbox (badness 10000) in paragraph at lines 4625--4628
\T1/LibertinusSerif-TLF/m/n/10.95 (+20) la-ra-tions), stated
 []


Underfull \hbox (badness 1383) in paragraph at lines 4625--4628
\T1/LibertinusSerif-TLF/m/n/10.95 (+20) strict up-per form is
 []


LaTeX Warning: Reference `thm:W0positivebounds' on page 1 undefined on input li
ne 4629.


Underfull \hbox (badness 5008) in paragraph at lines 4638--4644
[]|\T1/LibertinusSerif-TLF/m/n/10.95 (+20) Proved from a sin-
 []


Underfull \hbox (badness 1158) in paragraph at lines 4638--4644
\T1/LibertinusSerif-TLF/m/n/10.95 (+20) ev-ery real $\OML/cmm/m/it/10.95 w$ \T1
/LibertinusSerif-TLF/m/n/10.95 (+20) in the
 []


LaTeX Warning: Reference `thm:Wmzerobounds' on page 1 undefined on input line 4
645.


Underfull \hbox (badness 1168) in paragraph at lines 4645--4647
[]|[]\T1/LibertinusSerif-TLF/m/n/10.95 (+20) : for $\OMS/cmsy/m/n/10.95 ^^@\OT1
/cmr/m/n/10.95 1\OML/cmm/m/it/10.95 =\OT1/cmr/m/n/10.95 e \OML/cmm/m/it/10.95 <
 x < \OT1/cmr/m/n/10.95 0$
 []


Underfull \hbox (badness 1275) in paragraph at lines 4652--4660
\T1/LibertinusSerif-TLF/m/n/10.95 (+20) of $\OML/cmm/m/it/10.95 z \OMS/cmsy/m/n
/10.95 ^^@ [] \OML/cmm/m/it/10.95 z$\T1/LibertinusSerif-TLF/m/n/10.95 (+20) , s
tated
 []


LaTeX Warning: Reference `thm:higherder' on page 1 undefined on input line 4661
.


Underfull \hbox (badness 10000) in paragraph at lines 4661--4663
[]|[]\T1/LibertinusSerif-TLF/m/n/10.95 (+20) : ev-ery deriva-tive of
 []


Underfull \hbox (badness 3579) in paragraph at lines 4661--4663
\T1/LibertinusSerif-TLF/m/n/10.95 (+20) ei-ther branch is $\OML/cmm/m/it/10.95 
W[] \OT1/cmr/m/n/10.95 =
 []


Underfull \hbox (badness 5260) in paragraph at lines 4661--4663
\OT1/cmr/m/n/10.95 e[]\OML/cmm/m/it/10.95 P[]\OT1/cmr/m/n/10.95 (\OML/cmm/m/it/
10.95 W\OT1/cmr/m/n/10.95 )\OML/cmm/m/it/10.95 =\OT1/cmr/m/n/10.95 (1 + \OML/cm
m/m/it/10.95 W\OT1/cmr/m/n/10.95 )[]$
 []


Underfull \hbox (badness 10000) in paragraph at lines 4670--4677
[]|\T1/LibertinusSerif-TLF/m/n/10.95 (+20) Lean's $\OML/cmm/m/it/10.95 P[]$ \T1
/LibertinusSerif-TLF/m/n/10.95 (+20) is this
 []


Underfull \hbox (badness 10000) in paragraph at lines 4670--4677
\T1/LibertinusSerif-TLF/m/n/10.95 (+20) guide's $\OML/cmm/m/it/10.95 P[]$\T1/Li
bertinusSerif-TLF/m/n/10.95 (+20) : the
 []


Underfull \hbox (badness 10000) in paragraph at lines 4670--4677
[]$\T1/LibertinusSerif-TLF/m/n/10.95 (+20) , on
 []


Underfull \hbox (badness 10000) in paragraph at lines 4670--4677
\T1/LibertinusSerif-TLF/m/n/10.95 (+20) the open do-mains
 []


Underfull \hbox (badness 10000) in paragraph at lines 4670--4677
\OT1/cmr/m/n/10.95 (\OMS/cmsy/m/n/10.95 ^^@\OT1/cmr/m/n/10.95 1\OML/cmm/m/it/10
.95 =\OT1/cmr/m/n/10.95 e\OML/cmm/m/it/10.95 ; \OMS/cmsy/m/n/10.95 1\OT1/cmr/m/
n/10.95 )$ \T1/LibertinusSerif-TLF/m/n/10.95 (+20) and
 []


Underfull \hbox (badness 2837) in paragraph at lines 4670--4677
\OT1/cmr/m/n/10.95 (\OMS/cmsy/m/n/10.95 ^^@\OT1/cmr/m/n/10.95 1\OML/cmm/m/it/10
.95 =\OT1/cmr/m/n/10.95 e\OML/cmm/m/it/10.95 ; \OT1/cmr/m/n/10.95 0)$\T1/Libert
inusSerif-TLF/m/n/10.95 (+20) . The en-
 []


Underfull \hbox (badness 10000) in paragraph at lines 4670--4677
\T1/LibertinusSerif-TLF/m/n/10.95 (+20) ar-bi-trary so-lu-tion
 []


Underfull \hbox (badness 10000) in paragraph at lines 4670--4677
\T1/LibertinusSerif-TLF/m/n/10.95 (+20) of an au-tonomous
 []


Underfull \hbox (badness 10000) in paragraph at lines 4670--4677
\T1/LibertinusSerif-TLF/m/n/10.95 (+20) as hy-pothe-ses, so
 []


Underfull \hbox (badness 10000) in paragraph at lines 4670--4677
\T1/LibertinusSerif-TLF/m/n/10.95 (+20) it ap-plies be-yond
 []


LaTeX Warning: Reference `thm:antiderivatives' on page 1 undefined on input lin
e 4678.


Underfull \hbox (badness 3449) in paragraph at lines 4688--4694
[]|\T1/LibertinusSerif-TLF/m/n/10.95 (+20) Stated as deriva-tive
 []


Underfull \hbox (badness 7379) in paragraph at lines 4688--4694
\T1/LibertinusSerif-TLF/m/n/10.95 (+20) facts ($\OML/cmm/m/it/10.95 F[] \OT1/cm
r/m/n/10.95 = \OML/cmm/m/it/10.95 W$\T1/LibertinusSerif-TLF/m/n/10.95 (+20) ,
 []


Underfull \hbox (badness 7540) in paragraph at lines 4688--4694
\OML/cmm/m/it/10.95 G[] \OT1/cmr/m/n/10.95 = \OML/cmm/m/it/10.95 W=x$\T1/Libert
inusSerif-TLF/m/n/10.95 (+20) ) on
 []


Underfull \hbox (badness 10000) in paragraph at lines 4688--4694
\T1/LibertinusSerif-TLF/m/n/10.95 (+20) the open branch
 []


Underfull \hbox (badness 10000) in paragraph at lines 4688--4694
\T1/LibertinusSerif-TLF/m/n/10.95 (+20) do-mains, which is
 []


Underfull \hbox (badness 6741) in paragraph at lines 4688--4694
\T1/LibertinusSerif-TLF/m/n/10.95 (+20) the con-tent of the
 []


Underfull \hbox (badness 10000) in paragraph at lines 4688--4694
\T1/LibertinusSerif-TLF/m/n/10.95 (+20) an-tideriva-tive state-
 []


Underfull \hbox (badness 1803) in paragraph at lines 4688--4694
\T1/LibertinusSerif-TLF/m/n/10.95 (+20) ment. The gen-eral
 []


Underfull \hbox (badness 10000) in paragraph at lines 4688--4694
\T1/LibertinusSerif-TLF/m/n/10.95 (+20) forms as-sume only
 []


Underfull \hbox (badness 7522) in paragraph at lines 4688--4694
\T1/LibertinusSerif-TLF/m/n/10.95 (+20) at the point, with
 []


Underfull \hbox (badness 7796) in paragraph at lines 4688--4694
\T1/LibertinusSerif-TLF/m/n/10.95 (+20) hold for any lo-cal
 []


Underfull \hbox (badness 10000) in paragraph at lines 4688--4694
\T1/LibertinusSerif-TLF/m/n/10.95 (+20) the $\OML/cmm/m/it/10.95 x$\T1/Libertin
usSerif-TLF/m/n/10.95 (+20) -form needs
 []


LaTeX Warning: Reference `thm:W0logbounds' on page 1 undefined on input line 46
95.


LaTeX Warning: Reference `prop:addition' on page 1 undefined on input line 4709
.


Underfull \hbox (badness 1221) in paragraph at lines 4709--4711
\OT1/cmr/m/n/10.95 0$ \T1/LibertinusSerif-TLF/m/n/10.95 (+20) of $\OML/cmm/m/it
/10.95 x; y$\T1/LibertinusSerif-TLF/m/n/10.95 (+20) , hence $\OML/cmm/m/it/10.9
5 a \OT1/cmr/m/n/10.95 + \OML/cmm/m/it/10.95 b \OT1/cmr/m/n/10.95 =
 []


Underfull \hbox (badness 1997) in paragraph at lines 4717--4721
[]|\T1/LibertinusSerif-TLF/m/n/10.95 (+20) Exact. The branch
 []


Underfull \hbox (badness 1975) in paragraph at lines 4717--4721
\T1/LibertinusSerif-TLF/m/n/10.95 (+20) through the unique-
 []


Underfull \hbox (badness 3068) in paragraph at lines 4717--4721
\T1/LibertinusSerif-TLF/m/n/10.95 (+20) uct in $\OT1/cmr/m/n/10.95 [\OMS/cmsy/m
/n/10.95 ^^@\OT1/cmr/m/n/10.95 1\OML/cmm/m/it/10.95 =\OT1/cmr/m/n/10.95 e\OML/c
mm/m/it/10.95 ; \OT1/cmr/m/n/10.95 0)$ \T1/LibertinusSerif-TLF/m/n/10.95 (+20) 
se-
 []


LaTeX Warning: Reference `thm:pairing' on page 1 undefined on input line 4722.


Underfull \hbox (badness 10000) in paragraph at lines 4736--4738
[]|\T1/LibertinusSerif-TLF/m/n/10.95 (+20) Exact for the for-
 []


Underfull \hbox (badness 10000) in paragraph at lines 4736--4738
\T1/LibertinusSerif-TLF/m/n/10.95 (+20) whole com-pu-ta-tion
 []


Underfull \hbox (badness 3503) in paragraph at lines 4736--4738
\T1/LibertinusSerif-TLF/m/n/10.95 (+20) is $\OML/cmm/m/it/10.95 W[] \OT1/cmr/m/
n/10.95 = \OML/cmm/m/it/10.95 W[]\OT1/cmr/m/n/10.95 e[]$
 []


LaTeX Warning: Reference `thm:pairing' on page 1 undefined on input line 4739.


Underfull \hbox (badness 1365) in paragraph at lines 4739--4741
\T1/LibertinusSerif-TLF/m/n/10.95 (+20) val-ues equal to $\OML/cmm/m/it/10.95 W
[]\OT1/cmr/m/n/10.95 (\OML/cmm/m/it/10.95 x\OT1/cmr/m/n/10.95 )$ \T1/Libertinus
Serif-TLF/m/n/10.95 (+20) and
 []


Underfull \hbox (badness 5175) in paragraph at lines 4752--4759
\T1/LibertinusSerif-TLF/m/n/10.95 (+20) is a bi-jec-tion from
 []


Underfull \hbox (badness 10000) in paragraph at lines 4752--4759
\OT1/cmr/m/n/10.95 (\OMS/cmsy/m/n/10.95 ^^@\OT1/cmr/m/n/10.95 1\OML/cmm/m/it/10
.95 =\OT1/cmr/m/n/10.95 e\OML/cmm/m/it/10.95 ; \OT1/cmr/m/n/10.95 0)$ \T1/Liber
tinusSerif-TLF/m/n/10.95 (+20) onto
 []


Underfull \hbox (badness 10000) in paragraph at lines 4752--4759
\OT1/cmr/m/n/10.95 (0\OML/cmm/m/it/10.95 ; \OMS/cmsy/m/n/10.95 1\OT1/cmr/m/n/10
.95 )$ \T1/LibertinusSerif-TLF/m/n/10.95 (+20) with the
 []


Underfull \hbox (badness 10000) in paragraph at lines 4752--4759
\T1/LibertinusSerif-TLF/m/n/10.95 (+20) ex-plicit in-verse
 []


Underfull \hbox (badness 6236) in paragraph at lines 4752--4759
\OT1/cmr/m/n/10.95 ^^A \OMS/cmsy/m/n/10.95 7! \OML/cmm/m/it/10.95 a\OT1/cmr/m/n
/10.95 (^^A)e[]$\T1/LibertinusSerif-TLF/m/n/10.95 (+20) ,
 []


Underfull \hbox (badness 7379) in paragraph at lines 4752--4759
\OML/cmm/m/it/10.95 b\OT1/cmr/m/n/10.95 (^^A) = \OML/cmm/m/it/10.95 a\OT1/cmr/m
/n/10.95 (^^A)e[]$
 []


Underfull \hbox (badness 10000) in paragraph at lines 4752--4759
\T1/LibertinusSerif-TLF/m/n/10.95 (+20) equals $\OML/cmm/m/it/10.95 a\OT1/cmr/m
/n/10.95 (^^A) \OMS/cmsy/m/n/10.95 ^^@ \OT1/cmr/m/n/10.95 ^^A$\T1/LibertinusSer
if-TLF/m/n/10.95 (+20) ,
 []


LaTeX Warning: Reference `cor:pair-symmetric' on page 1 undefined on input line
 4760.


Underfull \hbox (badness 1603) in paragraph at lines 4760--4762
\T1/LibertinusSerif-TLF/m/n/10.95 (+20) and prod-uct iden-ti-ties, and
 []


Underfull \hbox (badness 2119) in paragraph at lines 4760--4762
\OML/cmm/m/it/10.95 W[]\OT1/cmr/m/n/10.95 (\OML/cmm/m/it/10.95 x\OT1/cmr/m/n/10
.95 ) + \OML/cmm/m/it/10.95 W[]\OT1/cmr/m/n/10.95 (\OML/cmm/m/it/10.95 x\OT1/cm
r/m/n/10.95 ) \OML/cmm/m/it/10.95 < \OMS/cmsy/m/n/10.95 ^^@\OT1/cmr/m/n/10.95 2
$\T1/LibertinusSerif-TLF/m/n/10.95 (+20) ,
 []


Underfull \hbox (badness 10000) in paragraph at lines 4773--4779
[]|\T1/LibertinusSerif-TLF/m/n/10.95 (+20) Exact. The
 []


Underfull \hbox (badness 10000) in paragraph at lines 4773--4779
\T1/LibertinusSerif-TLF/m/n/10.95 (+20) exponential-rational
 []


Underfull \hbox (badness 10000) in paragraph at lines 4773--4779
\T1/LibertinusSerif-TLF/m/n/10.95 (+20) sum and prod-uct
 []


Underfull \hbox (badness 10000) in paragraph at lines 4773--4779
\T1/LibertinusSerif-TLF/m/n/10.95 (+20) printed hy-per-bolic
 []


Underfull \hbox (badness 10000) in paragraph at lines 4773--4779
\T1/LibertinusSerif-TLF/m/n/10.95 (+20) iden-ti-ties, and the
 []


Underfull \hbox (badness 5431) in paragraph at lines 4773--4779
\T1/LibertinusSerif-TLF/m/n/10.95 (+20) fi-nal the-o-rem pack-
 []


Underfull \hbox (badness 4024) in paragraph at lines 4773--4779
\T1/LibertinusSerif-TLF/m/n/10.95 (+20) ages the two strict
 []


Underfull \hbox (badness 10000) in paragraph at lines 4773--4779
\T1/LibertinusSerif-TLF/m/n/10.95 (+20) branches are $\OMS/cmsy/m/n/10.95 ^^@\O
T1/cmr/m/n/10.95 1$\T1/LibertinusSerif-TLF/m/n/10.95 (+20) ,
 []


Underfull \hbox (badness 10000) in paragraph at lines 4773--4779
\T1/LibertinusSerif-TLF/m/n/10.95 (+20) re-mains ex-cluded
 []


LaTeX Warning: Reference `eq:bernoulli-gen' on page 60 undefined on input line 
4780.


LaTeX Warning: Reference `eq:pair-Bernoulli-general' on page 60 undefined on in
put line 4781.


Underfull \hbox (badness 10000) in paragraph at lines 4780--4783
[]|[]\T1/LibertinusSerif-TLF/m/n/10.95 (+20) , with the stan-dard
 []


Underfull \hbox (badness 10000) in paragraph at lines 4780--4783
\T1/LibertinusSerif-TLF/m/n/10.95 (+20) and the com-pact paired
 []


Underfull \hbox (badness 5260) in paragraph at lines 4790--4792
[]|\T1/LibertinusSerif-TLF/m/n/10.95 (+20) Exact for the com-
 []


LaTeX Warning: Reference `thm:W0negativebounds' on page 1 undefined on input li
ne 4810.


ignored: Infinite glue shrinkage found in box being split [60]
ignored: Infinite glue shrinkage fo
und in box being split [61]
ignored: Infinite glue shrinkage found in box being split [62
]
ignored: Infinite glue shrinkage found in box being split [63]
ignored: Infinite glue shrinkage f
ound in box being split [64]
ignored: Infinite glue shrinkage found in box being split [6
5]

LaTeX Warning: Reference `sec:integrals' on page 1 undefined on input line 4826
.


LaTeX Warning: Reference `sec:bounds' on page 1 undefined on input line 4829.


LaTeX Warning: Reference `thm:chatzbound' on page 1 undefined on input line 483
0.


LaTeX Warning: Reference `sec:rational' on page 1 undefined on input line 4831.



Underfull \hbox (badness 6808) in paragraph at lines 4852--4853
[]|\T1/LibertinusSerif-TLF/m/n/10.95 (+20) Derivative poly-no-mi-als $\OML/cmm/
m/it/10.95 P[]$
 []


Underfull \hbox (badness 6445) in paragraph at lines 4856--4856
[]|\T1/LibertinusSerif-TLF/m/n/10.95 (+20) Maclaurin $\OT1/cmr/m/n/10.95 (\OMS/
cmsy/m/n/10.95 ^^@\OML/cmm/m/it/10.95 n\OT1/cmr/m/n/10.95 )[]\OML/cmm/m/it/10.9
5 =n\OT1/cmr/m/n/10.95 !$\T1/LibertinusSerif-TLF/m/n/10.95 (+20) , ra-
 []


LaTeX Warning: Reference `cmp:eq:puiseux-lagrange' on page 66 undefined on inpu
t line 4862.


Underfull \hbox (badness 10000) in paragraph at lines 4860--4863
[]|\T1/LibertinusSerif-TLF/m/n/10.95 (+20) All four; co-ef-fi-cients agree thro
ugh $\OML/cmm/m/it/10.95 a[] \OT1/cmr/m/n/10.95 =
 []


Underfull \hbox (badness 6252) in paragraph at lines 4860--4863
\OT1/cmr/m/n/10.95 226287557\OML/cmm/m/it/10.95 =\OT1/cmr/m/n/10.95 37623398400
$\T1/LibertinusSerif-TLF/m/n/10.95 (+20) ; the fourth treat-ment adds the
 []


Underfull \hbox (badness 10000) in paragraph at lines 4864--4865
[]|\T1/LibertinusSerif-TLF/m/n/10.95 (+20) Asymptotic poly-no-mi-als
 []


Underfull \hbox (badness 2376) in paragraph at lines 4869--4870
\T1/LibertinusSerif-TLF/m/n/10.95 (+20) pos-i-tive, prin-ci-pal neg-a-tive,
 []


LaTeX Warning: Reference `eq:Wm-midpoint-error' on page 66 undefined on input l
ine 4872.


Underfull \hbox (badness 3229) in paragraph at lines 4878--4878
[]|\T1/LibertinusSerif-TLF/m/n/10.95 (+20) Euler con-tin-ued frac-tion =
 []


Underfull \hbox (badness 7522) in paragraph at lines 4881--4882
[]|\T1/LibertinusSerif-TLF/m/n/10.95 (+20) Contour/residue rep-re-sen-ta-
 []


Underfull \hbox (badness 10000) in paragraph at lines 4886--4887
[]|\T1/LibertinusSerif-TLF/m/n/10.95 (+20) Logarithmic New-ton map,
 []


Underfull \hbox (badness 10000) in paragraph at lines 4886--4887
\T1/LibertinusSerif-TLF/m/n/10.95 (+20) mono-tone global starts,
 []


LaTeX Warning: Reference `thm:lognewton-order' on page 1 undefined on input lin
e 4889.


Underfull \hbox (badness 10000) in paragraph at lines 4894--4895
[]|\T1/LibertinusSerif-TLF/m/n/10.95 (+20) Applications: Michaelis--
 []


Underfull \hbox (badness 2318) in paragraph at lines 4894--4895
\T1/LibertinusSerif-TLF/m/n/10.95 (+20) Menten, diode, de-lay spec-
 []


LaTeX Warning: Reference `sec:complements' on page 1 undefined on input line 49
03.

[66] [67] [68] (C:\Temp\pv-u7r73d07\out\Lambert_W_Guide.aux)
 ***********
LaTeX2e <2025-11-01>
L3 programming layer <2026-03-20>
 ***********


LaTeX Warning: There were undefined references.


LaTeX Warning: Label(s) may have changed. Rerun to get cross-references right.


Package rerunfilecheck Warning: File `Lambert_W_Guide.out' has changed.
(rerunfilecheck)                Rerun to get outlines right
(rerunfilecheck)                or use package `bookmark'.

Package rerunfilecheck Info: Checksums for `Lambert_W_Guide.out':
(rerunfilecheck)             Before: <no file>
(rerunfilecheck)             After:  7FB7401030700E94FA4EEA4200BB5115;19779.
 ) 
Here is how much of TeX's memory you used:
 21507 strings out of 467691
 370736 string characters out of 5414987
 1072871 words of memory out of 5000000
 49445 multiletter control sequences out of 15000+600000
 757724 words of font info for 347 fonts, out of 8000000 for 9000
 1141 hyphenation exceptions out of 8191
 77i,10n,117p,1014b,1286s stack positions out of 10000i,1000n,20000p,200000b,200000s
<C:/Users/vresh/AppData/Local/Programs/MiKTeX/fonts/type1/public/libertinus-t
ype1/LibertinusMono-Regular.pfb><C:/Users/vresh/AppData/Local/Programs/MiKTeX/f
onts/type1/public/libertinus-type1/LibertinusSerif-Bold.pfb><C:/Users/vresh/App
Data/Local/Programs/MiKTeX/fonts/type1/public/libertinus-type1/LibertinusSerif-
Italic.pfb><C:/Users/vresh/AppData/Local/Programs/MiKTeX/fonts/type1/public/lib
ertinus-type1/LibertinusSerif-Regular.pfb><C:/Users/vresh/AppData/Local/Program
s/MiKTeX/fonts/type1/public/amsfonts/cm/cmbx10.pfb><C:/Users/vresh/AppData/Loca
l/Programs/MiKTeX/fonts/type1/public/amsfonts/cm/cmex10.pfb><C:/Users/vresh/App
Data/Local/Programs/MiKTeX/fonts/type1/public/amsfonts/cmextra/cmex8.pfb><C:/Us
ers/vresh/AppData/Local/Programs/MiKTeX/fonts/type1/public/amsfonts/cm/cmmi10.p
fb><C:/Users/vresh/AppData/Local/Programs/MiKTeX/fonts/type1/public/amsfonts/cm
/cmmi12.pfb><C:/Users/vresh/AppData/Local/Programs/MiKTeX/fonts/type1/public/am
sfonts/cm/cmmi6.pfb><C:/Users/vresh/AppData/Local/Programs/MiKTeX/fonts/type1/p
ublic/amsfonts/cm/cmmi7.pfb><C:/Users/vresh/AppData/Local/Programs/MiKTeX/fonts
/type1/public/amsfonts/cm/cmmi8.pfb><C:/Users/vresh/AppData/Local/Programs/MiKT
eX/fonts/type1/public/amsfonts/cm/cmr10.pfb><C:/Users/vresh/AppData/Local/Progr
ams/MiKTeX/fonts/type1/public/amsfonts/cm/cmr12.pfb><C:/Users/vresh/AppData/Loc
al/Programs/MiKTeX/fonts/type1/public/amsfonts/cm/cmr6.pfb><C:/Users/vresh/AppD
ata/Local/Programs/MiKTeX/fonts/type1/public/amsfonts/cm/cmr7.pfb><C:/Users/vre
sh/AppData/Local/Programs/MiKTeX/fonts/type1/public/amsfonts/cm/cmr8.pfb><C:/Us
ers/vresh/AppData/Local/Programs/MiKTeX/fonts/type1/public/amsfonts/cm/cmsy10.p
fb><C:/Users/vresh/AppData/Local/Programs/MiKTeX/fonts/type1/public/amsfonts/cm
/cmsy6.pfb><C:/Users/vresh/AppData/Local/Programs/MiKTeX/fonts/type1/public/ams
fonts/cm/cmsy7.pfb><C:/Users/vresh/AppData/Local/Programs/MiKTeX/fonts/type1/pu
blic/amsfonts/cm/cmsy8.pfb><C:/Users/vresh/AppData/Local/Programs/MiKTeX/fonts/
type1/public/amsfonts/symbols/msbm10.pfb>
Output written on C:\Temp\pv-u7r73d07\out\Lambert_W_Guide.pdf (68 pages, 103699
3 bytes).
PDF statistics:
 1043 PDF objects out of 1200 (max. 8388607)
 472 named destinations out of 1000 (max. 500000)
 66601 words of extra memory for PDF output out of 74296 (max. 10000000)

