This is pdfTeX, Version 3.141592653-2.6-1.40.29 (MiKTeX 26.2) (preloaded format=pdflatex 2026.8.15)  9 SEP 2026 13:08
entering extended mode
 file:line:error style messages enabled.
 %&-line parsing enabled.
**./Lambert_W_Guide.tex
(Lambert_W_Guide.tex
LaTeX2e <2025-11-01>
L3 programming layer <2026-03-20>
(C:\Users\vresh\AppData\Local\Programs\MiKTeX\tex/latex/base\article.cls
Document Class: article 2025/01/22 v1.4n Standard LaTeX document class
(C:\Users\vresh\AppData\Local\Programs\MiKTeX\tex/latex/base\size11.clo
File: size11.clo 2025/01/22 v1.4n Standard LaTeX file (size option)
)
\c@part=\count275
\c@section=\count276
\c@subsection=\count277
\c@subsubsection=\count278
\c@paragraph=\count279
\c@subparagraph=\count280
\c@figure=\count281
\c@table=\count282
\abovecaptionskip=\skip49
\belowcaptionskip=\skip50
\bibindent=\dimen150
)
(C:\Users\vresh\AppData\Local\Programs\MiKTeX\tex/latex/base\fontenc.sty
Package: fontenc 2025/07/18 v2.1d Standard LaTeX package
)
(C:\Users\vresh\AppData\Local\Programs\MiKTeX\tex/latex/base\inputenc.sty
Package: inputenc 2024/02/08 v1.3d Input encoding file
\inpenc@prehook=\toks17
\inpenc@posthook=\toks18
)
(C:\Users\vresh\AppData\Local\Programs\MiKTeX\tex/latex/libertinus\libertinus.s
ty
Package: libertinus 2020/05/06 v. 0.02 (Herbert Voss) Supports libertinus fonts
 for pdflatex/lualatex/xelatex
 (C:\Users\vresh\AppData\Local\Programs\MiKTeX\tex/generic/iftex\iftex.sty
Package: iftex 2024/12/12 v1.0g TeX engine tests
)
(C:\Users\vresh\AppData\Local\Programs\MiKTeX\tex/latex/xkeyval\xkeyval.sty
Package: xkeyval 2022/06/16 v2.9 package option processing (HA)

(C:\Users\vresh\AppData\Local\Programs\MiKTeX\tex/generic/xkeyval\xkeyval.tex
(C:\Users\vresh\AppData\Local\Programs\MiKTeX\tex/generic/xkeyval\xkvutils.tex
\XKV@toks=\toks19
\XKV@tempa@toks=\toks20

(C:\Users\vresh\AppData\Local\Programs\MiKTeX\tex/generic/xkeyval\keyval.tex))
\XKV@depth=\count283
File: xkeyval.tex 2014/12/03 v2.7a key=value parser (HA)
))
(C:\Users\vresh\AppData\Local\Programs\MiKTeX\tex/latex/libertinus-type1\libert
inus-type1.sty
Package: libertinus-type1 2025/11/17 (Bob Tennent) Supports libertinus fonts fo
r latex/pdflatex.

(C:\Users\vresh\AppData\Local\Programs\MiKTeX\tex/generic/iftex\ifxetex.sty
Package: ifxetex 2019/10/25 v0.7 ifxetex legacy package. Use iftex instead.
)
(C:\Users\vresh\AppData\Local\Programs\MiKTeX\tex/generic/iftex\ifluatex.sty
Package: ifluatex 2019/10/25 v1.5 ifluatex legacy package. Use iftex instead.
)
(C:\Users\vresh\AppData\Local\Programs\MiKTeX\tex/latex/base\textcomp.sty
Package: textcomp 2024/04/24 v2.1b Standard LaTeX package
)
(C:\Users\vresh\AppData\Local\Programs\MiKTeX\tex/latex/base\fontenc.sty
Package: fontenc 2025/07/18 v2.1d Standard LaTeX package
)
(C:\Users\vresh\AppData\Local\Programs\MiKTeX\tex/latex/fontaxes\fontaxes.sty
Package: fontaxes 2026-01-02 v2.0.2 Font selection axes (deprecated)
Applying: [2024-11-01] Use figureversions if present on input line 74.

(C:\Users\vresh\AppData\Local\Programs\MiKTeX\tex/latex/figureversions\figureve
rsions.sty
Package: figureversions 2025-04-29 v1.0.1 Figure versions
)
Already applied: [0000-00-00] Fall back to v1 on input line 76.
)))
(C:\Users\vresh\AppData\Local\Programs\MiKTeX\tex/latex/microtype\microtype.sty
Package: microtype 2026/03/01 v3.2d Micro-typographical refinements (RS)
(C:\Users\vresh\AppData\Local\Programs\MiKTeX\tex/latex/etoolbox\etoolbox.sty
Package: etoolbox 2025/10/02 v2.5m e-TeX tools for LaTeX (JAW)
\etb@tempcnta=\count284
)
\MT@toks=\toks21
\MT@tempbox=\box53
\MT@count=\count285
LaTeX Info: Redefining \noprotrusionifhmode on input line 1084.
LaTeX Info: Redefining \leftprotrusion on input line 1085.
\MT@prot@toks=\toks22
LaTeX Info: Redefining \rightprotrusion on input line 1104.
LaTeX Info: Redefining \textls on input line 1449.
\MT@outer@kern=\dimen151
LaTeX Info: Redefining \microtypecontext on input line 2053.
LaTeX Info: Redefining \textmicrotypecontext on input line 2070.
\MT@listname@count=\count286

(C:\Users\vresh\AppData\Local\Programs\MiKTeX\tex/latex/microtype\microtype-pdf
tex.def
File: microtype-pdftex.def 2026/03/01 v3.2d Definitions specific to pdftex (RS)

LaTeX Info: Redefining \lsstyle on input line 944.
LaTeX Info: Redefining \lslig on input line 944.
\MT@outer@space=\skip51
)
Package microtype Info: Loading configuration file microtype.cfg.

(C:\Users\vresh\AppData\Local\Programs\MiKTeX\tex/latex/microtype\microtype.cfg
File: microtype.cfg 2026/03/01 v3.2d microtype main configuration file (RS)
)
LaTeX Info: Redefining \microtypesetup on input line 3065.
)
(C:\Users\vresh\AppData\Local\Programs\MiKTeX\tex/latex/geometry\geometry.sty
Package: geometry 2026/03/07 v6.0 Page Geometry

(C:\Users\vresh\AppData\Local\Programs\MiKTeX\tex/generic/iftex\ifvtex.sty
Package: ifvtex 2019/10/25 v1.7 ifvtex legacy package. Use iftex instead.
)
\Gm@cnth=\count287
\Gm@cntv=\count288
\c@Gm@tempcnt=\count289
\Gm@bindingoffset=\dimen152
\Gm@wd@mp=\dimen153
\Gm@odd@mp=\dimen154
\Gm@even@mp=\dimen155
\Gm@layoutwidth=\dimen156
\Gm@layoutheight=\dimen157
\Gm@layouthoffset=\dimen158
\Gm@layoutvoffset=\dimen159
\Gm@dimlist=\toks23

(C:\Users\vresh\AppData\Local\Programs\MiKTeX\tex/latex/geometry\geometry.cfg))
(C:\Users\vresh\AppData\Local\Programs\MiKTeX\tex/latex/amsmath\amsmath.sty
Package: amsmath 2025/07/09 v2.17z AMS math features
\@mathmargin=\skip52

For additional information on amsmath, use the `?' option.
(C:\Users\vresh\AppData\Local\Programs\MiKTeX\tex/latex/amsmath\amstext.sty
Package: amstext 2024/11/17 v2.01 AMS text

(C:\Users\vresh\AppData\Local\Programs\MiKTeX\tex/latex/amsmath\amsgen.sty
File: amsgen.sty 1999/11/30 v2.0 generic functions
\@emptytoks=\toks24
\ex@=\dimen160
))
(C:\Users\vresh\AppData\Local\Programs\MiKTeX\tex/latex/amsmath\amsbsy.sty
Package: amsbsy 1999/11/29 v1.2d Bold Symbols
\pmbraise@=\dimen161
)
(C:\Users\vresh\AppData\Local\Programs\MiKTeX\tex/latex/amsmath\amsopn.sty
Package: amsopn 2022/04/08 v2.04 operator names
)
\inf@bad=\count290
LaTeX Info: Redefining \frac on input line 233.
\uproot@=\count291
\leftroot@=\count292
LaTeX Info: Redefining \overline on input line 398.
LaTeX Info: Redefining \colon on input line 409.
\classnum@=\count293
\DOTSCASE@=\count294
LaTeX Info: Redefining \ldots on input line 495.
LaTeX Info: Redefining \dots on input line 498.
LaTeX Info: Redefining \cdots on input line 619.
\Mathstrutbox@=\box54
\strutbox@=\box55
LaTeX Info: Redefining \big on input line 721.
LaTeX Info: Redefining \Big on input line 722.
LaTeX Info: Redefining \bigg on input line 723.
LaTeX Info: Redefining \Bigg on input line 724.
\big@size=\dimen162
LaTeX Font Info:    Redeclaring font encoding OML on input line 742.
LaTeX Font Info:    Redeclaring font encoding OMS on input line 743.
\macc@depth=\count295
LaTeX Info: Redefining \bmod on input line 904.
LaTeX Info: Redefining \pmod on input line 909.
LaTeX Info: Redefining \smash on input line 939.
LaTeX Info: Redefining \relbar on input line 969.
LaTeX Info: Redefining \Relbar on input line 970.
\c@MaxMatrixCols=\count296
\dotsspace@=\muskip17
\c@parentequation=\count297
\dspbrk@lvl=\count298
\tag@help=\toks25
\row@=\count299
\column@=\count300
\maxfields@=\count301
\andhelp@=\toks26
\eqnshift@=\dimen163
\alignsep@=\dimen164
\tagshift@=\dimen165
\tagwidth@=\dimen166
\totwidth@=\dimen167
\lineht@=\dimen168
\@envbody=\toks27
\multlinegap=\skip53
\multlinetaggap=\skip54
\mathdisplay@stack=\toks28
LaTeX Info: Redefining \[ on input line 2950.
LaTeX Info: Redefining \] on input line 2951.
)
(C:\Users\vresh\AppData\Local\Programs\MiKTeX\tex/latex/amsfonts\amssymb.sty
Package: amssymb 2013/01/14 v3.01 AMS font symbols

(C:\Users\vresh\AppData\Local\Programs\MiKTeX\tex/latex/amsfonts\amsfonts.sty
Package: amsfonts 2013/01/14 v3.01 Basic AMSFonts support
\symAMSa=\mathgroup4
\symAMSb=\mathgroup5
LaTeX Font Info:    Redeclaring math symbol \hbar on input line 98.
LaTeX Font Info:    Overwriting math alphabet `\mathfrak' in version `bold'
(Font)                  U/euf/m/n --> U/euf/b/n on input line 106.
)) (C:\Users\vresh\AppData\Local\Programs\MiKTeX\tex/latex/amscls\amsthm.sty
Package: amsthm 2020/05/29 v2.20.6
\thm@style=\toks29
\thm@bodyfont=\toks30
\thm@headfont=\toks31
\thm@notefont=\toks32
\thm@headpunct=\toks33
\thm@preskip=\skip55
\thm@postskip=\skip56
\thm@headsep=\skip57
\dth@everypar=\toks34
)
(C:\Users\vresh\AppData\Local\Programs\MiKTeX\tex/latex/mathtools\mathtools.sty
Package: mathtools 2024/10/04 v1.31 mathematical typesetting tools
(C:\Users\vresh\AppData\Local\Programs\MiKTeX\tex/latex/tools\calc.sty
Package: calc 2025/03/01 v4.3b Infix arithmetic (KKT,FJ)
\calc@Acount=\count302
\calc@Bcount=\count303
\calc@Adimen=\dimen169
\calc@Bdimen=\dimen170
\calc@Askip=\skip58
\calc@Bskip=\skip59
LaTeX Info: Redefining \setlength on input line 86.
LaTeX Info: Redefining \addtolength on input line 87.
\calc@Ccount=\count304
\calc@Cskip=\skip60
)
(C:\Users\vresh\AppData\Local\Programs\MiKTeX\tex/latex/mathtools\mhsetup.sty
Package: mhsetup 2021/03/18 v1.4 programming setup (MH)
)
\g_MT_multlinerow_int=\count305
\l_MT_multwidth_dim=\dimen171
\origjot=\skip61
\l_MT_shortvdotswithinadjustabove_dim=\dimen172
\l_MT_shortvdotswithinadjustbelow_dim=\dimen173
\l_MT_above_intertext_sep=\dimen174
\l_MT_below_intertext_sep=\dimen175
\l_MT_above_shortintertext_sep=\dimen176
\l_MT_below_shortintertext_sep=\dimen177
\xmathstrut@box=\box56
\xmathstrut@dim=\dimen178
) (C:\Users\vresh\AppData\Local\Programs\MiKTeX\tex/latex/booktabs\booktabs.sty
Package: booktabs 2020/01/12 v1.61803398 Publication quality tables
\heavyrulewidth=\dimen179
\lightrulewidth=\dimen180
\cmidrulewidth=\dimen181
\belowrulesep=\dimen182
\belowbottomsep=\dimen183
\aboverulesep=\dimen184
\abovetopsep=\dimen185
\cmidrulesep=\dimen186
\cmidrulekern=\dimen187
\defaultaddspace=\dimen188
\@cmidla=\count306
\@cmidlb=\count307
\@aboverulesep=\dimen189
\@belowrulesep=\dimen190
\@thisruleclass=\count308
\@lastruleclass=\count309
\@thisrulewidth=\dimen191
) (C:\Users\vresh\AppData\Local\Programs\MiKTeX\tex/latex/tools\longtable.sty
Package: longtable 2025-10-13 v4.24 Multi-page Table package (DPC)
\LTleft=\skip62
\LTright=\skip63
\LTpre=\skip64
\LTpost=\skip65
\LTchunksize=\count310
\LTcapwidth=\dimen192
\LT@head=\box57
\LT@firsthead=\box58
\LT@foot=\box59
\LT@lastfoot=\box60
\LT@gbox=\box61
\LT@cols=\count311
\LT@rows=\count312
\c@LT@tables=\count313
\c@LT@chunks=\count314
\LT@p@ftn=\toks35
)
(C:\Users\vresh\AppData\Local\Programs\MiKTeX\tex/latex/tools\array.sty
Package: array 2025/09/25 v2.6n Tabular extension package (FMi)
\col@sep=\dimen193
\ar@mcellbox=\box62
\extrarowheight=\dimen194
\NC@list=\toks36
\extratabsurround=\skip66
\backup@length=\skip67
\ar@cellbox=\box63
)
(C:\Users\vresh\AppData\Local\Programs\MiKTeX\tex/latex/tools\tabularx.sty
Package: tabularx 2023/12/11 v2.12a `tabularx' package (DPC)
\TX@col@width=\dimen195
\TX@old@table=\dimen196
\TX@old@col=\dimen197
\TX@target=\dimen198
\TX@delta=\dimen199
\TX@cols=\count315
\TX@ftn=\toks37
)
(C:\Users\vresh\AppData\Local\Programs\MiKTeX\tex/latex/graphics\graphicx.sty
Package: graphicx 2024/12/31 v1.2e Enhanced LaTeX Graphics (DPC,SPQR)

(C:\Users\vresh\AppData\Local\Programs\MiKTeX\tex/latex/graphics\graphics.sty
Package: graphics 2024/08/06 v1.4g Standard LaTeX Graphics (DPC,SPQR)

(C:\Users\vresh\AppData\Local\Programs\MiKTeX\tex/latex/graphics\trig.sty
Package: trig 2023/12/02 v1.11 sin cos tan (DPC)
)
(C:\Users\vresh\AppData\Local\Programs\MiKTeX\tex/latex/graphics-cfg\graphics.c
fg
File: graphics.cfg 2016/06/04 v1.11 sample graphics configuration
)
Package graphics Info: Driver file: pdftex.def on input line 106.

(C:\Users\vresh\AppData\Local\Programs\MiKTeX\tex/latex/graphics-def\pdftex.def
File: pdftex.def 2025/09/29 v1.2d Graphics/color driver for pdftex
))
\Gin@req@height=\dimen256
\Gin@req@width=\dimen257
) (C:\Users\vresh\AppData\Local\Programs\MiKTeX\tex/latex/float\float.sty
Package: float 2001/11/08 v1.3d Float enhancements (AL)
\c@float@type=\count316
\float@exts=\toks38
\float@box=\box64
\@float@everytoks=\toks39
\@floatcapt=\box65
)
(C:\Users\vresh\AppData\Local\Programs\MiKTeX\tex/latex/caption\caption.sty
Package: caption 2023/08/05 v3.6o Customizing captions (AR)

(C:\Users\vresh\AppData\Local\Programs\MiKTeX\tex/latex/caption\caption3.sty
Package: caption3 2023/07/31 v2.4d caption3 kernel (AR)
\caption@tempdima=\dimen258
\captionmargin=\dimen259
\caption@leftmargin=\dimen260
\caption@rightmargin=\dimen261
\caption@width=\dimen262
\caption@indent=\dimen263
\caption@parindent=\dimen264
\caption@hangindent=\dimen265
Package caption Info: Standard document class detected.
)
\c@caption@flags=\count317
\c@continuedfloat=\count318
Package caption Info: float package is loaded.
Package caption Info: longtable package is loaded.

(C:\Users\vresh\AppData\Local\Programs\MiKTeX\tex/latex/caption\ltcaption.sty
Package: ltcaption 2021/01/08 v1.4c longtable captions (AR)
)) (C:\Users\vresh\AppData\Local\Programs\MiKTeX\tex/latex/enumitem\enumitem.st
y
Package: enumitem 2025/02/06 v3.11 Customized lists
\enitkv@toks@=\toks40
\labelindent=\skip68
\enit@outerparindent=\dimen266
\enit@toks=\toks41
\enit@inbox=\box66
\enit@count@id=\count319
\enitdp@description=\count320
) (C:\Users\vresh\AppData\Local\Programs\MiKTeX\tex/latex/xcolor\xcolor.sty
Package: xcolor 2024/09/29 v3.02 LaTeX color extensions (UK)

(C:\Users\vresh\AppData\Local\Programs\MiKTeX\tex/latex/graphics-cfg\color.cfg
File: color.cfg 2016/01/02 v1.6 sample color configuration
)
Package xcolor Info: Driver file: pdftex.def on input line 274.
(C:\Users\vresh\AppData\Local\Programs\MiKTeX\tex/latex/graphics\mathcolor.ltx)
Package xcolor Info: Model `cmy' substituted by `cmy0' on input line 1349.
Package xcolor Info: Model `hsb' substituted by `rgb' on input line 1353.
Package xcolor Info: Model `RGB' extended on input line 1365.
Package xcolor Info: Model `HTML' substituted by `rgb' on input line 1367.
Package xcolor Info: Model `Hsb' substituted by `hsb' on input line 1368.
Package xcolor Info: Model `tHsb' substituted by `hsb' on input line 1369.
Package xcolor Info: Model `HSB' substituted by `hsb' on input line 1370.
Package xcolor Info: Model `Gray' substituted by `gray' on input line 1371.
Package xcolor Info: Model `wave' substituted by `hsb' on input line 1372.
) (C:\Users\vresh\AppData\Local\Programs\MiKTeX\tex/latex/listings\listings.sty
\lst@mode=\count321
\lst@gtempboxa=\box67
\lst@token=\toks42
\lst@length=\count322
\lst@currlwidth=\dimen267
\lst@column=\count323
\lst@pos=\count324
\lst@lostspace=\dimen268
\lst@width=\dimen269
\lst@newlines=\count325
\lst@lineno=\count326
\lst@maxwidth=\dimen270
(C:\Users\vresh\AppData\Local\Programs\MiKTeX\tex/latex/listings\lstpatch.sty
File: lstpatch.sty 2025/11/14 1.11b (Carsten Heinz)
)
(C:\Users\vresh\AppData\Local\Programs\MiKTeX\tex/latex/listings\lstmisc.sty
File: lstmisc.sty 2025/11/14 1.11b (Carsten Heinz)
\c@lstnumber=\count327
\lst@skipnumbers=\count328
\lst@framebox=\box68
)
(C:\Users\vresh\AppData\Local\Programs\MiKTeX\tex/latex/listings\listings.cfg
File: listings.cfg 2025/11/14 1.11b listings configuration
))
Package: listings 2025/11/14 1.11b (Carsten Heinz)
==> First Aid for listings.sty no longer applied!
    Expected:
        2024/09/23 1.10c (Carsten Heinz)
    but found:
        2025/11/14 1.11b (Carsten Heinz)
    so I'm assuming it got fixed.
(C:\Users\vresh\AppData\Local\Programs\MiKTeX\tex/latex/xurl\xurl.sty
Package: xurl 2022/01/09 v 0.10 modify URL breaks

(C:\Users\vresh\AppData\Local\Programs\MiKTeX\tex/latex/url\url.sty
\Urlmuskip=\muskip18
Package: url 2013/09/16  ver 3.4  Verb mode for urls, etc.
))
(C:\Users\vresh\AppData\Local\Programs\MiKTeX\tex/latex/hyperref\hyperref.sty
Package: hyperref 2026-01-29 v7.01p Hypertext links for LaTeX

(C:\Users\vresh\AppData\Local\Programs\MiKTeX\tex/latex/kvsetkeys\kvsetkeys.sty
Package: kvsetkeys 2022-10-05 v1.19 Key value parser (HO)
)
(C:\Users\vresh\AppData\Local\Programs\MiKTeX\tex/generic/kvdefinekeys\kvdefine
keys.sty
Package: kvdefinekeys 2019-12-19 v1.6 Define keys (HO)
)
(C:\Users\vresh\AppData\Local\Programs\MiKTeX\tex/generic/pdfescape\pdfescape.s
ty
Package: pdfescape 2019/12/09 v1.15 Implements pdfTeX's escape features (HO)

(C:\Users\vresh\AppData\Local\Programs\MiKTeX\tex/generic/ltxcmds\ltxcmds.sty
Package: ltxcmds 2023-12-04 v1.26 LaTeX kernel commands for general use (HO)
)
(C:\Users\vresh\AppData\Local\Programs\MiKTeX\tex/generic/pdftexcmds\pdftexcmds
.sty
Package: pdftexcmds 2020-06-27 v0.33 Utility functions of pdfTeX for LuaTeX (HO
)

(C:\Users\vresh\AppData\Local\Programs\MiKTeX\tex/generic/infwarerr\infwarerr.s
ty
Package: infwarerr 2019/12/03 v1.5 Providing info/warning/error messages (HO)
)
Package pdftexcmds Info: \pdf@primitive is available.
Package pdftexcmds Info: \pdf@ifprimitive is available.
Package pdftexcmds Info: \pdfdraftmode found.
))
(C:\Users\vresh\AppData\Local\Programs\MiKTeX\tex/latex/hycolor\hycolor.sty
Package: hycolor 2020-01-27 v1.10 Color options for hyperref/bookmark (HO)
)
(C:\Users\vresh\AppData\Local\Programs\MiKTeX\tex/latex/hyperref\nameref.sty
Package: nameref 2026-01-29 v2.58 Cross-referencing by name of section

(C:\Users\vresh\AppData\Local\Programs\MiKTeX\tex/latex/refcount\refcount.sty
Package: refcount 2019/12/15 v3.6 Data extraction from label references (HO)
)
(C:\Users\vresh\AppData\Local\Programs\MiKTeX\tex/generic/gettitlestring\gettit
lestring.sty
Package: gettitlestring 2019/12/15 v1.6 Cleanup title references (HO)

(C:\Users\vresh\AppData\Local\Programs\MiKTeX\tex/latex/kvoptions\kvoptions.sty
Package: kvoptions 2022-06-15 v3.15 Key value format for package options (HO)
))
\c@section@level=\count329
)
(C:\Users\vresh\AppData\Local\Programs\MiKTeX\tex/generic/stringenc\stringenc.s
ty
Package: stringenc 2019/11/29 v1.12 Convert strings between diff. encodings (HO
)
)
\@linkdim=\dimen271
\Hy@linkcounter=\count330
\Hy@pagecounter=\count331
 (C:\Users\vresh\AppData\Local\Programs\MiKTeX\tex/latex/hyperref\pd1enc.def
File: pd1enc.def 2026-01-29 v7.01p Hyperref: PDFDocEncoding definition (HO)
Now handling font encoding PD1 ...
... no UTF-8 mapping file for font encoding PD1
) (C:\Users\vresh\AppData\Local\Programs\MiKTeX\tex/generic/intcalc\intcalc.sty
Package: intcalc 2019/12/15 v1.3 Expandable calculations with integers (HO)
)
\Hy@SavedSpaceFactor=\count332
 (C:\Users\vresh\AppData\Local\Programs\MiKTeX\tex/latex/hyperref\puenc.def
File: puenc.def 2026-01-29 v7.01p Hyperref: PDF Unicode definition (HO)
Now handling font encoding PU ...
... no UTF-8 mapping file for font encoding PU
)
Package hyperref Info: Hyper figures OFF on input line 4201.
Package hyperref Info: Link nesting OFF on input line 4206.
Package hyperref Info: Hyper index ON on input line 4209.
Package hyperref Info: Plain pages OFF on input line 4216.
Package hyperref Info: Backreferencing OFF on input line 4221.
Package hyperref Info: Implicit mode ON; LaTeX internals redefined.
Package hyperref Info: Bookmarks ON on input line 4468.
\c@Hy@tempcnt=\count333
LaTeX Info: Redefining \url on input line 4807.
\XeTeXLinkMargin=\dimen272

(C:\Users\vresh\AppData\Local\Programs\MiKTeX\tex/generic/bitset\bitset.sty
Package: bitset 2019/12/09 v1.3 Handle bit-vector datatype (HO)

(C:\Users\vresh\AppData\Local\Programs\MiKTeX\tex/generic/bigintcalc\bigintcalc
.sty
Package: bigintcalc 2019/12/15 v1.5 Expandable calculations on big integers (HO
)
))
\Fld@menulength=\count334
\Field@Width=\dimen273
\Fld@charsize=\dimen274
Package hyperref Info: Hyper figures OFF on input line 6084.
Package hyperref Info: Link nesting OFF on input line 6089.
Package hyperref Info: Hyper index ON on input line 6092.
Package hyperref Info: backreferencing OFF on input line 6099.
Package hyperref Info: Link coloring OFF on input line 6104.
Package hyperref Info: Link coloring with OCG OFF on input line 6109.
Package hyperref Info: PDF/A mode OFF on input line 6114.
\Hy@abspage=\count335
\c@Item=\count336
\c@Hfootnote=\count337
)
Package hyperref Info: Driver (autodetected): hpdftex.

(C:\Users\vresh\AppData\Local\Programs\MiKTeX\tex/latex/hyperref\hpdftex.def
File: hpdftex.def 2026-01-29 v7.01p Hyperref driver for pdfTeX
\Fld@listcount=\count338
\c@bookmark@seq@number=\count339

(C:\Users\vresh\AppData\Local\Programs\MiKTeX\tex/latex/rerunfilecheck\rerunfil
echeck.sty
Package: rerunfilecheck 2025-06-21 v1.11 Rerun checks for auxiliary files (HO)

(C:\Users\vresh\AppData\Local\Programs\MiKTeX\tex/generic/uniquecounter\uniquec
ounter.sty
Package: uniquecounter 2019/12/15 v1.4 Provide unlimited unique counter (HO)
)
Package uniquecounter Info: New unique counter `rerunfilecheck' on input line 2
84.
)
\Hy@SectionHShift=\skip69
)
(C:\Users\vresh\AppData\Local\Programs\MiKTeX\tex/latex/cleveref\cleveref.sty
Package: cleveref 2018/03/27 v0.21.4 Intelligent cross-referencing
Package cleveref Info: `hyperref' support loaded on input line 2370.
LaTeX Info: Redefining \cref on input line 2370.
LaTeX Info: Redefining \Cref on input line 2370.
LaTeX Info: Redefining \crefrange on input line 2370.
LaTeX Info: Redefining \Crefrange on input line 2370.
LaTeX Info: Redefining \cpageref on input line 2370.
LaTeX Info: Redefining \Cpageref on input line 2370.
LaTeX Info: Redefining \cpagerefrange on input line 2370.
LaTeX Info: Redefining \Cpagerefrange on input line 2370.
LaTeX Info: Redefining \labelcref on input line 2370.
LaTeX Info: Redefining \labelcpageref on input line 2370.
Package cleveref Info: `amsthm' support loaded on input line 3026.
Package cleveref Info: `listings' support loaded on input line 3131.
Package cleveref Info: always capitalise cross-reference names on input line 78
25.
Package cleveref Info: include cross-reference names in hyperlinks on input lin
e 7836.
Package cleveref Info: include cross-reference names in hyperlinks on input lin
e 7852.
Package cleveref Info: no abbreviation of names on input line 7852.
Package cleveref Info: always capitalise cross-reference names on input line 78
52.
)
==> First Aid for cleveref.sty applied!
(C:\Users\vresh\AppData\Local\Programs\MiKTeX\tex/latex/aliascnt\aliascnt.sty
Package: aliascnt 2026-03-08 v1.7 Alias counters (HO)
)
(../../../../fabius-notation.tex)
Package hyperref Info: Option `colorlinks' set `true' on input line 37.
\c@theorem=\count340

(C:\Users\vresh\AppData\Local\Programs\MiKTeX\tex/latex/listings\lstlang1.sty
File: lstlang1.sty 2025/11/14 1.11b listings language file
)
LaTeX Font Info:    Trying to load font information for T1+LibertinusSerif-TLF 
on input line 136.

(C:\Users\vresh\AppData\Local\Programs\MiKTeX\tex/latex/libertinus-type1\t1libe
rtinusserif-tlf.fd
File: T1LibertinusSerif-TLF.fd 2024/09/22 (autoinst) Font definitions for T1/Li
bertinusSerif-TLF.
)
LaTeX Font Info:    Font shape `T1/LibertinusSerif-TLF/m/n' will be
(Font)              scaled to size 10.95pt on input line 136.

(C:\Users\vresh\AppData\Local\Programs\MiKTeX\tex/latex/l3backend\l3backend-pdf
tex.def
File: l3backend-pdftex.def 2026-02-18 L3 backend support: PDF output (pdfTeX)
\l__color_backend_stack_int=\count341
) (C:\Temp\pv-u7r73d07\out\Lambert_W_Guide.aux)
\openout1 = `Lambert_W_Guide.aux'.

LaTeX Font Info:    Checking defaults for OML/cmm/m/it on input line 136.
LaTeX Font Info:    ... okay on input line 136.
LaTeX Font Info:    Checking defaults for OMS/cmsy/m/n on input line 136.
LaTeX Font Info:    ... okay on input line 136.
LaTeX Font Info:    Checking defaults for OT1/cmr/m/n on input line 136.
LaTeX Font Info:    ... okay on input line 136.
LaTeX Font Info:    Checking defaults for T1/cmr/m/n on input line 136.
LaTeX Font Info:    ... okay on input line 136.
LaTeX Font Info:    Checking defaults for TS1/cmr/m/n on input line 136.
LaTeX Font Info:    ... okay on input line 136.
LaTeX Font Info:    Checking defaults for OMX/cmex/m/n on input line 136.
LaTeX Font Info:    ... okay on input line 136.
LaTeX Font Info:    Checking defaults for U/cmr/m/n on input line 136.
LaTeX Font Info:    ... okay on input line 136.
LaTeX Font Info:    Checking defaults for PD1/pdf/m/n on input line 136.
LaTeX Font Info:    ... okay on input line 136.
LaTeX Font Info:    Checking defaults for PU/pdf/m/n on input line 136.
LaTeX Font Info:    ... okay on input line 136.
\c@mv@tabular=\count342
\c@mv@boldtabular=\count343
LaTeX Info: Redefining \microtypecontext on input line 136.
Package microtype Info: Applying patch `item' on input line 136.
Package microtype Info: Applying patch `toc' on input line 136.
Package microtype Info: Applying patch `eqnum' on input line 136.
Package microtype Info: Applying patch `footnote' on input line 136.
Package microtype Info: Applying patch `verbatim' on input line 136.
LaTeX Info: Redefining \microtypesetup on input line 136.
Package microtype Info: Generating PDF output.
Package microtype Info: Character protrusion enabled (level 2).
Package microtype Info: Using default protrusion set `alltext'.
Package microtype Info: Automatic font expansion enabled (level 2),
(microtype)             stretch: 20, shrink: 20, step: 1, non-selected.
Package microtype Info: Using default expansion set `alltext-nott'.
Package microtype Info: Patching command `\showhyphens'.
Package microtype Info: No adjustment of tracking.
Package microtype Info: No adjustment of interword spacing.
Package microtype Info: No adjustment of character kerning.
Package microtype Info: Loading generic protrusion settings for font family
(microtype)             `LibertinusSerif-TLF' (encoding: T1).
(microtype)             For optimal results, create family-specific settings.
(microtype)             See the microtype manual for details.

*geometry* driver: auto-detecting
*geometry* detected driver: pdftex
*geometry* verbose mode - [ preamble ] result:
* driver: pdftex
* paper: a4paper
* layout: <same size as paper>
* layoutoffset:(h,v)=(0.0pt,0.0pt)
* modes: 
* h-part:(L,W,R)=(76.82243pt, 443.863pt, 76.82243pt)
* v-part:(T,H,B)=(76.82243pt, 691.40198pt, 76.82243pt)
* \paperwidth=597.50787pt
* \paperheight=845.04684pt
* \textwidth=443.863pt
* \textheight=691.40198pt
* \oddsidemargin=4.55244pt
* \evensidemargin=4.55244pt
* \topmargin=-35.44756pt
* \headheight=15.0pt
* \headsep=25.0pt
* \topskip=11.0pt
* \footskip=30.0pt
* \marginparwidth=59.0pt
* \marginparsep=10.0pt
* \columnsep=10.0pt
* \skip\footins=10.0pt plus 4.0pt minus 2.0pt
* \hoffset=0.0pt
* \voffset=0.0pt
* \mag=1000
* \@twocolumnfalse
* \@twosidefalse
* \@mparswitchfalse
* \@reversemarginfalse
* (1in=72.27pt=25.4mm, 1cm=28.453pt)


(C:\Users\vresh\AppData\Local\Programs\MiKTeX\tex/context/base/mkii\supp-pdf.mk
ii
[Loading MPS to PDF converter (version 2006.09.02).]
\scratchcounter=\count344
\scratchdimen=\dimen275
\scratchbox=\box69
\nofMPsegments=\count345
\nofMParguments=\count346
\everyMPshowfont=\toks43
\MPscratchCnt=\count347
\MPscratchDim=\dimen276
\MPnumerator=\count348
\makeMPintoPDFobject=\count349
\everyMPtoPDFconversion=\toks44
)
(C:\Users\vresh\AppData\Local\Programs\MiKTeX\tex/latex/epstopdf-pkg\epstopdf-b
ase.sty
Package: epstopdf-base 2020-01-24 v2.11 Base part for package epstopdf


Package epstopdf Warning: Shell escape feature is not enabled.

Package epstopdf-base Info: Redefining graphics rule for `.eps' on input line 4
85.

(C:\Users\vresh\AppData\Local\Programs\MiKTeX\tex/latex/00miktex\epstopdf-sys.c
fg
File: epstopdf-sys.cfg 2021/03/18 v2.0 Configuration of epstopdf for MiKTeX
))
Package caption Info: Begin \AtBeginDocument code.
Package caption Info: hyperref package is loaded.
Package caption Info: listings package is loaded.
Package caption Info: End \AtBeginDocument code.
\c@lstlisting=\count350
Package hyperref Info: Link coloring ON on input line 136.
 (C:\Temp\pv-u7r73d07\out\Lambert_W_Guide.out)
(C:\Temp\pv-u7r73d07\out\Lambert_W_Guide.out)
\@outlinefile=\write3
\openout3 = `Lambert_W_Guide.out'.

LaTeX Font Info:    Font shape `T1/LibertinusSerif-TLF/m/n' will be
(Font)              scaled to size 17.28pt on input line 138.
LaTeX Font Info:    Font shape `T1/LibertinusSerif-TLF/b/n' will be
(Font)              scaled to size 17.28pt on input line 138.

(C:\Users\vresh\AppData\Local\Programs\MiKTeX\tex/latex/microtype\mt-cmr.cfg
File: mt-cmr.cfg 2013/05/19 v2.2 microtype config. file: Computer Modern Roman 
(RS)
)
LaTeX Font Info:    Trying to load font information for U+msa on input line 138
.

(C:\Users\vresh\AppData\Local\Programs\MiKTeX\tex/latex/amsfonts\umsa.fd
File: umsa.fd 2013/01/14 v3.01 AMS symbols A
)
(C:\Users\vresh\AppData\Local\Programs\MiKTeX\tex/latex/microtype\mt-msa.cfg
File: mt-msa.cfg 2006/02/04 v1.1 microtype config. file: AMS symbols (a) (RS)
)
LaTeX Font Info:    Trying to load font information for U+msb on input line 138
.

(C:\Users\vresh\AppData\Local\Programs\MiKTeX\tex/latex/amsfonts\umsb.fd
File: umsb.fd 2013/01/14 v3.01 AMS symbols B
)
(C:\Users\vresh\AppData\Local\Programs\MiKTeX\tex/latex/microtype\mt-msb.cfg
File: mt-msb.cfg 2005/06/01 v1.0 microtype config. file: AMS symbols (b) (RS)
)
LaTeX Font Info:    Font shape `T1/LibertinusSerif-TLF/m/n' will be
(Font)              scaled to size 12.0pt on input line 138.
LaTeX Font Info:    Font shape `T1/LibertinusSerif-TLF/m/n' will be
(Font)              scaled to size 10.0pt on input line 139.
LaTeX Font Info:    Font shape `T1/LibertinusSerif-TLF/b/n' will be
(Font)              scaled to size 10.0pt on input line 139.
LaTeX Font Info:    Font shape `T1/LibertinusSerif-TLF/b/n' will be
(Font)              scaled to size 12.0pt on input line 168.
LaTeX Font Info:    Trying to load font information for T1+LibertinusMono-TLF o
n input line 175.

(C:\Users\vresh\AppData\Local\Programs\MiKTeX\tex/latex/libertinus-type1\t1libe
rtinusmono-tlf.fd
File: T1LibertinusMono-TLF.fd 2025/01/11 (autoinst) Font definitions for T1/Lib
ertinusMono-TLF.
)
LaTeX Font Info:    Font shape `T1/LibertinusMono-TLF/m/n' will be
(Font)              scaled to size 9.30756pt on input line 175.
Package microtype Info: Loading generic protrusion settings for font family
(microtype)             `LibertinusMono-TLF' (encoding: T1).
(microtype)             For optimal results, create family-specific settings.
(microtype)             See the microtype manual for details.
Package microtype Info: Character `guilsinglleft ' is missing
(microtype)             in font `T1/LibertinusMono-TLF/m/n/10.95'.
(microtype)             Ignoring protrusion settings for this character.
Package microtype Info: Character `guilsinglright ' is missing
(microtype)             in font `T1/LibertinusMono-TLF/m/n/10.95'.
(microtype)             Ignoring protrusion settings for this character.
LaTeX Font Info:    Trying to load font information for TS1+LibertinusSerif-TLF
 on input line 186.

(C:\Users\vresh\AppData\Local\Programs\MiKTeX\tex/latex/libertinus-type1\ts1lib
ertinusserif-tlf.fd
File: TS1LibertinusSerif-TLF.fd 2024/09/22 (autoinst) Font definitions for TS1/
LibertinusSerif-TLF.
)
LaTeX Font Info:    Font shape `TS1/LibertinusSerif-TLF/m/n' will be
(Font)              scaled to size 10.95pt on input line 186.
Package microtype Info: Loading generic protrusion settings for font family
(microtype)             `LibertinusSerif-TLF' (encoding: TS1).
(microtype)             For optimal results, create family-specific settings.
(microtype)             See the microtype manual for details.
LaTeX Font Info:    Font shape `T1/LibertinusSerif-TLF/m/n' will be
(Font)              scaled to size 9.0pt on input line 187.
LaTeX Font Info:    Font shape `T1/LibertinusMono-TLF/m/n' will be
(Font)              scaled to size 7.65005pt on input line 187.
Package microtype Info: Character `guilsinglleft ' is missing
(microtype)             in font `T1/LibertinusMono-TLF/m/n/9'.
(microtype)             Ignoring protrusion settings for this character.
Package microtype Info: Character `guilsinglright ' is missing
(microtype)             in font `T1/LibertinusMono-TLF/m/n/9'.
(microtype)             Ignoring protrusion settings for this character.
 [1

{C:/Users/vresh/AppData/Local/MiKTeX/fonts/map/pdftex/pdftex.map}{C:/Users/vres
h/AppData/Local/Programs/MiKTeX/fonts/enc/dvips/libertinus-type1/lbn1_sfissr.en
c}{C:/Users/vresh/AppData/Local/Programs/MiKTeX/fonts/enc/dvips/libertinus-type
1/lbn1_75t36g.enc}{C:/Users/vresh/AppData/Local/Programs/MiKTeX/fonts/enc/dvips
/libertinus-type1/lbn1_or3pzs.enc}]
LaTeX Font Info:    Font shape `T1/LibertinusSerif-TLF/m/n' will be
(Font)              scaled to size 14.4pt on input line 196.
LaTeX Font Info:    Font shape `T1/LibertinusSerif-TLF/b/n' will be
(Font)              scaled to size 14.4pt on input line 196.

(C:\Temp\pv-u7r73d07\out\Lambert_W_Guide.toc
LaTeX Font Info:    Font shape `T1/LibertinusSerif-TLF/b/n' will be
(Font)              scaled to size 10.95pt on input line 1.
 [2{C:/Users/vresh/AppData/Local/Programs/MiKTeX/fonts/enc/dvips/libertinus-typ
e1/lbn1_rlktsf.enc}] [3])
\tf@toc=\write4
\openout4 = `Lambert_W_Guide.toc'.

 [4]
LaTeX Font Info:    Font shape `T1/LibertinusSerif-TLF/m/it' will be
(Font)              scaled to size 10.95pt on input line 213.

[5

{C:/Users/vresh/AppData/Local/Programs/MiKTeX/fonts/enc/dvips/libertinus-type1/
lbn1_sncvby.enc}]
<figures/real_branches.pdf, id=471, 520.34402pt x 346.89601pt>
File: figures/real_branches.pdf Graphic file (type pdf)
<use figures/real_branches.pdf>
Package pdftex.def Info: figures/real_branches.pdf  used on input line 348.
(pdftex.def)             Requested size: 363.9709pt x 242.65616pt.
 [6]
LaTeX Font Info:    Font shape `T1/LibertinusSerif-TLF/m/it' will be
(Font)              scaled to size 8.0pt on input line 368.
LaTeX Font Info:    Font shape `T1/LibertinusSerif-TLF/m/it' will be
(Font)              scaled to size 6.0pt on input line 368.
 [7 <./figures/real_branches.pdf>] [8] [9]
LaTeX Font Info:    Font shape `T1/LibertinusSerif-TLF/m/n' will be
(Font)              scaled to size 8.0pt on input line 588.
LaTeX Font Info:    Font shape `T1/LibertinusSerif-TLF/m/n' will be
(Font)              scaled to size 6.0pt on input line 588.
 [10] [11]
[12] [13] [14] [15] [16] [17] [18] [19] [20]
<figures/branch_point_error_W0.pdf, id=714, 520.34402pt x 346.89601pt>
File: figures/branch_point_error_W0.pdf Graphic file (type pdf)
<use figures/branch_point_error_W0.pdf>
Package pdftex.def Info: figures/branch_point_error_W0.pdf  used on input line 
1507.
(pdftex.def)             Requested size: 346.2126pt x 230.82057pt.
<figures/branch_point_error_Wm1.pdf, id=717, 520.34402pt x 346.89601pt>
File: figures/branch_point_error_Wm1.pdf Graphic file (type pdf)
<use figures/branch_point_error_Wm1.pdf>
Package pdftex.def Info: figures/branch_point_error_Wm1.pdf  used on input line
 1515.
(pdftex.def)             Requested size: 346.2126pt x 230.82057pt.
 [21 <./figures/branch_point_error_W0.pdf>] [22 <./figures/branch_point_error_W
m1.pdf>] [23] [24]
<figures/asymptotic_error_W0.pdf, id=801, 520.34402pt x 346.89601pt>
File: figures/asymptotic_error_W0.pdf Graphic file (type pdf)
<use figures/asymptotic_error_W0.pdf>
Package pdftex.def Info: figures/asymptotic_error_W0.pdf  used on input line 17
62.
(pdftex.def)             Requested size: 346.2126pt x 230.82057pt.
<figures/asymptotic_error_Wm1.pdf, id=802, 520.34402pt x 346.89601pt>
File: figures/asymptotic_error_Wm1.pdf Graphic file (type pdf)
<use figures/asymptotic_error_Wm1.pdf>
Package pdftex.def Info: figures/asymptotic_error_Wm1.pdf  used on input line 1
771.
(pdftex.def)             Requested size: 346.2126pt x 230.82057pt.
 [25 <./figures/asymptotic_error_W0.pdf>] [26 <./figures/asymptotic_error_Wm1.p
df>] [27]
[28]
<figures/Wm1_bounds.pdf, id=876, 520.34402pt x 346.89601pt>
File: figures/Wm1_bounds.pdf Graphic file (type pdf)
<use figures/Wm1_bounds.pdf>
Package pdftex.def Info: figures/Wm1_bounds.pdf  used on input line 2014.
(pdftex.def)             Requested size: 346.2126pt x 230.82057pt.
 [29 <./figures/Wm1_bounds.pdf>] [30]
<figures/pade_errors.pdf, id=915, 520.34402pt x 346.89601pt>
File: figures/pade_errors.pdf Graphic file (type pdf)
<use figures/pade_errors.pdf>
Package pdftex.def Info: figures/pade_errors.pdf  used on input line 2144.
(pdftex.def)             Requested size: 346.2126pt x 230.82057pt.
 [31 <./figures/pade_errors.pdf>]
[32] [33] [34] [35] [36] [37]
<figures/logarithmic_newton_convergence.pdf, id=1043, 520.34402pt x 346.89601pt
>
File: figures/logarithmic_newton_convergence.pdf Graphic file (type pdf)
<use figures/logarithmic_newton_convergence.pdf>
Package pdftex.def Info: figures/logarithmic_newton_convergence.pdf  used on in
put line 2701.
(pdftex.def)             Requested size: 346.2126pt x 230.82057pt.
 [38 <./figures/logarithmic_newton_convergence.pdf>] [39] [40] [41] [42] [43] [
44] [45] [46] [47] [48] [49] [50] [51] [52]
[53] [54] [55

] [56]
(C:\Users\vresh\AppData\Local\Programs\MiKTeX\tex/latex/listings\lstlang1.sty
File: lstlang1.sty 2025/11/14 1.11b listings language file
)
(C:\Users\vresh\AppData\Local\Programs\MiKTeX\tex/latex/listings\lstlang1.sty
File: lstlang1.sty 2025/11/14 1.11b listings language file
)
LaTeX Font Info:    Font shape `T1/LibertinusMono-TLF/m/n' will be
(Font)              scaled to size 8.50006pt on input line 4164.
Package microtype Info: Character `guilsinglleft ' is missing
(microtype)             in font `T1/LibertinusMono-TLF/m/n/10'.
(microtype)             Ignoring protrusion settings for this character.
Package microtype Info: Character `guilsinglright ' is missing
(microtype)             in font `T1/LibertinusMono-TLF/m/n/10'.
(microtype)             Ignoring protrusion settings for this character.
Package hyperref Info: bookmark level for unknown lstlisting defaults to 0 on i
nput line 4178.

(numerical_values.txt) [57] [58]
ignored: Infinite glue shrinkage found in box being spli
t [59] [60] [61]
Underfull \hbox (badness 10000) in paragraph at lines 4549--4552
[]|[][]\T1/LibertinusSerif-TLF/m/n/10.95 (+20) Theorem 2.1[][]: $\OML/cmm/m/it/
10.95 W[]$ \T1/LibertinusSerif-TLF/m/n/10.95 (+20) is a
 []


Underfull \hbox (badness 3428) in paragraph at lines 4549--4552
\T1/LibertinusSerif-TLF/m/n/10.95 (+20) strictly in-creas-ing bi-jec-tion
 []


Underfull \hbox (badness 10000) in paragraph at lines 4549--4552
\OT1/cmr/m/n/10.95 [\OMS/cmsy/m/n/10.95 ^^@\OT1/cmr/m/n/10.95 1\OML/cmm/m/it/10
.95 =\OT1/cmr/m/n/10.95 e\OML/cmm/m/it/10.95 ; \OT1/cmr/m/n/10.95 0) \OMS/cmsy/
m/n/10.95 ! \OT1/cmr/m/n/10.95 (\OMS/cmsy/m/n/10.95 ^^@1\OML/cmm/m/it/10.95 ; \
OMS/cmsy/m/n/10.95 ^^@\OT1/cmr/m/n/10.95 1]$\T1/LibertinusSerif-TLF/m/n/10.95 (
+20) ,
 []


Underfull \hbox (badness 2809) in paragraph at lines 4549--4552
\T1/LibertinusSerif-TLF/m/n/10.95 (+20) and ev-ery real so-lu-tion of
 []


Underfull \hbox (badness 1215) in paragraph at lines 4559--4565
[]|\T1/LibertinusSerif-TLF/m/n/10.95 (+20) The last, in mod-ule
 []


Underfull \hbox (badness 2680) in paragraph at lines 4559--4565
\T1/LibertinusMono-TLF/m/n/10.95 i c h o t o my$\T1/LibertinusSerif-TLF/m/n/10.
95 (+20) , is the
 []


Underfull \hbox (badness 10000) in paragraph at lines 4559--4565
\T1/LibertinusSerif-TLF/m/n/10.95 (+20) im-ages are stated
 []


Underfull \hbox (badness 10000) in paragraph at lines 4559--4565
\T1/LibertinusSerif-TLF/m/n/10.95 (+20) for the open ray
 []


Underfull \hbox (badness 10000) in paragraph at lines 4559--4565
\OT1/cmr/m/n/10.95 (\OMS/cmsy/m/n/10.95 ^^@\OT1/cmr/m/n/10.95 1\OML/cmm/m/it/10
.95 =\OT1/cmr/m/n/10.95 e\OML/cmm/m/it/10.95 ; \OMS/cmsy/m/n/10.95 1\OT1/cmr/m/
n/10.95 )$ \T1/LibertinusSerif-TLF/m/n/10.95 (+20) and the
 []


Underfull \hbox (badness 10000) in paragraph at lines 4559--4565
\T1/LibertinusSerif-TLF/m/n/10.95 (+20) in-ter-val $\OT1/cmr/m/n/10.95 [\OMS/cm
sy/m/n/10.95 ^^@\OT1/cmr/m/n/10.95 1\OML/cmm/m/it/10.95 =\OT1/cmr/m/n/10.95 e\O
ML/cmm/m/it/10.95 ; \OT1/cmr/m/n/10.95 0]$
 []


Underfull \hbox (badness 10000) in paragraph at lines 4559--4565
\T1/LibertinusSerif-TLF/m/n/10.95 (+20) on the prin-ci-pal
 []


Underfull \hbox (badness 7759) in paragraph at lines 4559--4565
\T1/LibertinusSerif-TLF/m/n/10.95 (+20) side and the open
 []


Underfull \hbox (badness 2393) in paragraph at lines 4559--4565
\T1/LibertinusSerif-TLF/m/n/10.95 (+20) the lower side; the
 []


Underfull \hbox (badness 2799) in paragraph at lines 4559--4565
\T1/LibertinusSerif-TLF/m/n/10.95 (+20) end-point val-ues are
 []


Underfull \hbox (badness 4193) in paragraph at lines 4572--4574
\OML/cmm/m/it/10.95 w\OT1/cmr/m/n/10.95 e[] = \OML/cmm/m/it/10.95 z$ \T1/Libert
inusSerif-TLF/m/n/10.95 (+20) equals
 []


Underfull \hbox (badness 1117) in paragraph at lines 4579--4586
\T1/LibertinusSerif-TLF/m/n/10.95 (+20) first deriva-tive is in
 []


Underfull \hbox (badness 7944) in paragraph at lines 4579--4586
\T1/LibertinusSerif-TLF/m/n/10.95 (+20) the form [], the
 []


Underfull \hbox (badness 1668) in paragraph at lines 4587--4589
\OT1/cmr/m/n/10.95 (\OMS/cmsy/m/n/10.95 ^^@\OT1/cmr/m/n/10.95 1\OML/cmm/m/it/10
.95 =\OT1/cmr/m/n/10.95 e\OML/cmm/m/it/10.95 ; \OMS/cmsy/m/n/10.95 ^^@\OT1/cmr/
m/n/10.95 2\OML/cmm/m/it/10.95 =\OT1/cmr/m/n/10.95 e[])$\T1/LibertinusSerif-TLF
/m/n/10.95 (+20) , in-flec-tion at
 []


Underfull \hbox (badness 2401) in paragraph at lines 4587--4589
\OMS/cmsy/m/n/10.95 ^^@\OT1/cmr/m/n/10.95 2\OML/cmm/m/it/10.95 =\OT1/cmr/m/n/10
.95 e[]$\T1/LibertinusSerif-TLF/m/n/10.95 (+20) , strictly con-cave on
 []


Underfull \hbox (badness 10000) in paragraph at lines 4594--4599
[]|\T1/LibertinusSerif-TLF/m/n/10.95 (+20) Lean's con-cav-ity
 []


Underfull \hbox (badness 10000) in paragraph at lines 4594--4599
\T1/LibertinusSerif-TLF/m/n/10.95 (+20) of $\OML/cmm/m/it/10.95 W[]$ \T1/Libert
inusSerif-TLF/m/n/10.95 (+20) is on the
 []


Underfull \hbox (badness 10000) in paragraph at lines 4594--4599
\T1/LibertinusSerif-TLF/m/n/10.95 (+20) slightly more than
 []


Underfull \hbox (badness 10000) in paragraph at lines 4594--4599
\T1/LibertinusSerif-TLF/m/n/10.95 (+20) stated here; the
 []


Underfull \hbox (badness 6842) in paragraph at lines 4594--4599
\T1/LibertinusSerif-TLF/m/n/10.95 (+20) lower-branch pieces
 []


Underfull \hbox (badness 2680) in paragraph at lines 4594--4599
\T1/LibertinusSerif-TLF/m/n/10.95 (+20) ter-val $\OT1/cmr/m/n/10.95 [\OMS/cmsy/
m/n/10.95 ^^@\OT1/cmr/m/n/10.95 1\OML/cmm/m/it/10.95 =\OT1/cmr/m/n/10.95 e\OML/
cmm/m/it/10.95 ; \OMS/cmsy/m/n/10.95 ^^@\OT1/cmr/m/n/10.95 2\OML/cmm/m/it/10.95
 =\OT1/cmr/m/n/10.95 e[]]$
 []


Underfull \hbox (badness 10000) in paragraph at lines 4594--4599
\T1/LibertinusSerif-TLF/m/n/10.95 (+20) and the half-open
 []


Underfull \hbox (badness 10000) in paragraph at lines 4594--4599
\OT1/cmr/m/n/10.95 [\OMS/cmsy/m/n/10.95 ^^@\OT1/cmr/m/n/10.95 2\OML/cmm/m/it/10
.95 =\OT1/cmr/m/n/10.95 e[]\OML/cmm/m/it/10.95 ; \OT1/cmr/m/n/10.95 0)$\T1/Libe
rtinusSerif-TLF/m/n/10.95 (+20) . The
 []


Underfull \hbox (badness 2460) in paragraph at lines 4600--4601
[]|[][]\T1/LibertinusSerif-TLF/m/n/10.95 (+20) Theorem 8.2[][], [][]The-o-rem 8
.5[][]:
 []


Underfull \hbox (badness 10000) in paragraph at lines 4600--4601
\T1/LibertinusSerif-TLF/m/n/10.95 (+20) the Maclau-rin co-ef-fi-cients
 []


Underfull \hbox (badness 10000) in paragraph at lines 4603--4609
[]|\T1/LibertinusSerif-TLF/m/n/10.95 (+20) A state-ment about
 []


Underfull \hbox (badness 1024) in paragraph at lines 4603--4609
\T1/LibertinusSerif-TLF/m/n/10.95 (+20) in-verse of $\OML/cmm/m/it/10.95 X\OT1/
cmr/m/n/10.95 e[]$ \T1/LibertinusSerif-TLF/m/n/10.95 (+20) has
 []


Underfull \hbox (badness 10000) in paragraph at lines 4603--4609
\T1/LibertinusSerif-TLF/m/n/10.95 (+20) li-brary's Lagrange--
 []


Underfull \hbox (badness 10000) in paragraph at lines 4603--4609
\T1/LibertinusSerif-TLF/m/n/10.95 (+20) Bürmann in-ver-sion
 []


Underfull \hbox (badness 6641) in paragraph at lines 4603--4609
\T1/LibertinusSerif-TLF/m/n/10.95 (+20) ([][]The-o-rem 8.1[][]), and
 []


Underfull \hbox (badness 10000) in paragraph at lines 4603--4609
\T1/LibertinusSerif-TLF/m/n/10.95 (+20) about con-ver-gence,
 []


Underfull \hbox (badness 7576) in paragraph at lines 4603--4609
\T1/LibertinusSerif-TLF/m/n/10.95 (+20) the ra-dius $\OT1/cmr/m/n/10.95 1\OML/c
mm/m/it/10.95 =\OT1/cmr/m/n/10.95 e$\T1/LibertinusSerif-TLF/m/n/10.95 (+20) , o
r
 []


Underfull \hbox (badness 2261) in paragraph at lines 4603--4609
\T1/LibertinusSerif-TLF/m/n/10.95 (+20) the end-point; those
 []


Underfull \hbox (badness 2050) in paragraph at lines 4610--4612
[]|[][]\T1/LibertinusSerif-TLF/m/n/10.95 (+20) Theorem 9.1[][], lead-ing term:
 []


Underfull \hbox (badness 10000) in paragraph at lines 4619--4621
[]|\T1/LibertinusSerif-TLF/m/n/10.95 (+20) Only the lead-ing
 []


Underfull \hbox (badness 5667) in paragraph at lines 4619--4621
\T1/LibertinusSerif-TLF/m/n/10.95 (+20) square-root term is
 []


Underfull \hbox (badness 10000) in paragraph at lines 4625--4628
[]|\T1/LibertinusSerif-TLF/m/n/10.95 (+20) Both halves are
 []


Underfull \hbox (badness 10000) in paragraph at lines 4625--4628
\T1/LibertinusSerif-TLF/m/n/10.95 (+20) Math-lib lem-mas
 []


Underfull \hbox (badness 3989) in paragraph at lines 4625--4628
\T1/LibertinusSerif-TLF/m/n/10.95 (+20) (not repos-i-tory dec-
 []


Underfull \hbox (badness 10000) in paragraph at lines 4625--4628
\T1/LibertinusSerif-TLF/m/n/10.95 (+20) la-ra-tions), stated
 []


Underfull \hbox (badness 1383) in paragraph at lines 4625--4628
\T1/LibertinusSerif-TLF/m/n/10.95 (+20) strict up-per form is
 []


Underfull \hbox (badness 5008) in paragraph at lines 4638--4644
[]|\T1/LibertinusSerif-TLF/m/n/10.95 (+20) Proved from a sin-
 []


Underfull \hbox (badness 1158) in paragraph at lines 4638--4644
\T1/LibertinusSerif-TLF/m/n/10.95 (+20) ev-ery real $\OML/cmm/m/it/10.95 w$ \T1
/LibertinusSerif-TLF/m/n/10.95 (+20) in the
 []


Underfull \hbox (badness 3439) in paragraph at lines 4645--4647
\OMS/cmsy/m/n/10.95 ^^@\OML/cmm/m/it/10.95 ^^Q \OMS/cmsy/m/n/10.95 ^^@ \OML/cmm
/m/it/10.95 ^^Q [] ^^Q=\OT1/cmr/m/n/10.95 (\OML/cmm/m/it/10.95 ^^Q \OMS/cmsy/m/
n/10.95 ^^@ \OT1/cmr/m/n/10.95 1) \OMS/cmsy/m/n/10.95 ^^T
 []


Underfull \hbox (badness 1275) in paragraph at lines 4652--4660
\T1/LibertinusSerif-TLF/m/n/10.95 (+20) of $\OML/cmm/m/it/10.95 z \OMS/cmsy/m/n
/10.95 ^^@ [] \OML/cmm/m/it/10.95 z$\T1/LibertinusSerif-TLF/m/n/10.95 (+20) , s
tated
 []


Underfull \hbox (badness 5260) in paragraph at lines 4661--4663
\OT1/cmr/m/n/10.95 e[]\OML/cmm/m/it/10.95 P[]\OT1/cmr/m/n/10.95 (\OML/cmm/m/it/
10.95 W\OT1/cmr/m/n/10.95 )\OML/cmm/m/it/10.95 =\OT1/cmr/m/n/10.95 (1 + \OML/cm
m/m/it/10.95 W\OT1/cmr/m/n/10.95 )[]$
 []


Underfull \hbox (badness 10000) in paragraph at lines 4670--4677
[]|\T1/LibertinusSerif-TLF/m/n/10.95 (+20) Lean's $\OML/cmm/m/it/10.95 P[]$ \T1
/LibertinusSerif-TLF/m/n/10.95 (+20) is this
 []


Underfull \hbox (badness 10000) in paragraph at lines 4670--4677
\T1/LibertinusSerif-TLF/m/n/10.95 (+20) guide's $\OML/cmm/m/it/10.95 P[]$\T1/Li
bertinusSerif-TLF/m/n/10.95 (+20) : the
 []


Underfull \hbox (badness 10000) in paragraph at lines 4670--4677
[]$\T1/LibertinusSerif-TLF/m/n/10.95 (+20) , on
 []


Underfull \hbox (badness 10000) in paragraph at lines 4670--4677
\T1/LibertinusSerif-TLF/m/n/10.95 (+20) the open do-mains
 []


Underfull \hbox (badness 10000) in paragraph at lines 4670--4677
\OT1/cmr/m/n/10.95 (\OMS/cmsy/m/n/10.95 ^^@\OT1/cmr/m/n/10.95 1\OML/cmm/m/it/10
.95 =\OT1/cmr/m/n/10.95 e\OML/cmm/m/it/10.95 ; \OMS/cmsy/m/n/10.95 1\OT1/cmr/m/
n/10.95 )$ \T1/LibertinusSerif-TLF/m/n/10.95 (+20) and
 []


Underfull \hbox (badness 2837) in paragraph at lines 4670--4677
\OT1/cmr/m/n/10.95 (\OMS/cmsy/m/n/10.95 ^^@\OT1/cmr/m/n/10.95 1\OML/cmm/m/it/10
.95 =\OT1/cmr/m/n/10.95 e\OML/cmm/m/it/10.95 ; \OT1/cmr/m/n/10.95 0)$\T1/Libert
inusSerif-TLF/m/n/10.95 (+20) . The en-
 []


Underfull \hbox (badness 10000) in paragraph at lines 4670--4677
\T1/LibertinusSerif-TLF/m/n/10.95 (+20) ar-bi-trary so-lu-tion
 []


Underfull \hbox (badness 10000) in paragraph at lines 4670--4677
\T1/LibertinusSerif-TLF/m/n/10.95 (+20) of an au-tonomous
 []


Underfull \hbox (badness 10000) in paragraph at lines 4670--4677
\T1/LibertinusSerif-TLF/m/n/10.95 (+20) as hy-pothe-ses, so
 []


Underfull \hbox (badness 10000) in paragraph at lines 4670--4677
\T1/LibertinusSerif-TLF/m/n/10.95 (+20) it ap-plies be-yond
 []


Underfull \hbox (badness 10000) in paragraph at lines 4678--4679
[]|[][]\T1/LibertinusSerif-TLF/m/n/10.95 (+20) Theorem 6.1[][]: $[] \OML/cmm/m/
it/10.95 W[] \OT1/cmr/m/n/10.95 =
 []


Underfull \hbox (badness 5878) in paragraph at lines 4678--4679
\OT1/cmr/m/n/10.95 e[](\OML/cmm/m/it/10.95 W[] \OMS/cmsy/m/n/10.95 ^^@ \OML/cmm
/m/it/10.95 W[] \OT1/cmr/m/n/10.95 + 1) =
 []


Underfull \hbox (badness 6188) in paragraph at lines 4678--4679
\OML/cmm/m/it/10.95 x\OT1/cmr/m/n/10.95 (\OML/cmm/m/it/10.95 W[] \OMS/cmsy/m/n/
10.95 ^^@ \OT1/cmr/m/n/10.95 1 + 1\OML/cmm/m/it/10.95 =W[]\OT1/cmr/m/n/10.95 )$
 \T1/LibertinusSerif-TLF/m/n/10.95 (+20) and
 []


Underfull \hbox (badness 3449) in paragraph at lines 4688--4694
[]|\T1/LibertinusSerif-TLF/m/n/10.95 (+20) Stated as deriva-tive
 []


Underfull \hbox (badness 7379) in paragraph at lines 4688--4694
\T1/LibertinusSerif-TLF/m/n/10.95 (+20) facts ($\OML/cmm/m/it/10.95 F[] \OT1/cm
r/m/n/10.95 = \OML/cmm/m/it/10.95 W$\T1/LibertinusSerif-TLF/m/n/10.95 (+20) ,
 []


Underfull \hbox (badness 7540) in paragraph at lines 4688--4694
\OML/cmm/m/it/10.95 G[] \OT1/cmr/m/n/10.95 = \OML/cmm/m/it/10.95 W=x$\T1/Libert
inusSerif-TLF/m/n/10.95 (+20) ) on
 []


Underfull \hbox (badness 10000) in paragraph at lines 4688--4694
\T1/LibertinusSerif-TLF/m/n/10.95 (+20) the open branch
 []


Underfull \hbox (badness 10000) in paragraph at lines 4688--4694
\T1/LibertinusSerif-TLF/m/n/10.95 (+20) do-mains, which is
 []


Underfull \hbox (badness 6741) in paragraph at lines 4688--4694
\T1/LibertinusSerif-TLF/m/n/10.95 (+20) the con-tent of the
 []


Underfull \hbox (badness 10000) in paragraph at lines 4688--4694
\T1/LibertinusSerif-TLF/m/n/10.95 (+20) an-tideriva-tive state-
 []


Underfull \hbox (badness 1803) in paragraph at lines 4688--4694
\T1/LibertinusSerif-TLF/m/n/10.95 (+20) ment. The gen-eral
 []


Underfull \hbox (badness 10000) in paragraph at lines 4688--4694
\T1/LibertinusSerif-TLF/m/n/10.95 (+20) forms as-sume only
 []


Underfull \hbox (badness 7522) in paragraph at lines 4688--4694
\T1/LibertinusSerif-TLF/m/n/10.95 (+20) at the point, with
 []


Underfull \hbox (badness 7796) in paragraph at lines 4688--4694
\T1/LibertinusSerif-TLF/m/n/10.95 (+20) hold for any lo-cal
 []


Underfull \hbox (badness 10000) in paragraph at lines 4688--4694
\T1/LibertinusSerif-TLF/m/n/10.95 (+20) the $\OML/cmm/m/it/10.95 x$\T1/Libertin
usSerif-TLF/m/n/10.95 (+20) -form needs
 []


Underfull \hbox (badness 1997) in paragraph at lines 4717--4721
[]|\T1/LibertinusSerif-TLF/m/n/10.95 (+20) Exact. The branch
 []


Underfull \hbox (badness 1975) in paragraph at lines 4717--4721
\T1/LibertinusSerif-TLF/m/n/10.95 (+20) through the unique-
 []


Underfull \hbox (badness 3068) in paragraph at lines 4717--4721
\T1/LibertinusSerif-TLF/m/n/10.95 (+20) uct in $\OT1/cmr/m/n/10.95 [\OMS/cmsy/m
/n/10.95 ^^@\OT1/cmr/m/n/10.95 1\OML/cmm/m/it/10.95 =\OT1/cmr/m/n/10.95 e\OML/c
mm/m/it/10.95 ; \OT1/cmr/m/n/10.95 0)$ \T1/LibertinusSerif-TLF/m/n/10.95 (+20) 
se-
 []


Underfull \hbox (badness 10000) in paragraph at lines 4722--4727
\OML/cmm/m/it/10.95 W[] \OT1/cmr/m/n/10.95 = \OMS/cmsy/m/n/10.95 ^^@\OT1/cmr/m/
n/10.95 ^^A\OML/cmm/m/it/10.95 =\OT1/cmr/m/n/10.95 (e[] \OMS/cmsy/m/n/10.95 ^^@
 \OT1/cmr/m/n/10.95 1)$\T1/LibertinusSerif-TLF/m/n/10.95 (+20) ,
 []


Underfull \hbox (badness 10000) in paragraph at lines 4736--4738
[]|\T1/LibertinusSerif-TLF/m/n/10.95 (+20) Exact for the for-
 []


Underfull \hbox (badness 10000) in paragraph at lines 4736--4738
\T1/LibertinusSerif-TLF/m/n/10.95 (+20) whole com-pu-ta-tion
 []


Underfull \hbox (badness 3503) in paragraph at lines 4736--4738
\T1/LibertinusSerif-TLF/m/n/10.95 (+20) is $\OML/cmm/m/it/10.95 W[] \OT1/cmr/m/
n/10.95 = \OML/cmm/m/it/10.95 W[]\OT1/cmr/m/n/10.95 e[]$
 []


Underfull \hbox (badness 5175) in paragraph at lines 4752--4759
\T1/LibertinusSerif-TLF/m/n/10.95 (+20) is a bi-jec-tion from
 []


Underfull \hbox (badness 10000) in paragraph at lines 4752--4759
\OT1/cmr/m/n/10.95 (\OMS/cmsy/m/n/10.95 ^^@\OT1/cmr/m/n/10.95 1\OML/cmm/m/it/10
.95 =\OT1/cmr/m/n/10.95 e\OML/cmm/m/it/10.95 ; \OT1/cmr/m/n/10.95 0)$ \T1/Liber
tinusSerif-TLF/m/n/10.95 (+20) onto
 []


Underfull \hbox (badness 10000) in paragraph at lines 4752--4759
\OT1/cmr/m/n/10.95 (0\OML/cmm/m/it/10.95 ; \OMS/cmsy/m/n/10.95 1\OT1/cmr/m/n/10
.95 )$ \T1/LibertinusSerif-TLF/m/n/10.95 (+20) with the
 []


Underfull \hbox (badness 10000) in paragraph at lines 4752--4759
\T1/LibertinusSerif-TLF/m/n/10.95 (+20) ex-plicit in-verse
 []


Underfull \hbox (badness 6236) in paragraph at lines 4752--4759
\OT1/cmr/m/n/10.95 ^^A \OMS/cmsy/m/n/10.95 7! \OML/cmm/m/it/10.95 a\OT1/cmr/m/n
/10.95 (^^A)e[]$\T1/LibertinusSerif-TLF/m/n/10.95 (+20) ,
 []


Underfull \hbox (badness 7379) in paragraph at lines 4752--4759
\OML/cmm/m/it/10.95 b\OT1/cmr/m/n/10.95 (^^A) = \OML/cmm/m/it/10.95 a\OT1/cmr/m
/n/10.95 (^^A)e[]$
 []


Underfull \hbox (badness 10000) in paragraph at lines 4752--4759
\T1/LibertinusSerif-TLF/m/n/10.95 (+20) equals $\OML/cmm/m/it/10.95 a\OT1/cmr/m
/n/10.95 (^^A) \OMS/cmsy/m/n/10.95 ^^@ \OT1/cmr/m/n/10.95 ^^A$\T1/LibertinusSer
if-TLF/m/n/10.95 (+20) ,
 []


Underfull \hbox (badness 10000) in paragraph at lines 4773--4779
[]|\T1/LibertinusSerif-TLF/m/n/10.95 (+20) Exact. The
 []


Underfull \hbox (badness 10000) in paragraph at lines 4773--4779
\T1/LibertinusSerif-TLF/m/n/10.95 (+20) exponential-rational
 []


Underfull \hbox (badness 10000) in paragraph at lines 4773--4779
\T1/LibertinusSerif-TLF/m/n/10.95 (+20) sum and prod-uct
 []


Underfull \hbox (badness 10000) in paragraph at lines 4773--4779
\T1/LibertinusSerif-TLF/m/n/10.95 (+20) printed hy-per-bolic
 []


Underfull \hbox (badness 10000) in paragraph at lines 4773--4779
\T1/LibertinusSerif-TLF/m/n/10.95 (+20) iden-ti-ties, and the
 []


Underfull \hbox (badness 5431) in paragraph at lines 4773--4779
\T1/LibertinusSerif-TLF/m/n/10.95 (+20) fi-nal the-o-rem pack-
 []


Underfull \hbox (badness 4024) in paragraph at lines 4773--4779
\T1/LibertinusSerif-TLF/m/n/10.95 (+20) ages the two strict
 []


Underfull \hbox (badness 10000) in paragraph at lines 4773--4779
\T1/LibertinusSerif-TLF/m/n/10.95 (+20) branches are $\OMS/cmsy/m/n/10.95 ^^@\O
T1/cmr/m/n/10.95 1$\T1/LibertinusSerif-TLF/m/n/10.95 (+20) ,
 []


Underfull \hbox (badness 10000) in paragraph at lines 4773--4779
\T1/LibertinusSerif-TLF/m/n/10.95 (+20) re-mains ex-cluded
 []


Underfull \hbox (badness 10000) in paragraph at lines 4780--4783
[]|[]\T1/LibertinusSerif-TLF/m/n/10.95 (+20) , with the stan-dard
 []


Underfull \hbox (badness 10000) in paragraph at lines 4780--4783
\T1/LibertinusSerif-TLF/m/n/10.95 (+20) and the com-pact paired
 []


Underfull \hbox (badness 5260) in paragraph at lines 4790--4792
[]|\T1/LibertinusSerif-TLF/m/n/10.95 (+20) Exact for the com-
 []


ignored: Infinite glue shrinkage found in box being split [62]
ignored: Infinite glue shrinkage fo
und in box being split [63]
ignored: Infinite glue shrinkage found in box being split [64
]
ignored: Infinite glue shrinkage found in box being split [65]
ignored: Infinite glue shrinkage f
ound in box being split [66]
ignored: Infinite glue shrinkage found in box being split [6
7]
Underfull \hbox (badness 6808) in paragraph at lines 4852--4853
[]|\T1/LibertinusSerif-TLF/m/n/10.95 (+20) Derivative poly-no-mi-als $\OML/cmm/
m/it/10.95 P[]$
 []


Underfull \hbox (badness 6445) in paragraph at lines 4856--4856
[]|\T1/LibertinusSerif-TLF/m/n/10.95 (+20) Maclaurin $\OT1/cmr/m/n/10.95 (\OMS/
cmsy/m/n/10.95 ^^@\OML/cmm/m/it/10.95 n\OT1/cmr/m/n/10.95 )[]\OML/cmm/m/it/10.9
5 =n\OT1/cmr/m/n/10.95 !$\T1/LibertinusSerif-TLF/m/n/10.95 (+20) , ra-
 []


Underfull \hbox (badness 10000) in paragraph at lines 4860--4863
[]|\T1/LibertinusSerif-TLF/m/n/10.95 (+20) All four; co-ef-fi-cients agree thro
ugh $\OML/cmm/m/it/10.95 a[] \OT1/cmr/m/n/10.95 =
 []


Underfull \hbox (badness 6252) in paragraph at lines 4860--4863
\OT1/cmr/m/n/10.95 226287557\OML/cmm/m/it/10.95 =\OT1/cmr/m/n/10.95 37623398400
$\T1/LibertinusSerif-TLF/m/n/10.95 (+20) ; the fourth treat-ment adds the
 []


Underfull \hbox (badness 10000) in paragraph at lines 4864--4865
[]|\T1/LibertinusSerif-TLF/m/n/10.95 (+20) Asymptotic poly-no-mi-als
 []


Underfull \hbox (badness 2376) in paragraph at lines 4869--4870
\T1/LibertinusSerif-TLF/m/n/10.95 (+20) pos-i-tive, prin-ci-pal neg-a-tive,
 []


Underfull \hbox (badness 3229) in paragraph at lines 4878--4878
[]|\T1/LibertinusSerif-TLF/m/n/10.95 (+20) Euler con-tin-ued frac-tion =
 []


Underfull \hbox (badness 7522) in paragraph at lines 4881--4882
[]|\T1/LibertinusSerif-TLF/m/n/10.95 (+20) Contour/residue rep-re-sen-ta-
 []


Underfull \hbox (badness 10000) in paragraph at lines 4886--4887
[]|\T1/LibertinusSerif-TLF/m/n/10.95 (+20) Logarithmic New-ton map,
 []


Underfull \hbox (badness 10000) in paragraph at lines 4886--4887
\T1/LibertinusSerif-TLF/m/n/10.95 (+20) mono-tone global starts,
 []


Underfull \hbox (badness 10000) in paragraph at lines 4894--4895
[]|\T1/LibertinusSerif-TLF/m/n/10.95 (+20) Applications: Michaelis--
 []


Underfull \hbox (badness 2318) in paragraph at lines 4894--4895
\T1/LibertinusSerif-TLF/m/n/10.95 (+20) Menten, diode, de-lay spec-
 []


Underfull \hbox (badness 1881) in paragraph at lines 4903--4903
[]|\T1/LibertinusSerif-TLF/m/n/10.95 (+20) Unique lay-ers pre-served in
 []

[68] [69] [70] (C:\Temp\pv-u7r73d07\out\Lambert_W_Guide.aux)
 ***********
LaTeX2e <2025-11-01>
L3 programming layer <2026-03-20>
 ***********
Package rerunfilecheck Info: File `Lambert_W_Guide.out' has not changed.
(rerunfilecheck)             Checksum: 7FB7401030700E94FA4EEA4200BB5115;19779.
 ) 
Here is how much of TeX's memory you used:
 21597 strings out of 467691
 372196 string characters out of 5414987
 1099017 words of memory out of 5000000
 49533 multiletter control sequences out of 15000+600000
 756819 words of font info for 342 fonts, out of 8000000 for 9000
 1141 hyphenation exceptions out of 8191
 77i,10n,117p,1014b,1286s stack positions out of 10000i,1000n,20000p,200000b,200000s
<C:/Users/vresh/AppData/Local/Programs/MiKTeX/fonts/type1/public/libertinus-t
ype1/LibertinusMono-Regular.pfb><C:/Users/vresh/AppData/Local/Programs/MiKTeX/f
onts/type1/public/libertinus-type1/LibertinusSerif-Bold.pfb><C:/Users/vresh/App
Data/Local/Programs/MiKTeX/fonts/type1/public/libertinus-type1/LibertinusSerif-
Italic.pfb><C:/Users/vresh/AppData/Local/Programs/MiKTeX/fonts/type1/public/lib
ertinus-type1/LibertinusSerif-Regular.pfb><C:/Users/vresh/AppData/Local/Program
s/MiKTeX/fonts/type1/public/amsfonts/cm/cmbx10.pfb><C:/Users/vresh/AppData/Loca
l/Programs/MiKTeX/fonts/type1/public/amsfonts/cm/cmex10.pfb><C:/Users/vresh/App
Data/Local/Programs/MiKTeX/fonts/type1/public/amsfonts/cmextra/cmex8.pfb><C:/Us
ers/vresh/AppData/Local/Programs/MiKTeX/fonts/type1/public/amsfonts/cm/cmmi10.p
fb><C:/Users/vresh/AppData/Local/Programs/MiKTeX/fonts/type1/public/amsfonts/cm
/cmmi12.pfb><C:/Users/vresh/AppData/Local/Programs/MiKTeX/fonts/type1/public/am
sfonts/cm/cmmi6.pfb><C:/Users/vresh/AppData/Local/Programs/MiKTeX/fonts/type1/p
ublic/amsfonts/cm/cmmi7.pfb><C:/Users/vresh/AppData/Local/Programs/MiKTeX/fonts
/type1/public/amsfonts/cm/cmmi8.pfb><C:/Users/vresh/AppData/Local/Programs/MiKT
eX/fonts/type1/public/amsfonts/cm/cmr10.pfb><C:/Users/vresh/AppData/Local/Progr
ams/MiKTeX/fonts/type1/public/amsfonts/cm/cmr12.pfb><C:/Users/vresh/AppData/Loc
al/Programs/MiKTeX/fonts/type1/public/amsfonts/cm/cmr6.pfb><C:/Users/vresh/AppD
ata/Local/Programs/MiKTeX/fonts/type1/public/amsfonts/cm/cmr7.pfb><C:/Users/vre
sh/AppData/Local/Programs/MiKTeX/fonts/type1/public/amsfonts/cm/cmr8.pfb><C:/Us
ers/vresh/AppData/Local/Programs/MiKTeX/fonts/type1/public/amsfonts/cm/cmsy10.p
fb><C:/Users/vresh/AppData/Local/Programs/MiKTeX/fonts/type1/public/amsfonts/cm
/cmsy6.pfb><C:/Users/vresh/AppData/Local/Programs/MiKTeX/fonts/type1/public/ams
fonts/cm/cmsy7.pfb><C:/Users/vresh/AppData/Local/Programs/MiKTeX/fonts/type1/pu
blic/amsfonts/cm/cmsy8.pfb><C:/Users/vresh/AppData/Local/Programs/MiKTeX/fonts/
type1/public/amsfonts/symbols/msbm10.pfb>
Output written on C:\Temp\pv-u7r73d07\out\Lambert_W_Guide.pdf (70 pages, 114318
7 bytes).
PDF statistics:
 1648 PDF objects out of 1728 (max. 8388607)
 474 named destinations out of 1000 (max. 500000)
 67265 words of extra memory for PDF output out of 74296 (max. 10000000)

