This is pdfTeX, Version 3.141592653-2.6-1.40.29 (MiKTeX 26.2) (preloaded format=pdflatex 2026.8.15)  9 SEP 2026 12:53
entering extended mode
 file:line:error style messages enabled.
 %&-line parsing enabled.
**./Combinatorial_Transseries_Inverses.tex
(Combinatorial_Transseries_Inverses.tex
LaTeX2e <2025-11-01>
L3 programming layer <2026-03-20>
(C:\Users\vresh\AppData\Local\Programs\MiKTeX\tex/latex/base\book.cls
Document Class: book 2025/01/22 v1.4n Standard LaTeX document class
(C:\Users\vresh\AppData\Local\Programs\MiKTeX\tex/latex/base\bk11.clo
File: bk11.clo 2025/01/22 v1.4n Standard LaTeX file (size option)
)
\c@part=\count275
\c@chapter=\count276
\c@section=\count277
\c@subsection=\count278
\c@subsubsection=\count279
\c@paragraph=\count280
\c@subparagraph=\count281
\c@figure=\count282
\c@table=\count283
\abovecaptionskip=\skip49
\belowcaptionskip=\skip50
\bibindent=\dimen150
)
(C:\Users\vresh\AppData\Local\Programs\MiKTeX\tex/latex/geometry\geometry.sty
Package: geometry 2026/03/07 v6.0 Page Geometry

(C:\Users\vresh\AppData\Local\Programs\MiKTeX\tex/latex/graphics\keyval.sty
Package: keyval 2022/05/29 v1.15 key=value parser (DPC)
\KV@toks@=\toks17
)
(C:\Users\vresh\AppData\Local\Programs\MiKTeX\tex/generic/iftex\ifvtex.sty
Package: ifvtex 2019/10/25 v1.7 ifvtex legacy package. Use iftex instead.

(C:\Users\vresh\AppData\Local\Programs\MiKTeX\tex/generic/iftex\iftex.sty
Package: iftex 2024/12/12 v1.0g TeX engine tests
))
\Gm@cnth=\count284
\Gm@cntv=\count285
\c@Gm@tempcnt=\count286
\Gm@bindingoffset=\dimen151
\Gm@wd@mp=\dimen152
\Gm@odd@mp=\dimen153
\Gm@even@mp=\dimen154
\Gm@layoutwidth=\dimen155
\Gm@layoutheight=\dimen156
\Gm@layouthoffset=\dimen157
\Gm@layoutvoffset=\dimen158
\Gm@dimlist=\toks18

(C:\Users\vresh\AppData\Local\Programs\MiKTeX\tex/latex/geometry\geometry.cfg))
(C:\Users\vresh\AppData\Local\Programs\MiKTeX\tex/latex/base\fontenc.sty
Package: fontenc 2025/07/18 v2.1d Standard LaTeX package
)
(C:\Users\vresh\AppData\Local\Programs\MiKTeX\tex/latex/base\inputenc.sty
Package: inputenc 2024/02/08 v1.3d Input encoding file
\inpenc@prehook=\toks19
\inpenc@posthook=\toks20
)
(C:\Users\vresh\AppData\Local\Programs\MiKTeX\tex/latex/libertinus\libertinus.s
ty
Package: libertinus 2020/05/06 v. 0.02 (Herbert Voss) Supports libertinus fonts
 for pdflatex/lualatex/xelatex
 (C:\Users\vresh\AppData\Local\Programs\MiKTeX\tex/latex/xkeyval\xkeyval.sty
Package: xkeyval 2022/06/16 v2.9 package option processing (HA)

(C:\Users\vresh\AppData\Local\Programs\MiKTeX\tex/generic/xkeyval\xkeyval.tex
(C:\Users\vresh\AppData\Local\Programs\MiKTeX\tex/generic/xkeyval\xkvutils.tex
\XKV@toks=\toks21
\XKV@tempa@toks=\toks22
)
\XKV@depth=\count287
File: xkeyval.tex 2014/12/03 v2.7a key=value parser (HA)
))
(C:\Users\vresh\AppData\Local\Programs\MiKTeX\tex/latex/libertinus-type1\libert
inus-type1.sty
Package: libertinus-type1 2025/11/17 (Bob Tennent) Supports libertinus fonts fo
r latex/pdflatex.

(C:\Users\vresh\AppData\Local\Programs\MiKTeX\tex/generic/iftex\ifxetex.sty
Package: ifxetex 2019/10/25 v0.7 ifxetex legacy package. Use iftex instead.
)
(C:\Users\vresh\AppData\Local\Programs\MiKTeX\tex/generic/iftex\ifluatex.sty
Package: ifluatex 2019/10/25 v1.5 ifluatex legacy package. Use iftex instead.
)
(C:\Users\vresh\AppData\Local\Programs\MiKTeX\tex/latex/base\textcomp.sty
Package: textcomp 2024/04/24 v2.1b Standard LaTeX package
)
(C:\Users\vresh\AppData\Local\Programs\MiKTeX\tex/latex/base\fontenc.sty
Package: fontenc 2025/07/18 v2.1d Standard LaTeX package
)
(C:\Users\vresh\AppData\Local\Programs\MiKTeX\tex/latex/fontaxes\fontaxes.sty
Package: fontaxes 2026-01-02 v2.0.2 Font selection axes (deprecated)
Applying: [2024-11-01] Use figureversions if present on input line 74.

(C:\Users\vresh\AppData\Local\Programs\MiKTeX\tex/latex/figureversions\figureve
rsions.sty
Package: figureversions 2025-04-29 v1.0.1 Figure versions
)
Already applied: [0000-00-00] Fall back to v1 on input line 76.
)))
(C:\Users\vresh\AppData\Local\Programs\MiKTeX\tex/latex/microtype\microtype.sty
Package: microtype 2026/03/01 v3.2d Micro-typographical refinements (RS)
(C:\Users\vresh\AppData\Local\Programs\MiKTeX\tex/latex/etoolbox\etoolbox.sty
Package: etoolbox 2025/10/02 v2.5m e-TeX tools for LaTeX (JAW)
\etb@tempcnta=\count288
)
\MT@toks=\toks23
\MT@tempbox=\box53
\MT@count=\count289
LaTeX Info: Redefining \noprotrusionifhmode on input line 1084.
LaTeX Info: Redefining \leftprotrusion on input line 1085.
\MT@prot@toks=\toks24
LaTeX Info: Redefining \rightprotrusion on input line 1104.
LaTeX Info: Redefining \textls on input line 1449.
\MT@outer@kern=\dimen159
LaTeX Info: Redefining \microtypecontext on input line 2053.
LaTeX Info: Redefining \textmicrotypecontext on input line 2070.
\MT@listname@count=\count290

(C:\Users\vresh\AppData\Local\Programs\MiKTeX\tex/latex/microtype\microtype-pdf
tex.def
File: microtype-pdftex.def 2026/03/01 v3.2d Definitions specific to pdftex (RS)

LaTeX Info: Redefining \lsstyle on input line 944.
LaTeX Info: Redefining \lslig on input line 944.
\MT@outer@space=\skip51
)
Package microtype Info: Loading configuration file microtype.cfg.

(C:\Users\vresh\AppData\Local\Programs\MiKTeX\tex/latex/microtype\microtype.cfg
File: microtype.cfg 2026/03/01 v3.2d microtype main configuration file (RS)
)
LaTeX Info: Redefining \microtypesetup on input line 3065.
) (C:\Users\vresh\AppData\Local\Programs\MiKTeX\tex/latex/amsmath\amsmath.sty
Package: amsmath 2025/07/09 v2.17z AMS math features
\@mathmargin=\skip52

For additional information on amsmath, use the `?' option.
(C:\Users\vresh\AppData\Local\Programs\MiKTeX\tex/latex/amsmath\amstext.sty
Package: amstext 2024/11/17 v2.01 AMS text

(C:\Users\vresh\AppData\Local\Programs\MiKTeX\tex/latex/amsmath\amsgen.sty
File: amsgen.sty 1999/11/30 v2.0 generic functions
\@emptytoks=\toks25
\ex@=\dimen160
))
(C:\Users\vresh\AppData\Local\Programs\MiKTeX\tex/latex/amsmath\amsbsy.sty
Package: amsbsy 1999/11/29 v1.2d Bold Symbols
\pmbraise@=\dimen161
)
(C:\Users\vresh\AppData\Local\Programs\MiKTeX\tex/latex/amsmath\amsopn.sty
Package: amsopn 2022/04/08 v2.04 operator names
)
\inf@bad=\count291
LaTeX Info: Redefining \frac on input line 233.
\uproot@=\count292
\leftroot@=\count293
LaTeX Info: Redefining \overline on input line 398.
LaTeX Info: Redefining \colon on input line 409.
\classnum@=\count294
\DOTSCASE@=\count295
LaTeX Info: Redefining \ldots on input line 495.
LaTeX Info: Redefining \dots on input line 498.
LaTeX Info: Redefining \cdots on input line 619.
\Mathstrutbox@=\box54
\strutbox@=\box55
LaTeX Info: Redefining \big on input line 721.
LaTeX Info: Redefining \Big on input line 722.
LaTeX Info: Redefining \bigg on input line 723.
LaTeX Info: Redefining \Bigg on input line 724.
\big@size=\dimen162
LaTeX Font Info:    Redeclaring font encoding OML on input line 742.
LaTeX Font Info:    Redeclaring font encoding OMS on input line 743.
\macc@depth=\count296
LaTeX Info: Redefining \bmod on input line 904.
LaTeX Info: Redefining \pmod on input line 909.
LaTeX Info: Redefining \smash on input line 939.
LaTeX Info: Redefining \relbar on input line 969.
LaTeX Info: Redefining \Relbar on input line 970.
\c@MaxMatrixCols=\count297
\dotsspace@=\muskip17
\c@parentequation=\count298
\dspbrk@lvl=\count299
\tag@help=\toks26
\row@=\count300
\column@=\count301
\maxfields@=\count302
\andhelp@=\toks27
\eqnshift@=\dimen163
\alignsep@=\dimen164
\tagshift@=\dimen165
\tagwidth@=\dimen166
\totwidth@=\dimen167
\lineht@=\dimen168
\@envbody=\toks28
\multlinegap=\skip53
\multlinetaggap=\skip54
\mathdisplay@stack=\toks29
LaTeX Info: Redefining \[ on input line 2950.
LaTeX Info: Redefining \] on input line 2951.
)
(C:\Users\vresh\AppData\Local\Programs\MiKTeX\tex/latex/amsfonts\amssymb.sty
Package: amssymb 2013/01/14 v3.01 AMS font symbols

(C:\Users\vresh\AppData\Local\Programs\MiKTeX\tex/latex/amsfonts\amsfonts.sty
Package: amsfonts 2013/01/14 v3.01 Basic AMSFonts support
\symAMSa=\mathgroup4
\symAMSb=\mathgroup5
LaTeX Font Info:    Redeclaring math symbol \hbar on input line 98.
LaTeX Font Info:    Overwriting math alphabet `\mathfrak' in version `bold'
(Font)                  U/euf/m/n --> U/euf/b/n on input line 106.
)) (C:\Users\vresh\AppData\Local\Programs\MiKTeX\tex/latex/amscls\amsthm.sty
Package: amsthm 2020/05/29 v2.20.6
\thm@style=\toks30
\thm@bodyfont=\toks31
\thm@headfont=\toks32
\thm@notefont=\toks33
\thm@headpunct=\toks34
\thm@preskip=\skip55
\thm@postskip=\skip56
\thm@headsep=\skip57
\dth@everypar=\toks35
)
(C:\Users\vresh\AppData\Local\Programs\MiKTeX\tex/latex/mathtools\mathtools.sty
Package: mathtools 2024/10/04 v1.31 mathematical typesetting tools
(C:\Users\vresh\AppData\Local\Programs\MiKTeX\tex/latex/tools\calc.sty
Package: calc 2025/03/01 v4.3b Infix arithmetic (KKT,FJ)
\calc@Acount=\count303
\calc@Bcount=\count304
\calc@Adimen=\dimen169
\calc@Bdimen=\dimen170
\calc@Askip=\skip58
\calc@Bskip=\skip59
LaTeX Info: Redefining \setlength on input line 86.
LaTeX Info: Redefining \addtolength on input line 87.
\calc@Ccount=\count305
\calc@Cskip=\skip60
)
(C:\Users\vresh\AppData\Local\Programs\MiKTeX\tex/latex/mathtools\mhsetup.sty
Package: mhsetup 2021/03/18 v1.4 programming setup (MH)
)
\g_MT_multlinerow_int=\count306
\l_MT_multwidth_dim=\dimen171
\origjot=\skip61
\l_MT_shortvdotswithinadjustabove_dim=\dimen172
\l_MT_shortvdotswithinadjustbelow_dim=\dimen173
\l_MT_above_intertext_sep=\dimen174
\l_MT_below_intertext_sep=\dimen175
\l_MT_above_shortintertext_sep=\dimen176
\l_MT_below_shortintertext_sep=\dimen177
\xmathstrut@box=\box56
\xmathstrut@dim=\dimen178
) (C:\Users\vresh\AppData\Local\Programs\MiKTeX\tex/latex/tools\bm.sty
Package: bm 2025/10/21 v1.2g Bold Symbol Support (DPC/FMi)
\symboldoperators=\mathgroup6
\symboldletters=\mathgroup7
\symboldsymbols=\mathgroup8
Package bm Info: No bold for \OMX/cmex/m/n, using \pmb.
Package bm Info: No bold for \U/msa/m/n, using \pmb.
Package bm Info: No bold for \U/msb/m/n, using \pmb.
LaTeX Font Info:    Redeclaring math alphabet \mathbf on input line 149.
)
(../../../../fabius-notation.tex)
(C:\Users\vresh\AppData\Local\Programs\MiKTeX\tex/latex/booktabs\booktabs.sty
Package: booktabs 2020/01/12 v1.61803398 Publication quality tables
\heavyrulewidth=\dimen179
\lightrulewidth=\dimen180
\cmidrulewidth=\dimen181
\belowrulesep=\dimen182
\belowbottomsep=\dimen183
\aboverulesep=\dimen184
\abovetopsep=\dimen185
\cmidrulesep=\dimen186
\cmidrulekern=\dimen187
\defaultaddspace=\dimen188
\@cmidla=\count307
\@cmidlb=\count308
\@aboverulesep=\dimen189
\@belowrulesep=\dimen190
\@thisruleclass=\count309
\@lastruleclass=\count310
\@thisrulewidth=\dimen191
)
(C:\Users\vresh\AppData\Local\Programs\MiKTeX\tex/latex/tools\longtable.sty
Package: longtable 2025-10-13 v4.24 Multi-page Table package (DPC)
\LTleft=\skip62
\LTright=\skip63
\LTpre=\skip64
\LTpost=\skip65
\LTchunksize=\count311
\LTcapwidth=\dimen192
\LT@head=\box57
\LT@firsthead=\box58
\LT@foot=\box59
\LT@lastfoot=\box60
\LT@gbox=\box61
\LT@cols=\count312
\LT@rows=\count313
\c@LT@tables=\count314
\c@LT@chunks=\count315
\LT@p@ftn=\toks36
)
(C:\Users\vresh\AppData\Local\Programs\MiKTeX\tex/latex/tools\tabularx.sty
Package: tabularx 2023/12/11 v2.12a `tabularx' package (DPC)

(C:\Users\vresh\AppData\Local\Programs\MiKTeX\tex/latex/tools\array.sty
Package: array 2025/09/25 v2.6n Tabular extension package (FMi)
\col@sep=\dimen193
\ar@mcellbox=\box62
\extrarowheight=\dimen194
\NC@list=\toks37
\extratabsurround=\skip66
\backup@length=\skip67
\ar@cellbox=\box63
)
\TX@col@width=\dimen195
\TX@old@table=\dimen196
\TX@old@col=\dimen197
\TX@target=\dimen198
\TX@delta=\dimen199
\TX@cols=\count316
\TX@ftn=\toks38
)
(C:\Users\vresh\AppData\Local\Programs\MiKTeX\tex/latex/xcolor\xcolor.sty
Package: xcolor 2024/09/29 v3.02 LaTeX color extensions (UK)

(C:\Users\vresh\AppData\Local\Programs\MiKTeX\tex/latex/graphics-cfg\color.cfg
File: color.cfg 2016/01/02 v1.6 sample color configuration
)
Package xcolor Info: Driver file: pdftex.def on input line 274.

(C:\Users\vresh\AppData\Local\Programs\MiKTeX\tex/latex/graphics-def\pdftex.def
File: pdftex.def 2025/09/29 v1.2d Graphics/color driver for pdftex
)
(C:\Users\vresh\AppData\Local\Programs\MiKTeX\tex/latex/graphics\mathcolor.ltx)
Package xcolor Info: Model `cmy' substituted by `cmy0' on input line 1349.
Package xcolor Info: Model `hsb' substituted by `rgb' on input line 1353.
Package xcolor Info: Model `RGB' extended on input line 1365.
Package xcolor Info: Model `HTML' substituted by `rgb' on input line 1367.
Package xcolor Info: Model `Hsb' substituted by `hsb' on input line 1368.
Package xcolor Info: Model `tHsb' substituted by `hsb' on input line 1369.
Package xcolor Info: Model `HSB' substituted by `hsb' on input line 1370.
Package xcolor Info: Model `Gray' substituted by `gray' on input line 1371.
Package xcolor Info: Model `wave' substituted by `hsb' on input line 1372.
) (C:\Users\vresh\AppData\Local\Programs\MiKTeX\tex/latex/enumitem\enumitem.sty
Package: enumitem 2025/02/06 v3.11 Customized lists
\labelindent=\skip68
\enit@outerparindent=\dimen256
\enit@toks=\toks39
\enit@inbox=\box64
\enit@count@id=\count317
\enitdp@description=\count318
) (C:\Users\vresh\AppData\Local\Programs\MiKTeX\tex/latex/fancyhdr\fancyhdr.sty
Package: fancyhdr 2025/02/07 v5.2 Extensive control of page headers and footers

\f@nch@headwidth=\skip69
\f@nch@offset@elh=\skip70
\f@nch@offset@erh=\skip71
\f@nch@offset@olh=\skip72
\f@nch@offset@orh=\skip73
\f@nch@offset@elf=\skip74
\f@nch@offset@erf=\skip75
\f@nch@offset@olf=\skip76
\f@nch@offset@orf=\skip77
\f@nch@height=\skip78
\f@nch@footalignment=\skip79
\f@nch@widthL=\skip80
\f@nch@widthC=\skip81
\f@nch@widthR=\skip82
\@temptokenb=\toks40
)
(C:\Users\vresh\AppData\Local\Programs\MiKTeX\tex/latex/needspace\needspace.sty
Package: needspace 2025/03/13 v1.3e reserve vertical space
) (C:\Users\vresh\AppData\Local\Programs\MiKTeX\tex/latex/xurl\xurl.sty
Package: xurl 2022/01/09 v 0.10 modify URL breaks

(C:\Users\vresh\AppData\Local\Programs\MiKTeX\tex/latex/url\url.sty
\Urlmuskip=\muskip18
Package: url 2013/09/16  ver 3.4  Verb mode for urls, etc.
))
(C:\Users\vresh\AppData\Local\Programs\MiKTeX\tex/latex/listings\listings.sty
\lst@mode=\count319
\lst@gtempboxa=\box65
\lst@token=\toks41
\lst@length=\count320
\lst@currlwidth=\dimen257
\lst@column=\count321
\lst@pos=\count322
\lst@lostspace=\dimen258
\lst@width=\dimen259
\lst@newlines=\count323
\lst@lineno=\count324
\lst@maxwidth=\dimen260

(C:\Users\vresh\AppData\Local\Programs\MiKTeX\tex/latex/listings\lstpatch.sty
File: lstpatch.sty 2025/11/14 1.11b (Carsten Heinz)
)
(C:\Users\vresh\AppData\Local\Programs\MiKTeX\tex/latex/listings\lstmisc.sty
File: lstmisc.sty 2025/11/14 1.11b (Carsten Heinz)
\c@lstnumber=\count325
\lst@skipnumbers=\count326
\lst@framebox=\box66
)
(C:\Users\vresh\AppData\Local\Programs\MiKTeX\tex/latex/listings\listings.cfg
File: listings.cfg 2025/11/14 1.11b listings configuration
))
Package: listings 2025/11/14 1.11b (Carsten Heinz)
==> First Aid for listings.sty no longer applied!
    Expected:
        2024/09/23 1.10c (Carsten Heinz)
    but found:
        2025/11/14 1.11b (Carsten Heinz)
    so I'm assuming it got fixed.
(C:\Users\vresh\AppData\Local\Programs\MiKTeX\tex/latex/hyperref\hyperref.sty
Package: hyperref 2026-01-29 v7.01p Hypertext links for LaTeX

(C:\Users\vresh\AppData\Local\Programs\MiKTeX\tex/latex/kvsetkeys\kvsetkeys.sty
Package: kvsetkeys 2022-10-05 v1.19 Key value parser (HO)
)
(C:\Users\vresh\AppData\Local\Programs\MiKTeX\tex/generic/kvdefinekeys\kvdefine
keys.sty
Package: kvdefinekeys 2019-12-19 v1.6 Define keys (HO)
)
(C:\Users\vresh\AppData\Local\Programs\MiKTeX\tex/generic/pdfescape\pdfescape.s
ty
Package: pdfescape 2019/12/09 v1.15 Implements pdfTeX's escape features (HO)

(C:\Users\vresh\AppData\Local\Programs\MiKTeX\tex/generic/ltxcmds\ltxcmds.sty
Package: ltxcmds 2023-12-04 v1.26 LaTeX kernel commands for general use (HO)
)
(C:\Users\vresh\AppData\Local\Programs\MiKTeX\tex/generic/pdftexcmds\pdftexcmds
.sty
Package: pdftexcmds 2020-06-27 v0.33 Utility functions of pdfTeX for LuaTeX (HO
)

(C:\Users\vresh\AppData\Local\Programs\MiKTeX\tex/generic/infwarerr\infwarerr.s
ty
Package: infwarerr 2019/12/03 v1.5 Providing info/warning/error messages (HO)
)
Package pdftexcmds Info: \pdf@primitive is available.
Package pdftexcmds Info: \pdf@ifprimitive is available.
Package pdftexcmds Info: \pdfdraftmode found.
))
(C:\Users\vresh\AppData\Local\Programs\MiKTeX\tex/latex/hycolor\hycolor.sty
Package: hycolor 2020-01-27 v1.10 Color options for hyperref/bookmark (HO)
)
(C:\Users\vresh\AppData\Local\Programs\MiKTeX\tex/latex/hyperref\nameref.sty
Package: nameref 2026-01-29 v2.58 Cross-referencing by name of section

(C:\Users\vresh\AppData\Local\Programs\MiKTeX\tex/latex/refcount\refcount.sty
Package: refcount 2019/12/15 v3.6 Data extraction from label references (HO)
)
(C:\Users\vresh\AppData\Local\Programs\MiKTeX\tex/generic/gettitlestring\gettit
lestring.sty
Package: gettitlestring 2019/12/15 v1.6 Cleanup title references (HO)

(C:\Users\vresh\AppData\Local\Programs\MiKTeX\tex/latex/kvoptions\kvoptions.sty
Package: kvoptions 2022-06-15 v3.15 Key value format for package options (HO)
))
\c@section@level=\count327
)
(C:\Users\vresh\AppData\Local\Programs\MiKTeX\tex/generic/stringenc\stringenc.s
ty
Package: stringenc 2019/11/29 v1.12 Convert strings between diff. encodings (HO
)
)
\@linkdim=\dimen261
\Hy@linkcounter=\count328
\Hy@pagecounter=\count329
 (C:\Users\vresh\AppData\Local\Programs\MiKTeX\tex/latex/hyperref\pd1enc.def
File: pd1enc.def 2026-01-29 v7.01p Hyperref: PDFDocEncoding definition (HO)
Now handling font encoding PD1 ...
... no UTF-8 mapping file for font encoding PD1
) (C:\Users\vresh\AppData\Local\Programs\MiKTeX\tex/generic/intcalc\intcalc.sty
Package: intcalc 2019/12/15 v1.3 Expandable calculations with integers (HO)
)
\Hy@SavedSpaceFactor=\count330
 (C:\Users\vresh\AppData\Local\Programs\MiKTeX\tex/latex/hyperref\puenc.def
File: puenc.def 2026-01-29 v7.01p Hyperref: PDF Unicode definition (HO)
Now handling font encoding PU ...
... no UTF-8 mapping file for font encoding PU
)
Package hyperref Info: Hyper figures OFF on input line 4201.
Package hyperref Info: Link nesting OFF on input line 4206.
Package hyperref Info: Hyper index ON on input line 4209.
Package hyperref Info: Plain pages OFF on input line 4216.
Package hyperref Info: Backreferencing OFF on input line 4221.
Package hyperref Info: Implicit mode ON; LaTeX internals redefined.
Package hyperref Info: Bookmarks ON on input line 4468.
\c@Hy@tempcnt=\count331
LaTeX Info: Redefining \url on input line 4807.
\XeTeXLinkMargin=\dimen262

(C:\Users\vresh\AppData\Local\Programs\MiKTeX\tex/generic/bitset\bitset.sty
Package: bitset 2019/12/09 v1.3 Handle bit-vector datatype (HO)

(C:\Users\vresh\AppData\Local\Programs\MiKTeX\tex/generic/bigintcalc\bigintcalc
.sty
Package: bigintcalc 2019/12/15 v1.5 Expandable calculations on big integers (HO
)
))
\Fld@menulength=\count332
\Field@Width=\dimen263
\Fld@charsize=\dimen264
Package hyperref Info: Hyper figures OFF on input line 6084.
Package hyperref Info: Link nesting OFF on input line 6089.
Package hyperref Info: Hyper index ON on input line 6092.
Package hyperref Info: backreferencing OFF on input line 6099.
Package hyperref Info: Link coloring OFF on input line 6104.
Package hyperref Info: Link coloring with OCG OFF on input line 6109.
Package hyperref Info: PDF/A mode OFF on input line 6114.
\Hy@abspage=\count333
\c@Item=\count334
\c@Hfootnote=\count335
)
Package hyperref Info: Driver (autodetected): hpdftex.

(C:\Users\vresh\AppData\Local\Programs\MiKTeX\tex/latex/hyperref\hpdftex.def
File: hpdftex.def 2026-01-29 v7.01p Hyperref driver for pdfTeX
\Fld@listcount=\count336
\c@bookmark@seq@number=\count337

(C:\Users\vresh\AppData\Local\Programs\MiKTeX\tex/latex/rerunfilecheck\rerunfil
echeck.sty
Package: rerunfilecheck 2025-06-21 v1.11 Rerun checks for auxiliary files (HO)

(C:\Users\vresh\AppData\Local\Programs\MiKTeX\tex/generic/uniquecounter\uniquec
ounter.sty
Package: uniquecounter 2019/12/15 v1.4 Provide unlimited unique counter (HO)
)
Package uniquecounter Info: New unique counter `rerunfilecheck' on input line 2
84.
)
\Hy@SectionHShift=\skip83
)
(C:\Users\vresh\AppData\Local\Programs\MiKTeX\tex/latex/cleveref\cleveref.sty
Package: cleveref 2018/03/27 v0.21.4 Intelligent cross-referencing
Package cleveref Info: `hyperref' support loaded on input line 2370.
LaTeX Info: Redefining \cref on input line 2370.
LaTeX Info: Redefining \Cref on input line 2370.
LaTeX Info: Redefining \crefrange on input line 2370.
LaTeX Info: Redefining \Crefrange on input line 2370.
LaTeX Info: Redefining \cpageref on input line 2370.
LaTeX Info: Redefining \Cpageref on input line 2370.
LaTeX Info: Redefining \cpagerefrange on input line 2370.
LaTeX Info: Redefining \Cpagerefrange on input line 2370.
LaTeX Info: Redefining \labelcref on input line 2370.
LaTeX Info: Redefining \labelcpageref on input line 2370.
Package cleveref Info: `amsthm' support loaded on input line 3026.
Package cleveref Info: `listings' support loaded on input line 3131.
Package cleveref Info: always capitalise cross-reference names on input line 78
25.
Package cleveref Info: include cross-reference names in hyperlinks on input lin
e 7836.
Package cleveref Info: include cross-reference names in hyperlinks on input lin
e 7852.
Package cleveref Info: no abbreviation of names on input line 7852.
Package cleveref Info: always capitalise cross-reference names on input line 78
52.
)
==> First Aid for cleveref.sty applied!
Package hyperref Info: Option `hypertexnames' set `false' on input line 46.
Package hyperref Info: Option `colorlinks' set `true' on input line 46.
\c@theorem=\count338
LaTeX Font Info:    Trying to load font information for T1+LibertinusSerif-TLF 
on input line 125.

(C:\Users\vresh\AppData\Local\Programs\MiKTeX\tex/latex/libertinus-type1\t1libe
rtinusserif-tlf.fd
File: T1LibertinusSerif-TLF.fd 2024/09/22 (autoinst) Font definitions for T1/Li
bertinusSerif-TLF.
)
LaTeX Font Info:    Font shape `T1/LibertinusSerif-TLF/m/n' will be
(Font)              scaled to size 10.95pt on input line 125.

(C:\Users\vresh\AppData\Local\Programs\MiKTeX\tex/latex/l3backend\l3backend-pdf
tex.def
File: l3backend-pdftex.def 2026-02-18 L3 backend support: PDF output (pdfTeX)
\l__color_backend_stack_int=\count339
)
No file Combinatorial_Transseries_Inverses.aux.
\openout1 = `Combinatorial_Transseries_Inverses.aux'.

LaTeX Font Info:    Checking defaults for OML/cmm/m/it on input line 125.
LaTeX Font Info:    ... okay on input line 125.
LaTeX Font Info:    Checking defaults for OMS/cmsy/m/n on input line 125.
LaTeX Font Info:    ... okay on input line 125.
LaTeX Font Info:    Checking defaults for OT1/cmr/m/n on input line 125.
LaTeX Font Info:    ... okay on input line 125.
LaTeX Font Info:    Checking defaults for T1/cmr/m/n on input line 125.
LaTeX Font Info:    ... okay on input line 125.
LaTeX Font Info:    Checking defaults for TS1/cmr/m/n on input line 125.
LaTeX Font Info:    ... okay on input line 125.
LaTeX Font Info:    Checking defaults for OMX/cmex/m/n on input line 125.
LaTeX Font Info:    ... okay on input line 125.
LaTeX Font Info:    Checking defaults for U/cmr/m/n on input line 125.
LaTeX Font Info:    ... okay on input line 125.
LaTeX Font Info:    Checking defaults for PD1/pdf/m/n on input line 125.
LaTeX Font Info:    ... okay on input line 125.
LaTeX Font Info:    Checking defaults for PU/pdf/m/n on input line 125.
LaTeX Font Info:    ... okay on input line 125.
*geometry* driver: auto-detecting
*geometry* detected driver: pdftex
*geometry* verbose mode - [ preamble ] result:
* driver: pdftex
* paper: a4paper
* layout: <same size as paper>
* layoutoffset:(h,v)=(0.0pt,0.0pt)
* modes: twoside 
* h-part:(L,W,R)=(73.97716pt, 449.55356pt, 73.97716pt)
* v-part:(T,H,B)=(73.97716pt, 697.09253pt, 73.97716pt)
* \paperwidth=597.50787pt
* \paperheight=845.04684pt
* \textwidth=449.55356pt
* \textheight=697.09253pt
* \oddsidemargin=1.70717pt
* \evensidemargin=1.70717pt
* \topmargin=-33.16663pt
* \headheight=15.0pt
* \headsep=19.8738pt
* \topskip=11.0pt
* \footskip=27.46295pt
* \marginparwidth=116.0pt
* \marginparsep=7.0pt
* \columnsep=10.0pt
* \skip\footins=10.0pt plus 4.0pt minus 2.0pt
* \hoffset=0.0pt
* \voffset=0.0pt
* \mag=1000
* \@twocolumnfalse
* \@twosidetrue
* \@mparswitchtrue
* \@reversemarginfalse
* (1in=72.27pt=25.4mm, 1cm=28.453pt)

\c@mv@tabular=\count340
\c@mv@boldtabular=\count341
LaTeX Info: Redefining \microtypecontext on input line 125.
Package microtype Info: Applying patch `item' on input line 125.
Package microtype Info: Applying patch `toc' on input line 125.
Package microtype Info: Applying patch `eqnum' on input line 125.
Package microtype Info: Applying patch `footnote' on input line 125.
Package microtype Info: Applying patch `verbatim' on input line 125.
LaTeX Info: Redefining \microtypesetup on input line 125.
Package microtype Info: Generating PDF output.
Package microtype Info: Character protrusion enabled (level 2).
Package microtype Info: Using default protrusion set `alltext'.
Package microtype Info: Automatic font expansion enabled (level 2),
(microtype)             stretch: 20, shrink: 20, step: 1, non-selected.
Package microtype Info: Using default expansion set `alltext-nott'.
Package microtype Info: Patching command `\showhyphens'.
Package microtype Info: No adjustment of tracking.
Package microtype Info: No adjustment of interword spacing.
Package microtype Info: No adjustment of character kerning.
Package microtype Info: Loading generic protrusion settings for font family
(microtype)             `LibertinusSerif-TLF' (encoding: T1).
(microtype)             For optimal results, create family-specific settings.
(microtype)             See the microtype manual for details.
(C:\Users\vresh\AppData\Local\Programs\MiKTeX\tex/latex/graphics\graphicx.sty
Package: graphicx 2024/12/31 v1.2e Enhanced LaTeX Graphics (DPC,SPQR)

(C:\Users\vresh\AppData\Local\Programs\MiKTeX\tex/latex/graphics\graphics.sty
Package: graphics 2024/08/06 v1.4g Standard LaTeX Graphics (DPC,SPQR)

(C:\Users\vresh\AppData\Local\Programs\MiKTeX\tex/latex/graphics\trig.sty
Package: trig 2023/12/02 v1.11 sin cos tan (DPC)
)
(C:\Users\vresh\AppData\Local\Programs\MiKTeX\tex/latex/graphics-cfg\graphics.c
fg
File: graphics.cfg 2016/06/04 v1.11 sample graphics configuration
)
Package graphics Info: Driver file: pdftex.def on input line 106.
)
\Gin@req@height=\dimen265
\Gin@req@width=\dimen266
)
(C:\Users\vresh\AppData\Local\Programs\MiKTeX\tex/context/base/mkii\supp-pdf.mk
ii
[Loading MPS to PDF converter (version 2006.09.02).]
\scratchcounter=\count342
\scratchdimen=\dimen267
\scratchbox=\box67
\nofMPsegments=\count343
\nofMParguments=\count344
\everyMPshowfont=\toks42
\MPscratchCnt=\count345
\MPscratchDim=\dimen268
\MPnumerator=\count346
\makeMPintoPDFobject=\count347
\everyMPtoPDFconversion=\toks43
)
(C:\Users\vresh\AppData\Local\Programs\MiKTeX\tex/latex/epstopdf-pkg\epstopdf-b
ase.sty
Package: epstopdf-base 2020-01-24 v2.11 Base part for package epstopdf


Package epstopdf Warning: Shell escape feature is not enabled.

Package epstopdf-base Info: Redefining graphics rule for `.eps' on input line 4
85.

(C:\Users\vresh\AppData\Local\Programs\MiKTeX\tex/latex/00miktex\epstopdf-sys.c
fg
File: epstopdf-sys.cfg 2021/03/18 v2.0 Configuration of epstopdf for MiKTeX
))
\c@lstlisting=\count348
Package hyperref Info: Link coloring ON on input line 125.
\@outlinefile=\write3
\openout3 = `Combinatorial_Transseries_Inverses.out'.

LaTeX Font Info:    Font shape `T1/LibertinusSerif-TLF/m/n' will be
(Font)              scaled to size 17.28pt on input line 133.
LaTeX Font Info:    Font shape `T1/LibertinusSerif-TLF/b/n' will be
(Font)              scaled to size 17.28pt on input line 133.
LaTeX Font Info:    Font shape `T1/LibertinusSerif-TLF/m/n' will be
(Font)              scaled to size 14.4pt on input line 133.

(C:\Users\vresh\AppData\Local\Programs\MiKTeX\tex/latex/microtype\mt-cmr.cfg
File: mt-cmr.cfg 2013/05/19 v2.2 microtype config. file: Computer Modern Roman 
(RS)
)
LaTeX Font Info:    Trying to load font information for U+msa on input line 133
.

(C:\Users\vresh\AppData\Local\Programs\MiKTeX\tex/latex/amsfonts\umsa.fd
File: umsa.fd 2013/01/14 v3.01 AMS symbols A
)
(C:\Users\vresh\AppData\Local\Programs\MiKTeX\tex/latex/microtype\mt-msa.cfg
File: mt-msa.cfg 2006/02/04 v1.1 microtype config. file: AMS symbols (a) (RS)
)
LaTeX Font Info:    Trying to load font information for U+msb on input line 133
.

(C:\Users\vresh\AppData\Local\Programs\MiKTeX\tex/latex/amsfonts\umsb.fd
File: umsb.fd 2013/01/14 v3.01 AMS symbols B
)
(C:\Users\vresh\AppData\Local\Programs\MiKTeX\tex/latex/microtype\mt-msb.cfg
File: mt-msb.cfg 2005/06/01 v1.0 microtype config. file: AMS symbols (b) (RS)
)
LaTeX Font Info:    Font shape `T1/LibertinusSerif-TLF/m/n' will be
(Font)              scaled to size 12.0pt on input line 133.
LaTeX Font Info:    Font shape `T1/LibertinusSerif-TLF/m/n' will be
(Font)              scaled to size 10.0pt on input line 133.

[1



{C:/Users/vresh/AppData/Local/MiKTeX/fonts/map/pdftex/pdftex.map}{C:/Users/vres
h/AppData/Local/Programs/MiKTeX/fonts/enc/dvips/libertinus-type1/lbn1_sfissr.en
c}{C:/Users/vresh/AppData/Local/Programs/MiKTeX/fonts/enc/dvips/libertinus-type
1/lbn1_75t36g.enc}]
LaTeX Font Info:    Font shape `T1/LibertinusSerif-TLF/m/n' will be
(Font)              scaled to size 24.88pt on input line 134.
LaTeX Font Info:    Font shape `T1/LibertinusSerif-TLF/b/n' will be
(Font)              scaled to size 24.88pt on input line 134.
LaTeX Font Info:    Font shape `T1/LibertinusSerif-TLF/m/it' will be
(Font)              scaled to size 10.95pt on input line 142.
 [2

{C:/Users/vresh/AppData/Local/Programs/MiKTeX/fonts/enc/dvips/libertinus-type1/
lbn1_sncvby.enc}]
No file Combinatorial_Transseries_Inverses.toc.
\tf@toc=\write4
\openout4 = `Combinatorial_Transseries_Inverses.toc'.

[3


] [4

]
LaTeX Font Info:    Font shape `T1/LibertinusSerif-TLF/m/n' will be
(Font)              scaled to size 20.74pt on input line 178.
LaTeX Font Info:    Font shape `T1/LibertinusSerif-TLF/b/n' will be
(Font)              scaled to size 20.74pt on input line 178.
 [1

]
Chapter 1.
LaTeX Font Info:    Font shape `T1/LibertinusSerif-TLF/b/n' will be
(Font)              scaled to size 10.95pt on input line 184.

LaTeX Warning: Citation `tai' on page 2 undefined on input line 184.

LaTeX Font Info:    Trying to load font information for T1+LibertinusMono-TLF o
n input line 194.

(C:\Users\vresh\AppData\Local\Programs\MiKTeX\tex/latex/libertinus-type1\t1libe
rtinusmono-tlf.fd
File: T1LibertinusMono-TLF.fd 2025/01/11 (autoinst) Font definitions for T1/Lib
ertinusMono-TLF.
)
LaTeX Font Info:    Font shape `T1/LibertinusMono-TLF/m/n' will be
(Font)              scaled to size 9.30756pt on input line 194.
Package microtype Info: Loading generic protrusion settings for font family
(microtype)             `LibertinusMono-TLF' (encoding: T1).
(microtype)             For optimal results, create family-specific settings.
(microtype)             See the microtype manual for details.
Package microtype Info: Character `guilsinglleft ' is missing
(microtype)             in font `T1/LibertinusMono-TLF/m/n/10.95'.
(microtype)             Ignoring protrusion settings for this character.
Package microtype Info: Character `guilsinglright ' is missing
(microtype)             in font `T1/LibertinusMono-TLF/m/n/10.95'.
(microtype)             Ignoring protrusion settings for this character.
LaTeX Font Info:    Font shape `T1/LibertinusSerif-TLF/b/n' will be
(Font)              scaled to size 14.4pt on input line 206.
LaTeX Font Info:    Font shape `T1/LibertinusSerif-TLF/b/n' will be
(Font)              scaled to size 12.0pt on input line 210.
 [2

{C:/Users/vresh/AppData/Local/Programs/MiKTeX/fonts/enc/dvips/libertinus-type1/
lbn1_or3pzs.enc}] [3]

LaTeX Warning: Reference `ct:ch:necklaces' on page 4 undefined on input line 32
3.

[4]

LaTeX Warning: Reference `t2:eq:staircase' on page 1 undefined on input line 36
1.


LaTeX Warning: Reference `t2:eq:ceil' on page 1 undefined on input line 361.


LaTeX Warning: Reference `t3:sec:certification' on page 5 undefined on input li
ne 372.

[5]
Chapter 2.

LaTeX Warning: Citation `tai' on page 6 undefined on input line 420.

[6

]

LaTeX Warning: Citation `dlmfgamma' on page 7 undefined on input line 455.


LaTeX Warning: Citation `dlmfbernoulli' on page 7 undefined on input line 455.


LaTeX Warning: Reference `t2:eq:E' on page 7 undefined on input line 455.

[7]

LaTeX Warning: Reference `t1:thm:phase' on page 1 undefined on input line 524.


LaTeX Warning: Reference `t1:eq:stirlingsign' on page 8 undefined on input line
 525.


LaTeX Warning: Reference `t1:eq:phaseinv' on page 8 undefined on input line 530
.


LaTeX Warning: Reference `t1:eq:multiinv' on page 8 undefined on input line 530
.


LaTeX Warning: Reference `t1:thm:multi' on page 1 undefined on input line 556.

[8]

LaTeX Warning: Reference `t1:eq:phaseinv' on page 1 undefined on input line 568
.


LaTeX Warning: Reference `t2:eq:core-equation' on page 9 undefined on input lin
e 623.


LaTeX Warning: Reference `t2:eq:scaledLB' on page 9 undefined on input line 624
.

[9]

LaTeX Warning: Reference `ct:ch:gamma' on page 1 undefined on input line 639.


LaTeX Warning: Reference `ct:ch:moments' on page 1 undefined on input line 641.



LaTeX Warning: Reference `t2:eq:gamma-log' on page 1 undefined on input line 64
3.


LaTeX Warning: Reference `ct:ch:gamma' on page 1 undefined on input line 643.


LaTeX Warning: Reference `ct:eq:linlog-model' on page 1 undefined on input line
 645.


LaTeX Warning: Citation `wlproductlog' on page 10 undefined on input line 663.

[10]

LaTeX Warning: Reference `t2:eq:balanced-core' on page 11 undefined on input li
ne 693.


LaTeX Warning: Reference `t2:eq:balanced-d' on page 11 undefined on input line 
693.


LaTeX Warning: Reference `t2:eq:balanced-first' on page 11 undefined on input l
ine 693.


LaTeX Warning: Reference `t1:thm:certificate' on page 11 undefined on input lin
e 695.


LaTeX Warning: Reference `t2:eq:balanced-core' on page 11 undefined on input li
ne 698.


LaTeX Warning: Reference `t2:eq:balanced-d' on page 11 undefined on input line 
713.


LaTeX Warning: Reference `t1:eq:multiinv' on page 11 undefined on input line 72
1.


LaTeX Warning: Reference `ct:part:qproducts' on page 1 undefined on input line 
727.

[11]

LaTeX Warning: Reference `t3:eq:basic-shape' on page 12 undefined on input line
 745.


LaTeX Warning: Reference `t3:eq:implicit-delta' on page 12 undefined on input l
ine 779.


LaTeX Warning: Reference `t3:eq:implicit-delta' on page 12 undefined on input l
ine 782.


LaTeX Warning: Reference `t3:eq:inverse-remainder' on page 12 undefined on inpu
t line 788.

[12]

LaTeX Warning: Reference `t3:eq:implicit-delta' on page 13 undefined on input l
ine 833.


LaTeX Warning: Reference `t3:eq:inverse-extraction' on page 13 undefined on inp
ut line 841.


LaTeX Warning: Reference `t3:eq:inverse-extraction' on page 13 undefined on inp
ut line 856.


LaTeX Warning: Reference `t3:eq:finite-dm' on page 13 undefined on input line 8
56.


LaTeX Warning: Reference `t3:eq:implicit-delta' on page 13 undefined on input l
ine 873.

[13]

LaTeX Warning: Reference `t3:eq:finite-dm' on page 14 undefined on input line 8
80.


LaTeX Warning: Reference `t3:eq:finite-dm' on page 14 undefined on input line 8
86.


LaTeX Warning: Reference `t3:eq:finite-dm' on page 14 undefined on input line 8
98.


LaTeX Warning: Reference `t3:sec:engine' on page 14 undefined on input line 907
.


LaTeX Warning: Reference `t3:eq:logphase' on page 14 undefined on input line 91
2.


LaTeX Warning: Reference `t3:eq:Cmk' on page 14 undefined on input line 918.

[14]

LaTeX Warning: Reference `t3:eq:shiftedoperator' on page 15 undefined on input 
line 945.


LaTeX Warning: Reference `t3:eq:general-derivative' on page 15 undefined on inp
ut line 945.


LaTeX Warning: Reference `t1:eq:residualbracket' on page 15 undefined on input 
line 973.


LaTeX Warning: Reference `t1:eq:inversebound' on page 15 undefined on input lin
e 973.

LaTeX Font Info:    Font shape `T1/LibertinusSerif-TLF/m/n' will be
(Font)              scaled to size 8.0pt on input line 981.
LaTeX Font Info:    Font shape `T1/LibertinusSerif-TLF/m/n' will be
(Font)              scaled to size 6.0pt on input line 981.

LaTeX Warning: Reference `t1:eq:binetbound' on page 15 undefined on input line 
990.


LaTeX Warning: Reference `t1:eq:qbinH' on page 15 undefined on input line 996.

[15] [16] [17

]
Chapter 3.

LaTeX Warning: Reference `ct:sec:linlog' on page 1 undefined on input line 1011
.


LaTeX Warning: Reference `t2:eq:gamma-general' on page 18 undefined on input li
ne 1029.


LaTeX Warning: Reference `t2:eq:gamma-general' on page 18 undefined on input li
ne 1056.


LaTeX Warning: Reference `t2:eq:E' on page 18 undefined on input line 1056.


LaTeX Warning: Citation `dlmfgamma' on page 18 undefined on input line 1056.

[18

]

LaTeX Warning: Reference `t2:eq:gamma-log' on page 1 undefined on input line 10
65.


LaTeX Warning: Reference `ct:eq:linlog-model' on page 1 undefined on input line
 1066.


LaTeX Warning: Reference `t2:thm:balanced-inverse' on page 1 undefined on input
 line 1067.


LaTeX Warning: Reference `t2:eq:balanced-W' on page 1 undefined on input line 1
068.


LaTeX Warning: Reference `t2:eq:balanced-d' on page 1 undefined on input line 1
070.


LaTeX Warning: Reference `t2:eq:gamma-constants' on page 1 undefined on input l
ine 1076.


LaTeX Warning: Reference `t2:eq:gamma-q' on page 1 undefined on input line 1077
.


LaTeX Warning: Reference `t2:eq:gamma-general' on page 19 undefined on input li
ne 1085.


LaTeX Warning: Citation `dlmfbinet' on page 19 undefined on input line 1085.


LaTeX Warning: Reference `t1:eq:binet' on page 19 undefined on input line 1095.



LaTeX Warning: Citation `dlmfgamma' on page 19 undefined on input line 1101.


LaTeX Warning: Citation `oeiscatalan' on page 19 undefined on input line 1106.


LaTeX Warning: Citation `wlcatalan' on page 19 undefined on input line 1106.


LaTeX Warning: Reference `t2:thm:gamma' on page 19 undefined on input line 1114
.

[19]

LaTeX Warning: Reference `t2:eq:gamma-q' on page 20 undefined on input line 112
8.


LaTeX Warning: Reference `t2:eq:E' on page 20 undefined on input line 1128.


LaTeX Warning: Citation `oeisfuss' on page 20 undefined on input line 1155.


LaTeX Warning: Reference `t2:eq:fuss' on page 20 undefined on input line 1155.


LaTeX Warning: Reference `t2:eq:balanced-W' on page 20 undefined on input line 
1176.


LaTeX Warning: Reference `t2:eq:balanced-d' on page 20 undefined on input line 
1176.


LaTeX Warning: Reference `t2:eq:fuss-q' on page 1 undefined on input line 1183.



LaTeX Warning: Reference `t2:eq:fuss-q' on page 1 undefined on input line 1190.



LaTeX Warning: Reference `t2:eq:balanced-d' on page 1 undefined on input line 1
190.


LaTeX Warning: Reference `t2:eq:catalan-inverse' on page 1 undefined on input l
ine 1191.

[20]

LaTeX Warning: Reference `t2:eq:tableaux' on page 21 undefined on input line 12
21.


LaTeX Warning: Citation `oeistableaux' on page 21 undefined on input line 1221.



LaTeX Warning: Reference `t2:eq:tableaux' on page 21 undefined on input line 12
21.


LaTeX Warning: Reference `t2:eq:balanced-first' on page 1 undefined on input li
ne 1241.


LaTeX Warning: Reference `t2:prop:scaled' on page 21 undefined on input line 12
53.

[21] [22] [23

]
Chapter 4.

LaTeX Warning: Citation `dlmfstirling' on page 24 undefined on input line 1272.



LaTeX Warning: Citation `wlstirling2' on page 24 undefined on input line 1272.


LaTeX Warning: Citation `wlstirling1' on page 24 undefined on input line 1272.


LaTeX Warning: Reference `t2:eq:finite-exp-inverse' on page 24 undefined on inp
ut line 1317.

[24

]

LaTeX Warning: Reference `t2:eq:finite-exp-inverse' on page 1 undefined on inpu
t line 1326.


LaTeX Warning: Reference `t1:thm:multi' on page 1 undefined on input line 1328.



LaTeX Warning: Reference `t1:eq:stirlingsign' on page 1 undefined on input line
 1331.


LaTeX Warning: Reference `t2:eq:stirling2-cont' on page 25 undefined on input l
ine 1350.


LaTeX Warning: Reference `t2:thm:finite-exp' on page 25 undefined on input line
 1352.


LaTeX Warning: Reference `t2:eq:finite-exp-inverse' on page 25 undefined on inp
ut line 1359.

[25]

LaTeX Warning: Citation `oeiseulerian' on page 26 undefined on input line 1389.



LaTeX Warning: Reference `t1:eq:eulerianinterp' on page 26 undefined on input l
ine 1394.


LaTeX Warning: Reference `t1:thm:multi' on page 1 undefined on input line 1420.



LaTeX Warning: Reference `t1:thm:multi' on page 1 undefined on input line 1425.



LaTeX Warning: Reference `t1:eq:eulerianinverse' on page 26 undefined on input 
line 1433.

[26]

LaTeX Warning: Reference `t2:eq:stirling1-cont' on page 27 undefined on input l
ine 1452.


LaTeX Warning: Reference `t2:eq:stirling1-cont' on page 27 undefined on input l
ine 1487.


LaTeX Warning: Reference `t2:lem:ratio' on page 27 undefined on input line 1492
.


LaTeX Warning: Reference `t2:eq:stirling1-P' on page 27 undefined on input line
 1492.

[27]

LaTeX Warning: Reference `t2:thm:stirling1' on page 28 undefined on input line 
1515.


LaTeX Warning: Reference `t2:eq:stirling1-cont' on page 28 undefined on input l
ine 1533.


LaTeX Warning: Reference `t2:prop:scaled' on page 28 undefined on input line 15
49.


LaTeX Warning: Reference `t2:eq:stirling1-log' on page 28 undefined on input li
ne 1549.


LaTeX Warning: Reference `t2:eq:stirling1-inverse' on page 28 undefined on inpu
t line 1554.

[28] [29

]
Chapter 5.

LaTeX Warning: Reference `t2:lem:ratio' on page 30 undefined on input line 1585
.


LaTeX Warning: Reference `t2:lem:ratio' on page 30 undefined on input line 1606
.


LaTeX Warning: Citation `dlmflaplace' on page 30 undefined on input line 1606.

[30

]

LaTeX Warning: Citation `oeismotzkin' on page 31 undefined on input line 1621.


LaTeX Warning: Citation `oeistrinomial' on page 31 undefined on input line 1621
.


LaTeX Warning: Reference `t1:eq:endpointcounts' on page 31 undefined on input l
ine 1639.


LaTeX Warning: Reference `t1:eq:endpointmoment' on page 31 undefined on input l
ine 1652.

[31]

LaTeX Warning: Reference `t1:eq:gammaratiocoeff' on page 32 undefined on input 
line 1704.


LaTeX Warning: Reference `t1:eq:endpointcoeff' on page 32 undefined on input li
ne 1704.


LaTeX Warning: Reference `t1:eq:betablocks' on page 32 undefined on input line 
1704.


LaTeX Warning: Reference `t2:eq:balanced-W' on page 32 undefined on input line 
1723.


LaTeX Warning: Reference `t2:eq:balanced-d' on page 32 undefined on input line 
1723.

[32]

LaTeX Warning: Reference `t1:thm:multi' on page 1 undefined on input line 1739.



LaTeX Warning: Reference `t1:eq:endpointasympt' on page 33 undefined on input l
ine 1752.


LaTeX Warning: Reference `t1:eq:multiinv' on page 33 undefined on input line 17
52.


LaTeX Warning: Reference `t1:eq:endpointinversefirst' on page 33 undefined on i
nput line 1755.


LaTeX Warning: Reference `t2:eq:endpoint-coeff' on page 1 undefined on input li
ne 1764.


LaTeX Warning: Reference `t1:eq:endpointcoeff' on page 1 undefined on input lin
e 1766.


LaTeX Warning: Reference `t2:thm:balanced-inverse' on page 33 undefined on inpu
t line 1787.

[33]

LaTeX Warning: Reference `t1:eq:endpointinterp' on page 34 undefined on input l
ine 1800.


LaTeX Warning: Reference `ct:rmk:transport' on page 34 undefined on input line 
1813.


LaTeX Warning: Citation `oeisdelannoy' on page 34 undefined on input line 1825.



LaTeX Warning: Citation `dlmflegendre' on page 34 undefined on input line 1832.


[34]

LaTeX Warning: Reference `t2:eq:delannoy-coeff' on page 35 undefined on input l
ine 1859.


LaTeX Warning: Reference `t2:eq:balanced-d' on page 35 undefined on input line 
1859.


LaTeX Warning: Citation `oeisschroder' on page 35 undefined on input line 1864.



Underfull \hbox (badness 1005) in paragraph at lines 1863--1865
\T1/LibertinusSerif-TLF/m/n/10.95 (+20) The large Schröder num-bers $\OT1/cmr/m
/n/10.95 1\OML/cmm/m/it/10.95 ; \OT1/cmr/m/n/10.95 2\OML/cmm/m/it/10.95 ; \OT1/
cmr/m/n/10.95 6\OML/cmm/m/it/10.95 ; \OT1/cmr/m/n/10.95 22\OML/cmm/m/it/10.95 ;
 \OT1/cmr/m/n/10.95 90\OML/cmm/m/it/10.95 ; []$\T1/LibertinusSerif-TLF/m/n/10.9
5 (+20) , A006318, have gen-er-at-ing func-tion $\OT1/cmr/m/n/10.95 (1 \OMS/cms
y/m/n/10.95 ^^@ \OML/cmm/m/it/10.95 z \OMS/cmsy/m/n/10.95 ^^@
 []

[35]

LaTeX Warning: Reference `t2:eq:balanced-d' on page 36 undefined on input line 
1937.


LaTeX Warning: Reference `t1:eq:multiinv' on page 36 undefined on input line 19
37.


LaTeX Warning: Reference `ct:ch:moments' on page 1 undefined on input line 1945
.


LaTeX Warning: Reference `t1:eq:generalmomentcoeff' on page 36 undefined on inp
ut line 1945.

[36] [37

]
Chapter 6.

LaTeX Warning: Citation `oeisinvolution' on page 38 undefined on input line 197
7.


LaTeX Warning: Reference `t2:eq:involution-A' on page 38 undefined on input lin
e 1998.

[38

]

LaTeX Warning: Reference `t2:eq:involution-S' on page 39 undefined on input lin
e 2068.


LaTeX Warning: Reference `t2:eq:involution-saddle-expansion' on page 39 undefin
ed on input line 2074.


LaTeX Warning: Reference `t2:eq:involution-B' on page 39 undefined on input lin
e 2074.


LaTeX Warning: Citation `dlmflaplace' on page 39 undefined on input line 2077.

[39]

LaTeX Warning: Reference `t2:eq:involution-B-first' on page 40 undefined on inp
ut line 2092.


LaTeX Warning: Citation `ekz' on page 40 undefined on input line 2092.


LaTeX Warning: Reference `t2:eq:involution-S' on page 1 undefined on input line
 2098.


LaTeX Warning: Reference `ct:app:audit' on page 1 undefined on input line 2104.



LaTeX Warning: Reference `ct:ch:numerics' on page 1 undefined on input line 210
4.


LaTeX Warning: Reference `t2:eq:involution-B' on page 1 undefined on input line
 2106.

[40]

LaTeX Warning: Reference `t2:eq:involution-A' on page 41 undefined on input lin
e 2144.


LaTeX Warning: Reference `t1:eq:ivforward' on page 41 undefined on input line 2
150.


LaTeX Warning: Reference `t1:eq:ivcoeff' on page 41 undefined on input line 215
0.


LaTeX Warning: Reference `t1:eq:ivratio' on page 41 undefined on input line 215
2.


LaTeX Warning: Reference `t1:app:audit' on page 1 undefined on input line 2170.


[41]

LaTeX Warning: Reference `t1:eq:ivinveq' on page 42 undefined on input line 220
0.


LaTeX Warning: Reference `t1:eq:ivVeq' on page 42 undefined on input line 2233.



LaTeX Warning: Reference `t1:eq:ivVclosed' on page 42 undefined on input line 2
233.


LaTeX Warning: Reference `t1:eq:ivcoeff' on page 42 undefined on input line 223
3.


LaTeX Warning: Reference `t2:eq:L' on page 42 undefined on input line 2233.


LaTeX Warning: Reference `t1:thm:ivforward' on page 1 undefined on input line 2
235.


LaTeX Warning: Reference `t1:eq:ivVeq' on page 42 undefined on input line 2235.



LaTeX Warning: Reference `t1:eq:ivV' on page 42 undefined on input line 2253.

[42]

LaTeX Warning: Reference `t1:eq:ivV' on page 1 undefined on input line 2258.


LaTeX Warning: Reference `t1:eq:ivvfirst' on page 1 undefined on input line 226
3.


LaTeX Warning: Reference `t2:prop:scaled' on page 1 undefined on input line 226
4.


LaTeX Warning: Reference `ct:ch:numerics' on page 1 undefined on input line 226
7.


Underfull \hbox (badness 1748) in paragraph at lines 2258--2269
[]\T1/LibertinusSerif-TLF/m/it/10.95 (+20) Remark \T1/LibertinusSerif-TLF/m/n/1
0.95 (+20) 6.4 (The same ex-pan-sion in half-pow-ers of $\OML/cmm/m/it/10.95 X$
\T1/LibertinusSerif-TLF/m/n/10.95 (+20) )\T1/LibertinusSerif-TLF/m/it/10.95 (+2
0) . []\T1/LibertinusSerif-TLF/m/n/10.95 (+20) Ex-pand-ing [] in $\OML/cmm/m/it
/10.95 X$ \T1/LibertinusSerif-TLF/m/n/10.95 (+20) gives $\OML/cmm/m/it/10.95 x[
] \OMS/cmsy/m/n/10.95 ^^X
 []


LaTeX Warning: Reference `t2:eq:involution-cont' on page 43 undefined on input 
line 2277.


LaTeX Warning: Reference `t1:thm:multi' on page 1 undefined on input line 2277.



LaTeX Warning: Reference `t1:eq:ivratio' on page 43 undefined on input line 228
2.


LaTeX Warning: Reference `t1:eq:multiinv' on page 43 undefined on input line 22
90.


LaTeX Warning: Reference `t1:eq:ivq' on page 43 undefined on input line 2290.

[43]

LaTeX Warning: Reference `t1:eq:driftscale' on page 44 undefined on input line 
2322.


LaTeX Warning: Reference `t1:eq:driftscale' on page 44 undefined on input line 
2324.


LaTeX Warning: Reference `t1:eq:ivVclosed' on page 44 undefined on input line 2
324.

[44] [45

]
Chapter 7.

LaTeX Warning: Citation `oeiszigzag' on page 46 undefined on input line 2350.


LaTeX Warning: Citation `wlbeta' on page 46 undefined on input line 2361.


LaTeX Warning: Reference `t1:eq:zigzagegf' on page 46 undefined on input line 2
377.

[46

]

LaTeX Warning: Reference `t1:eq:zigzagginverse' on page 47 undefined on input l
ine 2438.


LaTeX Warning: Reference `t1:eq:zigzagcore' on page 47 undefined on input line 
2441.

[47]

LaTeX Warning: Reference `t1:eq:multiinv' on page 48 undefined on input line 24
73.


LaTeX Warning: Reference `t1:eq:zigzaginterp' on page 1 undefined on input line
 2498.


LaTeX Warning: Reference `t1:eq:zigzaggamma' on page 1 undefined on input line 
2501.

[48]

LaTeX Warning: Reference `t2:eq:zigzag-A-log' on page 49 undefined on input lin
e 2547.


LaTeX Warning: Reference `t1:thm:certificate' on page 49 undefined on input lin
e 2547.


LaTeX Warning: Reference `t2:prop:scaled' on page 49 undefined on input line 25
47.

[49]

LaTeX Warning: Reference `ct:rmk:transport' on page 50 undefined on input line 
2582.


LaTeX Warning: Reference `t2:eq:zigzag-primes' on page 50 undefined on input li
ne 2582.

[50]
Chapter 8.

LaTeX Warning: Citation `oeisallgraphs' on page 51 undefined on input line 2610
.


LaTeX Warning: Citation `oeisconnected' on page 51 undefined on input line 2610
.


LaTeX Warning: Reference `t2:eq:graph-egf' on page 51 undefined on input line 2
618.

[51

]

LaTeX Warning: Reference `t2:eq:graph-egf' on page 52 undefined on input line 2
669.


LaTeX Warning: Reference `t2:eq:graph-expansion' on page 52 undefined on input 
line 2682.


LaTeX Warning: Reference `t2:eq:graph-giant' on page 52 undefined on input line
 2688.


LaTeX Warning: Reference `t2:eq:graph-expansion' on page 52 undefined on input 
line 2702.


LaTeX Warning: Reference `t2:eq:graph-b-first' on page 52 undefined on input li
ne 2702.


LaTeX Warning: Reference `t2:eq:graph-first' on page 52 undefined on input line
 2702.

[52]

LaTeX Warning: Reference `t2:prop:scaled' on page 53 undefined on input line 27
27.


LaTeX Warning: Reference `t2:eq:graph-b-finite' on page 53 undefined on input l
ine 2733.


LaTeX Warning: Reference `t2:eq:graph-P' on page 53 undefined on input line 273
3.


LaTeX Warning: Reference `t2:eq:graph-inverse' on page 53 undefined on input li
ne 2749.


LaTeX Warning: Reference `t2:thm:graphs' on page 53 undefined on input line 276
2.


LaTeX Warning: Reference `t1:thm:certificate' on page 53 undefined on input lin
e 2762.


LaTeX Warning: Reference `t2:eq:graph-d' on page 53 undefined on input line 276
4.


LaTeX Warning: Reference `t2:eq:graph-d' on page 53 undefined on input line 276
4.

[53]

LaTeX Warning: Reference `ct:ch:objects' on page 54 undefined on input line 276
7.

[54]
Chapter 9.

LaTeX Warning: Citation `oeisnecklace' on page 55 undefined on input line 2796.



LaTeX Warning: Citation `oeislyndon' on page 55 undefined on input line 2796.


LaTeX Warning: Reference `t2:eq:necklace' on page 55 undefined on input line 27
98.


LaTeX Warning: Reference `t2:eq:lyndon' on page 55 undefined on input line 2798
.

[55

]

LaTeX Warning: Reference `t2:prop:necklace-cutoff' on page 56 undefined on inpu
t line 2834.


LaTeX Warning: Reference `ct:rmk:transport' on page 56 undefined on input line 
2877.

[56]

LaTeX Warning: Reference `t2:prop:necklace-cutoff' on page 57 undefined on inpu
t line 2886.


LaTeX Warning: Reference `t1:thm:certificate' on page 57 undefined on input lin
e 2886.


LaTeX Warning: Reference `t2:eq:necklace-finite-model' on page 57 undefined on 
input line 2896.


LaTeX Warning: Reference `t2:eq:lyndon' on page 1 undefined on input line 2903.



LaTeX Warning: Reference `t3:eq:arithmetic-sectors' on page 57 undefined on inp
ut line 2933.

[57]

LaTeX Warning: Reference `t2:eq:lyndon' on page 58 undefined on input line 2937
.


LaTeX Warning: Citation `dlmfW' on page 58 undefined on input line 2960.


LaTeX Warning: Citation `wlproductlog' on page 58 undefined on input line 2960.



LaTeX Warning: Reference `t3:eq:fixedradical-function' on page 58 undefined on 
input line 2964.


LaTeX Warning: Reference `t3:eq:Wcenter' on page 58 undefined on input line 296
8.


LaTeX Warning: Reference `t3:eq:general-inverse-extraction' on page 58 undefine
d on input line 2969.


LaTeX Warning: Reference `t3:eq:general-derivative' on page 58 undefined on inp
ut line 2969.


LaTeX Warning: Reference `t3:thm:inverse' on page 58 undefined on input line 29
76.


LaTeX Warning: Reference `t3:eq:general-derivative' on page 58 undefined on inp
ut line 2976.

[58]

LaTeX Warning: Reference `t3:eq:primepower-inverse' on page 59 undefined on inp
ut line 3003.


LaTeX Warning: Citation `tai' on page 59 undefined on input line 3015.


LaTeX Warning: Reference `t3:eq:primepower-inverse' on page 59 undefined on inp
ut line 3015.

[59]

LaTeX Warning: Reference `t3:eq:uniform-deficit' on page 60 undefined on input 
line 3047.


LaTeX Warning: Reference `t3:eq:I-lower' on page 60 undefined on input line 304
7.


LaTeX Warning: Reference `t3:eq:I-lower' on page 60 undefined on input line 307
2.


LaTeX Warning: Reference `t2:eq:necklace' on page 1 undefined on input line 308
9.


LaTeX Warning: Reference `t3:eq:arithmetic-sectors' on page 60 undefined on inp
ut line 3093.

[60] [61]

Package hyperref Warning: Token not allowed in a PDF string (Unicode):
(hyperref)                removing `math shift' on input line 3101.


Package hyperref Warning: Token not allowed in a PDF string (Unicode):
(hyperref)                removing `math shift' on input line 3101.

[62

]

LaTeX Warning: Reference `ct:sec:quadratic' on page 1 undefined on input line 3
110.


LaTeX Warning: Citation `dlmfq' on page 63 undefined on input line 3142.


LaTeX Warning: Citation `wlqbinomial' on page 63 undefined on input line 3142.


LaTeX Warning: Citation `wlqpochhammer' on page 63 undefined on input line 3142
.


LaTeX Warning: Citation `kousidis' on page 63 undefined on input line 3142.


LaTeX Warning: Citation `bliem' on page 63 undefined on input line 3142.

[63]
Chapter 10.

Package hyperref Warning: Token not allowed in a PDF string (Unicode):
(hyperref)                removing `math shift' on input line 3145.


Package hyperref Warning: Token not allowed in a PDF string (Unicode):
(hyperref)                removing `math shift' on input line 3145.


LaTeX Warning: Reference `t3:eq:Aseries' on page 64 undefined on input line 317
5.


LaTeX Warning: Citation `dlmfq' on page 64 undefined on input line 3187.

[64

]

LaTeX Warning: Reference `t3:eq:product-log-coeff' on page 65 undefined on inpu
t line 3228.


LaTeX Warning: Reference `t3:eq:forward-Bell' on page 65 undefined on input lin
e 3228.

[65]
Chapter 11.

Package hyperref Warning: Token not allowed in a PDF string (Unicode):
(hyperref)                removing `math shift' on input line 3231.


Package hyperref Warning: Token not allowed in a PDF string (Unicode):
(hyperref)                removing `math shift' on input line 3231.


LaTeX Warning: Citation `oeisGL' on page 66 undefined on input line 3244.


LaTeX Warning: Reference `t3:eq:GLcount' on page 66 undefined on input line 324
8.


LaTeX Warning: Reference `t3:thm:inverse' on page 66 undefined on input line 32
60.


LaTeX Warning: Reference `t3:eq:finite-dm' on page 66 undefined on input line 3
275.


LaTeX Warning: Reference `t3:eq:GLcount' on page 66 undefined on input line 329
1.

[66

]

LaTeX Warning: Citation `oeisflags' on page 67 undefined on input line 3296.


LaTeX Warning: Reference `t3:eq:center' on page 67 undefined on input line 3309
.


LaTeX Warning: Reference `t3:sec:double' on page 67 undefined on input line 334
8.

[67]
Chapter 12.

LaTeX Warning: Citation `wlqbinomial' on page 68 undefined on input line 3366.


LaTeX Warning: Reference `t3:eq:qbin-count' on page 68 undefined on input line 
3376.

[68

]

LaTeX Warning: Reference `t3:eq:fixedrank-inverse' on page 69 undefined on inpu
t line 3405.


LaTeX Warning: Reference `t3:eq:scaled-gaussian-b' on page 69 undefined on inpu
t line 3432.


LaTeX Warning: Citation `oeiscentral' on page 69 undefined on input line 3439.


LaTeX Warning: Reference `t3:eq:central-B' on page 69 undefined on input line 3
462.


LaTeX Warning: Reference `t3:eq:finite-dm' on page 69 undefined on input line 3
462.

[69]
Underfull \hbox (badness 6001) in paragraph at lines 3490--3490
[]\T1/LibertinusSerif-TLF/b/n/14.4 (+20) The cen-tral co-ef-fi-cient re-vis-ite
d: a con-ver-gent for-ward
 []


LaTeX Warning: Reference `t3:eq:scaled-gaussian' on page 1 undefined on input l
ine 3495.


LaTeX Warning: Reference `t3:eq:central-forward' on page 1 undefined on input l
ine 3496.


LaTeX Warning: Reference `t3:eq:central-B' on page 1 undefined on input line 34
97.


LaTeX Warning: Reference `t3:eq:general-derivative' on page 1 undefined on inpu
t line 3498.


LaTeX Warning: Reference `t3:eq:central-inverse' on page 1 undefined on input l
ine 3500.

[70]
LaTeX Font Info:    Trying to load font information for U+euf on input line 355
0.
 (C:\Users\vresh\AppData\Local\Programs\MiKTeX\tex/latex/amsfonts\ueuf.fd
File: ueuf.fd 2013/01/14 v3.01 Euler Fraktur
)
(C:\Users\vresh\AppData\Local\Programs\MiKTeX\tex/latex/microtype\mt-euf.cfg
File: mt-euf.cfg 2006/07/03 v1.1 microtype config. file: AMS Euler Fraktur (RS)

)

LaTeX Warning: Reference `t1:thm:phase' on page 1 undefined on input line 3570.



LaTeX Warning: Reference `t1:eq:qHnm' on page 71 undefined on input line 3570.


LaTeX Warning: Reference `t1:eq:qbininversecoeff' on page 71 undefined on input
 line 3574.

[71]

LaTeX Warning: Reference `t1:eq:qoperator' on page 72 undefined on input line 3
591.


LaTeX Warning: Reference `t1:eq:qbind12' on page 72 undefined on input line 359
1.

[72]
Chapter 13.

Package hyperref Warning: Token not allowed in a PDF string (Unicode):
(hyperref)                removing `math shift' on input line 3605.


Package hyperref Warning: Token not allowed in a PDF string (Unicode):
(hyperref)                removing `math shift' on input line 3605.


LaTeX Warning: Citation `oeisqcatalan' on page 73 undefined on input line 3619.



LaTeX Warning: Reference `t3:eq:qfuss-definition' on page 73 undefined on input
 line 3623.


LaTeX Warning: Reference `t3:eq:scaled-gaussian' on page 73 undefined on input 
line 3640.

[73

]

LaTeX Warning: Citation `oeisqcatalan' on page 74 undefined on input line 3662.



LaTeX Warning: Reference `t3:eq:qfuss-b' on page 74 undefined on input line 366
2.


LaTeX Warning: Reference `t3:thm:inverse' on page 74 undefined on input line 36
62.


LaTeX Warning: Reference `t3:eq:finite-dm' on page 74 undefined on input line 3
672.


LaTeX Warning: Reference `t3:eq:qfuss-B' on page 74 undefined on input line 369
1.

[74]
Chapter 14.

LaTeX Warning: Citation `oeisSp' on page 75 undefined on input line 3711.


LaTeX Warning: Citation `oeisU' on page 75 undefined on input line 3741.

[75

]

LaTeX Warning: Reference `t3:eq:U-B' on page 76 undefined on input line 3776.


LaTeX Warning: Reference `t3:eq:U-count' on page 76 undefined on input line 377
6.


LaTeX Warning: Reference `t3:eq:U-B' on page 76 undefined on input line 3776.


LaTeX Warning: Reference `t3:eq:U-count' on page 76 undefined on input line 379
6.


LaTeX Warning: Reference `t3:eq:finite-dm' on page 76 undefined on input line 3
798.


LaTeX Warning: Reference `t3:eq:U-B' on page 76 undefined on input line 3798.


LaTeX Warning: Reference `t3:eq:residue-rounding' on page 76 undefined on input
 line 3798.

[76]
Chapter 15.

LaTeX Warning: Citation `oeisGalois' on page 77 undefined on input line 3813.


LaTeX Warning: Citation `kousidis' on page 77 undefined on input line 3829.


LaTeX Warning: Reference `t3:eq:Galois-def' on page 77 undefined on input line 
3842.

[77

]

LaTeX Warning: Reference `t3:eq:root-theta' on page 78 undefined on input line 
3861.


LaTeX Warning: Reference `t3:eq:theta2' on page 78 undefined on input line 3861
.


LaTeX Warning: Reference `t3:eq:H-bilateral' on page 78 undefined on input line
 3897.


LaTeX Warning: Reference `t3:eq:product-interpolation' on page 78 undefined on 
input line 3912.


LaTeX Warning: Reference `t3:eq:Galois-exact' on page 78 undefined on input lin
e 3914.


LaTeX Warning: Reference `t3:eq:H-bilateral' on page 78 undefined on input line
 3914.


Underfull \hbox (badness 2277) in paragraph at lines 3911--3915
\T1/LibertinusSerif-TLF/m/n/10.95 (+20) Using [], each de-nom-i-na-tor con-trib
utes $\OMS/cmsy/m/n/10.95 P[]\OT1/cmr/m/n/10.95 (\OML/cmm/m/it/10.95 Q[]\OT1/cm
r/m/n/10.95 ; \OML/cmm/m/it/10.95 Q\OT1/cmr/m/n/10.95 )[]$\T1/LibertinusSerif-T
LF/m/n/10.95 (+20) , and the nu-mer-a-tor con-tributes
 []

[78]

LaTeX Warning: Reference `t3:eq:H-bilateral' on page 79 undefined on input line
 3918.


LaTeX Warning: Reference `t3:eq:euler-entire' on page 79 undefined on input lin
e 3918.


LaTeX Warning: Reference `t3:eq:h-coeff' on page 79 undefined on input line 393
2.


LaTeX Warning: Reference `t3:eq:Galois-exact' on page 79 undefined on input lin
e 3946.

[79]

LaTeX Warning: Reference `t3:eq:h-coeff' on page 80 undefined on input line 399
1.


LaTeX Warning: Reference `t3:eq:Galois-leading' on page 80 undefined on input l
ine 3996.


LaTeX Warning: Reference `t3:eq:Galois-exact' on page 80 undefined on input lin
e 4000.


LaTeX Warning: Reference `t3:eq:Galois-b' on page 80 undefined on input line 40
18.


LaTeX Warning: Reference `t3:eq:finite-dm' on page 80 undefined on input line 4
018.


LaTeX Warning: Reference `t3:eq:d2' on page 80 undefined on input line 4028.


LaTeX Warning: Reference `t3:eq:Galois-b12' on page 80 undefined on input line 
4028.

[80]

LaTeX Warning: Reference `t3:thm:theta-tail' on page 81 undefined on input line
 4055.


LaTeX Warning: Reference `t3:eq:theta-complete' on page 81 undefined on input l
ine 4063.


LaTeX Warning: Citation `bliem' on page 81 undefined on input line 4073.

[81]
Chapter 16.

Package hyperref Warning: Token not allowed in a PDF string (Unicode):
(hyperref)                removing `math shift' on input line 4076.


Package hyperref Warning: Token not allowed in a PDF string (Unicode):
(hyperref)                removing `\to' on input line 4076.


Package hyperref Warning: Token not allowed in a PDF string (Unicode):
(hyperref)                removing `math shift' on input line 4076.


LaTeX Warning: Reference `t3:eq:double-Aexact' on page 82 undefined on input li
ne 4123.

[82

]

LaTeX Warning: Reference `t3:eq:double-A' on page 83 undefined on input line 41
27.


LaTeX Warning: Citation `dlmfqmod' on page 83 undefined on input line 4132.


LaTeX Warning: Reference `t3:eq:modularsectors' on page 83 undefined on input l
ine 4149.


LaTeX Warning: Reference `t3:eq:double-Aexact' on page 83 undefined on input li
ne 4151.


LaTeX Warning: Reference `t3:eq:modularsectors' on page 83 undefined on input l
ine 4151.


LaTeX Warning: Reference `t3:eq:double-A' on page 83 undefined on input line 41
77.


LaTeX Warning: Reference `t3:eq:modularP' on page 83 undefined on input line 41
77.


LaTeX Warning: Reference `t3:eq:central-double-exact' on page 83 undefined on i
nput line 4185.

[83]

LaTeX Warning: Reference `t3:eq:Sderivative' on page 84 undefined on input line
 4195.


LaTeX Warning: Reference `t3:eq:Sderivative' on page 84 undefined on input line
 4205.


LaTeX Warning: Reference `t3:eq:Sderivative' on page 84 undefined on input line
 4214.


LaTeX Warning: Reference `t3:eq:central-double-asympt' on page 84 undefined on 
input line 4227.


LaTeX Warning: Reference `t3:prop:double-A' on page 84 undefined on input line 
4231.


LaTeX Warning: Reference `t3:eq:general-derivative' on page 84 undefined on inp
ut line 4247.

[84] [85] [86

]
Chapter 17.

LaTeX Warning: Citation `wlharmonic' on page 87 undefined on input line 4274.


LaTeX Warning: Citation `dlmfgamma' on page 87 undefined on input line 4283.


LaTeX Warning: Citation `dlmfbernoulli' on page 87 undefined on input line 4283
.


LaTeX Warning: Reference `t2:eq:harmonic-centered' on page 87 undefined on inpu
t line 4305.

[87

]

LaTeX Warning: Reference `t2:eq:harmonic-inverse' on page 88 undefined on input
 line 4315.


LaTeX Warning: Reference `t1:thm:certificate' on page 88 undefined on input lin
e 4317.


LaTeX Warning: Reference `t2:eq:E' on page 88 undefined on input line 4317.


LaTeX Warning: Citation `dlmfhurwitz' on page 88 undefined on input line 4343.


LaTeX Warning: Reference `t2:eq:general-harmonic-inverse' on page 88 undefined 
on input line 4374.

[88] [89]
Chapter 18.

LaTeX Warning: Reference `ct:part:qproducts' on page 1 undefined on input line 
4383.


LaTeX Warning: Reference `t3:eq:endpoint-all' on page 90 undefined on input lin
e 4424.


LaTeX Warning: Reference `t3:eq:endpoint-first' on page 90 undefined on input l
ine 4424.

[90

]

LaTeX Warning: Reference `t3:thm:endpoint' on page 91 undefined on input line 4
468.


LaTeX Warning: Reference `t3:sec:gaussian' on page 91 undefined on input line 4
473.

[91] [92

]
Chapter 19.

LaTeX Warning: Reference `ct:sec:residual' on page 1 undefined on input line 45
05.


LaTeX Warning: Reference `t3:thm:inverse' on page 93 undefined on input line 45
16.


LaTeX Warning: Reference `t3:lem:Atail' on page 93 undefined on input line 4528
.


LaTeX Warning: Reference `t3:eq:H-bound' on page 93 undefined on input line 452
8.


LaTeX Warning: Reference `t3:eq:residue-rounding' on page 93 undefined on input
 line 4535.

[93

]

LaTeX Warning: Reference `t3:thm:two-candidate' on page 94 undefined on input l
ine 4539.


LaTeX Warning: Reference `t3:eq:dm-recurrence' on page 94 undefined on input li
ne 4555.


LaTeX Warning: Reference `t3:eq:finite-dm' on page 94 undefined on input line 4
555.


LaTeX Warning: Reference `t3:eq:h-coeff' on page 94 undefined on input line 455
7.


LaTeX Warning: Reference `t2:eq:ceil' on page 94 undefined on input line 4560.


LaTeX Warning: Reference `t1:eq:zigzagthreshold' on page 94 undefined on input 
line 4562.

[94]
Chapter 20.

LaTeX Warning: Reference `ct:app:reproduce' on page 1 undefined on input line 4
571.


Underfull \vbox (badness 1205) has occurred while \output is active []

 [95

]
[96]

LaTeX Warning: Reference `t2:eq:catalan-core' on page 97 undefined on input lin
e 4663.


LaTeX Warning: Reference `t2:eq:catalan-inverse' on page 97 undefined on input 
line 4663.


LaTeX Warning: Reference `t2:eq:involution-B-first' on page 97 undefined on inp
ut line 4677.


LaTeX Warning: Reference `t2:eq:involution-enumeration' on page 97 undefined on
 input line 4677.


LaTeX Warning: Reference `t1:eq:ivvfirst' on page 97 undefined on input line 46
77.


LaTeX Warning: Reference `t1:eq:ivVeq' on page 97 undefined on input line 4687.



LaTeX Warning: Reference `t2:eq:graph-b-finite' on page 97 undefined on input l
ine 4697.

[97]
LaTeX Font Info:    Font shape `T1/LibertinusMono-TLF/m/n' will be
(Font)              scaled to size 7.65005pt on input line 4741.
Package microtype Info: Character `guilsinglleft ' is missing
(microtype)             in font `T1/LibertinusMono-TLF/m/n/9'.
(microtype)             Ignoring protrusion settings for this character.
Package microtype Info: Character `guilsinglright ' is missing
(microtype)             in font `T1/LibertinusMono-TLF/m/n/9'.
(microtype)             Ignoring protrusion settings for this character.


Package hyperref Warning: Token not allowed in a PDF string (Unicode):
(hyperref)                removing `math shift' on input line 4748.


Package hyperref Warning: Token not allowed in a PDF string (Unicode):
(hyperref)                removing `math shift' on input line 4748.

[98]

LaTeX Warning: Reference `t3:eq:endpoint-all' on page 99 undefined on input lin
e 4806.


LaTeX Warning: Reference `t3:eq:central-double-asympt' on page 99 undefined on 
input line 4818.

[99]
Chapter 21.

LaTeX Warning: Reference `t2:tab:classes' on page 100 undefined on input line 4
865.


LaTeX Warning: Reference `ct:ch:moments' on page 100 undefined on input line 49
03.


LaTeX Warning: Reference `ct:ch:moments' on page 100 undefined on input line 49
03.


LaTeX Warning: Reference `ct:rmk:transport' on page 100 undefined on input line
 4919.

[100

]

LaTeX Warning: Reference `ct:eq:transport' on page 101 undefined on input line 
4927.


LaTeX Warning: Reference `t2:thm:finite-exp' on page 101 undefined on input lin
e 4939.

[101]

LaTeX Warning: Reference `t2:thm:graphs' on page 102 undefined on input line 49
48.


LaTeX Warning: Reference `t2:cor:graph-range' on page 102 undefined on input li
ne 4948.


LaTeX Warning: Reference `t2:eq:E' on page 102 undefined on input line 4959.


LaTeX Warning: Reference `t2:eq:L' on page 102 undefined on input line 4959.

[102]

LaTeX Warning: Reference `t2:prop:necklace-cutoff' on page 103 undefined on inp
ut line 4971.


LaTeX Warning: Reference `t2:eq:graph-expansion' on page 103 undefined on input
 line 4973.


Package hyperref Warning: Token not allowed in a PDF string (Unicode):
(hyperref)                removing `math shift' on input line 4976.


Package hyperref Warning: Token not allowed in a PDF string (Unicode):
(hyperref)                removing `math shift' on input line 4976.


LaTeX Warning: Reference `t3:eq:product-log-coeff' on page 103 undefined on inp
ut line 4984.


LaTeX Warning: Reference `t3:eq:h-coeff' on page 103 undefined on input line 49
84.


LaTeX Warning: Reference `t3:eq:Galois-b' on page 103 undefined on input line 4
984.


LaTeX Warning: Reference `t3:eq:finite-dm' on page 103 undefined on input line 
4984.


LaTeX Warning: Reference `t3:eq:general-derivative' on page 103 undefined on in
put line 4984.


LaTeX Warning: Reference `t3:thm:theta-tail' on page 103 undefined on input lin
e 4992.

[103] [104]
Appendix A.

LaTeX Warning: Reference `t2:eq:E' on page 105 undefined on input line 5018.


LaTeX Warning: Reference `t2:eq:L' on page 105 undefined on input line 5020.


LaTeX Warning: Reference `t2:eq:gamma-q' on page 105 undefined on input line 50
22.


LaTeX Warning: Reference `t2:eq:balanced-d' on page 105 undefined on input line
 5024.


LaTeX Warning: Reference `t2:eq:finite-exp-inverse' on page 105 undefined on in
put line 5026.


LaTeX Warning: Reference `t2:eq:involution-S' on page 105 undefined on input li
ne 5032.


LaTeX Warning: Reference `t2:eq:involution-B' on page 105 undefined on input li
ne 5032.


LaTeX Warning: Reference `t1:eq:ivVclosed' on page 105 undefined on input line 
5034.


LaTeX Warning: Reference `t2:eq:graph-b-finite' on page 105 undefined on input 
line 5038.


LaTeX Warning: Reference `t2:eq:graph-P' on page 105 undefined on input line 50
38.


LaTeX Warning: Reference `t2:eq:graph-d' on page 105 undefined on input line 50
38.


LaTeX Warning: Reference `t2:eq:endpoint-coeff' on page 105 undefined on input 
line 5046.


Underfull \vbox (badness 10000) has occurred while \output is active []

 [105

]

LaTeX Warning: Reference `t3:eq:finite-dm' on page 106 undefined on input line 
5059.


LaTeX Warning: Reference `t3:eq:general-derivative' on page 106 undefined on in
put line 5059.


LaTeX Warning: Reference `t3:eq:product-log-coeff' on page 106 undefined on inp
ut line 5059.


LaTeX Warning: Reference `t3:eq:h-coeff' on page 106 undefined on input line 50
59.


LaTeX Warning: Reference `t3:eq:Galois-b' on page 106 undefined on input line 5
059.


LaTeX Warning: Reference `t3:eq:Galois-inverse-full' on page 106 undefined on i
nput line 5059.


LaTeX Warning: Reference `t3:eq:endpoint-all' on page 106 undefined on input li
ne 5059.


LaTeX Warning: Reference `t3:eq:fixedradical-function' on page 106 undefined on
 input line 5059.


LaTeX Warning: Reference `t3:eq:radical-inverse' on page 106 undefined on input
 line 5059.


LaTeX Warning: Reference `t3:eq:two-candidate' on page 106 undefined on input l
ine 5059.


LaTeX Warning: Reference `t3:eq:Sphase' on page 106 undefined on input line 505
9.


LaTeX Warning: Reference `t3:eq:crossover-all' on page 106 undefined on input l
ine 5059.

[106]
Appendix B.

LaTeX Warning: Reference `t1:eq:ivcoeff' on page 107 undefined on input line 50
67.


LaTeX Warning: Reference `t1:eq:ivcoeff' on page 107 undefined on input line 50
84.


LaTeX Warning: Citation `ekz' on page 107 undefined on input line 5086.


LaTeX Warning: Reference `t1:eq:ivcoeff' on page 107 undefined on input line 50
86.

[107

]
Appendix C.

LaTeX Warning: Reference `ct:ch:numerics' on page 1 undefined on input line 510
5.


LaTeX Warning: Citation `wlproductlog' on page 108 undefined on input line 5107
.


LaTeX Warning: Citation `wlqbinomial' on page 108 undefined on input line 5111.



LaTeX Warning: Citation `wlqpochhammer' on page 108 undefined on input line 511
1.


LaTeX Warning: Citation `wlstirling1' on page 108 undefined on input line 5111.



LaTeX Warning: Citation `wlstirling2' on page 108 undefined on input line 5111.



LaTeX Warning: Citation `wlbeta' on page 108 undefined on input line 5111.


LaTeX Warning: Citation `wlharmonic' on page 108 undefined on input line 5111.


LaTeX Warning: Citation `wlcatalan' on page 108 undefined on input line 5111.


LaTeX Warning: Citation `wlproductlog' on page 108 undefined on input line 5117
.


LaTeX Warning: Citation `wlqbinomial' on page 108 undefined on input line 5117.



LaTeX Warning: Citation `wlqpochhammer' on page 108 undefined on input line 511
7.


LaTeX Warning: Citation `wlstirling2' on page 108 undefined on input line 5117.


(C:\Users\vresh\AppData\Local\Programs\MiKTeX\tex/latex/listings\lstlang1.sty
File: lstlang1.sty 2025/11/14 1.11b listings language file
)
(C:\Users\vresh\AppData\Local\Programs\MiKTeX\tex/latex/listings\lstlang1.sty
File: lstlang1.sty 2025/11/14 1.11b listings language file
)
(C:\Users\vresh\AppData\Local\Programs\MiKTeX\tex/latex/listings\lstlang1.sty
File: lstlang1.sty 2025/11/14 1.11b listings language file
)
(C:\Users\vresh\AppData\Local\Programs\MiKTeX\tex/latex/listings\lstlang1.sty
File: lstlang1.sty 2025/11/14 1.11b listings language file
)
LaTeX Font Info:    Font shape `T1/LibertinusMono-TLF/m/it' will be
(Font)              scaled to size 7.65005pt on input line 5119.
Package microtype Info: Character `guilsinglleft ' is missing
(microtype)             in font `T1/LibertinusMono-TLF/m/it/9'.
(microtype)             Ignoring protrusion settings for this character.
Package microtype Info: Character `guilsinglright ' is missing
(microtype)             in font `T1/LibertinusMono-TLF/m/it/9'.
(microtype)             Ignoring protrusion settings for this character.
LaTeX Font Info:    Font shape `T1/LibertinusMono-TLF/b/n' will be
(Font)              scaled to size 7.65005pt on input line 5120.
Package microtype Info: Character `guilsinglleft ' is missing
(microtype)             in font `T1/LibertinusMono-TLF/b/n/9'.
(microtype)             Ignoring protrusion settings for this character.
Package microtype Info: Character `guilsinglright ' is missing
(microtype)             in font `T1/LibertinusMono-TLF/b/n/9'.
(microtype)             Ignoring protrusion settings for this character.
LaTeX Font Info:    Font shape `T1/LibertinusSerif-TLF/m/n' will be
(Font)              scaled to size 9.0pt on input line 5147.

[108

]

LaTeX Warning: Citation `wlcatalan' on page 109 undefined on input line 5174.


LaTeX Warning: Citation `wlstirling1' on page 109 undefined on input line 5174.



LaTeX Warning: Citation `wlstirling2' on page 109 undefined on input line 5174.



LaTeX Warning: Citation `wlharmonic' on page 109 undefined on input line 5174.


LaTeX Warning: Citation `wlbeta' on page 109 undefined on input line 5174.


LaTeX Warning: Citation `wlproductlog' on page 109 undefined on input line 5174
.

[109]

LaTeX Warning: Reference `t2:eq:catalan-inverse' on page 110 undefined on input
 line 5214.


LaTeX Warning: Reference `t2:eq:harmonic-coeff' on page 110 undefined on input 
line 5214.


LaTeX Warning: Citation `wlqpochhammer' on page 110 undefined on input line 522
7.


LaTeX Warning: Citation `wlqbinomial' on page 110 undefined on input line 5227.



LaTeX Warning: Citation `wlproductlog' on page 110 undefined on input line 5227
.

[110]
Underfull \hbox (badness 5217) in paragraph at lines 5279--5298
\T1/LibertinusMono-TLF/m/n/10.95 s o u r c e 3/$ \T1/LibertinusSerif-TLF/m/n/10
.95 (+20) holds the third source's \T1/LibertinusMono-TLF/m/n/10.95 verify.py\T
1/LibertinusSerif-TLF/m/n/10.95 (+20) , \T1/LibertinusMono-TLF/m/n/10.95 refere
nce_implementation.wl \T1/LibertinusSerif-TLF/m/n/10.95 (+20) and
 []


Underfull \hbox (badness 1603) in paragraph at lines 5279--5298
\T1/LibertinusMono-TLF/m/n/10.95 verification_report.json\T1/LibertinusSerif-TL
F/m/n/10.95 (+20) . Each needs Python 3.10 or later with SymPy and \T1/Libertin
usMono-TLF/m/n/10.95 mpmath
 []

[111]
Appendix D.

LaTeX Warning: Reference `t2:eq:ceil' on page 1 undefined on input line 5334.


LaTeX Warning: Reference `t2:eq:staircase' on page 1 undefined on input line 53
34.


LaTeX Warning: Reference `t3:eq:residue-rounding' on page 1 undefined on input 
line 5334.


LaTeX Warning: Reference `t2:eq:L' on page 1 undefined on input line 5334.


LaTeX Warning: Reference `t2:eq:E' on page 1 undefined on input line 5334.


LaTeX Warning: Reference `t1:eq:stirlingsign' on page 1 undefined on input line
 5334.


LaTeX Warning: Reference `t2:eq:ratio' on page 1 undefined on input line 5334.


LaTeX Warning: Reference `t2:eq:balanced-d' on page 1 undefined on input line 5
334.


LaTeX Warning: Reference `t3:eq:pinf' on page 1 undefined on input line 5334.


LaTeX Warning: Reference `t3:eq:qnotation' on page 1 undefined on input line 53
34.


LaTeX Warning: Reference `t3:eq:root-theta' on page 1 undefined on input line 5
334.


LaTeX Warning: Reference `ct:sec:motzkin-extra' on page 1 undefined on input li
ne 5339.


LaTeX Warning: Reference `ct:rmk:falling' on page 1 undefined on input line 534
6.


LaTeX Warning: Reference `t3:eq:central-B' on page 1 undefined on input line 53
48.

[112

] [113]
Appendix E.

LaTeX Warning: Reference `ct:part:foundations' on page 1 undefined on input lin
e 5365.

LaTeX Font Info:    Font shape `T1/LibertinusMono-TLF/b/n' will be
(Font)              scaled to size 9.30756pt on input line 5377.
Package microtype Info: Character `guilsinglleft ' is missing
(microtype)             in font `T1/LibertinusMono-TLF/b/n/10.95'.
(microtype)             Ignoring protrusion settings for this character.
Package microtype Info: Character `guilsinglright ' is missing
(microtype)             in font `T1/LibertinusMono-TLF/b/n/10.95'.
(microtype)             Ignoring protrusion settings for this character.
LaTeX Font Info:    Font shape `T1/LibertinusSerif-TLF/b/it' will be
(Font)              scaled to size 10.95pt on input line 5377.

LaTeX Warning: Reference `t1:thm:multi' on page 1 undefined on input line 5380.



LaTeX Warning: Reference `t1:thm:phase' on page 1 undefined on input line 5380.



LaTeX Warning: Reference `t1:prop:eulerian' on page 1 undefined on input line 5
383.


LaTeX Warning: Reference `t1:thm:ivforward' on page 1 undefined on input line 5
386.


LaTeX Warning: Reference `t1:thm:ivinverse' on page 1 undefined on input line 5
388.


LaTeX Warning: Reference `t1:thm:zigzaginverse' on page 1 undefined on input li
ne 5390.


LaTeX Warning: Reference `t1:thm:qbininverse' on page 1 undefined on input line
 5392.


LaTeX Warning: Reference `t2:thm:finite-exp' on page 1 undefined on input line 
5404.


LaTeX Warning: Reference `t2:thm:involution-coeff' on page 1 undefined on input
 line 5408.

[114

{C:/Users/vresh/AppData/Local/Programs/MiKTeX/fonts/enc/dvips/libertinus-type1/
lbn1_opzo24.enc}]

LaTeX Warning: Reference `t3:thm:coefficient' on page 1 undefined on input line
 5423.


LaTeX Warning: Reference `t3:thm:inverse' on page 1 undefined on input line 542
3.


LaTeX Warning: Reference `t3:thm:theta-tail' on page 1 undefined on input line 
5428.


LaTeX Warning: Reference `t3:thm:two-candidate' on page 1 undefined on input li
ne 5431.


LaTeX Warning: Reference `ct:rmk:falling' on page 1 undefined on input line 544
3.


LaTeX Warning: Reference `ct:rmk:zj' on page 1 undefined on input line 5447.


LaTeX Warning: Reference `ct:sec:gauss-t1' on page 1 undefined on input line 54
49.


LaTeX Warning: Reference `ct:app:notation' on page 1 undefined on input line 54
50.


LaTeX Warning: Reference `ct:rmk:transport' on page 1 undefined on input line 5
456.


LaTeX Warning: Citation `tai' on page 115 undefined on input line 5465.


LaTeX Warning: Reference `ct:ch:synthesis' on page 1 undefined on input line 54
71.

[115]
LaTeX Font Info:    Font shape `T1/LibertinusSerif-TLF/m/it' will be
(Font)              scaled to size 10.0pt on input line 5483.
LaTeX Font Info:    Font shape `T1/LibertinusMono-TLF/m/n' will be
(Font)              scaled to size 8.50006pt on input line 5484.
Package microtype Info: Character `guilsinglleft ' is missing
(microtype)             in font `T1/LibertinusMono-TLF/m/n/10'.
(microtype)             Ignoring protrusion settings for this character.
Package microtype Info: Character `guilsinglright ' is missing
(microtype)             in font `T1/LibertinusMono-TLF/m/n/10'.
(microtype)             Ignoring protrusion settings for this character.
 [116


]

LaTeX Warning: Reference `ct:app:audit' on page 1 undefined on input line 5606.


[117] (C:\Temp\pv-a7kylbsw\out\Combinatorial_Transseries_Inverses.aux)
 ***********
LaTeX2e <2025-11-01>
L3 programming layer <2026-03-20>
 ***********


LaTeX Warning: There were undefined references.


LaTeX Warning: Label(s) may have changed. Rerun to get cross-references right.


Package rerunfilecheck Warning: File `Combinatorial_Transseries_Inverses.out' h
as changed.
(rerunfilecheck)                Rerun to get outlines right
(rerunfilecheck)                or use package `bookmark'.

Package rerunfilecheck Info: Checksums for `Combinatorial_Transseries_Inverses.
out':
(rerunfilecheck)             Before: <no file>
(rerunfilecheck)             After:  ED7F60A7BDA7EE9527A8EB9AA6D47555;40471.
 ) 
Here is how much of TeX's memory you used:
 29212 strings out of 467691
 519891 string characters out of 5414987
 2543430 words of memory out of 5000000
 56581 multiletter control sequences out of 15000+600000
 809384 words of font info for 502 fonts, out of 8000000 for 9000
 1141 hyphenation exceptions out of 8191
 77i,15n,149p,1423b,9763s stack positions out of 10000i,1000n,20000p,200000b,200000s
<C:/Users/vresh/AppData/Local/Programs/MiKTeX/fonts/type1/public/libertinus-t
ype1/LibertinusMono-Bold.pfb><C:/Users/vresh/AppData/Local/Programs/MiKTeX/font
s/type1/public/libertinus-type1/LibertinusMono-Italic.pfb><C:/Users/vresh/AppDa
ta/Local/Programs/MiKTeX/fonts/type1/public/libertinus-type1/LibertinusMono-Reg
ular.pfb><C:/Users/vresh/AppData/Local/Programs/MiKTeX/fonts/type1/public/liber
tinus-type1/LibertinusSerif-Bold.pfb><C:/Users/vresh/AppData/Local/Programs/MiK
TeX/fonts/type1/public/libertinus-type1/LibertinusSerif-BoldItalic.pfb><C:/User
s/vresh/AppData/Local/Programs/MiKTeX/fonts/type1/public/libertinus-type1/Liber
tinusSerif-Italic.pfb><C:/Users/vresh/AppData/Local/Programs/MiKTeX/fonts/type1
/public/libertinus-type1/LibertinusSerif-Regular.pfb><C:/Users/vresh/AppData/Lo
cal/Programs/MiKTeX/fonts/type1/public/amsfonts/cm/cmbx10.pfb><C:/Users/vresh/A
ppData/Local/Programs/MiKTeX/fonts/type1/public/amsfonts/cm/cmex10.pfb><C:/User
s/vresh/AppData/Local/Programs/MiKTeX/fonts/type1/public/amsfonts/cmextra/cmex8
.pfb><C:/Users/vresh/AppData/Local/Programs/MiKTeX/fonts/type1/public/amsfonts/
cm/cmmi10.pfb><C:/Users/vresh/AppData/Local/Programs/MiKTeX/fonts/type1/public/
amsfonts/cm/cmmi12.pfb><C:/Users/vresh/AppData/Local/Programs/MiKTeX/fonts/type
1/public/amsfonts/cm/cmmi5.pfb><C:/Users/vresh/AppData/Local/Programs/MiKTeX/fo
nts/type1/public/amsfonts/cm/cmmi6.pfb><C:/Users/vresh/AppData/Local/Programs/M
iKTeX/fonts/type1/public/amsfonts/cm/cmmi7.pfb><C:/Users/vresh/AppData/Local/Pr
ograms/MiKTeX/fonts/type1/public/amsfonts/cm/cmmi8.pfb><C:/Users/vresh/AppData/
Local/Programs/MiKTeX/fonts/type1/public/amsfonts/cm/cmmib10.pfb><C:/Users/vres
h/AppData/Local/Programs/MiKTeX/fonts/type1/public/amsfonts/cmextra/cmmib8.pfb>
<C:/Users/vresh/AppData/Local/Programs/MiKTeX/fonts/type1/public/amsfonts/cm/cm
r10.pfb><C:/Users/vresh/AppData/Local/Programs/MiKTeX/fonts/type1/public/amsfon
ts/cm/cmr12.pfb><C:/Users/vresh/AppData/Local/Programs/MiKTeX/fonts/type1/publi
c/amsfonts/cm/cmr17.pfb><C:/Users/vresh/AppData/Local/Programs/MiKTeX/fonts/typ
e1/public/amsfonts/cm/cmr5.pfb><C:/Users/vresh/AppData/Local/Programs/MiKTeX/fo
nts/type1/public/amsfonts/cm/cmr6.pfb><C:/Users/vresh/AppData/Local/Programs/Mi
KTeX/fonts/type1/public/amsfonts/cm/cmr7.pfb><C:/Users/vresh/AppData/Local/Prog
rams/MiKTeX/fonts/type1/public/amsfonts/cm/cmr8.pfb><C:/Users/vresh/AppData/Loc
al/Programs/MiKTeX/fonts/type1/public/amsfonts/cm/cmsy10.pfb><C:/Users/vresh/Ap
pData/Local/Programs/MiKTeX/fonts/type1/public/amsfonts/cm/cmsy6.pfb><C:/Users/
vresh/AppData/Local/Programs/MiKTeX/fonts/type1/public/amsfonts/cm/cmsy7.pfb><C
:/Users/vresh/AppData/Local/Programs/MiKTeX/fonts/type1/public/amsfonts/cm/cmsy
8.pfb><C:/Users/vresh/AppData/Local/Programs/MiKTeX/fonts/type1/public/amsfonts
/euler/eufm10.pfb><C:/Users/vresh/AppData/Local/Programs/MiKTeX/fonts/type1/pub
lic/amsfonts/symbols/msbm10.pfb>
Output written on C:\Temp\pv-a7kylbsw\out\Combinatorial_Transseries_Inverses.pd
f (121 pages, 1357328 bytes).
PDF statistics:
 1677 PDF objects out of 1728 (max. 8388607)
 883 named destinations out of 1000 (max. 500000)
 87041 words of extra memory for PDF output out of 89155 (max. 10000000)

