This is pdfTeX, Version 3.141592653-2.6-1.40.29 (MiKTeX 26.2) (preloaded format=pdflatex 2026.8.15)  9 SEP 2026 13:13
entering extended mode
 file:line:error style messages enabled.
 %&-line parsing enabled.
**./Thue_Morse_Frontier_Deductions.tex
(Thue_Morse_Frontier_Deductions.tex
LaTeX2e <2025-11-01>
L3 programming layer <2026-03-20>
(C:\Users\vresh\AppData\Local\Programs\MiKTeX\tex/latex/base\book.cls
Document Class: book 2025/01/22 v1.4n Standard LaTeX document class
(C:\Users\vresh\AppData\Local\Programs\MiKTeX\tex/latex/base\bk11.clo
File: bk11.clo 2025/01/22 v1.4n Standard LaTeX file (size option)
)
\c@part=\count275
\c@chapter=\count276
\c@section=\count277
\c@subsection=\count278
\c@subsubsection=\count279
\c@paragraph=\count280
\c@subparagraph=\count281
\c@figure=\count282
\c@table=\count283
\abovecaptionskip=\skip49
\belowcaptionskip=\skip50
\bibindent=\dimen150
)
(C:\Users\vresh\AppData\Local\Programs\MiKTeX\tex/latex/base\fontenc.sty
Package: fontenc 2025/07/18 v2.1d Standard LaTeX package
)
(C:\Users\vresh\AppData\Local\Programs\MiKTeX\tex/latex/base\inputenc.sty
Package: inputenc 2024/02/08 v1.3d Input encoding file
\inpenc@prehook=\toks17
\inpenc@posthook=\toks18
)
(C:\Users\vresh\AppData\Local\Programs\MiKTeX\tex/latex/libertinus\libertinus.s
ty
Package: libertinus 2020/05/06 v. 0.02 (Herbert Voss) Supports libertinus fonts
 for pdflatex/lualatex/xelatex
 (C:\Users\vresh\AppData\Local\Programs\MiKTeX\tex/generic/iftex\iftex.sty
Package: iftex 2024/12/12 v1.0g TeX engine tests
)
(C:\Users\vresh\AppData\Local\Programs\MiKTeX\tex/latex/xkeyval\xkeyval.sty
Package: xkeyval 2022/06/16 v2.9 package option processing (HA)

(C:\Users\vresh\AppData\Local\Programs\MiKTeX\tex/generic/xkeyval\xkeyval.tex
(C:\Users\vresh\AppData\Local\Programs\MiKTeX\tex/generic/xkeyval\xkvutils.tex
\XKV@toks=\toks19
\XKV@tempa@toks=\toks20

(C:\Users\vresh\AppData\Local\Programs\MiKTeX\tex/generic/xkeyval\keyval.tex))
\XKV@depth=\count284
File: xkeyval.tex 2014/12/03 v2.7a key=value parser (HA)
))
(C:\Users\vresh\AppData\Local\Programs\MiKTeX\tex/latex/libertinus-type1\libert
inus-type1.sty
Package: libertinus-type1 2025/11/17 (Bob Tennent) Supports libertinus fonts fo
r latex/pdflatex.

(C:\Users\vresh\AppData\Local\Programs\MiKTeX\tex/generic/iftex\ifxetex.sty
Package: ifxetex 2019/10/25 v0.7 ifxetex legacy package. Use iftex instead.
)
(C:\Users\vresh\AppData\Local\Programs\MiKTeX\tex/generic/iftex\ifluatex.sty
Package: ifluatex 2019/10/25 v1.5 ifluatex legacy package. Use iftex instead.
)
(C:\Users\vresh\AppData\Local\Programs\MiKTeX\tex/latex/base\textcomp.sty
Package: textcomp 2024/04/24 v2.1b Standard LaTeX package
)
(C:\Users\vresh\AppData\Local\Programs\MiKTeX\tex/latex/base\fontenc.sty
Package: fontenc 2025/07/18 v2.1d Standard LaTeX package
)
(C:\Users\vresh\AppData\Local\Programs\MiKTeX\tex/latex/fontaxes\fontaxes.sty
Package: fontaxes 2026-01-02 v2.0.2 Font selection axes (deprecated)
Applying: [2024-11-01] Use figureversions if present on input line 74.

(C:\Users\vresh\AppData\Local\Programs\MiKTeX\tex/latex/figureversions\figureve
rsions.sty
Package: figureversions 2025-04-29 v1.0.1 Figure versions
)
Already applied: [0000-00-00] Fall back to v1 on input line 76.
)))
(C:\Users\vresh\AppData\Local\Programs\MiKTeX\tex/latex/microtype\microtype.sty
Package: microtype 2026/03/01 v3.2d Micro-typographical refinements (RS)
(C:\Users\vresh\AppData\Local\Programs\MiKTeX\tex/latex/etoolbox\etoolbox.sty
Package: etoolbox 2025/10/02 v2.5m e-TeX tools for LaTeX (JAW)
\etb@tempcnta=\count285
)
\MT@toks=\toks21
\MT@tempbox=\box53
\MT@count=\count286
LaTeX Info: Redefining \noprotrusionifhmode on input line 1084.
LaTeX Info: Redefining \leftprotrusion on input line 1085.
\MT@prot@toks=\toks22
LaTeX Info: Redefining \rightprotrusion on input line 1104.
LaTeX Info: Redefining \textls on input line 1449.
\MT@outer@kern=\dimen151
LaTeX Info: Redefining \microtypecontext on input line 2053.
LaTeX Info: Redefining \textmicrotypecontext on input line 2070.
\MT@listname@count=\count287

(C:\Users\vresh\AppData\Local\Programs\MiKTeX\tex/latex/microtype\microtype-pdf
tex.def
File: microtype-pdftex.def 2026/03/01 v3.2d Definitions specific to pdftex (RS)

LaTeX Info: Redefining \lsstyle on input line 944.
LaTeX Info: Redefining \lslig on input line 944.
\MT@outer@space=\skip51
)
Package microtype Info: Loading configuration file microtype.cfg.

(C:\Users\vresh\AppData\Local\Programs\MiKTeX\tex/latex/microtype\microtype.cfg
File: microtype.cfg 2026/03/01 v3.2d microtype main configuration file (RS)
)
LaTeX Info: Redefining \microtypesetup on input line 3065.
)
(C:\Users\vresh\AppData\Local\Programs\MiKTeX\tex/latex/geometry\geometry.sty
Package: geometry 2026/03/07 v6.0 Page Geometry

(C:\Users\vresh\AppData\Local\Programs\MiKTeX\tex/generic/iftex\ifvtex.sty
Package: ifvtex 2019/10/25 v1.7 ifvtex legacy package. Use iftex instead.
)
\Gm@cnth=\count288
\Gm@cntv=\count289
\c@Gm@tempcnt=\count290
\Gm@bindingoffset=\dimen152
\Gm@wd@mp=\dimen153
\Gm@odd@mp=\dimen154
\Gm@even@mp=\dimen155
\Gm@layoutwidth=\dimen156
\Gm@layoutheight=\dimen157
\Gm@layouthoffset=\dimen158
\Gm@layoutvoffset=\dimen159
\Gm@dimlist=\toks23

(C:\Users\vresh\AppData\Local\Programs\MiKTeX\tex/latex/geometry\geometry.cfg))
(C:\Users\vresh\AppData\Local\Programs\MiKTeX\tex/latex/amsmath\amsmath.sty
Package: amsmath 2025/07/09 v2.17z AMS math features
\@mathmargin=\skip52

For additional information on amsmath, use the `?' option.
(C:\Users\vresh\AppData\Local\Programs\MiKTeX\tex/latex/amsmath\amstext.sty
Package: amstext 2024/11/17 v2.01 AMS text

(C:\Users\vresh\AppData\Local\Programs\MiKTeX\tex/latex/amsmath\amsgen.sty
File: amsgen.sty 1999/11/30 v2.0 generic functions
\@emptytoks=\toks24
\ex@=\dimen160
))
(C:\Users\vresh\AppData\Local\Programs\MiKTeX\tex/latex/amsmath\amsbsy.sty
Package: amsbsy 1999/11/29 v1.2d Bold Symbols
\pmbraise@=\dimen161
)
(C:\Users\vresh\AppData\Local\Programs\MiKTeX\tex/latex/amsmath\amsopn.sty
Package: amsopn 2022/04/08 v2.04 operator names
)
\inf@bad=\count291
LaTeX Info: Redefining \frac on input line 233.
\uproot@=\count292
\leftroot@=\count293
LaTeX Info: Redefining \overline on input line 398.
LaTeX Info: Redefining \colon on input line 409.
\classnum@=\count294
\DOTSCASE@=\count295
LaTeX Info: Redefining \ldots on input line 495.
LaTeX Info: Redefining \dots on input line 498.
LaTeX Info: Redefining \cdots on input line 619.
\Mathstrutbox@=\box54
\strutbox@=\box55
LaTeX Info: Redefining \big on input line 721.
LaTeX Info: Redefining \Big on input line 722.
LaTeX Info: Redefining \bigg on input line 723.
LaTeX Info: Redefining \Bigg on input line 724.
\big@size=\dimen162
LaTeX Font Info:    Redeclaring font encoding OML on input line 742.
LaTeX Font Info:    Redeclaring font encoding OMS on input line 743.
\macc@depth=\count296
LaTeX Info: Redefining \bmod on input line 904.
LaTeX Info: Redefining \pmod on input line 909.
LaTeX Info: Redefining \smash on input line 939.
LaTeX Info: Redefining \relbar on input line 969.
LaTeX Info: Redefining \Relbar on input line 970.
\c@MaxMatrixCols=\count297
\dotsspace@=\muskip17
\c@parentequation=\count298
\dspbrk@lvl=\count299
\tag@help=\toks25
\row@=\count300
\column@=\count301
\maxfields@=\count302
\andhelp@=\toks26
\eqnshift@=\dimen163
\alignsep@=\dimen164
\tagshift@=\dimen165
\tagwidth@=\dimen166
\totwidth@=\dimen167
\lineht@=\dimen168
\@envbody=\toks27
\multlinegap=\skip53
\multlinetaggap=\skip54
\mathdisplay@stack=\toks28
LaTeX Info: Redefining \[ on input line 2950.
LaTeX Info: Redefining \] on input line 2951.
)
(C:\Users\vresh\AppData\Local\Programs\MiKTeX\tex/latex/amsfonts\amssymb.sty
Package: amssymb 2013/01/14 v3.01 AMS font symbols

(C:\Users\vresh\AppData\Local\Programs\MiKTeX\tex/latex/amsfonts\amsfonts.sty
Package: amsfonts 2013/01/14 v3.01 Basic AMSFonts support
\symAMSa=\mathgroup4
\symAMSb=\mathgroup5
LaTeX Font Info:    Redeclaring math symbol \hbar on input line 98.
LaTeX Font Info:    Overwriting math alphabet `\mathfrak' in version `bold'
(Font)                  U/euf/m/n --> U/euf/b/n on input line 106.
)) (C:\Users\vresh\AppData\Local\Programs\MiKTeX\tex/latex/amscls\amsthm.sty
Package: amsthm 2020/05/29 v2.20.6
\thm@style=\toks29
\thm@bodyfont=\toks30
\thm@headfont=\toks31
\thm@notefont=\toks32
\thm@headpunct=\toks33
\thm@preskip=\skip55
\thm@postskip=\skip56
\thm@headsep=\skip57
\dth@everypar=\toks34
)
(C:\Users\vresh\AppData\Local\Programs\MiKTeX\tex/latex/mathtools\mathtools.sty
Package: mathtools 2024/10/04 v1.31 mathematical typesetting tools
(C:\Users\vresh\AppData\Local\Programs\MiKTeX\tex/latex/tools\calc.sty
Package: calc 2025/03/01 v4.3b Infix arithmetic (KKT,FJ)
\calc@Acount=\count303
\calc@Bcount=\count304
\calc@Adimen=\dimen169
\calc@Bdimen=\dimen170
\calc@Askip=\skip58
\calc@Bskip=\skip59
LaTeX Info: Redefining \setlength on input line 86.
LaTeX Info: Redefining \addtolength on input line 87.
\calc@Ccount=\count305
\calc@Cskip=\skip60
)
(C:\Users\vresh\AppData\Local\Programs\MiKTeX\tex/latex/mathtools\mhsetup.sty
Package: mhsetup 2021/03/18 v1.4 programming setup (MH)
)
\g_MT_multlinerow_int=\count306
\l_MT_multwidth_dim=\dimen171
\origjot=\skip61
\l_MT_shortvdotswithinadjustabove_dim=\dimen172
\l_MT_shortvdotswithinadjustbelow_dim=\dimen173
\l_MT_above_intertext_sep=\dimen174
\l_MT_below_intertext_sep=\dimen175
\l_MT_above_shortintertext_sep=\dimen176
\l_MT_below_shortintertext_sep=\dimen177
\xmathstrut@box=\box56
\xmathstrut@dim=\dimen178
) (C:\Users\vresh\AppData\Local\Programs\MiKTeX\tex/latex/tools\bm.sty
Package: bm 2025/10/21 v1.2g Bold Symbol Support (DPC/FMi)
\symboldoperators=\mathgroup6
\symboldletters=\mathgroup7
\symboldsymbols=\mathgroup8
Package bm Info: No bold for \OMX/cmex/m/n, using \pmb.
Package bm Info: No bold for \U/msa/m/n, using \pmb.
Package bm Info: No bold for \U/msb/m/n, using \pmb.
LaTeX Font Info:    Redeclaring math alphabet \mathbf on input line 149.
)
(C:\Users\vresh\AppData\Local\Programs\MiKTeX\tex/latex/booktabs\booktabs.sty
Package: booktabs 2020/01/12 v1.61803398 Publication quality tables
\heavyrulewidth=\dimen179
\lightrulewidth=\dimen180
\cmidrulewidth=\dimen181
\belowrulesep=\dimen182
\belowbottomsep=\dimen183
\aboverulesep=\dimen184
\abovetopsep=\dimen185
\cmidrulesep=\dimen186
\cmidrulekern=\dimen187
\defaultaddspace=\dimen188
\@cmidla=\count307
\@cmidlb=\count308
\@aboverulesep=\dimen189
\@belowrulesep=\dimen190
\@thisruleclass=\count309
\@lastruleclass=\count310
\@thisrulewidth=\dimen191
)
(C:\Users\vresh\AppData\Local\Programs\MiKTeX\tex/latex/tools\longtable.sty
Package: longtable 2025-10-13 v4.24 Multi-page Table package (DPC)
\LTleft=\skip62
\LTright=\skip63
\LTpre=\skip64
\LTpost=\skip65
\LTchunksize=\count311
\LTcapwidth=\dimen192
\LT@head=\box57
\LT@firsthead=\box58
\LT@foot=\box59
\LT@lastfoot=\box60
\LT@gbox=\box61
\LT@cols=\count312
\LT@rows=\count313
\c@LT@tables=\count314
\c@LT@chunks=\count315
\LT@p@ftn=\toks35
)
(C:\Users\vresh\AppData\Local\Programs\MiKTeX\tex/latex/tools\array.sty
Package: array 2025/09/25 v2.6n Tabular extension package (FMi)
\col@sep=\dimen193
\ar@mcellbox=\box62
\extrarowheight=\dimen194
\NC@list=\toks36
\extratabsurround=\skip66
\backup@length=\skip67
\ar@cellbox=\box63
)
(C:\Users\vresh\AppData\Local\Programs\MiKTeX\tex/latex/tools\tabularx.sty
Package: tabularx 2023/12/11 v2.12a `tabularx' package (DPC)
\TX@col@width=\dimen195
\TX@old@table=\dimen196
\TX@old@col=\dimen197
\TX@target=\dimen198
\TX@delta=\dimen199
\TX@cols=\count316
\TX@ftn=\toks37
)
(C:\Users\vresh\AppData\Local\Programs\MiKTeX\tex/latex/graphics\graphicx.sty
Package: graphicx 2024/12/31 v1.2e Enhanced LaTeX Graphics (DPC,SPQR)

(C:\Users\vresh\AppData\Local\Programs\MiKTeX\tex/latex/graphics\graphics.sty
Package: graphics 2024/08/06 v1.4g Standard LaTeX Graphics (DPC,SPQR)

(C:\Users\vresh\AppData\Local\Programs\MiKTeX\tex/latex/graphics\trig.sty
Package: trig 2023/12/02 v1.11 sin cos tan (DPC)
)
(C:\Users\vresh\AppData\Local\Programs\MiKTeX\tex/latex/graphics-cfg\graphics.c
fg
File: graphics.cfg 2016/06/04 v1.11 sample graphics configuration
)
Package graphics Info: Driver file: pdftex.def on input line 106.

(C:\Users\vresh\AppData\Local\Programs\MiKTeX\tex/latex/graphics-def\pdftex.def
File: pdftex.def 2025/09/29 v1.2d Graphics/color driver for pdftex
))
\Gin@req@height=\dimen256
\Gin@req@width=\dimen257
) (C:\Users\vresh\AppData\Local\Programs\MiKTeX\tex/latex/xcolor\xcolor.sty
Package: xcolor 2024/09/29 v3.02 LaTeX color extensions (UK)

(C:\Users\vresh\AppData\Local\Programs\MiKTeX\tex/latex/graphics-cfg\color.cfg
File: color.cfg 2016/01/02 v1.6 sample color configuration
)
Package xcolor Info: Driver file: pdftex.def on input line 274.
(C:\Users\vresh\AppData\Local\Programs\MiKTeX\tex/latex/graphics\mathcolor.ltx)
Package xcolor Info: Model `cmy' substituted by `cmy0' on input line 1349.
Package xcolor Info: Model `hsb' substituted by `rgb' on input line 1353.
Package xcolor Info: Model `RGB' extended on input line 1365.
Package xcolor Info: Model `HTML' substituted by `rgb' on input line 1367.
Package xcolor Info: Model `Hsb' substituted by `hsb' on input line 1368.
Package xcolor Info: Model `tHsb' substituted by `hsb' on input line 1369.
Package xcolor Info: Model `HSB' substituted by `hsb' on input line 1370.
Package xcolor Info: Model `Gray' substituted by `gray' on input line 1371.
Package xcolor Info: Model `wave' substituted by `hsb' on input line 1372.
) (C:\Users\vresh\AppData\Local\Programs\MiKTeX\tex/latex/enumitem\enumitem.sty
Package: enumitem 2025/02/06 v3.11 Customized lists
\enitkv@toks@=\toks38
\labelindent=\skip68
\enit@outerparindent=\dimen258
\enit@toks=\toks39
\enit@inbox=\box64
\enit@count@id=\count317
\enitdp@description=\count318
) (C:\Users\vresh\AppData\Local\Programs\MiKTeX\tex/latex/fancyhdr\fancyhdr.sty
Package: fancyhdr 2025/02/07 v5.2 Extensive control of page headers and footers

\f@nch@headwidth=\skip69
\f@nch@offset@elh=\skip70
\f@nch@offset@erh=\skip71
\f@nch@offset@olh=\skip72
\f@nch@offset@orh=\skip73
\f@nch@offset@elf=\skip74
\f@nch@offset@erf=\skip75
\f@nch@offset@olf=\skip76
\f@nch@offset@orf=\skip77
\f@nch@height=\skip78
\f@nch@footalignment=\skip79
\f@nch@widthL=\skip80
\f@nch@widthC=\skip81
\f@nch@widthR=\skip82
\@temptokenb=\toks40
) (C:\Users\vresh\AppData\Local\Programs\MiKTeX\tex/latex/xurl\xurl.sty
Package: xurl 2022/01/09 v 0.10 modify URL breaks

(C:\Users\vresh\AppData\Local\Programs\MiKTeX\tex/latex/url\url.sty
\Urlmuskip=\muskip18
Package: url 2013/09/16  ver 3.4  Verb mode for urls, etc.
))
(C:\Users\vresh\AppData\Local\Programs\MiKTeX\tex/latex/hyperref\hyperref.sty
Package: hyperref 2026-01-29 v7.01p Hypertext links for LaTeX

(C:\Users\vresh\AppData\Local\Programs\MiKTeX\tex/latex/kvsetkeys\kvsetkeys.sty
Package: kvsetkeys 2022-10-05 v1.19 Key value parser (HO)
)
(C:\Users\vresh\AppData\Local\Programs\MiKTeX\tex/generic/kvdefinekeys\kvdefine
keys.sty
Package: kvdefinekeys 2019-12-19 v1.6 Define keys (HO)
)
(C:\Users\vresh\AppData\Local\Programs\MiKTeX\tex/generic/pdfescape\pdfescape.s
ty
Package: pdfescape 2019/12/09 v1.15 Implements pdfTeX's escape features (HO)

(C:\Users\vresh\AppData\Local\Programs\MiKTeX\tex/generic/ltxcmds\ltxcmds.sty
Package: ltxcmds 2023-12-04 v1.26 LaTeX kernel commands for general use (HO)
)
(C:\Users\vresh\AppData\Local\Programs\MiKTeX\tex/generic/pdftexcmds\pdftexcmds
.sty
Package: pdftexcmds 2020-06-27 v0.33 Utility functions of pdfTeX for LuaTeX (HO
)

(C:\Users\vresh\AppData\Local\Programs\MiKTeX\tex/generic/infwarerr\infwarerr.s
ty
Package: infwarerr 2019/12/03 v1.5 Providing info/warning/error messages (HO)
)
Package pdftexcmds Info: \pdf@primitive is available.
Package pdftexcmds Info: \pdf@ifprimitive is available.
Package pdftexcmds Info: \pdfdraftmode found.
))
(C:\Users\vresh\AppData\Local\Programs\MiKTeX\tex/latex/hycolor\hycolor.sty
Package: hycolor 2020-01-27 v1.10 Color options for hyperref/bookmark (HO)
)
(C:\Users\vresh\AppData\Local\Programs\MiKTeX\tex/latex/hyperref\nameref.sty
Package: nameref 2026-01-29 v2.58 Cross-referencing by name of section

(C:\Users\vresh\AppData\Local\Programs\MiKTeX\tex/latex/refcount\refcount.sty
Package: refcount 2019/12/15 v3.6 Data extraction from label references (HO)
)
(C:\Users\vresh\AppData\Local\Programs\MiKTeX\tex/generic/gettitlestring\gettit
lestring.sty
Package: gettitlestring 2019/12/15 v1.6 Cleanup title references (HO)

(C:\Users\vresh\AppData\Local\Programs\MiKTeX\tex/latex/kvoptions\kvoptions.sty
Package: kvoptions 2022-06-15 v3.15 Key value format for package options (HO)
))
\c@section@level=\count319
)
(C:\Users\vresh\AppData\Local\Programs\MiKTeX\tex/generic/stringenc\stringenc.s
ty
Package: stringenc 2019/11/29 v1.12 Convert strings between diff. encodings (HO
)
)
\@linkdim=\dimen259
\Hy@linkcounter=\count320
\Hy@pagecounter=\count321
 (C:\Users\vresh\AppData\Local\Programs\MiKTeX\tex/latex/hyperref\pd1enc.def
File: pd1enc.def 2026-01-29 v7.01p Hyperref: PDFDocEncoding definition (HO)
Now handling font encoding PD1 ...
... no UTF-8 mapping file for font encoding PD1
) (C:\Users\vresh\AppData\Local\Programs\MiKTeX\tex/generic/intcalc\intcalc.sty
Package: intcalc 2019/12/15 v1.3 Expandable calculations with integers (HO)
)
\Hy@SavedSpaceFactor=\count322
 (C:\Users\vresh\AppData\Local\Programs\MiKTeX\tex/latex/hyperref\puenc.def
File: puenc.def 2026-01-29 v7.01p Hyperref: PDF Unicode definition (HO)
Now handling font encoding PU ...
... no UTF-8 mapping file for font encoding PU
)
Package hyperref Info: Option `hypertexnames' set `false' on input line 4072.
Package hyperref Info: Hyper figures OFF on input line 4201.
Package hyperref Info: Link nesting OFF on input line 4206.
Package hyperref Info: Hyper index ON on input line 4209.
Package hyperref Info: Plain pages OFF on input line 4216.
Package hyperref Info: Backreferencing OFF on input line 4221.
Package hyperref Info: Implicit mode ON; LaTeX internals redefined.
Package hyperref Info: Bookmarks ON on input line 4468.
\c@Hy@tempcnt=\count323
LaTeX Info: Redefining \url on input line 4807.
\XeTeXLinkMargin=\dimen260

(C:\Users\vresh\AppData\Local\Programs\MiKTeX\tex/generic/bitset\bitset.sty
Package: bitset 2019/12/09 v1.3 Handle bit-vector datatype (HO)

(C:\Users\vresh\AppData\Local\Programs\MiKTeX\tex/generic/bigintcalc\bigintcalc
.sty
Package: bigintcalc 2019/12/15 v1.5 Expandable calculations on big integers (HO
)
))
\Fld@menulength=\count324
\Field@Width=\dimen261
\Fld@charsize=\dimen262
Package hyperref Info: Hyper figures OFF on input line 6084.
Package hyperref Info: Link nesting OFF on input line 6089.
Package hyperref Info: Hyper index ON on input line 6092.
Package hyperref Info: backreferencing OFF on input line 6099.
Package hyperref Info: Link coloring OFF on input line 6104.
Package hyperref Info: Link coloring with OCG OFF on input line 6109.
Package hyperref Info: PDF/A mode OFF on input line 6114.
\Hy@abspage=\count325
\c@Item=\count326
\c@Hfootnote=\count327
)
Package hyperref Info: Driver (autodetected): hpdftex.

(C:\Users\vresh\AppData\Local\Programs\MiKTeX\tex/latex/hyperref\hpdftex.def
File: hpdftex.def 2026-01-29 v7.01p Hyperref driver for pdfTeX
\Fld@listcount=\count328
\c@bookmark@seq@number=\count329

(C:\Users\vresh\AppData\Local\Programs\MiKTeX\tex/latex/rerunfilecheck\rerunfil
echeck.sty
Package: rerunfilecheck 2025-06-21 v1.11 Rerun checks for auxiliary files (HO)

(C:\Users\vresh\AppData\Local\Programs\MiKTeX\tex/generic/uniquecounter\uniquec
ounter.sty
Package: uniquecounter 2019/12/15 v1.4 Provide unlimited unique counter (HO)
)
Package uniquecounter Info: New unique counter `rerunfilecheck' on input line 2
84.
)
\Hy@SectionHShift=\skip83
)
(C:\Users\vresh\AppData\Local\Programs\MiKTeX\tex/latex/cleveref\cleveref.sty
Package: cleveref 2018/03/27 v0.21.4 Intelligent cross-referencing
Package cleveref Info: `hyperref' support loaded on input line 2370.
LaTeX Info: Redefining \cref on input line 2370.
LaTeX Info: Redefining \Cref on input line 2370.
LaTeX Info: Redefining \crefrange on input line 2370.
LaTeX Info: Redefining \Crefrange on input line 2370.
LaTeX Info: Redefining \cpageref on input line 2370.
LaTeX Info: Redefining \Cpageref on input line 2370.
LaTeX Info: Redefining \cpagerefrange on input line 2370.
LaTeX Info: Redefining \Cpagerefrange on input line 2370.
LaTeX Info: Redefining \labelcref on input line 2370.
LaTeX Info: Redefining \labelcpageref on input line 2370.
Package cleveref Info: `amsthm' support loaded on input line 3026.
Package cleveref Info: always capitalise cross-reference names on input line 78
25.
Package cleveref Info: include cross-reference names in hyperlinks on input lin
e 7836.
Package cleveref Info: include cross-reference names in hyperlinks on input lin
e 7852.
Package cleveref Info: no abbreviation of names on input line 7852.
Package cleveref Info: always capitalise cross-reference names on input line 78
52.
)
==> First Aid for cleveref.sty applied!
(../../../../fabius-notation.tex)
Package hyperref Info: Option `colorlinks' set `true' on input line 21.
\c@theorem=\count330
LaTeX Font Info:    Trying to load font information for T1+LibertinusSerif-TLF 
on input line 125.

(C:\Users\vresh\AppData\Local\Programs\MiKTeX\tex/latex/libertinus-type1\t1libe
rtinusserif-tlf.fd
File: T1LibertinusSerif-TLF.fd 2024/09/22 (autoinst) Font definitions for T1/Li
bertinusSerif-TLF.
)
LaTeX Font Info:    Font shape `T1/LibertinusSerif-TLF/m/n' will be
(Font)              scaled to size 10.95pt on input line 125.

(C:\Users\vresh\AppData\Local\Programs\MiKTeX\tex/latex/l3backend\l3backend-pdf
tex.def
File: l3backend-pdftex.def 2026-02-18 L3 backend support: PDF output (pdfTeX)
\l__color_backend_stack_int=\count331
)
No file Thue_Morse_Frontier_Deductions.aux.
\openout1 = `Thue_Morse_Frontier_Deductions.aux'.

LaTeX Font Info:    Checking defaults for OML/cmm/m/it on input line 125.
LaTeX Font Info:    ... okay on input line 125.
LaTeX Font Info:    Checking defaults for OMS/cmsy/m/n on input line 125.
LaTeX Font Info:    ... okay on input line 125.
LaTeX Font Info:    Checking defaults for OT1/cmr/m/n on input line 125.
LaTeX Font Info:    ... okay on input line 125.
LaTeX Font Info:    Checking defaults for T1/cmr/m/n on input line 125.
LaTeX Font Info:    ... okay on input line 125.
LaTeX Font Info:    Checking defaults for TS1/cmr/m/n on input line 125.
LaTeX Font Info:    ... okay on input line 125.
LaTeX Font Info:    Checking defaults for OMX/cmex/m/n on input line 125.
LaTeX Font Info:    ... okay on input line 125.
LaTeX Font Info:    Checking defaults for U/cmr/m/n on input line 125.
LaTeX Font Info:    ... okay on input line 125.
LaTeX Font Info:    Checking defaults for PD1/pdf/m/n on input line 125.
LaTeX Font Info:    ... okay on input line 125.
LaTeX Font Info:    Checking defaults for PU/pdf/m/n on input line 125.
LaTeX Font Info:    ... okay on input line 125.
\c@mv@tabular=\count332
\c@mv@boldtabular=\count333
LaTeX Info: Redefining \microtypecontext on input line 125.
Package microtype Info: Applying patch `item' on input line 125.
Package microtype Info: Applying patch `toc' on input line 125.
Package microtype Info: Applying patch `eqnum' on input line 125.
Package microtype Info: Applying patch `footnote' on input line 125.
Package microtype Info: Applying patch `verbatim' on input line 125.
LaTeX Info: Redefining \microtypesetup on input line 125.
Package microtype Info: Generating PDF output.
Package microtype Info: Character protrusion enabled (level 2).
Package microtype Info: Using default protrusion set `alltext'.
Package microtype Info: Automatic font expansion enabled (level 2),
(microtype)             stretch: 20, shrink: 20, step: 1, non-selected.
Package microtype Info: Using default expansion set `alltext-nott'.
Package microtype Info: Patching command `\showhyphens'.
Package microtype Info: No adjustment of tracking.
Package microtype Info: No adjustment of interword spacing.
Package microtype Info: No adjustment of character kerning.
Package microtype Info: Loading generic protrusion settings for font family
(microtype)             `LibertinusSerif-TLF' (encoding: T1).
(microtype)             For optimal results, create family-specific settings.
(microtype)             See the microtype manual for details.
*geometry* driver: auto-detecting
*geometry* detected driver: pdftex
*geometry* verbose mode - [ preamble ] result:
* driver: pdftex
* paper: a4paper
* layout: <same size as paper>
* layoutoffset:(h,v)=(0.0pt,0.0pt)
* modes: 
* h-part:(L,W,R)=(73.97716pt, 449.55356pt, 73.97716pt)
* v-part:(T,H,B)=(73.97716pt, 697.09253pt, 73.97716pt)
* \paperwidth=597.50787pt
* \paperheight=845.04684pt
* \textwidth=449.55356pt
* \textheight=697.09253pt
* \oddsidemargin=1.70717pt
* \evensidemargin=1.70717pt
* \topmargin=-33.16663pt
* \headheight=15.0pt
* \headsep=19.8738pt
* \topskip=11.0pt
* \footskip=27.46295pt
* \marginparwidth=53.0pt
* \marginparsep=7.0pt
* \columnsep=10.0pt
* \skip\footins=10.0pt plus 4.0pt minus 2.0pt
* \hoffset=0.0pt
* \voffset=0.0pt
* \mag=1000
* \@twocolumnfalse
* \@twosidefalse
* \@mparswitchfalse
* \@reversemarginfalse
* (1in=72.27pt=25.4mm, 1cm=28.453pt)


(C:\Users\vresh\AppData\Local\Programs\MiKTeX\tex/context/base/mkii\supp-pdf.mk
ii
[Loading MPS to PDF converter (version 2006.09.02).]
\scratchcounter=\count334
\scratchdimen=\dimen263
\scratchbox=\box65
\nofMPsegments=\count335
\nofMParguments=\count336
\everyMPshowfont=\toks41
\MPscratchCnt=\count337
\MPscratchDim=\dimen264
\MPnumerator=\count338
\makeMPintoPDFobject=\count339
\everyMPtoPDFconversion=\toks42
)
(C:\Users\vresh\AppData\Local\Programs\MiKTeX\tex/latex/epstopdf-pkg\epstopdf-b
ase.sty
Package: epstopdf-base 2020-01-24 v2.11 Base part for package epstopdf

(C:\Users\vresh\AppData\Local\Programs\MiKTeX\tex/latex/grfext\grfext.sty
Package: grfext 2019/12/03 v1.3 Manage graphics extensions (HO)
)

Package epstopdf Warning: Shell escape feature is not enabled.

Package epstopdf-base Info: Redefining graphics rule for `.eps' on input line 4
85.
Package grfext Info: Graphics extension search list:
(grfext)             [.pdf,.png,.jpg,.mps,.jpeg,.jbig2,.jb2,.PDF,.PNG,.JPG,.JPE
G,.JBIG2,.JB2,.eps]
(grfext)             \AppendGraphicsExtensions on input line 504.

(C:\Users\vresh\AppData\Local\Programs\MiKTeX\tex/latex/00miktex\epstopdf-sys.c
fg
File: epstopdf-sys.cfg 2021/03/18 v2.0 Configuration of epstopdf for MiKTeX
))
Package hyperref Info: Link coloring ON on input line 125.
\@outlinefile=\write3
\openout3 = `Thue_Morse_Frontier_Deductions.out'.

Package hyperref Info: Option `pageanchor' set `false' on input line 127.
LaTeX Font Info:    Font shape `T1/LibertinusSerif-TLF/m/n' will be
(Font)              scaled to size 17.28pt on input line 129.
LaTeX Font Info:    Font shape `T1/LibertinusSerif-TLF/m/n' will be
(Font)              scaled to size 24.88pt on input line 129.
LaTeX Font Info:    Font shape `T1/LibertinusSerif-TLF/b/n' will be
(Font)              scaled to size 24.88pt on input line 129.
LaTeX Font Info:    Font shape `T1/LibertinusSerif-TLF/b/n' will be
(Font)              scaled to size 14.4pt on input line 129.
LaTeX Font Info:    Font shape `T1/LibertinusSerif-TLF/b/n' will be
(Font)              scaled to size 12.0pt on input line 129.
LaTeX Font Info:    Font shape `T1/LibertinusSerif-TLF/b/it' will be
(Font)              scaled to size 12.0pt on input line 129.
LaTeX Font Info:    Font shape `T1/LibertinusSerif-TLF/m/n' will be
(Font)              scaled to size 12.0pt on input line 129.

(C:\Users\vresh\AppData\Local\Programs\MiKTeX\tex/latex/microtype\mt-cmr.cfg
File: mt-cmr.cfg 2013/05/19 v2.2 microtype config. file: Computer Modern Roman 
(RS)
)
LaTeX Font Info:    Trying to load font information for U+msa on input line 129
.

(C:\Users\vresh\AppData\Local\Programs\MiKTeX\tex/latex/amsfonts\umsa.fd
File: umsa.fd 2013/01/14 v3.01 AMS symbols A
)
(C:\Users\vresh\AppData\Local\Programs\MiKTeX\tex/latex/microtype\mt-msa.cfg
File: mt-msa.cfg 2006/02/04 v1.1 microtype config. file: AMS symbols (a) (RS)
)
LaTeX Font Info:    Trying to load font information for U+msb on input line 129
.

(C:\Users\vresh\AppData\Local\Programs\MiKTeX\tex/latex/amsfonts\umsb.fd
File: umsb.fd 2013/01/14 v3.01 AMS symbols B
)
(C:\Users\vresh\AppData\Local\Programs\MiKTeX\tex/latex/microtype\mt-msb.cfg
File: mt-msb.cfg 2005/06/01 v1.0 microtype config. file: AMS symbols (b) (RS)
)
[1



{C:/Users/vresh/AppData/Local/MiKTeX/fonts/map/pdftex/pdftex.map}{C:/Users/vres
h/AppData/Local/Programs/MiKTeX/fonts/enc/dvips/libertinus-type1/lbn1_sfissr.en
c}{C:/Users/vresh/AppData/Local/Programs/MiKTeX/fonts/enc/dvips/libertinus-type
1/lbn1_opzo24.enc}{C:/Users/vresh/AppData/Local/Programs/MiKTeX/fonts/enc/dvips
/libertinus-type1/lbn1_75t36g.enc}]
Package hyperref Info: Option `pageanchor' set `true' on input line 129.
 [1

]
LaTeX Font Info:    Font shape `T1/LibertinusSerif-TLF/b/n' will be
(Font)              scaled to size 10.95pt on input line 185.


LaTeX Warning: Citation `atlas' on page ii undefined on input line 185.


LaTeX Warning: Reference `ch:prelim' on page i undefined on input line 213.


LaTeX Warning: Reference `ch:prelim' on page i undefined on input line 218.


LaTeX Warning: Reference `sec:dictionary' on page i undefined on input line 219
.


LaTeX Warning: Reference `ch:prelim' on page i undefined on input line 222.

LaTeX Font Info:    Trying to load font information for T1+LibertinusMono-TLF o
n input line 224.

(C:\Users\vresh\AppData\Local\Programs\MiKTeX\tex/latex/libertinus-type1\t1libe
rtinusmono-tlf.fd
File: T1LibertinusMono-TLF.fd 2025/01/11 (autoinst) Font definitions for T1/Lib
ertinusMono-TLF.
)
LaTeX Font Info:    Font shape `T1/LibertinusMono-TLF/m/n' will be
(Font)              scaled to size 9.30756pt on input line 224.
Package microtype Info: Loading generic protrusion settings for font family
(microtype)             `LibertinusMono-TLF' (encoding: T1).
(microtype)             For optimal results, create family-specific settings.
(microtype)             See the microtype manual for details.
Package microtype Info: Character `guilsinglleft ' is missing
(microtype)             in font `T1/LibertinusMono-TLF/m/n/10.95'.
(microtype)             Ignoring protrusion settings for this character.
Package microtype Info: Character `guilsinglright ' is missing
(microtype)             in font `T1/LibertinusMono-TLF/m/n/10.95'.
(microtype)             Ignoring protrusion settings for this character.
LaTeX Font Info:    Font shape `T1/LibertinusSerif-TLF/m/n' will be
(Font)              scaled to size 10.0pt on input line 229.
 [2

{C:/Users/vresh/AppData/Local/Programs/MiKTeX/fonts/enc/dvips/libertinus-type1/
lbn1_or3pzs.enc}]
No file Thue_Morse_Frontier_Deductions.toc.
\tf@toc=\write4
\openout4 = `Thue_Morse_Frontier_Deductions.toc'.

[3

]
Chapter 1.
LaTeX Font Info:    Font shape `T1/LibertinusSerif-TLF/m/n' will be
(Font)              scaled to size 20.74pt on input line 237.
LaTeX Font Info:    Font shape `T1/LibertinusSerif-TLF/b/n' will be
(Font)              scaled to size 20.74pt on input line 237.
LaTeX Font Info:    Font shape `T1/LibertinusSerif-TLF/m/n' will be
(Font)              scaled to size 14.4pt on input line 247.
LaTeX Font Info:    Font shape `T1/LibertinusSerif-TLF/m/it' will be
(Font)              scaled to size 10.95pt on input line 259.
[1


{C:/Users/vresh/AppData/Local/Programs/MiKTeX/fonts/enc/dvips/libertinus-type1/
lbn1_sncvby.enc}]

LaTeX Warning: Reference `tm:eq:two-product' on page 2 undefined on input line 
307.


LaTeX Warning: Reference `tm:eq:binary' on page 2 undefined on input line 308.


LaTeX Warning: Reference `tm:eq:E-mahler' on page 2 undefined on input line 314
.


LaTeX Warning: Reference `tm:eq:product' on page 2 undefined on input line 325.



LaTeX Warning: Reference `tm:eq:flat-bound' on page 2 undefined on input line 3
66.


LaTeX Warning: Reference `tm:eq:P-infty' on page 2 undefined on input line 368.



LaTeX Warning: Reference `tm:eq:Pm-bound' on page 2 undefined on input line 371
.


LaTeX Warning: Reference `tm:eq:prouhet' on page 2 undefined on input line 374.


[2]

LaTeX Warning: Reference `tm:eq:X' on page 3 undefined on input line 392.


LaTeX Warning: Reference `tm:eq:Phi' on page 3 undefined on input line 397.

LaTeX Font Info:    Font shape `T1/LibertinusSerif-TLF/m/it' will be
(Font)              scaled to size 8.0pt on input line 413.
LaTeX Font Info:    Font shape `T1/LibertinusSerif-TLF/m/it' will be
(Font)              scaled to size 6.0pt on input line 413.
[3]

LaTeX Warning: Reference `tm:eq:X' on page 4 undefined on input line 450.


LaTeX Warning: Reference `tm:eq:log-psi' on page 4 undefined on input line 488.



LaTeX Warning: Reference `tm:eq:log-Phi-first' on page 4 undefined on input lin
e 492.


LaTeX Warning: Reference `tm:lem:Phi' on page 1 undefined on input line 505.

[4] [5] [6] [7

]
Chapter 2.

LaTeX Warning: Citation `baake-grimm' on page 8 undefined on input line 604.


LaTeX Warning: Citation `klavzar-stern' on page 8 undefined on input line 606.


LaTeX Warning: Citation `zaks' on page 8 undefined on input line 607.


LaTeX Warning: Citation `mmr' on page 8 undefined on input line 609.


LaTeX Warning: Citation `cmps' on page 8 undefined on input line 610.


LaTeX Warning: Citation `baake-coons' on page 8 undefined on input line 611.


LaTeX Warning: Reference `ch:prelim' on page 1 undefined on input line 620.

[8

]

LaTeX Warning: Reference `tm:eq:two-product' on page 9 undefined on input line 
663.


LaTeX Warning: Reference `bc:eq:finite-rec' on page 9 undefined on input line 6
67.


LaTeX Warning: Reference `bc:eq:finite-rec' on page 9 undefined on input line 6
89.


LaTeX Warning: Reference `bc:eq:eta-base' on page 9 undefined on input line 691
.


LaTeX Warning: Reference `bc:eq:eta-rec' on page 9 undefined on input line 691.



LaTeX Warning: Citation `baake-grimm' on page 9 undefined on input line 700.

[9]
Chapter 3.

LaTeX Warning: Reference `tm:eq:E' on page 10 undefined on input line 715.


LaTeX Warning: Reference `bc:eq:g-convolution' on page 10 undefined on input li
ne 723.


LaTeX Warning: Reference `bc:eq:g-rec' on page 10 undefined on input line 743.


LaTeX Warning: Reference `bc:eq:g-convolution' on page 10 undefined on input li
ne 745.


LaTeX Warning: Citation `klavzar-stern' on page 10 undefined on input line 753.


[10

] [11]
Chapter 4.

LaTeX Warning: Reference `bc:eq:eta-rec' on page 12 undefined on input line 813
.


LaTeX Warning: Reference `bc:eq:finite-rec' on page 12 undefined on input line 
813.


LaTeX Warning: Reference `bc:eq:g-arithmetic' on page 12 undefined on input lin
e 819.


LaTeX Warning: Reference `bc:eq:main-boundary' on page 12 undefined on input li
ne 828.

[12

]

LaTeX Warning: Reference `bc:thm:boundary' on page 13 undefined on input line 8
58.


LaTeX Warning: Reference `bc:eq:A-formula' on page 13 undefined on input line 8
68.

[13]
Chapter 5.

LaTeX Warning: Reference `tm:eq:two-product' on page 14 undefined on input line
 915.


LaTeX Warning: Reference `bc:eq:positive-density' on page 14 undefined on input
 line 916.

<figures/bc_positive_density.pdf, id=187, 484.209pt x 260.17201pt>
File: figures/bc_positive_density.pdf Graphic file (type pdf)
<use figures/bc_positive_density.pdf>
Package pdftex.def Info: figures/bc_positive_density.pdf  used on input line 93
4.
(pdftex.def)             Requested size: 422.58144pt x 227.06636pt.
[14

]

LaTeX Warning: Reference `bc:eq:band-exact' on page 15 undefined on input line 
973.


LaTeX Warning: Reference `bc:eq:observable-tail' on page 15 undefined on input 
line 975.

[15 <./figures/bc_positive_density.pdf>]
Chapter 6.

LaTeX Warning: Reference `bc:eq:distribution-expansion' on page 16 undefined on
 input line 1025.


LaTeX Warning: Reference `bc:thm:boundary' on page 16 undefined on input line 1
026.


LaTeX Warning: Reference `bc:sec:sobolev' on page 16 undefined on input line 10
47.

[16

]
Chapter 7.

LaTeX Warning: Reference `bc:eq:H-Mahler' on page 17 undefined on input line 11
05.

[17

]

LaTeX Warning: Reference `bc:eq:analytic-defect' on page 18 undefined on input 
line 1113.


LaTeX Warning: Reference `bc:eq:K' on page 18 undefined on input line 1114.


LaTeX Warning: Reference `bc:eq:analytic-corrected' on page 18 undefined on inp
ut line 1116.


LaTeX Warning: Reference `bc:eq:H-Mahler' on page 18 undefined on input line 11
58.


LaTeX Warning: Reference `bc:eq:K-Mahler' on page 18 undefined on input line 11
63.


LaTeX Warning: Reference `bc:eq:kappa-bounds' on page 18 undefined on input lin
e 1173.

[18]

LaTeX Warning: Reference `bc:eq:analytic-defect' on page 19 undefined on input 
line 1204.


LaTeX Warning: Reference `bc:eq:analytic-corrected' on page 19 undefined on inp
ut line 1210.


LaTeX Warning: Reference `bc:eq:first-missed' on page 19 undefined on input lin
e 1210.

[19]
Chapter 8.

LaTeX Warning: Reference `bc:thm:analytic' on page 20 undefined on input line 1
252.


LaTeX Warning: Reference `bc:thm:K-coeff' on page 20 undefined on input line 12
52.

(tables/bc_poisson_table.tex)
<figures/bc_poisson_convergence.pdf, id=290, 484.209pt x 281.85298pt>
File: figures/bc_poisson_convergence.pdf Graphic file (type pdf)
<use figures/bc_poisson_convergence.pdf>
Package pdftex.def Info: figures/bc_poisson_convergence.pdf  used on input line
 1285.
(pdftex.def)             Requested size: 422.58144pt x 245.98854pt.
 [20

] [21 <./figures/bc_poisson_convergence.pdf>]
Chapter 9.
[22

]

LaTeX Warning: Citation `cmps' on page 23 undefined on input line 1368.


LaTeX Warning: Citation `mmr' on page 23 undefined on input line 1393.


LaTeX Warning: Citation `zaks' on page 23 undefined on input line 1404.


LaTeX Warning: Reference `bc:eq:U-closed' on page 23 undefined on input line 14
20.

[23]
Chapter 10.

LaTeX Warning: Reference `bc:eq:weighted-tail' on page 24 undefined on input li
ne 1468.


LaTeX Warning: Reference `bc:lem:weighted' on page 24 undefined on input line 1
486.


LaTeX Warning: Reference `bc:lem:shell' on page 24 undefined on input line 1487
.

[24

]

LaTeX Warning: Reference `bc:eq:weighted-tail' on page 25 undefined on input li
ne 1515.


LaTeX Warning: Reference `bc:thm:boundary' on page 25 undefined on input line 1
552.


LaTeX Warning: Reference `bc:eq:weighted-prefix' on page 25 undefined on input 
line 1553.


LaTeX Warning: Reference `bc:eq:weighted-tail' on page 25 undefined on input li
ne 1554.


LaTeX Warning: Reference `bc:eq:raw-leading-norm' on page 25 undefined on input
 line 1558.


LaTeX Warning: Reference `bc:thm:renormalized' on page 25 undefined on input li
ne 1559.


LaTeX Warning: Reference `bc:eq:positive-density' on page 25 undefined on input
 line 1588.

[25]

LaTeX Warning: Reference `bc:lem:shell' on page 26 undefined on input line 1596
.


LaTeX Warning: Reference `bc:lem:weighted' on page 26 undefined on input line 1
598.


LaTeX Warning: Reference `bc:eq:bandwidth-lower' on page 26 undefined on input 
line 1605.

[26]
Chapter 11.

LaTeX Warning: Reference `bc:prop:limit' on page 27 undefined on input line 163
4.


LaTeX Warning: Reference `bc:thm:boundary' on page 27 undefined on input line 1
670.

[27

]

LaTeX Warning: Reference `bc:eq:parameter-g' on page 28 undefined on input line
 1738.

[28]

LaTeX Warning: Reference `bc:prop:energies' on page 29 undefined on input line 
1770.


LaTeX Warning: Reference `bc:lem:shell' on page 29 undefined on input line 1806
.


LaTeX Warning: Reference `bc:eq:param-reg' on page 29 undefined on input line 1
819.


LaTeX Warning: Reference `bc:eq:param-raw' on page 29 undefined on input line 1
822.

[29]

LaTeX Warning: Reference `bc:eq:parameter-density' on page 30 undefined on inpu
t line 1834.


LaTeX Warning: Reference `bc:thm:corrected-rate' on page 30 undefined on input 
line 1837.


LaTeX Warning: Reference `bc:eq:param-corrected' on page 30 undefined on input 
line 1838.

[30]
Chapter 12.

LaTeX Warning: Reference `bc:eq:binary-matrices' on page 31 undefined on input 
line 1854.


LaTeX Warning: Reference `bc:eq:main-boundary' on page 31 undefined on input li
ne 1854.


LaTeX Warning: Reference `bc:eq:kappa-finite' on page 31 undefined on input lin
e 1878.


LaTeX Warning: Reference `bc:eq:K-Mahler' on page 31 undefined on input line 18
81.


LaTeX Warning: Reference `bc:eq:corrected-poisson' on page 31 undefined on inpu
t line 1887.

[31

]
Underfull \hbox (badness 2134) in paragraph at lines 1916--1916
[]|\T1/LibertinusSerif-TLF/m/n/10.95 (+20) Positive cor-rec-tion and first miss
ed
 []

[32]
Chapter 13.

LaTeX Warning: Reference `bc:thm:raw-rate' on page 33 undefined on input line 1
980.


LaTeX Warning: Reference `bc:thm:corrected-rate' on page 33 undefined on input 
line 1980.


LaTeX Warning: Reference `bc:eq:lacunary-expansion' on page 33 undefined on inp
ut line 1991.


LaTeX Warning: Reference `bc:eq:first-missed' on page 33 undefined on input lin
e 1995.

[33

]
Chapter 14.

LaTeX Warning: Reference `bc:thm:boundary' on page 1 undefined on input line 20
01.


LaTeX Warning: Citation `baake-coons' on page 34 undefined on input line 2009.

[34

]
LaTeX Font Info:    Font shape `T1/LibertinusSerif-TLF/m/n' will be
(Font)              scaled to size 8.0pt on input line 2080.
LaTeX Font Info:    Font shape `T1/LibertinusSerif-TLF/m/n' will be
(Font)              scaled to size 6.0pt on input line 2080.


LaTeX Warning: Reference `nd:eq:blocks' on page 35 undefined on input line 2118
.


LaTeX Warning: Reference `nd:eq:blocks' on page 35 undefined on input line 2133
.

[35]

LaTeX Warning: Reference `nd:eq:blockfactor' on page 36 undefined on input line
 2146.


LaTeX Warning: Reference `nd:eq:C' on page 36 undefined on input line 2153.


LaTeX Warning: Reference `nd:eq:Vm' on page 36 undefined on input line 2157.


LaTeX Warning: Reference `nd:eq:evenS' on page 36 undefined on input line 2158.



LaTeX Warning: Reference `nd:eq:evenR' on page 36 undefined on input line 2158.



LaTeX Warning: Reference `nd:eq:halfperiod' on page 36 undefined on input line 
2161.


LaTeX Warning: Reference `nd:eq:blockfactor' on page 36 undefined on input line
 2162.


LaTeX Warning: Reference `nd:eq:oddS' on page 36 undefined on input line 2171.


LaTeX Warning: Citation `baake-coons' on page 36 undefined on input line 2176.


LaTeX Warning: Reference `nd:eq:defect' on page 36 undefined on input line 2177
.


LaTeX Warning: Reference `nd:thm:boundary' on page 36 undefined on input line 2
192.


LaTeX Warning: Reference `nd:eq:evenblock' on page 36 undefined on input line 2
205.


LaTeX Warning: Reference `nd:eq:C' on page 36 undefined on input line 2206.


LaTeX Warning: Reference `nd:eq:Vm' on page 36 undefined on input line 2206.


LaTeX Warning: Reference `nd:eq:oddblock' on page 36 undefined on input line 22
07.

[36]

LaTeX Warning: Reference `nd:eq:allblocks' on page 37 undefined on input line 2
230.


LaTeX Warning: Citation `baake-coons' on page 37 undefined on input line 2265.


LaTeX Warning: Reference `nd:eq:Drec' on page 37 undefined on input line 2296.


LaTeX Warning: Reference `bc:eq:g-rec' on page 37 undefined on input line 2296.



LaTeX Warning: Reference `bc:lem:stern' on page 1 undefined on input line 2297.



LaTeX Warning: Reference `nd:eq:pairD' on page 37 undefined on input line 2297.



LaTeX Warning: Reference `bc:eq:g-convolution' on page 37 undefined on input li
ne 2297.


LaTeX Warning: Reference `nd:eq:evenS' on page 37 undefined on input line 2299.



LaTeX Warning: Reference `bc:eq:A-formula' on page 37 undefined on input line 2
300.


LaTeX Warning: Reference `nd:eq:twolevels' on page 37 undefined on input line 2
301.


LaTeX Warning: Reference `bc:thm:positive' on page 1 undefined on input line 23
02.


LaTeX Warning: Reference `nd:eq:defect' on page 37 undefined on input line 2305
.

[37]

LaTeX Warning: Reference `nd:eq:Sm' on page 38 undefined on input line 2312.


LaTeX Warning: Reference `nd:eq:Rm' on page 38 undefined on input line 2312.


LaTeX Warning: Reference `nd:eq:Sm' on page 38 undefined on input line 2312.


LaTeX Warning: Reference `nd:eq:Rm' on page 38 undefined on input line 2312.


LaTeX Warning: Reference `nd:tab:corr' on page 38 undefined on input line 2330.


[38] [39

]
Chapter 15.

LaTeX Warning: Reference `dc:eq:D-continuation' on page 1 undefined on input li
ne 2383.


LaTeX Warning: Citation `allouche-cohen' on page 40 undefined on input line 238
6.


LaTeX Warning: Citation `amp' on page 40 undefined on input line 2387.


LaTeX Warning: Citation `toth' on page 40 undefined on input line 2387.


LaTeX Warning: Citation `arias2018' on page 40 undefined on input line 2389.


LaTeX Warning: Citation `haugland' on page 40 undefined on input line 2389.


LaTeX Warning: Citation `atlas' on page 40 undefined on input line 2389.


LaTeX Warning: Citation `agk' on page 40 undefined on input line 2390.


LaTeX Warning: Citation `fgd' on page 40 undefined on input line 2392.


LaTeX Warning: Citation `heyde' on page 40 undefined on input line 2392.


LaTeX Warning: Citation `alkauskas' on page 40 undefined on input line 2402.


LaTeX Warning: Reference `dc:sec:scaling' on page 40 undefined on input line 24
08.


LaTeX Warning: Reference `dc:sec:complex-center' on page 40 undefined on input 
line 2408.


LaTeX Warning: Reference `ra:sec:asymptotics' on page 1 undefined on input line
 2409.


LaTeX Warning: Reference `ra:sec:uniqueness' on page 1 undefined on input line 
2410.


LaTeX Warning: Citation `allouche2015' on page 40 undefined on input line 2413.



LaTeX Warning: Reference `dc:thm:zero-strings' on page 1 undefined on input lin
e 2414.

[40

]

LaTeX Warning: Reference `dc:sec:zeros' on page 1 undefined on input line 2463.



LaTeX Warning: Reference `dc:sec:scaling' on page 1 undefined on input line 246
3.


LaTeX Warning: Reference `dc:sec:dirichlet' on page 1 undefined on input line 2
463.


LaTeX Warning: Reference `dc:sec:mellin' on page 1 undefined on input line 2463
.


LaTeX Warning: Reference `dc:sec:completion' on page 1 undefined on input line 
2463.


LaTeX Warning: Reference `dc:sec:complex-center' on page 1 undefined on input l
ine 2464.

[41]
Chapter 16.

LaTeX Warning: Reference `tm:eq:P-def' on page 42 undefined on input line 2471.



LaTeX Warning: Reference `tm:lem:P-bounds' on page 1 undefined on input line 24
73.


LaTeX Warning: Reference `tm:eq:Phi' on page 42 undefined on input line 2473.


LaTeX Warning: Reference `tm:lem:Phi' on page 1 undefined on input line 2475.


LaTeX Warning: Reference `tm:eq:P-mahler' on page 1 undefined on input line 250
9.


LaTeX Warning: Reference `tm:eq:Phi-dilation' on page 1 undefined on input line
 2509.


LaTeX Warning: Reference `dc:eq:K-dilation' on page 1 undefined on input line 2
510.


LaTeX Warning: Reference `dc:eq:K-iterate' on page 1 undefined on input line 25
11.


LaTeX Warning: Reference `dc:eq:K-profile' on page 1 undefined on input line 25
29.

[42

]

LaTeX Warning: Reference `tm:eq:flat-bound' on page 1 undefined on input line 2
543.

[43]
Chapter 17.

LaTeX Warning: Reference `dc:eq:CQ-def' on page 1 undefined on input line 2560.



LaTeX Warning: Reference `dc:eq:C-entire-bound' on page 1 undefined on input li
ne 2584.


LaTeX Warning: Reference `dc:eq:C-shift' on page 1 undefined on input line 2590
.


LaTeX Warning: Reference `dc:eq:C-entire-bound' on page 1 undefined on input li
ne 2594.

[44

]

LaTeX Warning: Reference `dc:eq:H-Fourier' on page 1 undefined on input line 26
28.


LaTeX Warning: Reference `dc:eq:C-log-integral' on page 1 undefined on input li
ne 2628.


LaTeX Warning: Reference `dc:prop:H-nonconstant' on page 1 undefined on input l
ine 2639.


LaTeX Warning: Reference `dc:eq:C-Fourier' on page 1 undefined on input line 26
42.


LaTeX Warning: Reference `dc:lem:periodic-zero' on page 1 undefined on input li
ne 2695.


LaTeX Warning: Reference `dc:eq:Q-growth' on page 1 undefined on input line 269
5.


LaTeX Warning: Reference `dc:eq:C-shift' on page 1 undefined on input line 2697
.

[45]

LaTeX Warning: Reference `dc:eq:C-shift' on page 46 undefined on input line 270
8.


LaTeX Warning: Reference `dc:eq:C-Fourier' on page 46 undefined on input line 2
710.


LaTeX Warning: Reference `ra:sec:numerics' on page 1 undefined on input line 27
17.


LaTeX Warning: Reference `dc:prop:C-Fourier' on page 1 undefined on input line 
2720.

[46]
Chapter 18.

LaTeX Warning: Reference `dc:eq:notation' on page 1 undefined on input line 273
3.


LaTeX Warning: Reference `tm:eq:flat-bound' on page 1 undefined on input line 2
738.


LaTeX Warning: Reference `dc:eq:Z-integral' on page 1 undefined on input line 2
777.


LaTeX Warning: Reference `dc:eq:Z-CM' on page 1 undefined on input line 2779.

[47

]

LaTeX Warning: Reference `dc:eq:Z-integral' on page 1 undefined on input line 2
797.


LaTeX Warning: Reference `dc:eq:Z-CM' on page 1 undefined on input line 2806.


LaTeX Warning: Reference `dc:eq:K-bounds' on page 1 undefined on input line 282
1.


LaTeX Warning: Reference `dc:prop:real-zeros' on page 1 undefined on input line
 2851.


LaTeX Warning: Reference `ra:eq:mainquantities' on page 48 undefined on input l
ine 2861.

[48]

LaTeX Warning: Reference `tm:eq:P-mahler' on page 49 undefined on input line 28
72.

[49]
Chapter 19.

LaTeX Warning: Reference `dc:eq:B-def' on page 1 undefined on input line 2893.

[50

]

LaTeX Warning: Reference `dc:eq:M-def' on page 1 undefined on input line 2956.


LaTeX Warning: Reference `dc:eq:K-iterate' on page 1 undefined on input line 29
57.


LaTeX Warning: Reference `dc:lem:B-global' on page 1 undefined on input line 29
68.


LaTeX Warning: Reference `dc:eq:C-shift' on page 1 undefined on input line 2970
.


LaTeX Warning: Reference `dc:lem:B-global' on page 1 undefined on input line 29
78.


LaTeX Warning: Reference `dc:eq:F-asymptotic' on page 1 undefined on input line
 2981.


LaTeX Warning: Reference `dc:eq:B-def' on page 1 undefined on input line 3020.

[51]

LaTeX Warning: Reference `dc:eq:F-asymptotic' on page 1 undefined on input line
 3033.


LaTeX Warning: Reference `dc:eq:K-profile' on page 52 undefined on input line 3
064.


LaTeX Warning: Reference `tm:eq:log-Phi' on page 52 undefined on input line 306
8.

[52]

LaTeX Warning: Reference `dc:app:alpha' on page 1 undefined on input line 3099.



LaTeX Warning: Reference `dc:eq:lambdas' on page 53 undefined on input line 310
1.


LaTeX Warning: Reference `dc:eq:beta-first' on page 53 undefined on input line 
3106.

[53]
Chapter 20.

LaTeX Warning: Reference `dc:thm:rescaling' on page 1 undefined on input line 3
127.


LaTeX Warning: Reference `dc:lem:B-global' on page 1 undefined on input line 31
33.

[54

]

LaTeX Warning: Reference `ra:eq:exactrenorm' on page 55 undefined on input line
 3190.


LaTeX Warning: Reference `ra:eq:tube' on page 55 undefined on input line 3200.


LaTeX Warning: Reference `dc:thm:completion' on page 55 undefined on input line
 3238.


LaTeX Warning: Reference `ra:eq:taylorglobal' on page 55 undefined on input lin
e 3251.


LaTeX Warning: Reference `ra:thm:asymptotics' on page 55 undefined on input lin
e 3257.


LaTeX Warning: Reference `ra:eq:taylorglobal' on page 55 undefined on input lin
e 3258.


LaTeX Warning: Reference `ra:eq:exactrenorm' on page 55 undefined on input line
 3259.

[55]

LaTeX Warning: Reference `ra:eq:maintheorem' on page 56 undefined on input line
 3292.


LaTeX Warning: Reference `ra:eq:mainremainder' on page 56 undefined on input li
ne 3304.


LaTeX Warning: Reference `dc:eq:calH-first' on page 56 undefined on input line 
3316.

[56]
Chapter 21.

LaTeX Warning: Reference `dc:thm:rescaling' on page 1 undefined on input line 3
365.


LaTeX Warning: Reference `dc:eq:F-def' on page 1 undefined on input line 3376.


LaTeX Warning: Reference `dc:cor:C-zeros' on page 1 undefined on input line 338
1.

[57

]

LaTeX Warning: Citation `allouche2015' on page 58 undefined on input line 3403.



LaTeX Warning: Reference `dc:thm:zero-strings' on page 58 undefined on input li
ne 3404.


LaTeX Warning: Reference `dc:lem:periodic-zero' on page 1 undefined on input li
ne 3415.

[58]
Chapter 22.

LaTeX Warning: Reference `dc:eq:W' on page 1 undefined on input line 3479.


LaTeX Warning: Reference `dc:eq:W' on page 1 undefined on input line 3492.


LaTeX Warning: Reference `dc:eq:W' on page 1 undefined on input line 3495.

[59

]

LaTeX Warning: Reference `dc:eq:log-B' on page 1 undefined on input line 3517.


LaTeX Warning: Reference `dc:eq:C-shift' on page 1 undefined on input line 3536
.


LaTeX Warning: Reference `dc:sec:moments' on page 1 undefined on input line 354
2.


LaTeX Warning: Reference `dc:eq:T-moments' on page 1 undefined on input line 35
71.


LaTeX Warning: Reference `dc:lem:W' on page 1 undefined on input line 3572.


LaTeX Warning: Reference `dc:eq:F-exact' on page 1 undefined on input line 3578
.


LaTeX Warning: Reference `dc:eq:Psi-Laplace' on page 1 undefined on input line 
3579.


LaTeX Warning: Reference `dc:eq:center-exact' on page 1 undefined on input line
 3579.

[60] [61]
Chapter 23.

LaTeX Warning: Reference `dc:lem:W' on page 1 undefined on input line 3660.


LaTeX Warning: Reference `dc:eq:Psi' on page 1 undefined on input line 3675.


LaTeX Warning: Reference `dc:eq:RB' on page 1 undefined on input line 3680.


LaTeX Warning: Reference `dc:eq:calH-first' on page 1 undefined on input line 3
685.

[62

]

LaTeX Warning: Reference `dc:eq:center-exact' on page 1 undefined on input line
 3709.


LaTeX Warning: Reference `dc:eq:A-asymptotic' on page 1 undefined on input line
 3713.


LaTeX Warning: Reference `dc:eq:alternating-bound' on page 1 undefined on input
 line 3713.


LaTeX Warning: Reference `dc:eq:Nstar' on page 1 undefined on input line 3717.

<figures/dc_remainder_bounds.pdf, id=777, 520.34402pt x 274.626pt>
File: figures/dc_remainder_bounds.pdf Graphic file (type pdf)
<use figures/dc_remainder_bounds.pdf>
Package pdftex.def Info: figures/dc_remainder_bounds.pdf  used on input line 37
29.
(pdftex.def)             Requested size: 418.08151pt x 220.66489pt.
[63 <./figures/dc_remainder_bounds.pdf>]
Chapter 24.

LaTeX Warning: Reference `dc:thm:overview' on page 1 undefined on input line 37
41.


LaTeX Warning: Reference `dc:eq:F-exact' on page 1 undefined on input line 3767
.


LaTeX Warning: Reference `dc:eq:complex-gaussian-error' on page 1 undefined on 
input line 3778.


LaTeX Warning: Reference `dc:thm:zero-strings' on page 1 undefined on input lin
e 3795.


LaTeX Warning: Reference `dc:prop:complex-center' on page 1 undefined on input 
line 3796.


LaTeX Warning: Reference `dc:eq:complex-gaussian-error' on page 1 undefined on 
input line 3815.


LaTeX Warning: Reference `dc:eq:half-one' on page 1 undefined on input line 381
8.

[64

] [65]
Chapter 25.

LaTeX Warning: Reference `dc:eq:T-moments' on page 1 undefined on input line 38
39.


LaTeX Warning: Citation `agk' on page 66 undefined on input line 3868.


LaTeX Warning: Reference `dc:eq:K-dilation' on page 1 undefined on input line 3
877.


LaTeX Warning: Reference `dc:eq:C-step' on page 1 undefined on input line 3886.


[66

]

LaTeX Warning: Reference `dc:eq:periodic-perturb' on page 1 undefined on input 
line 3898.


LaTeX Warning: Reference `dc:eq:K-iterate' on page 1 undefined on input line 39
26.


LaTeX Warning: Reference `dc:eq:lattice-weights' on page 1 undefined on input l
ine 3936.


LaTeX Warning: Citation `agk' on page 67 undefined on input line 3939.


LaTeX Warning: Reference `dc:eq:lattice-mixture' on page 1 undefined on input l
ine 3940.


LaTeX Warning: Reference `dc:cor:Z-Hankel' on page 1 undefined on input line 39
46.


LaTeX Warning: Reference `ra:thm:asymptotics' on page 1 undefined on input line
 3948.

[67]

LaTeX Warning: Reference `ra:eq:Hankelasympt' on page 68 undefined on input lin
e 3980.


LaTeX Warning: Reference `ra:eq:Hankelpositive' on page 68 undefined on input l
ine 3984.


LaTeX Warning: Reference `ra:thm:asymptotics' on page 68 undefined on input lin
e 3989.


LaTeX Warning: Reference `ra:eq:Hankelasympt' on page 68 undefined on input lin
e 3996.


LaTeX Warning: Reference `ra:eq:Turan' on page 68 undefined on input line 3997.


[68]
Chapter 26.

LaTeX Warning: Reference `dc:eq:T-moments' on page 1 undefined on input line 40
03.


LaTeX Warning: Reference `dc:sec:moments' on page 1 undefined on input line 405
8.

[69

]

LaTeX Warning: Reference `dc:eq:orthogonal' on page 1 undefined on input line 4
074.


LaTeX Warning: Reference `dc:eq:hankel-exact' on page 1 undefined on input line
 4077.


LaTeX Warning: Reference `dc:eq:orthogonal-norm' on page 1 undefined on input l
ine 4078.


LaTeX Warning: Reference `dc:eq:orthogonal-norm' on page 1 undefined on input l
ine 4090.

[70]
Chapter 27.

LaTeX Warning: Reference `dc:eq:lognormal' on page 1 undefined on input line 40
98.


LaTeX Warning: Reference `dc:eq:alternating-bound' on page 1 undefined on input
 line 4109.


LaTeX Warning: Reference `dc:cor:optimal' on page 1 undefined on input line 411
5.


LaTeX Warning: Reference `dc:thm:alternating' on page 1 undefined on input line
 4125.


LaTeX Warning: Reference `dc:eq:flat-twin-bound' on page 1 undefined on input l
ine 4127.


LaTeX Warning: Reference `dc:prop:C-Fourier' on page 1 undefined on input line 
4139.


LaTeX Warning: Reference `dc:eq:flat-twin-bound' on page 1 undefined on input l
ine 4142.

[71

]
Chapter 28.

LaTeX Warning: Citation `aguech-jedidi' on page 72 undefined on input line 4164
.


LaTeX Warning: Reference `ra:eq:dyadicequation' on page 72 undefined on input l
ine 4190.


LaTeX Warning: Reference `ra:eq:mumeasure' on page 72 undefined on input line 4
197.


LaTeX Warning: Reference `ra:eq:shellrepresentation' on page 72 undefined on in
put line 4203.


LaTeX Warning: Reference `tm:eq:flat-bound' on page 72 undefined on input line 
4204.


LaTeX Warning: Reference `ra:eq:frepresent' on page 72 undefined on input line 
4208.


LaTeX Warning: Reference `ra:eq:dyadicequation' on page 72 undefined on input l
ine 4210.


LaTeX Warning: Reference `ra:thm:classification' on page 72 undefined on input 
line 4220.

[72

]

LaTeX Warning: Reference `ra:eq:shellrepresentation' on page 73 undefined on in
put line 4246.


LaTeX Warning: Reference `ra:eq:normalization' on page 73 undefined on input li
ne 4247.

[73]
Chapter 29.

LaTeX Warning: Reference `dc:eq:K-dilation' on page 74 undefined on input line 
4293.


LaTeX Warning: Reference `ra:thm:asymptotics' on page 74 undefined on input lin
e 4306.


LaTeX Warning: Reference `ra:eq:Qfinitelevel' on page 74 undefined on input lin
e 4315.


LaTeX Warning: Reference `ra:thm:asymptotics' on page 74 undefined on input lin
e 4322.


LaTeX Warning: Reference `ra:eq:Knurecurrence' on page 74 undefined on input li
ne 4323.

[74

]

LaTeX Warning: Reference `dc:eq:periodic-perturb' on page 75 undefined on input
 line 4367.


LaTeX Warning: Reference `ra:thm:universal' on page 75 undefined on input line 
4368.


LaTeX Warning: Reference `dc:eq:periodic-perturb' on page 75 undefined on input
 line 4378.


LaTeX Warning: Reference `ra:eq:ambiguitybound' on page 75 undefined on input l
ine 4379.


LaTeX Warning: Reference `ra:eq:tau' on page 75 undefined on input line 4385.


LaTeX Warning: Reference `ra:eq:optimal' on page 75 undefined on input line 438
5.


LaTeX Warning: Reference `ra:eq:ambiguitybound' on page 75 undefined on input l
ine 4386.

[75]
Chapter 30.

LaTeX Warning: Reference `ra:eq:dyadicequation' on page 76 undefined on input l
ine 4402.


LaTeX Warning: Reference `ra:thm:classification' on page 76 undefined on input 
line 4416.


LaTeX Warning: Reference `ra:eq:slopecondition' on page 76 undefined on input l
ine 4431.


LaTeX Warning: Reference `ra:eq:slopelimit' on page 76 undefined on input line 
4447.


LaTeX Warning: Reference `ra:eq:dyadicequation' on page 76 undefined on input l
ine 4455.

[76

]

LaTeX Warning: Reference `ra:eq:finitepartcondition' on page 77 undefined on in
put line 4476.


LaTeX Warning: Reference `ra:eq:slopecondition' on page 77 undefined on input l
ine 4478.


LaTeX Warning: Reference `ra:thm:uniqueness' on page 77 undefined on input line
 4479.


LaTeX Warning: Reference `tm:lem:P-bounds' on page 77 undefined on input line 4
488.


LaTeX Warning: Reference `ra:eq:kappa' on page 77 undefined on input line 4489.



LaTeX Warning: Reference `ra:eq:Gammadef' on page 77 undefined on input line 45
09.


LaTeX Warning: Reference `ra:thm:uniqueness' on page 77 undefined on input line
 4512.

[77]
Chapter 31.

LaTeX Warning: Reference `dc:lem:periodic-zero' on page 78 undefined on input l
ine 4589.


LaTeX Warning: Reference `dc:lem:B-global' on page 1 undefined on input line 45
93.

[78

]

LaTeX Warning: Reference `dc:eq:base-mellin' on page 1 undefined on input line 
4601.


LaTeX Warning: Reference `dc:thm:zero-strings' on page 1 undefined on input lin
e 4602.


LaTeX Warning: Reference `dc:thm:c-asymptotic' on page 1 undefined on input lin
e 4614.


LaTeX Warning: Reference `dc:eq:center-complex-bound' on page 1 undefined on in
put line 4616.


LaTeX Warning: Reference `dc:eq:base-zero-rate' on page 1 undefined on input li
ne 4619.


LaTeX Warning: Reference `dc:eq:base-digit-series' on page 1 undefined on input
 line 4625.

[79]
Chapter 32.

LaTeX Warning: Citation `fgd' on page 80 undefined on input line 4634.

[80

]

LaTeX Warning: Reference `dc:eq:logH-Fourier' on page 1 undefined on input line
 4715.

<figures/dc_periodic_profile.pdf, id=1001, 520.34402pt x 274.626pt>
File: figures/dc_periodic_profile.pdf Graphic file (type pdf)
<use figures/dc_periodic_profile.pdf>
Package pdftex.def Info: figures/dc_periodic_profile.pdf  used on input line 47
20.
(pdftex.def)             Requested size: 418.08151pt x 220.66489pt.

LaTeX Warning: Reference `dc:eq:C-Fourier' on page 1 undefined on input line 47
29.


LaTeX Warning: Reference `dc:eq:logH-Fourier' on page 1 undefined on input line
 4730.


LaTeX Warning: Reference `dc:eq:C-Fourier' on page 1 undefined on input line 47
32.

[81 <./figures/dc_periodic_profile.pdf>]
Chapter 33.

LaTeX Warning: Reference `dc:eq:logH-Fourier' on page 1 undefined on input line
 4741.


LaTeX Warning: Reference `dc:eq:F-exact' on page 1 undefined on input line 4744
.


LaTeX Warning: Reference `dc:eq:M-def' on page 1 undefined on input line 4750.


LaTeX Warning: Reference `dc:eq:half-one' on page 1 undefined on input line 479
1.


LaTeX Warning: Reference `dc:eq:half-one' on page 1 undefined on input line 479
1.

[82

]

LaTeX Warning: Reference `dc:eq:logH-Fourier' on page 1 undefined on input line
 4835.


LaTeX Warning: Reference `ra:cor:normalization' on page 1 undefined on input li
ne 4867.


LaTeX Warning: Reference `dc:thm:alternating' on page 1 undefined on input line
 4869.

[83]

LaTeX Warning: Reference `dc:eq:K-profile' on page 84 undefined on input line 4
882.


LaTeX Warning: Reference `ra:tab:centered' on page 84 undefined on input line 4
922.


LaTeX Warning: Reference `ra:tab:theta' on page 84 undefined on input line 4951
.


LaTeX Warning: Reference `ra:eq:Thetafourier' on page 84 undefined on input lin
e 4952.


LaTeX Warning: Reference `ra:tab:phases' on page 84 undefined on input line 497
0.


LaTeX Warning: Reference `ra:eq:phasefunctions' on page 84 undefined on input l
ine 4971.


Underfull \hbox (badness 3364) in paragraph at lines 4989--4989
[]\T1/LibertinusSerif-TLF/m/n/10.95 (+20) Table 33.5: []Distinct pos-i-tive nor
-mal-ized so-lu-tions. The canon-i-cal value is $\OML/cmm/m/it/10.95 Z[]\OT1/cm
r/m/n/10.95 (1\OML/cmm/m/it/10.95 =\OT1/cmr/m/n/10.95 3) =
 []

[84] [85]
Chapter 34.

LaTeX Warning: Reference `dc:eq:F-exact' on page 1 undefined on input line 5020
.

[86

]

LaTeX Warning: Reference `dc:eq:F-remainder-explicit' on page 1 undefined on in
put line 5070.


LaTeX Warning: Reference `dc:prop:logH' on page 1 undefined on input line 5111.



LaTeX Warning: Reference `ra:thm:ambiguity' on page 1 undefined on input line 5
113.


LaTeX Warning: Reference `ra:lem:tubebound' on page 87 undefined on input line 
5121.

[87] [88

]
Chapter 35.

LaTeX Warning: Citation `sobolewski' on page 89 undefined on input line 5150.


LaTeX Warning: Citation `duke' on page 89 undefined on input line 5151.


LaTeX Warning: Citation `baake-coons' on page 89 undefined on input line 5155.


LaTeX Warning: Citation `gohlke' on page 89 undefined on input line 5156.


LaTeX Warning: Citation `cloitre' on page 89 undefined on input line 5156.


LaTeX Warning: Reference `rr:thm:profile' on page 89 undefined on input line 51
69.


LaTeX Warning: Reference `rr:thm:correction' on page 89 undefined on input line
 5173.


LaTeX Warning: Reference `rr:thm:moments' on page 89 undefined on input line 51
73.


LaTeX Warning: Reference `rr:thm:hierarchy' on page 89 undefined on input line 
5176.


LaTeX Warning: Reference `rr:thm:norm' on page 89 undefined on input line 5186.



LaTeX Warning: Reference `rr:thm:regularity' on page 89 undefined on input line
 5186.


LaTeX Warning: Reference `rr:thm:zeros' on page 89 undefined on input line 5189
.


LaTeX Warning: Reference `rr:thm:depth' on page 89 undefined on input line 5189
.

[89

] [90]
Chapter 36.

LaTeX Warning: Reference `tm:eq:X' on page 91 undefined on input line 5200.


LaTeX Warning: Reference `tm:eq:Phi' on page 91 undefined on input line 5202.


LaTeX Warning: Reference `tm:lem:Phi' on page 1 undefined on input line 5209.


LaTeX Warning: Reference `tm:eq:Fabius-cdf' on page 91 undefined on input line 
5217.


LaTeX Warning: Citation `fabius' on page 91 undefined on input line 5218.


LaTeX Warning: Reference `tm:eq:M' on page 91 undefined on input line 5223.

[91

]
Chapter 37.

LaTeX Warning: Reference `rr:eq:exactH' on page 92 undefined on input line 5290
.


LaTeX Warning: Reference `rr:eq:exactH' on page 92 undefined on input line 5293
.

[92

]

LaTeX Warning: Reference `rr:eq:kappa' on page 93 undefined on input line 5334.



LaTeX Warning: Reference `rr:eq:allorders' on page 93 undefined on input line 5
372.

[93]

LaTeX Warning: Reference `rr:eq:factorbound' on page 94 undefined on input line
 5381.


LaTeX Warning: Reference `rr:eq:certified' on page 94 undefined on input line 5
386.

[94]
Chapter 38.
[95

]

LaTeX Warning: Reference `rr:eq:reflection' on page 96 undefined on input line 
5469.

[96] [97]
Chapter 39.

LaTeX Warning: Reference `rr:eq:hcoeff' on page 98 undefined on input line 5520
.


LaTeX Warning: Reference `rr:eq:ccoeff' on page 98 undefined on input line 5520
.


LaTeX Warning: Reference `rr:thm:profile' on page 98 undefined on input line 55
42.


LaTeX Warning: Reference `rr:eq:momentcoeff' on page 98 undefined on input line
 5542.


LaTeX Warning: Reference `rr:eq:momentBell' on page 98 undefined on input line 
5542.


LaTeX Warning: Reference `rr:eq:momentBell' on page 98 undefined on input line 
5551.


LaTeX Warning: Reference `rr:eq:momentcoeff' on page 98 undefined on input line
 5551.

[98

] [99]

LaTeX Warning: Reference `rr:eq:momentcoeff' on page 100 undefined on input lin
e 5632.


LaTeX Warning: Reference `rr:eq:depthsum' on page 100 undefined on input line 5
632.


LaTeX Warning: Reference `rr:eq:depthC' on page 100 undefined on input line 563
2.


LaTeX Warning: Reference `rr:eq:depthsum' on page 100 undefined on input line 5
634.


LaTeX Warning: Reference `rr:eq:depthdenom' on page 100 undefined on input line
 5634.


LaTeX Warning: Citation `sobolewski' on page 100 undefined on input line 5637.


LaTeX Warning: Reference `rr:eq:omegakappa' on page 100 undefined on input line
 5640.


LaTeX Warning: Reference `rr:eq:mod3degree2' on page 100 undefined on input lin
e 5654.


LaTeX Warning: Reference `rr:eq:mod3degree3' on page 100 undefined on input lin
e 5654.

[100]

LaTeX Warning: Reference `rr:eq:mod3degree2' on page 101 undefined on input lin
e 5671.

[101]
Chapter 40.

LaTeX Warning: Reference `rr:thm:profile' on page 102 undefined on input line 5
707.


LaTeX Warning: Reference `rr:eq:transient' on page 102 undefined on input line 
5707.


LaTeX Warning: Reference `rr:eq:dyadicN' on page 102 undefined on input line 57
27.

[102

]

LaTeX Warning: Reference `rr:eq:dyadicfactor' on page 103 undefined on input li
ne 5747.


LaTeX Warning: Reference `rr:eq:dyadictail' on page 103 undefined on input line
 5747.


LaTeX Warning: Reference `rr:eq:dyadicK' on page 103 undefined on input line 57
85.

[103]

LaTeX Warning: Reference `rr:eq:dyadicfactor' on page 104 undefined on input li
ne 5812.

[104]
Chapter 41.

LaTeX Warning: Reference `rr:eq:coalescingexact' on page 105 undefined on input
 line 5860.


LaTeX Warning: Reference `rr:eq:dyadicfactor' on page 105 undefined on input li
ne 5860.


LaTeX Warning: Reference `rr:eq:uniformratios' on page 105 undefined on input l
ine 5862.


LaTeX Warning: Reference `rr:eq:coalescingexact' on page 105 undefined on input
 line 5865.

[105

]

LaTeX Warning: Reference `rr:eq:hierarchylimit' on page 106 undefined on input 
line 5892.


LaTeX Warning: Reference `rr:eq:uniformratios' on page 106 undefined on input l
ine 5906.


LaTeX Warning: Reference `rr:eq:hierarchyerror' on page 106 undefined on input 
line 5906.


Underfull \hbox (badness 2653) in paragraph at lines 5903--5907
\T1/LibertinusSerif-TLF/m/n/10.95 (+20) After mul-ti-pli-ca-tion by $\OML/cmm/m
/it/10.95 r$\T1/LibertinusSerif-TLF/m/n/10.95 (+20) , the re-main-der is $\OML/
cmm/m/it/10.95 O[]\OT1/cmr/m/n/10.95 (\OML/cmm/m/it/10.95 ^^O\OT1/cmr/m/n/10.95
 )$\T1/LibertinusSerif-TLF/m/n/10.95 (+20) , and the lead-ing term dif-fers fro
m
 []


LaTeX Warning: Reference `rr:eq:Gaussianlimit' on page 106 undefined on input l
ine 5924.


LaTeX Warning: Reference `rr:thm:hierarchy' on page 106 undefined on input line
 5933.


LaTeX Warning: Reference `rr:eq:Umgf' on page 106 undefined on input line 5933.


[106] [107]
Chapter 42.

LaTeX Warning: Reference `rr:eq:cyclotomicnorm' on page 108 undefined on input 
line 5993.


LaTeX Warning: Reference `rr:eq:Rpositive' on page 108 undefined on input line 
5993.


LaTeX Warning: Reference `rr:eq:finitenorm' on page 108 undefined on input line
 5993.

[108

]

LaTeX Warning: Reference `rr:eq:primitivenorm' on page 109 undefined on input l
ine 6015.


LaTeX Warning: Reference `rr:eq:cyclotomicnorm' on page 109 undefined on input 
line 6020.


LaTeX Warning: Reference `rr:eq:Ulog' on page 109 undefined on input line 6020.



LaTeX Warning: Reference `rr:eq:omegakappa' on page 109 undefined on input line
 6029.


LaTeX Warning: Reference `rr:thm:zeros' on page 109 undefined on input line 603
7.


LaTeX Warning: Reference `rr:eq:Rpositive' on page 109 undefined on input line 
6040.

[109]

LaTeX Warning: Reference `rr:eq:Rpositive' on page 110 undefined on input line 
6063.

[110]
Chapter 43.
[111

]

LaTeX Warning: Reference `rr:eq:nudaverage' on page 112 undefined on input line
 6120.


LaTeX Warning: Reference `rr:thm:regularity' on page 112 undefined on input lin
e 6146.

[112]

LaTeX Warning: Reference `rr:eq:highestderivative' on page 113 undefined on inp
ut line 6172.


LaTeX Warning: Reference `rr:eq:highestderivative' on page 113 undefined on inp
ut line 6177.


LaTeX Warning: Reference `rr:eq:highestderivative' on page 113 undefined on inp
ut line 6189.


LaTeX Warning: Reference `rr:eq:continuousderivative' on page 113 undefined on 
input line 6189.


LaTeX Warning: Reference `rr:eq:continuousderivative' on page 113 undefined on 
input line 6191.


LaTeX Warning: Reference `rr:thm:regularity' on page 113 undefined on input lin
e 6191.

[113] [114]
Chapter 44.

LaTeX Warning: Reference `rr:thm:correction' on page 115 undefined on input lin
e 6243.

[115

]

LaTeX Warning: Reference `rr:eq:Gaussianlimit' on page 116 undefined on input l
ine 6248.


LaTeX Warning: Reference `rr:eq:coalescingexact' on page 116 undefined on input
 line 6248.

[116]
Chapter 45.

LaTeX Warning: Reference `rr:eq:smalldivisor' on page 117 undefined on input li
ne 6277.


LaTeX Warning: Reference `rr:thm:profile' on page 117 undefined on input line 6
277.


LaTeX Warning: Reference `rr:eq:Rpositive' on page 117 undefined on input line 
6282.


LaTeX Warning: Reference `rr:eq:primitivenorm' on page 117 undefined on input l
ine 6282.


LaTeX Warning: Reference `rr:thm:depth' on page 117 undefined on input line 628
7.

[117

] [118] [119

]
Chapter 46.

LaTeX Warning: Citation `arias1982' on page 120 undefined on input line 6316.


LaTeX Warning: Citation `arias2018' on page 120 undefined on input line 6316.


LaTeX Warning: Citation `heyde' on page 120 undefined on input line 6320.


LaTeX Warning: Reference `rs:sec:global' on page 1 undefined on input line 6356
.

[120

]

LaTeX Warning: Reference `rs:sec:dyadic' on page 1 undefined on input line 6368
.


LaTeX Warning: Reference `rs:sec:lattice' on page 1 undefined on input line 637
7.


LaTeX Warning: Reference `rs:sec:spectral' on page 1 undefined on input line 64
06.

[121]
Chapter 47.

LaTeX Warning: Reference `tm:eq:product' on page 122 undefined on input line 64
11.


LaTeX Warning: Reference `tm:eq:prouhet' on page 122 undefined on input line 64
12.


LaTeX Warning: Reference `ch:prelim' on page 1 undefined on input line 6415.


LaTeX Warning: Reference `rs:eq:a-K' on page 122 undefined on input line 6416.


LaTeX Warning: Reference `rs:eq:random-series' on page 122 undefined on input l
ine 6430.


LaTeX Warning: Reference `rs:eq:Qbound' on page 122 undefined on input line 646
6.

[122

]

LaTeX Warning: Reference `rs:eq:spline-positive' on page 123 undefined on input
 line 6507.


LaTeX Warning: Reference `tm:eq:prouhet' on page 123 undefined on input line 65
08.

[123]
Chapter 48.

LaTeX Warning: Reference `rs:eq:Lp-copies' on page 124 undefined on input line 
6558.


LaTeX Warning: Citation `arias1982' on page 124 undefined on input line 6564.


LaTeX Warning: Citation `arias2018' on page 124 undefined on input line 6564.


LaTeX Warning: Reference `rs:eq:infinite-copies' on page 124 undefined on input
 line 6574.

[124

]
Chapter 49.

LaTeX Warning: Citation `dlmf422' on page 125 undefined on input line 6601.

[125

]

LaTeX Warning: Reference `rs:eq:logM' on page 126 undefined on input line 6642.



LaTeX Warning: Reference `rs:eq:H-def' on page 126 undefined on input line 6642
.


LaTeX Warning: Reference `rs:eq:coefficient-convolution' on page 126 undefined 
on input line 6646.


LaTeX Warning: Reference `rs:eq:moment-recurrence' on page 126 undefined on inp
ut line 6685.


LaTeX Warning: Reference `rs:eq:a-partition' on page 126 undefined on input lin
e 6686.

[126]
Chapter 50.

LaTeX Warning: Reference `rs:eq:tail-law' on page 127 undefined on input line 6
712.


LaTeX Warning: Reference `rs:eq:sharp-deriv-norm' on page 127 undefined on inpu
t line 6730.


LaTeX Warning: Reference `rs:thm:global' on page 1 undefined on input line 6749
.

[127

]

LaTeX Warning: Reference `rs:thm:global' on page 1 undefined on input line 6778
.


LaTeX Warning: Reference `rs:prop:copies' on page 1 undefined on input line 678
6.


LaTeX Warning: Reference `rs:thm:global' on page 1 undefined on input line 6819
.

[128]
Chapter 51.

LaTeX Warning: Reference `rs:eq:tail-differentiation' on page 129 undefined on 
input line 6871.


LaTeX Warning: Reference `rs:eq:dyadic-forward' on page 129 undefined on input 
line 6874.


LaTeX Warning: Reference `rs:eq:dyadic-backward' on page 129 undefined on input
 line 6880.

[129

]

LaTeX Warning: Reference `rs:eq:highest-dyadic-derivative' on page 130 undefine
d on input line 6916.


LaTeX Warning: Reference `rs:eq:b-partition' on page 130 undefined on input lin
e 6918.


LaTeX Warning: Reference `rs:cor:poly-stabilize' on page 1 undefined on input l
ine 6962.


LaTeX Warning: Reference `rs:eq:qweights' on page 130 undefined on input line 6
965.

[130]

LaTeX Warning: Reference `rs:eq:dyadic-backward' on page 131 undefined on input
 line 7017.


LaTeX Warning: Reference `rs:eq:exact-richardson' on page 131 undefined on inpu
t line 7022.


LaTeX Warning: Reference `rs:eq:spline-positive' on page 131 undefined on input
 line 7023.

[131]
Chapter 52.

LaTeX Warning: Reference `rs:eq:intro-Am' on page 132 undefined on input line 7
044.


LaTeX Warning: Citation `dlmf422' on page 132 undefined on input line 7088.

[132

]

LaTeX Warning: Reference `rs:eq:centered-factorial' on page 133 undefined on in
put line 7116.


LaTeX Warning: Reference `rs:eq:c-binomial' on page 133 undefined on input line
 7146.


LaTeX Warning: Reference `rs:lem:centered-factorial' on page 1 undefined on inp
ut line 7158.


LaTeX Warning: Reference `rs:eq:spline-rescaled-t' on page 133 undefined on inp
ut line 7159.


LaTeX Warning: Reference `rs:eq:lattice-exact-operator' on page 133 undefined o
n input line 7174.

[133] [134]
Chapter 53.

LaTeX Warning: Reference `rs:thm:lattice-operator' on page 1 undefined on input
 line 7179.

[135

]

LaTeX Warning: Reference `rs:eq:psi-quotient' on page 136 undefined on input li
ne 7237.


LaTeX Warning: Reference `rs:lem:decay' on page 1 undefined on input line 7303.


[136]

LaTeX Warning: Reference `rs:eq:H-coeff-bound' on page 137 undefined on input l
ine 7328.


LaTeX Warning: Reference `rs:lem:decay' on page 1 undefined on input line 7328.



LaTeX Warning: Reference `rs:eq:low-error' on page 137 undefined on input line 
7337.


LaTeX Warning: Reference `rs:eq:approx-tail-bound' on page 137 undefined on inp
ut line 7337.


LaTeX Warning: Reference `rs:eq:uniform-local-limit' on page 137 undefined on i
nput line 7339.


LaTeX Warning: Reference `rs:eq:CN-explicit' on page 137 undefined on input lin
e 7340.


LaTeX Warning: Reference `rs:eq:uniform-local-limit' on page 137 undefined on i
nput line 7344.


LaTeX Warning: Reference `rs:thm:local-limit' on page 1 undefined on input line
 7367.


LaTeX Warning: Reference `rs:prop:copies' on page 1 undefined on input line 737
1.

[137]
Chapter 54.

LaTeX Warning: Reference `rs:lem:dyadic-cell' on page 1 undefined on input line
 7399.


LaTeX Warning: Reference `rs:thm:lattice-operator' on page 1 undefined on input
 line 7400.


LaTeX Warning: Reference `rs:eq:dyadic-backward' on page 138 undefined on input
 line 7402.


LaTeX Warning: Reference `rs:eq:coefficient-convolution' on page 138 undefined 
on input line 7405.


LaTeX Warning: Reference `rs:thm:dyadic-lattice' on page 1 undefined on input l
ine 7431.

[138

] [139]
Chapter 55.

LaTeX Warning: Reference `rs:eq:Qbound' on page 140 undefined on input line 748
1.


LaTeX Warning: Reference `rs:eq:Lp-copies' on page 140 undefined on input line 
7483.


LaTeX Warning: Reference `rs:eq:energy-moments' on page 140 undefined on input 
line 7506.


LaTeX Warning: Reference `rs:eq:lognormal-density' on page 140 undefined on inp
ut line 7514.


LaTeX Warning: Citation `heyde' on page 140 undefined on input line 7523.

[140

]

LaTeX Warning: Reference `rs:eq:energy-moments' on page 141 undefined on input 
line 7549.

[141] [142]
Chapter 56.

LaTeX Warning: Reference `rs:eq:geometric-norm' on page 143 undefined on input 
line 7672.


LaTeX Warning: Reference `rs:eq:geometric-lognormal' on page 143 undefined on i
nput line 7676.


LaTeX Warning: Reference `rs:eq:geometric-moments' on page 143 undefined on inp
ut line 7694.

[143

] [144]
Chapter 57.

Underfull \hbox (badness 1303) in paragraph at lines 7698--7703
\T1/LibertinusSerif-TLF/m/n/10.95 (+20) The ac-com-pa-ny-ing \T1/LibertinusMono
-TLF/m/n/10.95 verify.py \T1/LibertinusSerif-TLF/m/n/10.95 (+20) uses only the 
Python stan-dard li-brary. Al-ge-braic tests use
 []


Underfull \hbox (badness 1019) in paragraph at lines 7698--7703
\T1/LibertinusSerif-TLF/m/n/10.95 (+20) arbitrary-size in-te-gers and \T1/Liber
tinusMono-TLF/m/n/10.95 fractions.Fraction\T1/LibertinusSerif-TLF/m/n/10.95 (+2
0) , not floating-point agree-ment. The saved
 []


LaTeX Warning: Reference `rs:thm:global' on page 1 undefined on input line 7725
.


LaTeX Warning: Reference `rs:tab:corrections' on page 1 undefined on input line
 7731.

[145

]

LaTeX Warning: Reference `rs:eq:quarter-lattice-exact' on page 146 undefined on
 input line 7761.


LaTeX Warning: Reference `rs:tab:lattice' on page 1 undefined on input line 776
3.


LaTeX Warning: Reference `rs:eq:quarter-lattice-exact' on page 146 undefined on
 input line 7765.

[146]
Chapter 58.

LaTeX Warning: Citation `atlas' on page 147 undefined on input line 7797.


LaTeX Warning: Reference `rs:eq:highest-dyadic-derivative' on page 147 undefine
d on input line 7806.


LaTeX Warning: Reference `rs:eq:closed-dyadic' on page 147 undefined on input l
ine 7833.


LaTeX Warning: Reference `rs:thm:geometric' on page 1 undefined on input line 7
841.

[147

] [148] [149

]
Chapter 59.

LaTeX Warning: Reference `nd:sec:correlations' on page 1 undefined on input lin
e 7874.


LaTeX Warning: Citation `bolker' on page 150 undefined on input line 7880.


LaTeX Warning: Citation `ars' on page 150 undefined on input line 7882.


LaTeX Warning: Citation `li' on page 150 undefined on input line 7882.


LaTeX Warning: Citation `fgd' on page 150 undefined on input line 7884.


LaTeX Warning: Citation `cloitre' on page 150 undefined on input line 7885.

[150

]
Chapter 60.

LaTeX Warning: Reference `nd:eq:geometry' on page 151 undefined on input line 7
943.


LaTeX Warning: Reference `nd:eq:cover' on page 151 undefined on input line 7963
.

[151

]

LaTeX Warning: Reference `nd:eq:cover' on page 152 undefined on input line 7990
.


LaTeX Warning: Reference `nd:eq:cover' on page 152 undefined on input line 8001
.


LaTeX Warning: Reference `nd:eq:cover' on page 152 undefined on input line 8016
.


LaTeX Warning: Reference `nd:cor:coverorder' on page 152 undefined on input lin
e 8029.


LaTeX Warning: Reference `nd:eq:cover' on page 152 undefined on input line 8033
.

[152]

LaTeX Warning: Reference `nd:eq:hafmoment' on page 153 undefined on input line 
8082.


LaTeX Warning: Reference `nd:eq:oddhafmoment' on page 153 undefined on input li
ne 8089.


LaTeX Warning: Reference `nd:cor:coverorder' on page 153 undefined on input lin
e 8093.


LaTeX Warning: Reference `nd:eq:evenpath' on page 153 undefined on input line 8
127.


LaTeX Warning: Reference `nd:thm:haf' on page 153 undefined on input line 8136.


[153]

LaTeX Warning: Reference `nd:eq:pathgeometry' on page 154 undefined on input li
ne 8150.

[154]
Chapter 61.

LaTeX Warning: Reference `nd:eq:matchingpoly' on page 155 undefined on input li
ne 8198.


LaTeX Warning: Reference `nd:eq:matchingpoly' on page 155 undefined on input li
ne 8211.

[155

]

LaTeX Warning: Reference `nd:cor:coverorder' on page 156 undefined on input lin
e 8237.


LaTeX Warning: Reference `nd:eq:cover' on page 156 undefined on input line 8247
.

[156]
Chapter 62.

LaTeX Warning: Reference `nd:eq:Phi' on page 157 undefined on input line 8268.


LaTeX Warning: Reference `tm:eq:E' on page 157 undefined on input line 8290.


LaTeX Warning: Reference `nd:eq:Philog' on page 157 undefined on input line 829
0.


LaTeX Warning: Reference `nd:eq:PhiMahler' on page 157 undefined on input line 
8292.


LaTeX Warning: Reference `nd:eq:Philog' on page 157 undefined on input line 829
4.


LaTeX Warning: Citation `ars' on page 157 undefined on input line 8299.


LaTeX Warning: Citation `li' on page 157 undefined on input line 8299.


LaTeX Warning: Reference `nd:eq:Phi' on page 157 undefined on input line 8300.

[157

]

LaTeX Warning: Reference `nd:eq:Philog' on page 158 undefined on input line 831
2.


LaTeX Warning: Reference `nd:eq:Philog' on page 158 undefined on input line 831
9.


LaTeX Warning: Reference `nd:eq:F' on page 158 undefined on input line 8358.


LaTeX Warning: Reference `nd:thm:Phi' on page 158 undefined on input line 8364.



LaTeX Warning: Reference `nd:eq:flatbound' on page 158 undefined on input line 
8370.

[158]
Chapter 63.

LaTeX Warning: Reference `nd:thm:flat' on page 1 undefined on input line 8378.


LaTeX Warning: Reference `tm:eq:P-mahler' on page 159 undefined on input line 8
382.


LaTeX Warning: Reference `tm:eq:Phi-dilation' on page 159 undefined on input li
ne 8383.


LaTeX Warning: Reference `dc:thm:completion' on page 1 undefined on input line 
8389.


LaTeX Warning: Reference `dc:eq:K-profile' on page 159 undefined on input line 
8411.


LaTeX Warning: Reference `dc:eq:K-profile' on page 159 undefined on input line 
8417.


LaTeX Warning: Reference `nd:eq:Psi-H' on page 159 undefined on input line 8424
.


LaTeX Warning: Reference `nd:eq:Psidef' on page 159 undefined on input line 842
5.


LaTeX Warning: Reference `nd:eq:Afactor' on page 159 undefined on input line 84
26.


LaTeX Warning: Reference `nd:eq:Afactor' on page 159 undefined on input line 84
28.


LaTeX Warning: Reference `tm:eq:log-Phi' on page 159 undefined on input line 84
29.

[159

]

LaTeX Warning: Reference `nd:eq:Afactor' on page 160 undefined on input line 84
44.


LaTeX Warning: Reference `nd:eq:A' on page 160 undefined on input line 8453.


LaTeX Warning: Reference `nd:eq:F' on page 160 undefined on input line 8460.

[160]
Chapter 64.

LaTeX Warning: Citation `dlmf413' on page 161 undefined on input line 8481.

[161

]

LaTeX Warning: Reference `tm:eq:log-Phi' on page 162 undefined on input line 85
58.


LaTeX Warning: Reference `nd:eq:rtail' on page 162 undefined on input line 8560
.


LaTeX Warning: Reference `nd:eq:Afactor' on page 162 undefined on input line 85
67.


LaTeX Warning: Reference `nd:eq:saddleeq' on page 162 undefined on input line 8
586.


LaTeX Warning: Reference `nd:eq:saddleparams' on page 162 undefined on input li
ne 8587.


LaTeX Warning: Reference `nd:eq:exactphase' on page 162 undefined on input line
 8616.

[162]

LaTeX Warning: Reference `nd:eq:exactphase' on page 163 undefined on input line
 8637.


LaTeX Warning: Reference `nd:eq:derivativebound' on page 163 undefined on input
 line 8648.


LaTeX Warning: Reference `nd:eq:latticebound' on page 163 undefined on input li
ne 8654.


LaTeX Warning: Reference `nd:eq:derivativebound' on page 163 undefined on input
 line 8655.


LaTeX Warning: Reference `nd:eq:cn' on page 163 undefined on input line 8685.

[163]

LaTeX Warning: Reference `nd:eq:laplaceintegral' on page 164 undefined on input
 line 8703.


LaTeX Warning: Reference `nd:eq:saddleparams' on page 164 undefined on input li
ne 8707.


LaTeX Warning: Reference `nd:eq:fstar' on page 164 undefined on input line 8707
.


LaTeX Warning: Reference `nd:eq:fullsaddle' on page 164 undefined on input line
 8708.


LaTeX Warning: Reference `nd:eq:cn' on page 164 undefined on input line 8709.


LaTeX Warning: Reference `nd:eq:c1universal' on page 164 undefined on input lin
e 8731.


LaTeX Warning: Reference `nd:eq:firstsaddle' on page 164 undefined on input lin
e 8731.


LaTeX Warning: Reference `nd:thm:saddle' on page 164 undefined on input line 87
32.


LaTeX Warning: Reference `nd:eq:F' on page 164 undefined on input line 8735.


LaTeX Warning: Reference `nd:thm:saddle' on page 164 undefined on input line 87
54.

[164]

LaTeX Warning: Reference `nd:eq:logFcoarse' on page 165 undefined on input line
 8759.


LaTeX Warning: Reference `nd:eq:Afactor' on page 165 undefined on input line 87
60.


LaTeX Warning: Reference `nd:eq:enhancement' on page 165 undefined on input lin
e 8762.


LaTeX Warning: Reference `nd:eq:saddleparams' on page 165 undefined on input li
ne 8763.


LaTeX Warning: Reference `nd:eq:fullsaddle' on page 165 undefined on input line
 8778.

[165]
Chapter 65.

LaTeX Warning: Reference `nd:sec:periodic' on page 166 undefined on input line 
8817.


LaTeX Warning: Reference `nd:eq:F' on page 166 undefined on input line 8823.


LaTeX Warning: Reference `nd:eq:latticebound' on page 166 undefined on input li
ne 8828.


LaTeX Warning: Reference `nd:eq:boundaryF' on page 166 undefined on input line 
8836.


LaTeX Warning: Reference `nd:eq:boundaryPhi' on page 166 undefined on input lin
e 8837.

[166

]

LaTeX Warning: Reference `nd:eq:finiteFrullani' on page 167 undefined on input 
line 8862.


LaTeX Warning: Reference `nd:eq:Pclassical' on page 167 undefined on input line
 8865.


LaTeX Warning: Reference `nd:eq:Pclassical' on page 167 undefined on input line
 8877.


LaTeX Warning: Reference `nd:eq:finiteFrullani' on page 167 undefined on input 
line 8878.


LaTeX Warning: Reference `nd:eq:Hfunctional' on page 167 undefined on input lin
e 8907.


LaTeX Warning: Reference `nd:eq:AQscale' on page 167 undefined on input line 89
10.


LaTeX Warning: Reference `nd:eq:Hfunctional' on page 167 undefined on input lin
e 8927.


LaTeX Warning: Reference `nd:thm:boundarylayer' on page 167 undefined on input 
line 8929.


LaTeX Warning: Citation `ars' on page 167 undefined on input line 8933.


LaTeX Warning: Citation `allouche-shallit' on page 167 undefined on input line 
8933.

[167] [168]
Chapter 66.

LaTeX Warning: Reference `nd:eq:allblocks' on page 169 undefined on input line 
8965.


LaTeX Warning: Reference `nd:eq:evenpath' on page 169 undefined on input line 8
970.


LaTeX Warning: Reference `nd:eq:oddpath' on page 169 undefined on input line 89
70.


LaTeX Warning: Reference `nd:eq:c1universal' on page 169 undefined on input lin
e 8973.


LaTeX Warning: Reference `nd:eq:c2universal' on page 169 undefined on input lin
e 8973.


LaTeX Warning: Reference `nd:eq:pathgeometry' on page 169 undefined on input li
ne 8981.


LaTeX Warning: Reference `nd:tab:saddle' on page 169 undefined on input line 90
03.


LaTeX Warning: Reference `nd:eq:F' on page 169 undefined on input line 9008.


LaTeX Warning: Reference `nd:eq:rtail' on page 169 undefined on input line 9009
.


LaTeX Warning: Reference `nd:eq:Psidef' on page 169 undefined on input line 901
0.


LaTeX Warning: Reference `tm:eq:log-Phi' on page 169 undefined on input line 90
10.

[169

]
<figures/nd_saddle_errors.pdf, id=1915, 469.755pt x 296.307pt>
File: figures/nd_saddle_errors.pdf Graphic file (type pdf)
<use figures/nd_saddle_errors.pdf>
Package pdftex.def Info: figures/nd_saddle_errors.pdf  used on input line 9043.

(pdftex.def)             Requested size: 391.10939pt x 246.69884pt.


LaTeX Warning: Reference `nd:tab:saddle' on page 170 undefined on input line 90
47.


LaTeX Warning: Reference `nd:tab:saddle' on page 170 undefined on input line 90
47.


LaTeX Warning: Reference `nd:tab:boundary' on page 170 undefined on input line 
9053.

[170 <./figures/nd_saddle_errors.pdf>] [171]
Chapter 67.

LaTeX Warning: Reference `nd:eq:defect' on page 172 undefined on input line 909
6.


LaTeX Warning: Reference `nd:eq:Drec' on page 172 undefined on input line 9103.



LaTeX Warning: Reference `nd:eq:allmoments' on page 172 undefined on input line
 9116.


LaTeX Warning: Reference `nd:thm:saddle' on page 172 undefined on input line 91
28.


LaTeX Warning: Reference `nd:thm:boundarylayer' on page 172 undefined on input 
line 9129.

[172

]

LaTeX Warning: Reference `nd:eq:fullsaddle' on page 173 undefined on input line
 9135.


LaTeX Warning: Reference `nd:eq:boundaryF' on page 173 undefined on input line 
9135.


LaTeX Warning: Reference `nd:eq:F' on page 173 undefined on input line 9140.


LaTeX Warning: Reference `nd:eq:Afactor' on page 173 undefined on input line 91
40.


LaTeX Warning: Reference `nd:eq:blockfactor' on page 173 undefined on input lin
e 9158.


LaTeX Warning: Reference `nd:eq:Vm' on page 173 undefined on input line 9158.


LaTeX Warning: Reference `nd:eq:cover' on page 173 undefined on input line 9158
.

[173]
Appendix A.
[174

]
Appendix B.

LaTeX Warning: Reference `dc:eq:c-finite' on page 1 undefined on input line 921
5.


LaTeX Warning: Reference `dc:thm:c-asymptotic' on page 1 undefined on input lin
e 9217.


LaTeX Warning: Reference `dc:eq:half-one' on page 1 undefined on input line 924
1.

[175

] [176]
Appendix C.

LaTeX Warning: Reference `rr:eq:Eulerianfinite' on page 177 undefined on input 
line 9296.


LaTeX Warning: Reference `rr:eq:Bernoullifinite' on page 177 undefined on input
 line 9310.

[177

]

LaTeX Warning: Reference `rr:eq:Lifinite' on page 178 undefined on input line 9
323.


LaTeX Warning: Reference `rr:eq:Bernoullifinite' on page 178 undefined on input
 line 9323.


LaTeX Warning: Reference `rr:eq:Bellfiniteappendix' on page 178 undefined on in
put line 9323.

[178]
Appendix D.
[179

]
Appendix E.

LaTeX Warning: Reference `rs:eq:Q' on page 180 undefined on input line 9335.


LaTeX Warning: Reference `rs:eq:spline-deriv-positive' on page 180 undefined on
 input line 9359.

[180

]
Appendix F.

LaTeX Warning: Reference `rs:cor:holder' on page 1 undefined on input line 9381
.


LaTeX Warning: Reference `rs:thm:sharp' on page 1 undefined on input line 9381.



LaTeX Warning: Reference `rs:thm:global' on page 1 undefined on input line 9381
.


LaTeX Warning: Reference `rs:cor:growing' on page 1 undefined on input line 938
5.


LaTeX Warning: Reference `rs:thm:richardson' on page 1 undefined on input line 
9389.


LaTeX Warning: Reference `rs:cor:exact-degree' on page 1 undefined on input lin
e 9389.


LaTeX Warning: Reference `rs:thm:dyadic' on page 1 undefined on input line 9389
.


LaTeX Warning: Reference `rs:thm:dyadic-lattice' on page 1 undefined on input l
ine 9393.


LaTeX Warning: Reference `rs:thm:local-limit' on page 1 undefined on input line
 9393.


LaTeX Warning: Reference `rs:thm:lattice-operator' on page 1 undefined on input
 line 9393.


LaTeX Warning: Reference `rs:thm:theta' on page 1 undefined on input line 9397.



LaTeX Warning: Reference `rs:thm:lognormal' on page 1 undefined on input line 9
397.


LaTeX Warning: Reference `rs:thm:energy-moments' on page 1 undefined on input l
ine 9397.


LaTeX Warning: Reference `rs:thm:geometric' on page 1 undefined on input line 9
401.

[181

]
Appendix G.

LaTeX Warning: Reference `nd:eq:cn' on page 182 undefined on input line 9413.


LaTeX Warning: Reference `nd:eq:Astirling' on page 182 undefined on input line 
9455.


LaTeX Warning: Reference `nd:eq:cn' on page 182 undefined on input line 9456.

[182

]
Appendix H.

LaTeX Warning: Reference `nd:eq:defect' on page 183 undefined on input line 946
8.


LaTeX Warning: Reference `nd:eq:Psidef' on page 183 undefined on input line 947
8.


LaTeX Warning: Reference `nd:eq:saddleparams' on page 183 undefined on input li
ne 9481.

[183

]
Appendix I.

LaTeX Warning: Reference `ra:sec:asymptotics' on page 1 undefined on input line
 9515.


LaTeX Warning: Reference `ra:sec:moments' on page 1 undefined on input line 951
6.


LaTeX Warning: Reference `ch:prelim' on page 1 undefined on input line 9526.

[184

]

LaTeX Warning: Reference `ch:prelim' on page 1 undefined on input line 9572.


LaTeX Warning: Reference `sec:dictionary' on page 1 undefined on input line 957
4.

LaTeX Font Info:    Trying to load font information for TS1+LibertinusSerif-TLF
 on input line 9580.

(C:\Users\vresh\AppData\Local\Programs\MiKTeX\tex/latex/libertinus-type1\ts1lib
ertinusserif-tlf.fd
File: TS1LibertinusSerif-TLF.fd 2024/09/22 (autoinst) Font definitions for TS1/
LibertinusSerif-TLF.
)
LaTeX Font Info:    Font shape `TS1/LibertinusSerif-TLF/m/n' will be
(Font)              scaled to size 10.95pt on input line 9580.
Package microtype Info: Loading generic protrusion settings for font family
(microtype)             `LibertinusSerif-TLF' (encoding: TS1).
(microtype)             For optimal results, create family-specific settings.
(microtype)             See the microtype manual for details.
 [185{C:/Users/vresh/AppData/Local/Programs/MiKTeX/fonts/enc/dvips/libertinus-t
ype1/lbn1_rlktsf.enc}] [186] [187


] [188]
(C:\Temp\pv-5b4f64ub\out\Thue_Morse_Frontier_Deductions.aux)
 ***********
LaTeX2e <2025-11-01>
L3 programming layer <2026-03-20>
 ***********


LaTeX Warning: There were undefined references.


LaTeX Warning: Label(s) may have changed. Rerun to get cross-references right.


Package rerunfilecheck Warning: File `Thue_Morse_Frontier_Deductions.out' has c
hanged.
(rerunfilecheck)                Rerun to get outlines right
(rerunfilecheck)                or use package `bookmark'.

Package rerunfilecheck Info: Checksums for `Thue_Morse_Frontier_Deductions.out'
:
(rerunfilecheck)             Before: <no file>
(rerunfilecheck)             After:  FC2614281D4C330173D62852AB0570D4;71851.
 ) 
Here is how much of TeX's memory you used:
 20812 strings out of 467691
 362840 string characters out of 5414987
 782885 words of memory out of 5000000
 47853 multiletter control sequences out of 15000+600000
 789592 words of font info for 456 fonts, out of 8000000 for 9000
 1141 hyphenation exceptions out of 8191
 77i,22n,87p,1029b,1557s stack positions out of 10000i,1000n,20000p,200000b,200000s
<C:/Users/vresh/AppData/Local/Programs/MiKTeX/fonts/type1/public/libertinus-t
ype1/LibertinusMono-Regular.pfb><C:/Users/vresh/AppData/Local/Programs/MiKTeX/f
onts/type1/public/libertinus-type1/LibertinusSerif-Bold.pfb><C:/Users/vresh/App
Data/Local/Programs/MiKTeX/fonts/type1/public/libertinus-type1/LibertinusSerif-
BoldItalic.pfb><C:/Users/vresh/AppData/Local/Programs/MiKTeX/fonts/type1/public
/libertinus-type1/LibertinusSerif-Italic.pfb><C:/Users/vresh/AppData/Local/Prog
rams/MiKTeX/fonts/type1/public/libertinus-type1/LibertinusSerif-Regular.pfb><C:
/Users/vresh/AppData/Local/Programs/MiKTeX/fonts/type1/public/amsfonts/cm/cmbx1
0.pfb><C:/Users/vresh/AppData/Local/Programs/MiKTeX/fonts/type1/public/amsfonts
/cm/cmex10.pfb><C:/Users/vresh/AppData/Local/Programs/MiKTeX/fonts/type1/public
/amsfonts/cmextra/cmex8.pfb><C:/Users/vresh/AppData/Local/Programs/MiKTeX/fonts
/type1/public/amsfonts/cm/cmmi10.pfb><C:/Users/vresh/AppData/Local/Programs/MiK
TeX/fonts/type1/public/amsfonts/cm/cmmi12.pfb><C:/Users/vresh/AppData/Local/Pro
grams/MiKTeX/fonts/type1/public/amsfonts/cm/cmmi5.pfb><C:/Users/vresh/AppData/L
ocal/Programs/MiKTeX/fonts/type1/public/amsfonts/cm/cmmi6.pfb><C:/Users/vresh/A
ppData/Local/Programs/MiKTeX/fonts/type1/public/amsfonts/cm/cmmi7.pfb><C:/Users
/vresh/AppData/Local/Programs/MiKTeX/fonts/type1/public/amsfonts/cm/cmmi8.pfb><
C:/Users/vresh/AppData/Local/Programs/MiKTeX/fonts/type1/public/amsfonts/cm/cmm
ib10.pfb><C:/Users/vresh/AppData/Local/Programs/MiKTeX/fonts/type1/public/amsfo
nts/cmextra/cmmib8.pfb><C:/Users/vresh/AppData/Local/Programs/MiKTeX/fonts/type
1/public/amsfonts/cm/cmr10.pfb><C:/Users/vresh/AppData/Local/Programs/MiKTeX/fo
nts/type1/public/amsfonts/cm/cmr6.pfb><C:/Users/vresh/AppData/Local/Programs/Mi
KTeX/fonts/type1/public/amsfonts/cm/cmr7.pfb><C:/Users/vresh/AppData/Local/Prog
rams/MiKTeX/fonts/type1/public/amsfonts/cm/cmr8.pfb><C:/Users/vresh/AppData/Loc
al/Programs/MiKTeX/fonts/type1/public/amsfonts/cm/cmss10.pfb><C:/Users/vresh/Ap
pData/Local/Programs/MiKTeX/fonts/type1/public/amsfonts/cm/cmss8.pfb><C:/Users/
vresh/AppData/Local/Programs/MiKTeX/fonts/type1/public/amsfonts/cm/cmsy10.pfb><
C:/Users/vresh/AppData/Local/Programs/MiKTeX/fonts/type1/public/amsfonts/cm/cms
y5.pfb><C:/Users/vresh/AppData/Local/Programs/MiKTeX/fonts/type1/public/amsfont
s/cm/cmsy6.pfb><C:/Users/vresh/AppData/Local/Programs/MiKTeX/fonts/type1/public
/amsfonts/cm/cmsy7.pfb><C:/Users/vresh/AppData/Local/Programs/MiKTeX/fonts/type
1/public/amsfonts/cm/cmsy8.pfb><C:/Users/vresh/AppData/Local/Programs/MiKTeX/fo
nts/type1/public/amsfonts/symbols/msbm10.pfb>
Output written on C:\Temp\pv-5b4f64ub\out\Thue_Morse_Frontier_Deductions.pdf (1
92 pages, 1606485 bytes).
PDF statistics:
 2521 PDF objects out of 2984 (max. 8388607)
 1268 named destinations out of 1440 (max. 500000)
 80922 words of extra memory for PDF output out of 89155 (max. 10000000)

