This is pdfTeX, Version 3.141592653-2.6-1.40.29 (MiKTeX 26.2) (preloaded format=pdflatex 2026.8.15)  9 SEP 2026 13:08
entering extended mode
 file:line:error style messages enabled.
 %&-line parsing enabled.
**./Recurrence_Free_Dyadic_Values.tex
(Recurrence_Free_Dyadic_Values.tex
LaTeX2e <2025-11-01>
L3 programming layer <2026-03-20>
(C:\Users\vresh\AppData\Local\Programs\MiKTeX\tex/latex/base\article.cls
Document Class: article 2025/01/22 v1.4n Standard LaTeX document class
(C:\Users\vresh\AppData\Local\Programs\MiKTeX\tex/latex/base\size11.clo
File: size11.clo 2025/01/22 v1.4n Standard LaTeX file (size option)
)
\c@part=\count275
\c@section=\count276
\c@subsection=\count277
\c@subsubsection=\count278
\c@paragraph=\count279
\c@subparagraph=\count280
\c@figure=\count281
\c@table=\count282
\abovecaptionskip=\skip49
\belowcaptionskip=\skip50
\bibindent=\dimen150
)
(C:\Users\vresh\AppData\Local\Programs\MiKTeX\tex/latex/geometry\geometry.sty
Package: geometry 2026/03/07 v6.0 Page Geometry

(C:\Users\vresh\AppData\Local\Programs\MiKTeX\tex/latex/graphics\keyval.sty
Package: keyval 2022/05/29 v1.15 key=value parser (DPC)
\KV@toks@=\toks17
)
(C:\Users\vresh\AppData\Local\Programs\MiKTeX\tex/generic/iftex\ifvtex.sty
Package: ifvtex 2019/10/25 v1.7 ifvtex legacy package. Use iftex instead.

(C:\Users\vresh\AppData\Local\Programs\MiKTeX\tex/generic/iftex\iftex.sty
Package: iftex 2024/12/12 v1.0g TeX engine tests
))
\Gm@cnth=\count283
\Gm@cntv=\count284
\c@Gm@tempcnt=\count285
\Gm@bindingoffset=\dimen151
\Gm@wd@mp=\dimen152
\Gm@odd@mp=\dimen153
\Gm@even@mp=\dimen154
\Gm@layoutwidth=\dimen155
\Gm@layoutheight=\dimen156
\Gm@layouthoffset=\dimen157
\Gm@layoutvoffset=\dimen158
\Gm@dimlist=\toks18

(C:\Users\vresh\AppData\Local\Programs\MiKTeX\tex/latex/geometry\geometry.cfg))
(C:\Users\vresh\AppData\Local\Programs\MiKTeX\tex/latex/base\fontenc.sty
Package: fontenc 2025/07/18 v2.1d Standard LaTeX package
)
(C:\Users\vresh\AppData\Local\Programs\MiKTeX\tex/latex/base\inputenc.sty
Package: inputenc 2024/02/08 v1.3d Input encoding file
\inpenc@prehook=\toks19
\inpenc@posthook=\toks20
)
(C:\Users\vresh\AppData\Local\Programs\MiKTeX\tex/latex/libertinus\libertinus.s
ty
Package: libertinus 2020/05/06 v. 0.02 (Herbert Voss) Supports libertinus fonts
 for pdflatex/lualatex/xelatex
 (C:\Users\vresh\AppData\Local\Programs\MiKTeX\tex/latex/xkeyval\xkeyval.sty
Package: xkeyval 2022/06/16 v2.9 package option processing (HA)

(C:\Users\vresh\AppData\Local\Programs\MiKTeX\tex/generic/xkeyval\xkeyval.tex
(C:\Users\vresh\AppData\Local\Programs\MiKTeX\tex/generic/xkeyval\xkvutils.tex
\XKV@toks=\toks21
\XKV@tempa@toks=\toks22
)
\XKV@depth=\count286
File: xkeyval.tex 2014/12/03 v2.7a key=value parser (HA)
))
(C:\Users\vresh\AppData\Local\Programs\MiKTeX\tex/latex/libertinus-type1\libert
inus-type1.sty
Package: libertinus-type1 2025/11/17 (Bob Tennent) Supports libertinus fonts fo
r latex/pdflatex.

(C:\Users\vresh\AppData\Local\Programs\MiKTeX\tex/generic/iftex\ifxetex.sty
Package: ifxetex 2019/10/25 v0.7 ifxetex legacy package. Use iftex instead.
)
(C:\Users\vresh\AppData\Local\Programs\MiKTeX\tex/generic/iftex\ifluatex.sty
Package: ifluatex 2019/10/25 v1.5 ifluatex legacy package. Use iftex instead.
)
(C:\Users\vresh\AppData\Local\Programs\MiKTeX\tex/latex/base\textcomp.sty
Package: textcomp 2024/04/24 v2.1b Standard LaTeX package
)
(C:\Users\vresh\AppData\Local\Programs\MiKTeX\tex/latex/base\fontenc.sty
Package: fontenc 2025/07/18 v2.1d Standard LaTeX package
)
(C:\Users\vresh\AppData\Local\Programs\MiKTeX\tex/latex/fontaxes\fontaxes.sty
Package: fontaxes 2026-01-02 v2.0.2 Font selection axes (deprecated)
Applying: [2024-11-01] Use figureversions if present on input line 74.

(C:\Users\vresh\AppData\Local\Programs\MiKTeX\tex/latex/figureversions\figureve
rsions.sty
Package: figureversions 2025-04-29 v1.0.1 Figure versions
)
Already applied: [0000-00-00] Fall back to v1 on input line 76.
)))
(C:\Users\vresh\AppData\Local\Programs\MiKTeX\tex/latex/microtype\microtype.sty
Package: microtype 2026/03/01 v3.2d Micro-typographical refinements (RS)
(C:\Users\vresh\AppData\Local\Programs\MiKTeX\tex/latex/etoolbox\etoolbox.sty
Package: etoolbox 2025/10/02 v2.5m e-TeX tools for LaTeX (JAW)
\etb@tempcnta=\count287
)
\MT@toks=\toks23
\MT@tempbox=\box53
\MT@count=\count288
LaTeX Info: Redefining \noprotrusionifhmode on input line 1084.
LaTeX Info: Redefining \leftprotrusion on input line 1085.
\MT@prot@toks=\toks24
LaTeX Info: Redefining \rightprotrusion on input line 1104.
LaTeX Info: Redefining \textls on input line 1449.
\MT@outer@kern=\dimen159
LaTeX Info: Redefining \microtypecontext on input line 2053.
LaTeX Info: Redefining \textmicrotypecontext on input line 2070.
\MT@listname@count=\count289

(C:\Users\vresh\AppData\Local\Programs\MiKTeX\tex/latex/microtype\microtype-pdf
tex.def
File: microtype-pdftex.def 2026/03/01 v3.2d Definitions specific to pdftex (RS)

LaTeX Info: Redefining \lsstyle on input line 944.
LaTeX Info: Redefining \lslig on input line 944.
\MT@outer@space=\skip51
)
Package microtype Info: Loading configuration file microtype.cfg.

(C:\Users\vresh\AppData\Local\Programs\MiKTeX\tex/latex/microtype\microtype.cfg
File: microtype.cfg 2026/03/01 v3.2d microtype main configuration file (RS)
)
LaTeX Info: Redefining \microtypesetup on input line 3065.
) (C:\Users\vresh\AppData\Local\Programs\MiKTeX\tex/latex/amsmath\amsmath.sty
Package: amsmath 2025/07/09 v2.17z AMS math features
\@mathmargin=\skip52

For additional information on amsmath, use the `?' option.
(C:\Users\vresh\AppData\Local\Programs\MiKTeX\tex/latex/amsmath\amstext.sty
Package: amstext 2024/11/17 v2.01 AMS text

(C:\Users\vresh\AppData\Local\Programs\MiKTeX\tex/latex/amsmath\amsgen.sty
File: amsgen.sty 1999/11/30 v2.0 generic functions
\@emptytoks=\toks25
\ex@=\dimen160
))
(C:\Users\vresh\AppData\Local\Programs\MiKTeX\tex/latex/amsmath\amsbsy.sty
Package: amsbsy 1999/11/29 v1.2d Bold Symbols
\pmbraise@=\dimen161
)
(C:\Users\vresh\AppData\Local\Programs\MiKTeX\tex/latex/amsmath\amsopn.sty
Package: amsopn 2022/04/08 v2.04 operator names
)
\inf@bad=\count290
LaTeX Info: Redefining \frac on input line 233.
\uproot@=\count291
\leftroot@=\count292
LaTeX Info: Redefining \overline on input line 398.
LaTeX Info: Redefining \colon on input line 409.
\classnum@=\count293
\DOTSCASE@=\count294
LaTeX Info: Redefining \ldots on input line 495.
LaTeX Info: Redefining \dots on input line 498.
LaTeX Info: Redefining \cdots on input line 619.
\Mathstrutbox@=\box54
\strutbox@=\box55
LaTeX Info: Redefining \big on input line 721.
LaTeX Info: Redefining \Big on input line 722.
LaTeX Info: Redefining \bigg on input line 723.
LaTeX Info: Redefining \Bigg on input line 724.
\big@size=\dimen162
LaTeX Font Info:    Redeclaring font encoding OML on input line 742.
LaTeX Font Info:    Redeclaring font encoding OMS on input line 743.
\macc@depth=\count295
LaTeX Info: Redefining \bmod on input line 904.
LaTeX Info: Redefining \pmod on input line 909.
LaTeX Info: Redefining \smash on input line 939.
LaTeX Info: Redefining \relbar on input line 969.
LaTeX Info: Redefining \Relbar on input line 970.
\c@MaxMatrixCols=\count296
\dotsspace@=\muskip17
\c@parentequation=\count297
\dspbrk@lvl=\count298
\tag@help=\toks26
\row@=\count299
\column@=\count300
\maxfields@=\count301
\andhelp@=\toks27
\eqnshift@=\dimen163
\alignsep@=\dimen164
\tagshift@=\dimen165
\tagwidth@=\dimen166
\totwidth@=\dimen167
\lineht@=\dimen168
\@envbody=\toks28
\multlinegap=\skip53
\multlinetaggap=\skip54
\mathdisplay@stack=\toks29
LaTeX Info: Redefining \[ on input line 2950.
LaTeX Info: Redefining \] on input line 2951.
)
(C:\Users\vresh\AppData\Local\Programs\MiKTeX\tex/latex/amsfonts\amssymb.sty
Package: amssymb 2013/01/14 v3.01 AMS font symbols

(C:\Users\vresh\AppData\Local\Programs\MiKTeX\tex/latex/amsfonts\amsfonts.sty
Package: amsfonts 2013/01/14 v3.01 Basic AMSFonts support
\symAMSa=\mathgroup4
\symAMSb=\mathgroup5
LaTeX Font Info:    Redeclaring math symbol \hbar on input line 98.
LaTeX Font Info:    Overwriting math alphabet `\mathfrak' in version `bold'
(Font)                  U/euf/m/n --> U/euf/b/n on input line 106.
)) (C:\Users\vresh\AppData\Local\Programs\MiKTeX\tex/latex/amscls\amsthm.sty
Package: amsthm 2020/05/29 v2.20.6
\thm@style=\toks30
\thm@bodyfont=\toks31
\thm@headfont=\toks32
\thm@notefont=\toks33
\thm@headpunct=\toks34
\thm@preskip=\skip55
\thm@postskip=\skip56
\thm@headsep=\skip57
\dth@everypar=\toks35
)
(C:\Users\vresh\AppData\Local\Programs\MiKTeX\tex/latex/mathtools\mathtools.sty
Package: mathtools 2024/10/04 v1.31 mathematical typesetting tools
(C:\Users\vresh\AppData\Local\Programs\MiKTeX\tex/latex/tools\calc.sty
Package: calc 2025/03/01 v4.3b Infix arithmetic (KKT,FJ)
\calc@Acount=\count302
\calc@Bcount=\count303
\calc@Adimen=\dimen169
\calc@Bdimen=\dimen170
\calc@Askip=\skip58
\calc@Bskip=\skip59
LaTeX Info: Redefining \setlength on input line 86.
LaTeX Info: Redefining \addtolength on input line 87.
\calc@Ccount=\count304
\calc@Cskip=\skip60
)
(C:\Users\vresh\AppData\Local\Programs\MiKTeX\tex/latex/mathtools\mhsetup.sty
Package: mhsetup 2021/03/18 v1.4 programming setup (MH)
)
\g_MT_multlinerow_int=\count305
\l_MT_multwidth_dim=\dimen171
\origjot=\skip61
\l_MT_shortvdotswithinadjustabove_dim=\dimen172
\l_MT_shortvdotswithinadjustbelow_dim=\dimen173
\l_MT_above_intertext_sep=\dimen174
\l_MT_below_intertext_sep=\dimen175
\l_MT_above_shortintertext_sep=\dimen176
\l_MT_below_shortintertext_sep=\dimen177
\xmathstrut@box=\box56
\xmathstrut@dim=\dimen178
) (C:\Users\vresh\AppData\Local\Programs\MiKTeX\tex/latex/jknappen\mathrsfs.sty
Package: mathrsfs 1996/01/01 Math RSFS package v1.0 (jk)
\symrsfs=\mathgroup6
) (../../../../../fabius-notation.tex)
(C:\Users\vresh\AppData\Local\Programs\MiKTeX\tex/latex/booktabs\booktabs.sty
Package: booktabs 2020/01/12 v1.61803398 Publication quality tables
\heavyrulewidth=\dimen179
\lightrulewidth=\dimen180
\cmidrulewidth=\dimen181
\belowrulesep=\dimen182
\belowbottomsep=\dimen183
\aboverulesep=\dimen184
\abovetopsep=\dimen185
\cmidrulesep=\dimen186
\cmidrulekern=\dimen187
\defaultaddspace=\dimen188
\@cmidla=\count306
\@cmidlb=\count307
\@aboverulesep=\dimen189
\@belowrulesep=\dimen190
\@thisruleclass=\count308
\@lastruleclass=\count309
\@thisrulewidth=\dimen191
)
(C:\Users\vresh\AppData\Local\Programs\MiKTeX\tex/latex/tools\longtable.sty
Package: longtable 2025-10-13 v4.24 Multi-page Table package (DPC)
\LTleft=\skip62
\LTright=\skip63
\LTpre=\skip64
\LTpost=\skip65
\LTchunksize=\count310
\LTcapwidth=\dimen192
\LT@head=\box57
\LT@firsthead=\box58
\LT@foot=\box59
\LT@lastfoot=\box60
\LT@gbox=\box61
\LT@cols=\count311
\LT@rows=\count312
\c@LT@tables=\count313
\c@LT@chunks=\count314
\LT@p@ftn=\toks36
)
(C:\Users\vresh\AppData\Local\Programs\MiKTeX\tex/latex/tools\tabularx.sty
Package: tabularx 2023/12/11 v2.12a `tabularx' package (DPC)

(C:\Users\vresh\AppData\Local\Programs\MiKTeX\tex/latex/tools\array.sty
Package: array 2025/09/25 v2.6n Tabular extension package (FMi)
\col@sep=\dimen193
\ar@mcellbox=\box62
\extrarowheight=\dimen194
\NC@list=\toks37
\extratabsurround=\skip66
\backup@length=\skip67
\ar@cellbox=\box63
)
\TX@col@width=\dimen195
\TX@old@table=\dimen196
\TX@old@col=\dimen197
\TX@target=\dimen198
\TX@delta=\dimen199
\TX@cols=\count315
\TX@ftn=\toks38
)
(C:\Users\vresh\AppData\Local\Programs\MiKTeX\tex/latex/xcolor\xcolor.sty
Package: xcolor 2024/09/29 v3.02 LaTeX color extensions (UK)

(C:\Users\vresh\AppData\Local\Programs\MiKTeX\tex/latex/graphics-cfg\color.cfg
File: color.cfg 2016/01/02 v1.6 sample color configuration
)
Package xcolor Info: Driver file: pdftex.def on input line 274.

(C:\Users\vresh\AppData\Local\Programs\MiKTeX\tex/latex/graphics-def\pdftex.def
File: pdftex.def 2025/09/29 v1.2d Graphics/color driver for pdftex
)
(C:\Users\vresh\AppData\Local\Programs\MiKTeX\tex/latex/graphics\mathcolor.ltx)
Package xcolor Info: Model `cmy' substituted by `cmy0' on input line 1349.
Package xcolor Info: Model `hsb' substituted by `rgb' on input line 1353.
Package xcolor Info: Model `RGB' extended on input line 1365.
Package xcolor Info: Model `HTML' substituted by `rgb' on input line 1367.
Package xcolor Info: Model `Hsb' substituted by `hsb' on input line 1368.
Package xcolor Info: Model `tHsb' substituted by `hsb' on input line 1369.
Package xcolor Info: Model `HSB' substituted by `hsb' on input line 1370.
Package xcolor Info: Model `Gray' substituted by `gray' on input line 1371.
Package xcolor Info: Model `wave' substituted by `hsb' on input line 1372.
) (C:\Users\vresh\AppData\Local\Programs\MiKTeX\tex/latex/enumitem\enumitem.sty
Package: enumitem 2025/02/06 v3.11 Customized lists
\labelindent=\skip68
\enit@outerparindent=\dimen256
\enit@toks=\toks39
\enit@inbox=\box64
\enit@count@id=\count316
\enitdp@description=\count317
) (C:\Users\vresh\AppData\Local\Programs\MiKTeX\tex/latex/fancyhdr\fancyhdr.sty
Package: fancyhdr 2025/02/07 v5.2 Extensive control of page headers and footers

\f@nch@headwidth=\skip69
\f@nch@offset@elh=\skip70
\f@nch@offset@erh=\skip71
\f@nch@offset@olh=\skip72
\f@nch@offset@orh=\skip73
\f@nch@offset@elf=\skip74
\f@nch@offset@erf=\skip75
\f@nch@offset@olf=\skip76
\f@nch@offset@orf=\skip77
\f@nch@height=\skip78
\f@nch@footalignment=\skip79
\f@nch@widthL=\skip80
\f@nch@widthC=\skip81
\f@nch@widthR=\skip82
\@temptokenb=\toks40
) (C:\Users\vresh\AppData\Local\Programs\MiKTeX\tex/latex/xurl\xurl.sty
Package: xurl 2022/01/09 v 0.10 modify URL breaks

(C:\Users\vresh\AppData\Local\Programs\MiKTeX\tex/latex/url\url.sty
\Urlmuskip=\muskip18
Package: url 2013/09/16  ver 3.4  Verb mode for urls, etc.
))
(C:\Users\vresh\AppData\Local\Programs\MiKTeX\tex/latex/listings\listings.sty
\lst@mode=\count318
\lst@gtempboxa=\box65
\lst@token=\toks41
\lst@length=\count319
\lst@currlwidth=\dimen257
\lst@column=\count320
\lst@pos=\count321
\lst@lostspace=\dimen258
\lst@width=\dimen259
\lst@newlines=\count322
\lst@lineno=\count323
\lst@maxwidth=\dimen260

(C:\Users\vresh\AppData\Local\Programs\MiKTeX\tex/latex/listings\lstpatch.sty
File: lstpatch.sty 2025/11/14 1.11b (Carsten Heinz)
)
(C:\Users\vresh\AppData\Local\Programs\MiKTeX\tex/latex/listings\lstmisc.sty
File: lstmisc.sty 2025/11/14 1.11b (Carsten Heinz)
\c@lstnumber=\count324
\lst@skipnumbers=\count325
\lst@framebox=\box66
)
(C:\Users\vresh\AppData\Local\Programs\MiKTeX\tex/latex/listings\listings.cfg
File: listings.cfg 2025/11/14 1.11b listings configuration
))
Package: listings 2025/11/14 1.11b (Carsten Heinz)
==> First Aid for listings.sty no longer applied!
    Expected:
        2024/09/23 1.10c (Carsten Heinz)
    but found:
        2025/11/14 1.11b (Carsten Heinz)
    so I'm assuming it got fixed.
(C:\Users\vresh\AppData\Local\Programs\MiKTeX\tex/latex/hyperref\hyperref.sty
Package: hyperref 2026-01-29 v7.01p Hypertext links for LaTeX

(C:\Users\vresh\AppData\Local\Programs\MiKTeX\tex/latex/kvsetkeys\kvsetkeys.sty
Package: kvsetkeys 2022-10-05 v1.19 Key value parser (HO)
)
(C:\Users\vresh\AppData\Local\Programs\MiKTeX\tex/generic/kvdefinekeys\kvdefine
keys.sty
Package: kvdefinekeys 2019-12-19 v1.6 Define keys (HO)
)
(C:\Users\vresh\AppData\Local\Programs\MiKTeX\tex/generic/pdfescape\pdfescape.s
ty
Package: pdfescape 2019/12/09 v1.15 Implements pdfTeX's escape features (HO)

(C:\Users\vresh\AppData\Local\Programs\MiKTeX\tex/generic/ltxcmds\ltxcmds.sty
Package: ltxcmds 2023-12-04 v1.26 LaTeX kernel commands for general use (HO)
)
(C:\Users\vresh\AppData\Local\Programs\MiKTeX\tex/generic/pdftexcmds\pdftexcmds
.sty
Package: pdftexcmds 2020-06-27 v0.33 Utility functions of pdfTeX for LuaTeX (HO
)

(C:\Users\vresh\AppData\Local\Programs\MiKTeX\tex/generic/infwarerr\infwarerr.s
ty
Package: infwarerr 2019/12/03 v1.5 Providing info/warning/error messages (HO)
)
Package pdftexcmds Info: \pdf@primitive is available.
Package pdftexcmds Info: \pdf@ifprimitive is available.
Package pdftexcmds Info: \pdfdraftmode found.
))
(C:\Users\vresh\AppData\Local\Programs\MiKTeX\tex/latex/hycolor\hycolor.sty
Package: hycolor 2020-01-27 v1.10 Color options for hyperref/bookmark (HO)
)
(C:\Users\vresh\AppData\Local\Programs\MiKTeX\tex/latex/hyperref\nameref.sty
Package: nameref 2026-01-29 v2.58 Cross-referencing by name of section

(C:\Users\vresh\AppData\Local\Programs\MiKTeX\tex/latex/refcount\refcount.sty
Package: refcount 2019/12/15 v3.6 Data extraction from label references (HO)
)
(C:\Users\vresh\AppData\Local\Programs\MiKTeX\tex/generic/gettitlestring\gettit
lestring.sty
Package: gettitlestring 2019/12/15 v1.6 Cleanup title references (HO)

(C:\Users\vresh\AppData\Local\Programs\MiKTeX\tex/latex/kvoptions\kvoptions.sty
Package: kvoptions 2022-06-15 v3.15 Key value format for package options (HO)
))
\c@section@level=\count326
)
(C:\Users\vresh\AppData\Local\Programs\MiKTeX\tex/generic/stringenc\stringenc.s
ty
Package: stringenc 2019/11/29 v1.12 Convert strings between diff. encodings (HO
)
)
\@linkdim=\dimen261
\Hy@linkcounter=\count327
\Hy@pagecounter=\count328
 (C:\Users\vresh\AppData\Local\Programs\MiKTeX\tex/latex/hyperref\pd1enc.def
File: pd1enc.def 2026-01-29 v7.01p Hyperref: PDFDocEncoding definition (HO)
Now handling font encoding PD1 ...
... no UTF-8 mapping file for font encoding PD1
) (C:\Users\vresh\AppData\Local\Programs\MiKTeX\tex/generic/intcalc\intcalc.sty
Package: intcalc 2019/12/15 v1.3 Expandable calculations with integers (HO)
)
\Hy@SavedSpaceFactor=\count329
 (C:\Users\vresh\AppData\Local\Programs\MiKTeX\tex/latex/hyperref\puenc.def
File: puenc.def 2026-01-29 v7.01p Hyperref: PDF Unicode definition (HO)
Now handling font encoding PU ...
... no UTF-8 mapping file for font encoding PU
)
Package hyperref Info: Hyper figures OFF on input line 4201.
Package hyperref Info: Link nesting OFF on input line 4206.
Package hyperref Info: Hyper index ON on input line 4209.
Package hyperref Info: Plain pages OFF on input line 4216.
Package hyperref Info: Backreferencing OFF on input line 4221.
Package hyperref Info: Implicit mode ON; LaTeX internals redefined.
Package hyperref Info: Bookmarks ON on input line 4468.
\c@Hy@tempcnt=\count330
LaTeX Info: Redefining \url on input line 4807.
\XeTeXLinkMargin=\dimen262

(C:\Users\vresh\AppData\Local\Programs\MiKTeX\tex/generic/bitset\bitset.sty
Package: bitset 2019/12/09 v1.3 Handle bit-vector datatype (HO)

(C:\Users\vresh\AppData\Local\Programs\MiKTeX\tex/generic/bigintcalc\bigintcalc
.sty
Package: bigintcalc 2019/12/15 v1.5 Expandable calculations on big integers (HO
)
))
\Fld@menulength=\count331
\Field@Width=\dimen263
\Fld@charsize=\dimen264
Package hyperref Info: Hyper figures OFF on input line 6084.
Package hyperref Info: Link nesting OFF on input line 6089.
Package hyperref Info: Hyper index ON on input line 6092.
Package hyperref Info: backreferencing OFF on input line 6099.
Package hyperref Info: Link coloring OFF on input line 6104.
Package hyperref Info: Link coloring with OCG OFF on input line 6109.
Package hyperref Info: PDF/A mode OFF on input line 6114.
\Hy@abspage=\count332
\c@Item=\count333
\c@Hfootnote=\count334
)
Package hyperref Info: Driver (autodetected): hpdftex.

(C:\Users\vresh\AppData\Local\Programs\MiKTeX\tex/latex/hyperref\hpdftex.def
File: hpdftex.def 2026-01-29 v7.01p Hyperref driver for pdfTeX
\Fld@listcount=\count335
\c@bookmark@seq@number=\count336

(C:\Users\vresh\AppData\Local\Programs\MiKTeX\tex/latex/rerunfilecheck\rerunfil
echeck.sty
Package: rerunfilecheck 2025-06-21 v1.11 Rerun checks for auxiliary files (HO)

(C:\Users\vresh\AppData\Local\Programs\MiKTeX\tex/generic/uniquecounter\uniquec
ounter.sty
Package: uniquecounter 2019/12/15 v1.4 Provide unlimited unique counter (HO)
)
Package uniquecounter Info: New unique counter `rerunfilecheck' on input line 2
84.
)
\Hy@SectionHShift=\skip83
)
(C:\Users\vresh\AppData\Local\Programs\MiKTeX\tex/latex/cleveref\cleveref.sty
Package: cleveref 2018/03/27 v0.21.4 Intelligent cross-referencing
Package cleveref Info: `hyperref' support loaded on input line 2370.
LaTeX Info: Redefining \cref on input line 2370.
LaTeX Info: Redefining \Cref on input line 2370.
LaTeX Info: Redefining \crefrange on input line 2370.
LaTeX Info: Redefining \Crefrange on input line 2370.
LaTeX Info: Redefining \cpageref on input line 2370.
LaTeX Info: Redefining \Cpageref on input line 2370.
LaTeX Info: Redefining \cpagerefrange on input line 2370.
LaTeX Info: Redefining \Cpagerefrange on input line 2370.
LaTeX Info: Redefining \labelcref on input line 2370.
LaTeX Info: Redefining \labelcpageref on input line 2370.
Package cleveref Info: `amsthm' support loaded on input line 3026.
Package cleveref Info: `listings' support loaded on input line 3131.
Package cleveref Info: always capitalise cross-reference names on input line 78
25.
Package cleveref Info: include cross-reference names in hyperlinks on input lin
e 7836.
Package cleveref Info: include cross-reference names in hyperlinks on input lin
e 7852.
Package cleveref Info: no abbreviation of names on input line 7852.
Package cleveref Info: always capitalise cross-reference names on input line 78
52.
)
==> First Aid for cleveref.sty applied!
Package hyperref Info: Option `hypertexnames' set `false' on input line 48.
Package hyperref Info: Option `colorlinks' set `true' on input line 48.
\c@theorem=\count337
LaTeX Font Info:    Trying to load font information for T1+LibertinusSerif-TLF 
on input line 103.

(C:\Users\vresh\AppData\Local\Programs\MiKTeX\tex/latex/libertinus-type1\t1libe
rtinusserif-tlf.fd
File: T1LibertinusSerif-TLF.fd 2024/09/22 (autoinst) Font definitions for T1/Li
bertinusSerif-TLF.
)
LaTeX Font Info:    Font shape `T1/LibertinusSerif-TLF/m/n' will be
(Font)              scaled to size 10.95pt on input line 103.

(C:\Users\vresh\AppData\Local\Programs\MiKTeX\tex/latex/l3backend\l3backend-pdf
tex.def
File: l3backend-pdftex.def 2026-02-18 L3 backend support: PDF output (pdfTeX)
\l__color_backend_stack_int=\count338
)
No file Recurrence_Free_Dyadic_Values.aux.
\openout1 = `Recurrence_Free_Dyadic_Values.aux'.

LaTeX Font Info:    Checking defaults for OML/cmm/m/it on input line 103.
LaTeX Font Info:    ... okay on input line 103.
LaTeX Font Info:    Checking defaults for OMS/cmsy/m/n on input line 103.
LaTeX Font Info:    ... okay on input line 103.
LaTeX Font Info:    Checking defaults for OT1/cmr/m/n on input line 103.
LaTeX Font Info:    ... okay on input line 103.
LaTeX Font Info:    Checking defaults for T1/cmr/m/n on input line 103.
LaTeX Font Info:    ... okay on input line 103.
LaTeX Font Info:    Checking defaults for TS1/cmr/m/n on input line 103.
LaTeX Font Info:    ... okay on input line 103.
LaTeX Font Info:    Checking defaults for OMX/cmex/m/n on input line 103.
LaTeX Font Info:    ... okay on input line 103.
LaTeX Font Info:    Checking defaults for U/cmr/m/n on input line 103.
LaTeX Font Info:    ... okay on input line 103.
LaTeX Font Info:    Checking defaults for PD1/pdf/m/n on input line 103.
LaTeX Font Info:    ... okay on input line 103.
LaTeX Font Info:    Checking defaults for PU/pdf/m/n on input line 103.
LaTeX Font Info:    ... okay on input line 103.
*geometry* driver: auto-detecting
*geometry* detected driver: pdftex
*geometry* verbose mode - [ preamble ] result:
* driver: pdftex
* paper: a4paper
* layout: <same size as paper>
* layoutoffset:(h,v)=(0.0pt,0.0pt)
* modes: 
* h-part:(L,W,R)=(73.97716pt, 449.55356pt, 73.97716pt)
* v-part:(T,H,B)=(73.97716pt, 697.09253pt, 73.97716pt)
* \paperwidth=597.50787pt
* \paperheight=845.04684pt
* \textwidth=449.55356pt
* \textheight=697.09253pt
* \oddsidemargin=1.70717pt
* \evensidemargin=1.70717pt
* \topmargin=-38.29283pt
* \headheight=15.0pt
* \headsep=25.0pt
* \topskip=11.0pt
* \footskip=30.0pt
* \marginparwidth=59.0pt
* \marginparsep=10.0pt
* \columnsep=10.0pt
* \skip\footins=10.0pt plus 4.0pt minus 2.0pt
* \hoffset=0.0pt
* \voffset=0.0pt
* \mag=1000
* \@twocolumnfalse
* \@twosidefalse
* \@mparswitchfalse
* \@reversemarginfalse
* (1in=72.27pt=25.4mm, 1cm=28.453pt)

\c@mv@tabular=\count339
\c@mv@boldtabular=\count340
LaTeX Info: Redefining \microtypecontext on input line 103.
Package microtype Info: Applying patch `item' on input line 103.
Package microtype Info: Applying patch `toc' on input line 103.
Package microtype Info: Applying patch `eqnum' on input line 103.
Package microtype Info: Applying patch `footnote' on input line 103.
Package microtype Info: Applying patch `verbatim' on input line 103.
LaTeX Info: Redefining \microtypesetup on input line 103.
Package microtype Info: Generating PDF output.
Package microtype Info: Character protrusion enabled (level 2).
Package microtype Info: Using default protrusion set `alltext'.
Package microtype Info: Automatic font expansion enabled (level 2),
(microtype)             stretch: 20, shrink: 20, step: 1, non-selected.
Package microtype Info: Using default expansion set `alltext-nott'.
Package microtype Info: Patching command `\showhyphens'.
Package microtype Info: No adjustment of tracking.
Package microtype Info: No adjustment of interword spacing.
Package microtype Info: No adjustment of character kerning.
Package microtype Info: Loading generic protrusion settings for font family
(microtype)             `LibertinusSerif-TLF' (encoding: T1).
(microtype)             For optimal results, create family-specific settings.
(microtype)             See the microtype manual for details.
(C:\Users\vresh\AppData\Local\Programs\MiKTeX\tex/latex/graphics\graphicx.sty
Package: graphicx 2024/12/31 v1.2e Enhanced LaTeX Graphics (DPC,SPQR)

(C:\Users\vresh\AppData\Local\Programs\MiKTeX\tex/latex/graphics\graphics.sty
Package: graphics 2024/08/06 v1.4g Standard LaTeX Graphics (DPC,SPQR)

(C:\Users\vresh\AppData\Local\Programs\MiKTeX\tex/latex/graphics\trig.sty
Package: trig 2023/12/02 v1.11 sin cos tan (DPC)
)
(C:\Users\vresh\AppData\Local\Programs\MiKTeX\tex/latex/graphics-cfg\graphics.c
fg
File: graphics.cfg 2016/06/04 v1.11 sample graphics configuration
)
Package graphics Info: Driver file: pdftex.def on input line 106.
)
\Gin@req@height=\dimen265
\Gin@req@width=\dimen266
)
(C:\Users\vresh\AppData\Local\Programs\MiKTeX\tex/context/base/mkii\supp-pdf.mk
ii
[Loading MPS to PDF converter (version 2006.09.02).]
\scratchcounter=\count341
\scratchdimen=\dimen267
\scratchbox=\box67
\nofMPsegments=\count342
\nofMParguments=\count343
\everyMPshowfont=\toks42
\MPscratchCnt=\count344
\MPscratchDim=\dimen268
\MPnumerator=\count345
\makeMPintoPDFobject=\count346
\everyMPtoPDFconversion=\toks43
)
(C:\Users\vresh\AppData\Local\Programs\MiKTeX\tex/latex/epstopdf-pkg\epstopdf-b
ase.sty
Package: epstopdf-base 2020-01-24 v2.11 Base part for package epstopdf


Package epstopdf Warning: Shell escape feature is not enabled.

Package epstopdf-base Info: Redefining graphics rule for `.eps' on input line 4
85.

(C:\Users\vresh\AppData\Local\Programs\MiKTeX\tex/latex/00miktex\epstopdf-sys.c
fg
File: epstopdf-sys.cfg 2021/03/18 v2.0 Configuration of epstopdf for MiKTeX
))
\c@lstlisting=\count347
Package hyperref Info: Link coloring ON on input line 103.
\@outlinefile=\write3
\openout3 = `Recurrence_Free_Dyadic_Values.out'.

LaTeX Font Info:    Font shape `T1/LibertinusSerif-TLF/m/n' will be
(Font)              scaled to size 17.28pt on input line 113.
LaTeX Font Info:    Font shape `T1/LibertinusSerif-TLF/b/n' will be
(Font)              scaled to size 17.28pt on input line 113.
LaTeX Font Info:    Font shape `T1/LibertinusSerif-TLF/m/n' will be
(Font)              scaled to size 14.4pt on input line 113.
LaTeX Font Info:    Font shape `T1/LibertinusSerif-TLF/m/n' will be
(Font)              scaled to size 12.0pt on input line 113.

(C:\Users\vresh\AppData\Local\Programs\MiKTeX\tex/latex/microtype\mt-cmr.cfg
File: mt-cmr.cfg 2013/05/19 v2.2 microtype config. file: Computer Modern Roman 
(RS)
)
LaTeX Font Info:    Trying to load font information for U+msa on input line 113
.

(C:\Users\vresh\AppData\Local\Programs\MiKTeX\tex/latex/amsfonts\umsa.fd
File: umsa.fd 2013/01/14 v3.01 AMS symbols A
)
(C:\Users\vresh\AppData\Local\Programs\MiKTeX\tex/latex/microtype\mt-msa.cfg
File: mt-msa.cfg 2006/02/04 v1.1 microtype config. file: AMS symbols (a) (RS)
)
LaTeX Font Info:    Trying to load font information for U+msb on input line 113
.

(C:\Users\vresh\AppData\Local\Programs\MiKTeX\tex/latex/amsfonts\umsb.fd
File: umsb.fd 2013/01/14 v3.01 AMS symbols B
)
(C:\Users\vresh\AppData\Local\Programs\MiKTeX\tex/latex/microtype\mt-msb.cfg
File: mt-msb.cfg 2005/06/01 v1.0 microtype config. file: AMS symbols (b) (RS)
)
LaTeX Font Info:    Trying to load font information for U+rsfs on input line 11
3.

(C:\Users\vresh\AppData\Local\Programs\MiKTeX\tex/latex/jknappen\ursfs.fd
File: ursfs.fd 1998/03/24 rsfs font definition file (jk)
)
LaTeX Font Info:    Font shape `T1/LibertinusSerif-TLF/m/n' will be
(Font)              scaled to size 10.0pt on input line 113.
LaTeX Font Info:    Font shape `T1/LibertinusSerif-TLF/b/n' will be
(Font)              scaled to size 10.0pt on input line 114.
LaTeX Font Info:    Font shape `T1/LibertinusSerif-TLF/b/n' will be
(Font)              scaled to size 10.95pt on input line 151.

[1

{C:/Users/vresh/AppData/Local/MiKTeX/fonts/map/pdftex/pdftex.map}{C:/Users/vres
h/AppData/Local/Programs/MiKTeX/fonts/enc/dvips/libertinus-type1/lbn1_sfissr.en
c}{C:/Users/vresh/AppData/Local/Programs/MiKTeX/fonts/enc/dvips/libertinus-type
1/lbn1_75t36g.enc}]
LaTeX Font Info:    Font shape `T1/LibertinusSerif-TLF/b/n' will be
(Font)              scaled to size 14.4pt on input line 158.

No file Recurrence_Free_Dyadic_Values.toc.
\tf@toc=\write4
\openout4 = `Recurrence_Free_Dyadic_Values.toc'.

[2

]
LaTeX Font Info:    Font shape `T1/LibertinusSerif-TLF/b/n' will be
(Font)              scaled to size 12.0pt on input line 165.
LaTeX Font Info:    Font shape `T1/LibertinusSerif-TLF/m/it' will be
(Font)              scaled to size 10.95pt on input line 170.
LaTeX Font Info:    Font shape `T1/LibertinusSerif-TLF/m/n' will be
(Font)              scaled to size 8.0pt on input line 191.
LaTeX Font Info:    Font shape `T1/LibertinusSerif-TLF/m/n' will be
(Font)              scaled to size 6.0pt on input line 191.


LaTeX Warning: Reference `rf:sec:setup' on page 1 undefined on input line 195.


LaTeX Warning: Reference `rf:sec:extraction' on page 1 undefined on input line 
252.


LaTeX Warning: Reference `rf:thm:extraction-consecutive' on page 1 undefined on
 input line 253.


LaTeX Warning: Reference `rf:eq:main-quarter' on page 1 undefined on input line
 254.

[3

{C:/Users/vresh/AppData/Local/Programs/MiKTeX/fonts/enc/dvips/libertinus-type1/
lbn1_sncvby.enc}]

LaTeX Warning: Reference `rf:tab:intro-map' on page 1 undefined on input line 2
76.


LaTeX Warning: Reference `rf:thm:partition-value' on page 1 undefined on input 
line 294.


LaTeX Warning: Reference `rf:thm:composition-value' on page 1 undefined on inpu
t line 294.


LaTeX Warning: Reference `rf:thm:binary-block' on page 1 undefined on input lin
e 294.


LaTeX Warning: Reference `rf:thm:binary-telescope' on page 1 undefined on input
 line 294.


LaTeX Warning: Reference `rf:thm:moment-extraction' on page 1 undefined on inpu
t line 294.


LaTeX Warning: Reference `rf:thm:finite-cube' on page 1 undefined on input line
 294.


LaTeX Warning: Reference `rf:thm:determinant' on page 1 undefined on input line
 294.


LaTeX Warning: Reference `rf:cor:rounding' on page 1 undefined on input line 29
4.


LaTeX Warning: Reference `rf:thm:main-quarter' on page 1 undefined on input lin
e 294.


LaTeX Warning: Reference `rf:thm:up-quarter' on page 1 undefined on input line 
294.


LaTeX Warning: Reference `rf:sec:conclusion' on page 1 undefined on input line 
309.


LaTeX Warning: Citation `proveit-due' on page 4 undefined on input line 315.


LaTeX Warning: Reference `rf:cor:scale-polynomial' on page 1 undefined on input
 line 321.


LaTeX Warning: Reference `rf:thm:local-cell' on page 1 undefined on input line 
321.


LaTeX Warning: Reference `rf:eq:main-quarter' on page 1 undefined on input line
 322.


LaTeX Warning: Reference `rf:sec:extraction-volume' on page 1 undefined on inpu
t line 327.


LaTeX Warning: Reference `rf:sec:register' on page 1 undefined on input line 32
8.

[4]

LaTeX Warning: Citation `arias1982' on page 5 undefined on input line 331.


LaTeX Warning: Citation `arias2018' on page 5 undefined on input line 331.


LaTeX Warning: Citation `haugland' on page 5 undefined on input line 332.


LaTeX Warning: Citation `reshetnikov2019' on page 5 undefined on input line 333
.


LaTeX Warning: Reference `rf:sec:halfbase' on page 1 undefined on input line 33
4.


LaTeX Warning: Citation `pinelis2020' on page 5 undefined on input line 335.


LaTeX Warning: Citation `proveit-primary' on page 5 undefined on input line 337
.


LaTeX Warning: Citation `proveit-exponents' on page 5 undefined on input line 3
40.


LaTeX Warning: Reference `rf:sec:notation' on page 1 undefined on input line 37
6.

[5]

LaTeX Warning: Citation `arias1982' on page 6 undefined on input line 400.


LaTeX Warning: Citation `arias2018' on page 6 undefined on input line 400.

LaTeX Font Info:    Trying to load font information for T1+LibertinusMono-TLF o
n input line 401.

(C:\Users\vresh\AppData\Local\Programs\MiKTeX\tex/latex/libertinus-type1\t1libe
rtinusmono-tlf.fd
File: T1LibertinusMono-TLF.fd 2025/01/11 (autoinst) Font definitions for T1/Lib
ertinusMono-TLF.
)
LaTeX Font Info:    Font shape `T1/LibertinusMono-TLF/m/n' will be
(Font)              scaled to size 9.30756pt on input line 401.
Package microtype Info: Loading generic protrusion settings for font family
(microtype)             `LibertinusMono-TLF' (encoding: T1).
(microtype)             For optimal results, create family-specific settings.
(microtype)             See the microtype manual for details.
Package microtype Info: Character `guilsinglleft ' is missing
(microtype)             in font `T1/LibertinusMono-TLF/m/n/10.95'.
(microtype)             Ignoring protrusion settings for this character.
Package microtype Info: Character `guilsinglright ' is missing
(microtype)             in font `T1/LibertinusMono-TLF/m/n/10.95'.
(microtype)             Ignoring protrusion settings for this character.


LaTeX Warning: Reference `rf:eq:setup-F-density' on page 1 undefined on input l
ine 435.


LaTeX Warning: Reference `rf:eq:setup-reflection' on page 1 undefined on input 
line 438.


LaTeX Warning: Reference `rf:eq:setup-fold' on page 1 undefined on input line 4
38.


LaTeX Warning: Reference `rf:eq:setup-up-head' on page 1 undefined on input lin
e 449.


LaTeX Warning: Reference `rf:eq:setup-F-density' on page 1 undefined on input l
ine 450.


LaTeX Warning: Reference `rf:eq:setup-up-dilation' on page 1 undefined on input
 line 450.


LaTeX Warning: Reference `rf:eq:setup-up-head' on page 1 undefined on input lin
e 451.


LaTeX Warning: Reference `rf:eq:setup-F-density' on page 1 undefined on input l
ine 452.

[6{C:/Users/vresh/AppData/Local/Programs/MiKTeX/fonts/enc/dvips/libertinus-type
1/lbn1_or3pzs.enc}]
LaTeX Font Info:    Font shape `T1/LibertinusSerif-TLF/m/it' will be
(Font)              scaled to size 8.0pt on input line 491.
LaTeX Font Info:    Font shape `T1/LibertinusSerif-TLF/m/it' will be
(Font)              scaled to size 6.0pt on input line 491.


LaTeX Warning: Reference `rf:eq:setup-up-dilation' on page 1 undefined on input
 line 505.


LaTeX Warning: Reference `rf:eq:setup-global' on page 1 undefined on input line
 506.


LaTeX Warning: Reference `rf:eq:setup-global-derivative' on page 1 undefined on
 input line 514.


LaTeX Warning: Reference `rf:eq:setup-reflection' on page 1 undefined on input 
line 518.


LaTeX Warning: Reference `rf:eq:setup-fold' on page 1 undefined on input line 5
18.


LaTeX Warning: Reference `rf:eq:setup-global-derivative' on page 1 undefined on
 input line 522.


LaTeX Warning: Reference `rf:eq:setup-jet-termination' on page 1 undefined on i
nput line 531.


LaTeX Warning: Reference `rf:sec:splines' on page 1 undefined on input line 534
.

[7]

LaTeX Warning: Reference `rf:eq:master-box' on page 1 undefined on input line 6
20.

[8]

LaTeX Warning: Reference `rf:eq:master-uncentred-spline' on page 1 undefined on
 input line 643.


LaTeX Warning: Reference `rf:eq:master-uncentred-spline' on page 1 undefined on
 input line 669.


LaTeX Warning: Reference `rf:eq:setup-reflection' on page 1 undefined on input 
line 679.


LaTeX Warning: Reference `rf:eq:master-raw' on page 1 undefined on input line 6
81.


LaTeX Warning: Reference `rf:eq:master-centred' on page 1 undefined on input li
ne 684.


LaTeX Warning: Reference `rf:eq:master-classical' on page 1 undefined on input 
line 685.


LaTeX Warning: Reference `rf:eq:setup-global-derivative' on page 1 undefined on
 input line 700.


LaTeX Warning: Reference `rf:eq:setup-global-block' on page 1 undefined on inpu
t line 707.

[9]

LaTeX Warning: Reference `rf:eq:master-centred' on page 1 undefined on input li
ne 715.


LaTeX Warning: Reference `rf:eq:master-centred' on page 1 undefined on input li
ne 724.


LaTeX Warning: Reference `rf:eq:moments-bernoulli-finite' on page 1 undefined o
n input line 760.


LaTeX Warning: Reference `rf:eq:moments-bernoulli-finite' on page 1 undefined o
n input line 781.

[10]

LaTeX Warning: Reference `rf:lem:moments-bernoulli' on page 1 undefined on inpu
t line 810.


LaTeX Warning: Reference `rf:eq:moments-lambda-nob' on page 1 undefined on inpu
t line 844.


LaTeX Warning: Reference `rf:eq:moments-logM' on page 1 undefined on input line
 846.


LaTeX Warning: Reference `rf:eq:moments-logM' on page 1 undefined on input line
 871.


LaTeX Warning: Reference `rf:eq:moments-a-partition' on page 1 undefined on inp
ut line 876.

[11]

LaTeX Warning: Reference `rf:eq:moments-lambda' on page 1 undefined on input li
ne 897.


LaTeX Warning: Reference `rf:eq:moments-bernoulli-finite' on page 1 undefined o
n input line 898.


LaTeX Warning: Reference `rf:eq:moments-lambda-nob' on page 1 undefined on inpu
t line 899.


LaTeX Warning: Reference `rf:eq:moments-a-partition' on page 1 undefined on inp
ut line 903.


LaTeX Warning: Reference `rf:eq:master-centred' on page 1 undefined on input li
ne 904.


LaTeX Warning: Reference `rf:eq:partition-value' on page 1 undefined on input l
ine 905.


LaTeX Warning: Reference `rf:eq:master-egf' on page 1 undefined on input line 9
07.


LaTeX Warning: Reference `rf:eq:intro-suffix' on page 1 undefined on input line
 915.


LaTeX Warning: Reference `rf:thm:master' on page 1 undefined on input line 925.



LaTeX Warning: Reference `rf:eq:setup-M' on page 1 undefined on input line 930.



LaTeX Warning: Reference `rf:eq:moments-a-composition' on page 1 undefined on i
nput line 950.


LaTeX Warning: Reference `rf:eq:moments-A-composition' on page 1 undefined on i
nput line 953.


LaTeX Warning: Reference `rf:eq:moments-a-partition' on page 1 undefined on inp
ut line 965.

[12]

LaTeX Warning: Reference `rf:eq:moments-a-composition' on page 1 undefined on i
nput line 991.


LaTeX Warning: Reference `rf:eq:master-centred' on page 1 undefined on input li
ne 991.


LaTeX Warning: Reference `rf:eq:moments-a-composition' on page 1 undefined on i
nput line 1002.


LaTeX Warning: Reference `rf:eq:moments-recurrence' on page 1 undefined on inpu
t line 1004.


LaTeX Warning: Reference `rf:sec:determinant' on page 1 undefined on input line
 1006.


LaTeX Warning: Reference `rf:sec:splines' on page 1 undefined on input line 101
7.


LaTeX Warning: Reference `rf:thm:moments-partition' on page 1 undefined on inpu
t line 1023.


LaTeX Warning: Reference `rf:eq:moments-a-composition' on page 1 undefined on i
nput line 1044.


LaTeX Warning: Reference `rf:lem:splines-e-sign' on page 1 undefined on input l
ine 1045.


LaTeX Warning: Reference `rf:eq:master-raw' on page 1 undefined on input line 1
050.

[13]

LaTeX Warning: Reference `rf:eq:moments-A-partition' on page 1 undefined on inp
ut line 1057.


LaTeX Warning: Reference `rf:eq:moments-A-composition' on page 1 undefined on i
nput line 1058.


LaTeX Warning: Reference `rf:eq:master-centred' on page 1 undefined on input li
ne 1060.


LaTeX Warning: Reference `rf:eq:setup-reflection' on page 1 undefined on input 
line 1076.


LaTeX Warning: Reference `rf:eq:setup-fold' on page 1 undefined on input line 1
076.


LaTeX Warning: Reference `rf:eq:moments-inverse-power' on page 1 undefined on i
nput line 1080.


LaTeX Warning: Reference `rf:eq:master-Phi' on page 1 undefined on input line 1
124.


LaTeX Warning: Reference `rf:eq:moments-a-composition' on page 1 undefined on i
nput line 1132.


LaTeX Warning: Reference `rf:eq:moments-a-partition' on page 1 undefined on inp
ut line 1133.

[14]

LaTeX Warning: Reference `rf:eq:master-global' on page 1 undefined on input lin
e 1154.


LaTeX Warning: Reference `rf:eq:binary-block' on page 1 undefined on input line
 1173.


LaTeX Warning: Reference `rf:eq:binary-block-Phi' on page 1 undefined on input 
line 1177.


LaTeX Warning: Reference `rf:eq:binary-block-Phi' on page 1 undefined on input 
line 1182.


LaTeX Warning: Reference `rf:eq:moments-inverse-power-positive' on page 1 undef
ined on input line 1183.


LaTeX Warning: Reference `rf:eq:binary-block' on page 1 undefined on input line
 1184.


LaTeX Warning: Reference `rf:eq:moments-a-composition' on page 1 undefined on i
nput line 1184.


LaTeX Warning: Reference `rf:eq:binary-parameters' on page 1 undefined on input
 line 1196.


Overfull \hbox (5.10098pt too wide) detected at line 1224
[][][][]\OML/cmm/m/it/10.95 F[]  [] \OT1/cmr/m/n/10.95 = [] \OMS/cmsy/m/n/10.95
 ^^Y \OT1/cmr/m/n/10.95 5\OML/cmm/m/it/10.95 :\OT1/cmr/m/n/10.95 10100374771708
9 \OMS/cmsy/m/n/10.95 ^^A \OT1/cmr/m/n/10.95 10[]\OML/cmm/m/it/10.95 ;
 []

[15]

LaTeX Warning: Citation `arias2018' on page 16 undefined on input line 1234.


LaTeX Warning: Reference `rf:eq:setup-global-block' on page 1 undefined on inpu
t line 1246.


LaTeX Warning: Reference `rf:eq:setup-global-derivative' on page 1 undefined on
 input line 1247.


LaTeX Warning: Reference `rf:eq:binary-step' on page 1 undefined on input line 
1248.


LaTeX Warning: Reference `rf:eq:setup-global-derivative' on page 1 undefined on
 input line 1257.


LaTeX Warning: Reference `rf:eq:moments-inverse-power' on page 1 undefined on i
nput line 1258.


LaTeX Warning: Reference `rf:eq:binary-step' on page 1 undefined on input line 
1261.


LaTeX Warning: Reference `rf:eq:moments-A-partition' on page 1 undefined on inp
ut line 1283.


LaTeX Warning: Reference `rf:lem:binary-step' on page 1 undefined on input line
 1289.


LaTeX Warning: Reference `rf:eq:binary-step' on page 1 undefined on input line 
1290.


LaTeX Warning: Reference `rf:eq:moments-A-composition' on page 1 undefined on i
nput line 1293.


LaTeX Warning: Reference `rf:eq:binary-H-product' on page 1 undefined on input 
line 1307.

[16]

LaTeX Warning: Reference `rf:eq:splines-prouhet' on page 1 undefined on input l
ine 1352.


LaTeX Warning: Reference `rf:sec:extraction-row' on page 1 undefined on input l
ine 1367.


LaTeX Warning: Reference `rf:eq:extraction-filter' on page 1 undefined on input
 line 1368.


LaTeX Warning: Reference `rf:eq:main-weights-integer' on page 1 undefined on in
put line 1380.


LaTeX Warning: Reference `rf:eq:prefix-multinomial' on page 1 undefined on inpu
t line 1381.


LaTeX Warning: Reference `rf:eq:prefix-power' on page 1 undefined on input line
 1381.


LaTeX Warning: Reference `rf:eq:moments-inverse-M' on page 1 undefined on input
 line 1387.


LaTeX Warning: Reference `rf:eq:extraction-filter' on page 1 undefined on input
 line 1393.


LaTeX Warning: Reference `rf:eq:moment-extraction' on page 1 undefined on input
 line 1397.


LaTeX Warning: Reference `rf:eq:prefix-power' on page 1 undefined on input line
 1402.


LaTeX Warning: Reference `rf:eq:moment-extraction' on page 1 undefined on input
 line 1402.


LaTeX Warning: Reference `rf:eq:master-Phi' on page 1 undefined on input line 1
403.


LaTeX Warning: Reference `rf:eq:master-centred' on page 1 undefined on input li
ne 1403.


LaTeX Warning: Reference `rf:eq:binary-block-Phi' on page 1 undefined on input 
line 1404.

[17]

LaTeX Warning: Reference `rf:eq:extraction-filter' on page 1 undefined on input
 line 1440.


LaTeX Warning: Reference `rf:eq:master-egf' on page 1 undefined on input line 1
442.


LaTeX Warning: Reference `rf:thm:extraction-arbitrary' on page 1 undefined on i
nput line 1448.


LaTeX Warning: Reference `rf:sec:halfbase' on page 1 undefined on input line 14
71.

[18]

LaTeX Warning: Reference `rf:lem:setup-dilation' on page 1 undefined on input l
ine 1523.


LaTeX Warning: Reference `rf:eq:setup-global-derivative' on page 1 undefined on
 input line 1526.


LaTeX Warning: Reference `rf:sec:rvachev-derivatives' on page 1 undefined on in
put line 1528.


LaTeX Warning: Reference `rf:sec:rvachev-density' on page 1 undefined on input 
line 1561.


LaTeX Warning: Reference `rf:eq:splines-jet-operator' on page 1 undefined on in
put line 1574.


LaTeX Warning: Reference `rf:eq:splines-local-inverse' on page 1 undefined on i
nput line 1578.

[19]

LaTeX Warning: Reference `rf:eq:setup-jet-termination' on page 1 undefined on i
nput line 1596.


LaTeX Warning: Reference `rf:eq:moments-e-partition' on page 1 undefined on inp
ut line 1610.


Overfull \hbox (13.56284pt too wide) in paragraph at lines 1608--1613
\T1/LibertinusSerif-TLF/m/it/10.95 (-20) with the fi-nite re-cip-ro-cal co-ef-f
i-cients $\OML/cmm/m/it/10.95 e[]$ \T1/LibertinusSerif-TLF/m/it/10.95 (-20) of 
[]. Equiv-a-lently, on this cell $\OML/cmm/m/it/10.95 G[]\OT1/cmr/m/n/10.95 (\O
ML/cmm/m/it/10.95 x \OT1/cmr/m/n/10.95 + \OML/cmm/m/it/10.95 h\OT1/cmr/m/n/10.9
5 ) = [\OML/cmm/m/it/10.95 M\OT1/cmr/m/n/10.95 (2[]D[])][]\OML/cmm/m/it/10.95 P
[]\OT1/cmr/m/n/10.95 (\OML/cmm/m/it/10.95 h\OT1/cmr/m/n/10.95 )$\T1/LibertinusS
erif-TLF/m/it/10.95 (-20) ,
 []


LaTeX Warning: Reference `rf:eq:splines-derivative-master' on page 1 undefined 
on input line 1630.


LaTeX Warning: Reference `rf:lem:splines-local-inverse' on page 1 undefined on 
input line 1633.


LaTeX Warning: Reference `rf:eq:local-tail-polynomial' on page 1 undefined on i
nput line 1636.


LaTeX Warning: Reference `rf:eq:moments-inverse-M' on page 1 undefined on input
 line 1639.


LaTeX Warning: Reference `rf:eq:local-cell' on page 1 undefined on input line 1
639.

[20]

LaTeX Warning: Reference `rf:sec:extraction-volume' on page 1 undefined on inpu
t line 1663.


LaTeX Warning: Reference `rf:sec:register' on page 1 undefined on input line 16
65.


LaTeX Warning: Reference `rf:eq:binary-tm-product' on page 1 undefined on input
 line 1671.


LaTeX Warning: Reference `rf:eq:splines-prouhet' on page 1 undefined on input l
ine 1681.


LaTeX Warning: Citation `dlmf' on page 21 undefined on input line 1695.


LaTeX Warning: Reference `rf:eq:moments-e-partition' on page 1 undefined on inp
ut line 1710.


LaTeX Warning: Reference `rf:eq:setup-global-derivative' on page 1 undefined on
 input line 1719.


LaTeX Warning: Reference `rf:eq:setup-integer-values' on page 1 undefined on in
put line 1720.


LaTeX Warning: Reference `rf:eq:scale-polynomial' on page 1 undefined on input 
line 1724.


LaTeX Warning: Reference `rf:lem:splines-e-sign' on page 1 undefined on input l
ine 1725.

[21]

LaTeX Warning: Reference `rf:cor:scale-polynomial' on page 1 undefined on input
 line 1757.


LaTeX Warning: Reference `rf:eq:extraction-weights-q' on page 1 undefined on in
put line 1792.


LaTeX Warning: Reference `rf:eq:main-weights-integer' on page 1 undefined on in
put line 1793.


LaTeX Warning: Reference `rf:eq:extraction-weights-product' on page 1 undefined
 on input line 1800.


LaTeX Warning: Reference `rf:eq:extraction-filter' on page 1 undefined on input
 line 1802.


LaTeX Warning: Reference `rf:eq:extraction-weights-q' on page 1 undefined on in
put line 1805.


LaTeX Warning: Reference `rf:eq:extraction-row-polynomial' on page 1 undefined 
on input line 1809.


LaTeX Warning: Citation `dlmf' on page 22 undefined on input line 1810.


LaTeX Warning: Reference `rf:eq:splines-G-integer' on page 1 undefined on input
 line 1823.


LaTeX Warning: Reference `rf:eq:main-quarter-shift' on page 1 undefined on inpu
t line 1824.


LaTeX Warning: Reference `rf:eq:main-quarter' on page 1 undefined on input line
 1824.

[22]

LaTeX Warning: Reference `rf:lem:extraction-weights' on page 1 undefined on inp
ut line 1839.


LaTeX Warning: Reference `rf:cor:scale-polynomial' on page 1 undefined on input
 line 1840.


LaTeX Warning: Reference `rf:thm:extraction-arbitrary' on page 1 undefined on i
nput line 1842.


LaTeX Warning: Reference `rf:eq:splines-G-integer' on page 1 undefined on input
 line 1844.


LaTeX Warning: Reference `rf:eq:extraction-weights-q' on page 1 undefined on in
put line 1845.


LaTeX Warning: Reference `rf:eq:main-quarter' on page 1 undefined on input line
 1849.


LaTeX Warning: Reference `rf:thm:extraction-arbitrary' on page 1 undefined on i
nput line 1856.


LaTeX Warning: Reference `rf:prop:exact-degree' on page 1 undefined on input li
ne 1877.

[23]

LaTeX Warning: Reference `rf:eq:extraction-row-polynomial' on page 1 undefined 
on input line 1913.


LaTeX Warning: Citation `proveit-due' on page 24 undefined on input line 1935.


LaTeX Warning: Reference `rf:sec:rvachev-density' on page 1 undefined on input 
line 1947.


LaTeX Warning: Reference `rf:eq:moments-e-values' on page 1 undefined on input 
line 1952.


LaTeX Warning: Reference `rf:eq:rvachev-density-law' on page 1 undefined on inp
ut line 1954.


LaTeX Warning: Reference `rf:eq:extraction-weights-q' on page 1 undefined on in
put line 1958.


LaTeX Warning: Reference `rf:sec:register' on page 1 undefined on input line 19
63.

[24]

LaTeX Warning: Reference `rf:lem:splines-local-inverse' on page 1 undefined on 
input line 2015.


LaTeX Warning: Reference `rf:lem:extraction-weights' on page 1 undefined on inp
ut line 2024.


LaTeX Warning: Reference `rf:eq:halfbase-extract' on page 1 undefined on input 
line 2026.


LaTeX Warning: Reference `rf:eq:halfbase-shifted-finite' on page 1 undefined on
 input line 2026.


LaTeX Warning: Reference `rf:eq:extraction-weights-q' on page 1 undefined on in
put line 2029.


LaTeX Warning: Reference `rf:eq:halfbase-reshetnikov' on page 1 undefined on in
put line 2033.


LaTeX Warning: Reference `rf:eq:halfbase-reshetnikov' on page 1 undefined on in
put line 2036.


LaTeX Warning: Citation `reshetnikov2019' on page 25 undefined on input line 20
37.


LaTeX Warning: Citation `proveit-primary' on page 25 undefined on input line 20
38.


LaTeX Warning: Reference `rf:eq:rvachev-global-fold' on page 1 undefined on inp
ut line 2040.


LaTeX Warning: Reference `rf:eq:halfbase-extract' on page 1 undefined on input 
line 2044.


LaTeX Warning: Reference `rf:eq:extraction-consecutive' on page 1 undefined on 
input line 2045.

[25]

LaTeX Warning: Reference `rf:eq:moments-recurrence' on page 1 undefined on inpu
t line 2106.

Package microtype Info: Loading generic protrusion settings for font family
(microtype)             `cmss' (encoding: OT1).
(microtype)             For optimal results, create family-specific settings.
(microtype)             See the microtype manual for details.

LaTeX Warning: Reference `rf:eq:master-classical' on page 1 undefined on input 
line 2122.


LaTeX Warning: Reference `rf:eq:determinant-value' on page 1 undefined on input
 line 2123.


LaTeX Warning: Reference `rf:eq:setup-fold' on page 1 undefined on input line 2
126.

LaTeX Font Info:    Trying to load font information for U+euf on input line 213
2.
(C:\Users\vresh\AppData\Local\Programs\MiKTeX\tex/latex/amsfonts\ueuf.fd
File: ueuf.fd 2013/01/14 v3.01 Euler Fraktur
)
(C:\Users\vresh\AppData\Local\Programs\MiKTeX\tex/latex/microtype\mt-euf.cfg
File: mt-euf.cfg 2006/07/03 v1.1 microtype config. file: AMS Euler Fraktur (RS)

)

LaTeX Warning: Citation `arias2018' on page 26 undefined on input line 2158.

[26]

LaTeX Warning: Reference `rf:eq:composition-value' on page 1 undefined on input
 line 2169.


LaTeX Warning: Reference `rf:lem:setup-normalization' on page 1 undefined on in
put line 2195.


LaTeX Warning: Reference `rf:lem:determinant-prefix-error' on page 1 undefined 
on input line 2212.


LaTeX Warning: Reference `rf:eq:splines-G-integer' on page 1 undefined on input
 line 2215.


LaTeX Warning: Reference `rf:eq:setup-fold' on page 1 undefined on input line 2
231.


LaTeX Warning: Reference `rf:sec:extraction-volume' on page 1 undefined on inpu
t line 2258.


LaTeX Warning: Reference `rf:lem:master-box' on page 1 undefined on input line 
2260.

[27]

LaTeX Warning: Reference `rf:eq:rvachev-density-integer' on page 1 undefined on
 input line 2302.


LaTeX Warning: Reference `rf:lem:splines-local-inverse' on page 1 undefined on 
input line 2310.


LaTeX Warning: Reference `rf:lem:setup-dilation' on page 1 undefined on input l
ine 2312.


LaTeX Warning: Reference `rf:eq:rvachev-density-law' on page 1 undefined on inp
ut line 2314.


LaTeX Warning: Reference `rf:eq:up-quarter' on page 1 undefined on input line 2
316.


LaTeX Warning: Reference `rf:thm:extraction-consecutive' on page 1 undefined on
 input line 2319.


LaTeX Warning: Reference `rf:eq:rvachev-finite-fold' on page 1 undefined on inp
ut line 2321.

[28]

LaTeX Warning: Reference `rf:eq:setup-global-block' on page 1 undefined on inpu
t line 2342.


LaTeX Warning: Reference `rf:eq:binary-block' on page 1 undefined on input line
 2351.


LaTeX Warning: Reference `rf:eq:setup-global-derivative' on page 1 undefined on
 input line 2361.


LaTeX Warning: Reference `rf:eq:setup-integer-values' on page 1 undefined on in
put line 2362.


LaTeX Warning: Reference `rf:eq:rvachev-global-fold' on page 1 undefined on inp
ut line 2381.


LaTeX Warning: Reference `rf:eq:scale-polynomial' on page 1 undefined on input 
line 2384.


LaTeX Warning: Reference `rf:eq:rvachev-density-law' on page 1 undefined on inp
ut line 2385.


LaTeX Warning: Reference `rf:eq:setup-integer-values' on page 1 undefined on in
put line 2388.


LaTeX Warning: Reference `rf:lem:splines-derivative-master' on page 1 undefined
 on input line 2388.


LaTeX Warning: Reference `rf:eq:rvachev-primitive-global' on page 1 undefined o
n input line 2409.


LaTeX Warning: Reference `rf:eq:setup-global-derivative' on page 1 undefined on
 input line 2412.

[29]

Package hyperref Warning: Token not allowed in a PDF string (Unicode):
(hyperref)                removing `math shift' on input line 2434.


Package hyperref Warning: Token not allowed in a PDF string (Unicode):
(hyperref)                removing `math shift' on input line 2434.


LaTeX Warning: Reference `rf:lem:setup-normalization' on page 1 undefined on in
put line 2445.


LaTeX Warning: Reference `rf:prop:moments-logM' on page 1 undefined on input li
ne 2455.


LaTeX Warning: Reference `rf:eq:moments-gaps' on page 1 undefined on input line
 2464.


LaTeX Warning: Reference `rf:lem:master-box' on page 1 undefined on input line 
2490.


Package hyperref Warning: Token not allowed in a PDF string (Unicode):
(hyperref)                removing `math shift' on input line 2502.


Package hyperref Warning: Token not allowed in a PDF string (Unicode):
(hyperref)                removing `superscript' on input line 2502.


Package hyperref Warning: Token not allowed in a PDF string (Unicode):
(hyperref)                removing `math shift' on input line 2502.

[30]

LaTeX Warning: Reference `rf:eq:extraction-weights-q' on page 1 undefined on in
put line 2529.


LaTeX Warning: Reference `rf:lem:splines-local-inverse' on page 1 undefined on 
input line 2552.


LaTeX Warning: Reference `rf:eq:base-extraction' on page 1 undefined on input l
ine 2556.


LaTeX Warning: Reference `rf:eq:base-spline' on page 1 undefined on input line 
2557.


LaTeX Warning: Reference `rf:prop:exact-degree' on page 1 undefined on input li
ne 2571.

[31]

LaTeX Warning: Reference `rf:tab:examples-values' on page 1 undefined on input 
line 2650.


LaTeX Warning: Reference `rf:eq:binary-large' on page 1 undefined on input line
 2677.


LaTeX Warning: Reference `rf:prop:extraction-norm' on page 1 undefined on input
 line 2695.

[32]

LaTeX Warning: Reference `rf:tab:examples-checks' on page 1 undefined on input 
line 2714.


LaTeX Warning: Reference `rf:eq:setup-raw-centred' on page 1 undefined on input
 line 2738.


LaTeX Warning: Reference `rf:eq:rvachev-density-law' on page 1 undefined on inp
ut line 2738.

(C:\Users\vresh\AppData\Local\Programs\MiKTeX\tex/latex/listings\lstlang1.sty
File: lstlang1.sty 2025/11/14 1.11b listings language file
)
(C:\Users\vresh\AppData\Local\Programs\MiKTeX\tex/latex/listings\lstlang1.sty
File: lstlang1.sty 2025/11/14 1.11b listings language file
)
LaTeX Font Info:    Font shape `T1/LibertinusMono-TLF/m/n' will be
(Font)              scaled to size 8.50006pt on input line 2744.
Package microtype Info: Character `guilsinglleft ' is missing
(microtype)             in font `T1/LibertinusMono-TLF/m/n/10'.
(microtype)             Ignoring protrusion settings for this character.
Package microtype Info: Character `guilsinglright ' is missing
(microtype)             in font `T1/LibertinusMono-TLF/m/n/10'.
(microtype)             Ignoring protrusion settings for this character.


LaTeX Warning: Reference `rf:eq:moments-recurrence' on page 1 undefined on inpu
t line 2763.

[33]

LaTeX Warning: Reference `rf:sec:register' on page 1 undefined on input line 27
96.


LaTeX Warning: Citation `arias2018' on page 34 undefined on input line 2797.


LaTeX Warning: Reference `rf:eq:main-quarter' on page 1 undefined on input line
 2809.

[34] [35]

LaTeX Warning: Reference `rf:eq:main-quarter' on page 1 undefined on input line
 2829.


LaTeX Warning: Reference `rf:eq:binary-block' on page 1 undefined on input line
 2830.


LaTeX Warning: Reference `rf:eq:moments-a-composition' on page 1 undefined on i
nput line 2831.

(C:\Users\vresh\AppData\Local\Programs\MiKTeX\tex/latex/listings\lstlang1.sty
File: lstlang1.sty 2025/11/14 1.11b listings language file
)
LaTeX Font Info:    Font shape `T1/LibertinusMono-TLF/b/n' will be
(Font)              scaled to size 8.50006pt on input line 2837.
Package microtype Info: Character `guilsinglleft ' is missing
(microtype)             in font `T1/LibertinusMono-TLF/b/n/10'.
(microtype)             Ignoring protrusion settings for this character.
Package microtype Info: Character `guilsinglright ' is missing
(microtype)             in font `T1/LibertinusMono-TLF/b/n/10'.
(microtype)             Ignoring protrusion settings for this character.
LaTeX Font Info:    Font shape `T1/LibertinusMono-TLF/m/it' will be
(Font)              scaled to size 8.50006pt on input line 2846.
Package microtype Info: Character `guilsinglleft ' is missing
(microtype)             in font `T1/LibertinusMono-TLF/m/it/10'.
(microtype)             Ignoring protrusion settings for this character.
Package microtype Info: Character `guilsinglright ' is missing
(microtype)             in font `T1/LibertinusMono-TLF/m/it/10'.
(microtype)             Ignoring protrusion settings for this character.

[36

]

LaTeX Warning: Reference `rf:eq:moments-bernoulli-finite' on page 1 undefined o
n input line 2923.


LaTeX Warning: Reference `rf:eq:intro-tm-digits' on page 1 undefined on input l
ine 2924.


LaTeX Warning: Reference `rf:eq:determinant-leibniz' on page 1 undefined on inp
ut line 2925.


LaTeX Warning: Reference `rf:eq:intro-q' on page 1 undefined on input line 2927
.


LaTeX Warning: Reference `rf:eq:binary-parameters' on page 1 undefined on input
 line 2927.


LaTeX Warning: Reference `rf:eq:binary-suffix' on page 1 undefined on input lin
e 2928.


LaTeX Warning: Reference `rf:eq:setup-global' on page 1 undefined on input line
 2965.


LaTeX Warning: Reference `rf:eq:setup-Z' on page 1 undefined on input line 2965
.


LaTeX Warning: Reference `rf:eq:setup-X' on page 1 undefined on input line 2965
.


LaTeX Warning: Reference `rf:eq:intro-power-sum' on page 1 undefined on input l
ine 2965.


LaTeX Warning: Reference `rf:sec:determinant' on page 1 undefined on input line
 2965.


LaTeX Warning: Reference `rf:sec:intro-conventions' on page 1 undefined on inpu
t line 2965.


LaTeX Warning: Reference `rf:eq:extraction-weights-q' on page 1 undefined on in
put line 2965.


LaTeX Warning: Reference `rf:eq:scale-polynomial' on page 1 undefined on input 
line 2965.


LaTeX Warning: Reference `rf:eq:binary-parameters' on page 1 undefined on input
 line 2965.


LaTeX Warning: Reference `rf:eq:binary-suffix' on page 1 undefined on input lin
e 2965.


LaTeX Warning: Reference `rf:sec:base' on page 1 undefined on input line 2965.

[37]

LaTeX Warning: Citation `proveit-primary' on page 38 undefined on input line 29
73.


LaTeX Warning: Citation `proveit-due' on page 38 undefined on input line 2974.

LaTeX Font Info:    Font shape `T1/LibertinusSerif-TLF/m/sc' will be
(Font)              scaled to size 10.95pt on input line 2978.

LaTeX Warning: Reference `rf:eq:splines-G-integer' on page 1 undefined on input
 line 2994.

LaTeX Font Info:    Font shape `T1/LibertinusSerif-TLF/m/sc' will be
(Font)              scaled to size 10.0pt on input line 2996.

LaTeX Warning: Reference `rf:eq:setup-Z' on page 1 undefined on input line 2997
.


LaTeX Warning: Reference `rf:lem:setup-normalization' on page 1 undefined on in
put line 2997.


LaTeX Warning: Reference `rf:eq:moments-e-partition' on page 1 undefined on inp
ut line 3000.


LaTeX Warning: Reference `rf:eq:moments-a-partition' on page 1 undefined on inp
ut line 3000.


LaTeX Warning: Reference `rf:lem:splines-e-sign' on page 1 undefined on input l
ine 3002.


LaTeX Warning: Reference `rf:lem:splines-local-inverse' on page 1 undefined on 
input line 3003.


LaTeX Warning: Reference `rf:lem:setup-dilation' on page 1 undefined on input l
ine 3006.


LaTeX Warning: Reference `rf:prop:exact-degree' on page 1 undefined on input li
ne 3008.


LaTeX Warning: Reference `rf:eq:quarter-cell' on page 1 undefined on input line
 3009.


LaTeX Warning: Reference `rf:cor:scale-polynomial' on page 1 undefined on input
 line 3011.


LaTeX Warning: Reference `rf:thm:local-cell' on page 1 undefined on input line 
3011.


LaTeX Warning: Reference `rf:lem:extraction-weights' on page 1 undefined on inp
ut line 3012.


LaTeX Warning: Reference `rf:thm:main-quarter' on page 1 undefined on input lin
e 3015.


LaTeX Warning: Reference `rf:thm:extraction-consecutive' on page 1 undefined on
 input line 3015.


LaTeX Warning: Reference `rf:thm:master' on page 1 undefined on input line 3018
.


LaTeX Warning: Reference `rf:thm:moments-composition' on page 1 undefined on in
put line 3018.


LaTeX Warning: Reference `rf:thm:moments-partition' on page 1 undefined on inpu
t line 3018.


LaTeX Warning: Reference `rf:thm:binary-block' on page 1 undefined on input lin
e 3018.


LaTeX Warning: Reference `rf:thm:binary-telescope' on page 1 undefined on input
 line 3018.


LaTeX Warning: Reference `rf:thm:moment-extraction' on page 1 undefined on inpu
t line 3018.


LaTeX Warning: Reference `rf:thm:finite-cube' on page 1 undefined on input line
 3018.


LaTeX Warning: Reference `rf:thm:determinant' on page 1 undefined on input line
 3018.


LaTeX Warning: Reference `rf:cor:rounding' on page 1 undefined on input line 30
18.


LaTeX Warning: Reference `rf:prop:halfbase' on page 1 undefined on input line 3
018.


LaTeX Warning: Reference `rf:thm:up-quarter' on page 1 undefined on input line 
3018.


LaTeX Warning: Reference `rf:sec:rvachev-primitives' on page 1 undefined on inp
ut line 3018.


LaTeX Warning: Reference `rf:sec:base' on page 1 undefined on input line 3018.


ignored: Infinite glue shrinkage found in box being split [38{C:/Users/vresh/AppData/Loc
al/Programs/MiKTeX/fonts/enc/dvips/libertinus-type1/lbn1_cb34qf.enc}]

LaTeX Warning: Reference `rf:sec:moments' on page 1 undefined on input line 302
8.


LaTeX Warning: Reference `rf:sec:master' on page 1 undefined on input line 3028
.


LaTeX Warning: Reference `rf:lem:master-box' on page 1 undefined on input line 
3030.

[39]
LaTeX Font Info:    Font shape `T1/LibertinusSerif-TLF/b/it' will be
(Font)              scaled to size 10.95pt on input line 3056.


LaTeX Warning: Reference `rf:rmk:master-taylor' on page 1 undefined on input li
ne 3058.


LaTeX Warning: Reference `rf:thm:binary-block' on page 1 undefined on input lin
e 3059.


LaTeX Warning: Reference `rf:lem:moments-lambda-nob' on page 1 undefined on inp
ut line 3060.


LaTeX Warning: Reference `rf:thm:finite-cube' on page 1 undefined on input line
 3061.


LaTeX Warning: Reference `rf:rmk:determinant-alt' on page 1 undefined on input 
line 3062.


LaTeX Warning: Reference `rf:rmk:splines-prouhet' on page 1 undefined on input 
line 3063.


LaTeX Warning: Reference `rf:sec:master' on page 1 undefined on input line 3068
.


LaTeX Warning: Reference `rf:sec:setup' on page 1 undefined on input line 3068.



LaTeX Warning: Reference `rf:sec:intro' on page 1 undefined on input line 3068.



LaTeX Warning: Reference `rf:thm:local-cell' on page 1 undefined on input line 
3069.


LaTeX Warning: Reference `rf:thm:extraction-minimal' on page 1 undefined on inp
ut line 3071.


LaTeX Warning: Reference `rf:prop:exact-degree' on page 1 undefined on input li
ne 3071.


LaTeX Warning: Reference `rf:prop:extraction-norm' on page 1 undefined on input
 line 3072.


LaTeX Warning: Reference `rf:sec:prefix' on page 1 undefined on input line 3073
.


LaTeX Warning: Reference `rf:lem:splines-derivative-master' on page 1 undefined
 on input line 3074.


LaTeX Warning: Reference `rf:cor:rounding' on page 1 undefined on input line 30
76.


LaTeX Warning: Reference `rf:prop:determinant-denominator' on page 1 undefined 
on input line 3076.


LaTeX Warning: Reference `rf:thm:moments-partition' on page 1 undefined on inpu
t line 3083.


LaTeX Warning: Reference `rf:thm:moments-composition' on page 1 undefined on in
put line 3083.


LaTeX Warning: Reference `rf:eq:master-raw' on page 1 undefined on input line 3
083.


LaTeX Warning: Reference `rf:eq:moments-odd-depth' on page 1 undefined on input
 line 3084.


LaTeX Warning: Reference `rf:thm:binary-telescope' on page 1 undefined on input
 line 3085.


LaTeX Warning: Reference `rf:thm:determinant' on page 1 undefined on input line
 3086.


LaTeX Warning: Reference `rf:lem:splines-local-inverse' on page 1 undefined on 
input line 3087.


LaTeX Warning: Reference `rf:prop:halfbase' on page 1 undefined on input line 3
089.


LaTeX Warning: Reference `rf:thm:up-quarter' on page 1 undefined on input line 
3090.


LaTeX Warning: Reference `rf:sec:rvachev-primitives' on page 1 undefined on inp
ut line 3091.


LaTeX Warning: Reference `rf:thm:base-extraction' on page 1 undefined on input 
line 3092.


LaTeX Warning: Reference `rf:thm:base-arithmetic' on page 1 undefined on input 
line 3092.


LaTeX Warning: Reference `rf:sec:examples-verifier' on page 1 undefined on inpu
t line 3121.


LaTeX Warning: Reference `rf:tab:examples-checks' on page 1 undefined on input 
line 3122.


LaTeX Warning: Reference `rf:sec:register' on page 1 undefined on input line 31
29.

[40{C:/Users/vresh/AppData/Local/Programs/MiKTeX/fonts/enc/dvips/libertinus-typ
e1/lbn1_opzo24.enc}] [41]
(C:\Temp\pv-_02w_yw0\out\Recurrence_Free_Dyadic_Values.aux)
 ***********
LaTeX2e <2025-11-01>
L3 programming layer <2026-03-20>
 ***********


LaTeX Warning: There were undefined references.


LaTeX Warning: Label(s) may have changed. Rerun to get cross-references right.


Package rerunfilecheck Warning: File `Recurrence_Free_Dyadic_Values.out' has ch
anged.
(rerunfilecheck)                Rerun to get outlines right
(rerunfilecheck)                or use package `bookmark'.

Package rerunfilecheck Info: Checksums for `Recurrence_Free_Dyadic_Values.out':

(rerunfilecheck)             Before: <no file>
(rerunfilecheck)             After:  C7495E1D5743CCA867EC73D875FE483A;17615.
 ) 
Here is how much of TeX's memory you used:
 20371 strings out of 467691
 350569 string characters out of 5414987
 1538679 words of memory out of 5000000
 48372 multiletter control sequences out of 15000+600000
 770218 words of font info for 374 fonts, out of 8000000 for 9000
 1141 hyphenation exceptions out of 8191
 77i,15n,99p,1028b,2345s stack positions out of 10000i,1000n,20000p,200000b,200000s
<C:/Users/vresh/AppData/Local/Programs/MiKTeX/fonts/type1/public/libertinus-t
ype1/LibertinusMono-Bold.pfb><C:/Users/vresh/AppData/Local/Programs/MiKTeX/font
s/type1/public/libertinus-type1/LibertinusMono-Italic.pfb><C:/Users/vresh/AppDa
ta/Local/Programs/MiKTeX/fonts/type1/public/libertinus-type1/LibertinusMono-Reg
ular.pfb><C:/Users/vresh/AppData/Local/Programs/MiKTeX/fonts/type1/public/liber
tinus-type1/LibertinusSerif-Bold.pfb><C:/Users/vresh/AppData/Local/Programs/MiK
TeX/fonts/type1/public/libertinus-type1/LibertinusSerif-BoldItalic.pfb><C:/User
s/vresh/AppData/Local/Programs/MiKTeX/fonts/type1/public/libertinus-type1/Liber
tinusSerif-Italic.pfb><C:/Users/vresh/AppData/Local/Programs/MiKTeX/fonts/type1
/public/libertinus-type1/LibertinusSerif-Regular.pfb><C:/Users/vresh/AppData/Lo
cal/Programs/MiKTeX/fonts/type1/public/amsfonts/cm/cmbx10.pfb><C:/Users/vresh/A
ppData/Local/Programs/MiKTeX/fonts/type1/public/amsfonts/cm/cmbx8.pfb><C:/Users
/vresh/AppData/Local/Programs/MiKTeX/fonts/type1/public/amsfonts/cm/cmex10.pfb>
<C:/Users/vresh/AppData/Local/Programs/MiKTeX/fonts/type1/public/amsfonts/cmext
ra/cmex8.pfb><C:/Users/vresh/AppData/Local/Programs/MiKTeX/fonts/type1/public/a
msfonts/cm/cmmi10.pfb><C:/Users/vresh/AppData/Local/Programs/MiKTeX/fonts/type1
/public/amsfonts/cm/cmmi12.pfb><C:/Users/vresh/AppData/Local/Programs/MiKTeX/fo
nts/type1/public/amsfonts/cm/cmmi5.pfb><C:/Users/vresh/AppData/Local/Programs/M
iKTeX/fonts/type1/public/amsfonts/cm/cmmi6.pfb><C:/Users/vresh/AppData/Local/Pr
ograms/MiKTeX/fonts/type1/public/amsfonts/cm/cmmi7.pfb><C:/Users/vresh/AppData/
Local/Programs/MiKTeX/fonts/type1/public/amsfonts/cm/cmmi8.pfb><C:/Users/vresh/
AppData/Local/Programs/MiKTeX/fonts/type1/public/amsfonts/cm/cmr10.pfb><C:/User
s/vresh/AppData/Local/Programs/MiKTeX/fonts/type1/public/amsfonts/cm/cmr5.pfb><
C:/Users/vresh/AppData/Local/Programs/MiKTeX/fonts/type1/public/amsfonts/cm/cmr
6.pfb><C:/Users/vresh/AppData/Local/Programs/MiKTeX/fonts/type1/public/amsfonts
/cm/cmr7.pfb><C:/Users/vresh/AppData/Local/Programs/MiKTeX/fonts/type1/public/a
msfonts/cm/cmr8.pfb><C:/Users/vresh/AppData/Local/Programs/MiKTeX/fonts/type1/p
ublic/amsfonts/cm/cmss10.pfb><C:/Users/vresh/AppData/Local/Programs/MiKTeX/font
s/type1/public/amsfonts/cm/cmss8.pfb><C:/Users/vresh/AppData/Local/Programs/MiK
TeX/fonts/type1/public/amsfonts/cm/cmsy10.pfb><C:/Users/vresh/AppData/Local/Pro
grams/MiKTeX/fonts/type1/public/amsfonts/cm/cmsy6.pfb><C:/Users/vresh/AppData/L
ocal/Programs/MiKTeX/fonts/type1/public/amsfonts/cm/cmsy7.pfb><C:/Users/vresh/A
ppData/Local/Programs/MiKTeX/fonts/type1/public/amsfonts/cm/cmsy8.pfb><C:/Users
/vresh/AppData/Local/Programs/MiKTeX/fonts/type1/public/amsfonts/euler/eufm10.p
fb><C:/Users/vresh/AppData/Local/Programs/MiKTeX/fonts/type1/public/amsfonts/sy
mbols/msbm10.pfb>
Output written on C:\Temp\pv-_02w_yw0\out\Recurrence_Free_Dyadic_Values.pdf (41
 pages, 996848 bytes).
PDF statistics:
 768 PDF objects out of 1000 (max. 8388607)
 381 named destinations out of 1000 (max. 500000)
 76289 words of extra memory for PDF output out of 89155 (max. 10000000)

