This is pdfTeX, Version 3.141592653-2.6-1.40.29 (MiKTeX 26.2) (preloaded format=pdflatex 2026.8.15)  9 SEP 2026 13:10
entering extended mode
 file:line:error style messages enabled.
 %&-line parsing enabled.
**./Representation_Frontiers.tex
(Representation_Frontiers.tex
LaTeX2e <2025-11-01>
L3 programming layer <2026-03-20>
(C:\Users\vresh\AppData\Local\Programs\MiKTeX\tex/latex/base\article.cls
Document Class: article 2025/01/22 v1.4n Standard LaTeX document class
(C:\Users\vresh\AppData\Local\Programs\MiKTeX\tex/latex/base\size11.clo
File: size11.clo 2025/01/22 v1.4n Standard LaTeX file (size option)
)
\c@part=\count275
\c@section=\count276
\c@subsection=\count277
\c@subsubsection=\count278
\c@paragraph=\count279
\c@subparagraph=\count280
\c@figure=\count281
\c@table=\count282
\abovecaptionskip=\skip49
\belowcaptionskip=\skip50
\bibindent=\dimen150
)
(C:\Users\vresh\AppData\Local\Programs\MiKTeX\tex/latex/base\fontenc.sty
Package: fontenc 2025/07/18 v2.1d Standard LaTeX package
)
(C:\Users\vresh\AppData\Local\Programs\MiKTeX\tex/latex/base\inputenc.sty
Package: inputenc 2024/02/08 v1.3d Input encoding file
\inpenc@prehook=\toks17
\inpenc@posthook=\toks18
)
(C:\Users\vresh\AppData\Local\Programs\MiKTeX\tex/latex/libertinus\libertinus.s
ty
Package: libertinus 2020/05/06 v. 0.02 (Herbert Voss) Supports libertinus fonts
 for pdflatex/lualatex/xelatex
 (C:\Users\vresh\AppData\Local\Programs\MiKTeX\tex/generic/iftex\iftex.sty
Package: iftex 2024/12/12 v1.0g TeX engine tests
)
(C:\Users\vresh\AppData\Local\Programs\MiKTeX\tex/latex/xkeyval\xkeyval.sty
Package: xkeyval 2022/06/16 v2.9 package option processing (HA)

(C:\Users\vresh\AppData\Local\Programs\MiKTeX\tex/generic/xkeyval\xkeyval.tex
(C:\Users\vresh\AppData\Local\Programs\MiKTeX\tex/generic/xkeyval\xkvutils.tex
\XKV@toks=\toks19
\XKV@tempa@toks=\toks20

(C:\Users\vresh\AppData\Local\Programs\MiKTeX\tex/generic/xkeyval\keyval.tex))
\XKV@depth=\count283
File: xkeyval.tex 2014/12/03 v2.7a key=value parser (HA)
))
(C:\Users\vresh\AppData\Local\Programs\MiKTeX\tex/latex/libertinus-type1\libert
inus-type1.sty
Package: libertinus-type1 2025/11/17 (Bob Tennent) Supports libertinus fonts fo
r latex/pdflatex.

(C:\Users\vresh\AppData\Local\Programs\MiKTeX\tex/generic/iftex\ifxetex.sty
Package: ifxetex 2019/10/25 v0.7 ifxetex legacy package. Use iftex instead.
)
(C:\Users\vresh\AppData\Local\Programs\MiKTeX\tex/generic/iftex\ifluatex.sty
Package: ifluatex 2019/10/25 v1.5 ifluatex legacy package. Use iftex instead.
)
(C:\Users\vresh\AppData\Local\Programs\MiKTeX\tex/latex/base\textcomp.sty
Package: textcomp 2024/04/24 v2.1b Standard LaTeX package
)
(C:\Users\vresh\AppData\Local\Programs\MiKTeX\tex/latex/base\fontenc.sty
Package: fontenc 2025/07/18 v2.1d Standard LaTeX package
)
(C:\Users\vresh\AppData\Local\Programs\MiKTeX\tex/latex/fontaxes\fontaxes.sty
Package: fontaxes 2026-01-02 v2.0.2 Font selection axes (deprecated)
Applying: [2024-11-01] Use figureversions if present on input line 74.

(C:\Users\vresh\AppData\Local\Programs\MiKTeX\tex/latex/figureversions\figureve
rsions.sty
Package: figureversions 2025-04-29 v1.0.1 Figure versions
)
Already applied: [0000-00-00] Fall back to v1 on input line 76.
)))
(C:\Users\vresh\AppData\Local\Programs\MiKTeX\tex/latex/microtype\microtype.sty
Package: microtype 2026/03/01 v3.2d Micro-typographical refinements (RS)
(C:\Users\vresh\AppData\Local\Programs\MiKTeX\tex/latex/etoolbox\etoolbox.sty
Package: etoolbox 2025/10/02 v2.5m e-TeX tools for LaTeX (JAW)
\etb@tempcnta=\count284
)
\MT@toks=\toks21
\MT@tempbox=\box53
\MT@count=\count285
LaTeX Info: Redefining \noprotrusionifhmode on input line 1084.
LaTeX Info: Redefining \leftprotrusion on input line 1085.
\MT@prot@toks=\toks22
LaTeX Info: Redefining \rightprotrusion on input line 1104.
LaTeX Info: Redefining \textls on input line 1449.
\MT@outer@kern=\dimen151
LaTeX Info: Redefining \microtypecontext on input line 2053.
LaTeX Info: Redefining \textmicrotypecontext on input line 2070.
\MT@listname@count=\count286

(C:\Users\vresh\AppData\Local\Programs\MiKTeX\tex/latex/microtype\microtype-pdf
tex.def
File: microtype-pdftex.def 2026/03/01 v3.2d Definitions specific to pdftex (RS)

LaTeX Info: Redefining \lsstyle on input line 944.
LaTeX Info: Redefining \lslig on input line 944.
\MT@outer@space=\skip51
)
Package microtype Info: Loading configuration file microtype.cfg.

(C:\Users\vresh\AppData\Local\Programs\MiKTeX\tex/latex/microtype\microtype.cfg
File: microtype.cfg 2026/03/01 v3.2d microtype main configuration file (RS)
)
LaTeX Info: Redefining \microtypesetup on input line 3065.
)
(C:\Users\vresh\AppData\Local\Programs\MiKTeX\tex/latex/geometry\geometry.sty
Package: geometry 2026/03/07 v6.0 Page Geometry

(C:\Users\vresh\AppData\Local\Programs\MiKTeX\tex/generic/iftex\ifvtex.sty
Package: ifvtex 2019/10/25 v1.7 ifvtex legacy package. Use iftex instead.
)
\Gm@cnth=\count287
\Gm@cntv=\count288
\c@Gm@tempcnt=\count289
\Gm@bindingoffset=\dimen152
\Gm@wd@mp=\dimen153
\Gm@odd@mp=\dimen154
\Gm@even@mp=\dimen155
\Gm@layoutwidth=\dimen156
\Gm@layoutheight=\dimen157
\Gm@layouthoffset=\dimen158
\Gm@layoutvoffset=\dimen159
\Gm@dimlist=\toks23

(C:\Users\vresh\AppData\Local\Programs\MiKTeX\tex/latex/geometry\geometry.cfg))
(C:\Users\vresh\AppData\Local\Programs\MiKTeX\tex/latex/amsmath\amsmath.sty
Package: amsmath 2025/07/09 v2.17z AMS math features
\@mathmargin=\skip52

For additional information on amsmath, use the `?' option.
(C:\Users\vresh\AppData\Local\Programs\MiKTeX\tex/latex/amsmath\amstext.sty
Package: amstext 2024/11/17 v2.01 AMS text

(C:\Users\vresh\AppData\Local\Programs\MiKTeX\tex/latex/amsmath\amsgen.sty
File: amsgen.sty 1999/11/30 v2.0 generic functions
\@emptytoks=\toks24
\ex@=\dimen160
))
(C:\Users\vresh\AppData\Local\Programs\MiKTeX\tex/latex/amsmath\amsbsy.sty
Package: amsbsy 1999/11/29 v1.2d Bold Symbols
\pmbraise@=\dimen161
)
(C:\Users\vresh\AppData\Local\Programs\MiKTeX\tex/latex/amsmath\amsopn.sty
Package: amsopn 2022/04/08 v2.04 operator names
)
\inf@bad=\count290
LaTeX Info: Redefining \frac on input line 233.
\uproot@=\count291
\leftroot@=\count292
LaTeX Info: Redefining \overline on input line 398.
LaTeX Info: Redefining \colon on input line 409.
\classnum@=\count293
\DOTSCASE@=\count294
LaTeX Info: Redefining \ldots on input line 495.
LaTeX Info: Redefining \dots on input line 498.
LaTeX Info: Redefining \cdots on input line 619.
\Mathstrutbox@=\box54
\strutbox@=\box55
LaTeX Info: Redefining \big on input line 721.
LaTeX Info: Redefining \Big on input line 722.
LaTeX Info: Redefining \bigg on input line 723.
LaTeX Info: Redefining \Bigg on input line 724.
\big@size=\dimen162
LaTeX Font Info:    Redeclaring font encoding OML on input line 742.
LaTeX Font Info:    Redeclaring font encoding OMS on input line 743.
\macc@depth=\count295
LaTeX Info: Redefining \bmod on input line 904.
LaTeX Info: Redefining \pmod on input line 909.
LaTeX Info: Redefining \smash on input line 939.
LaTeX Info: Redefining \relbar on input line 969.
LaTeX Info: Redefining \Relbar on input line 970.
\c@MaxMatrixCols=\count296
\dotsspace@=\muskip17
\c@parentequation=\count297
\dspbrk@lvl=\count298
\tag@help=\toks25
\row@=\count299
\column@=\count300
\maxfields@=\count301
\andhelp@=\toks26
\eqnshift@=\dimen163
\alignsep@=\dimen164
\tagshift@=\dimen165
\tagwidth@=\dimen166
\totwidth@=\dimen167
\lineht@=\dimen168
\@envbody=\toks27
\multlinegap=\skip53
\multlinetaggap=\skip54
\mathdisplay@stack=\toks28
LaTeX Info: Redefining \[ on input line 2950.
LaTeX Info: Redefining \] on input line 2951.
)
(C:\Users\vresh\AppData\Local\Programs\MiKTeX\tex/latex/amsfonts\amssymb.sty
Package: amssymb 2013/01/14 v3.01 AMS font symbols

(C:\Users\vresh\AppData\Local\Programs\MiKTeX\tex/latex/amsfonts\amsfonts.sty
Package: amsfonts 2013/01/14 v3.01 Basic AMSFonts support
\symAMSa=\mathgroup4
\symAMSb=\mathgroup5
LaTeX Font Info:    Redeclaring math symbol \hbar on input line 98.
LaTeX Font Info:    Overwriting math alphabet `\mathfrak' in version `bold'
(Font)                  U/euf/m/n --> U/euf/b/n on input line 106.
)) (C:\Users\vresh\AppData\Local\Programs\MiKTeX\tex/latex/amscls\amsthm.sty
Package: amsthm 2020/05/29 v2.20.6
\thm@style=\toks29
\thm@bodyfont=\toks30
\thm@headfont=\toks31
\thm@notefont=\toks32
\thm@headpunct=\toks33
\thm@preskip=\skip55
\thm@postskip=\skip56
\thm@headsep=\skip57
\dth@everypar=\toks34
)
(C:\Users\vresh\AppData\Local\Programs\MiKTeX\tex/latex/mathtools\mathtools.sty
Package: mathtools 2024/10/04 v1.31 mathematical typesetting tools
(C:\Users\vresh\AppData\Local\Programs\MiKTeX\tex/latex/tools\calc.sty
Package: calc 2025/03/01 v4.3b Infix arithmetic (KKT,FJ)
\calc@Acount=\count302
\calc@Bcount=\count303
\calc@Adimen=\dimen169
\calc@Bdimen=\dimen170
\calc@Askip=\skip58
\calc@Bskip=\skip59
LaTeX Info: Redefining \setlength on input line 86.
LaTeX Info: Redefining \addtolength on input line 87.
\calc@Ccount=\count304
\calc@Cskip=\skip60
)
(C:\Users\vresh\AppData\Local\Programs\MiKTeX\tex/latex/mathtools\mhsetup.sty
Package: mhsetup 2021/03/18 v1.4 programming setup (MH)
)
\g_MT_multlinerow_int=\count305
\l_MT_multwidth_dim=\dimen171
\origjot=\skip61
\l_MT_shortvdotswithinadjustabove_dim=\dimen172
\l_MT_shortvdotswithinadjustbelow_dim=\dimen173
\l_MT_above_intertext_sep=\dimen174
\l_MT_below_intertext_sep=\dimen175
\l_MT_above_shortintertext_sep=\dimen176
\l_MT_below_shortintertext_sep=\dimen177
\xmathstrut@box=\box56
\xmathstrut@dim=\dimen178
) (C:\Users\vresh\AppData\Local\Programs\MiKTeX\tex/latex/tools\bm.sty
Package: bm 2025/10/21 v1.2g Bold Symbol Support (DPC/FMi)
\symboldoperators=\mathgroup6
\symboldletters=\mathgroup7
\symboldsymbols=\mathgroup8
Package bm Info: No bold for \OMX/cmex/m/n, using \pmb.
Package bm Info: No bold for \U/msa/m/n, using \pmb.
Package bm Info: No bold for \U/msb/m/n, using \pmb.
LaTeX Font Info:    Redeclaring math alphabet \mathbf on input line 149.
)
(C:\Users\vresh\AppData\Local\Programs\MiKTeX\tex/latex/booktabs\booktabs.sty
Package: booktabs 2020/01/12 v1.61803398 Publication quality tables
\heavyrulewidth=\dimen179
\lightrulewidth=\dimen180
\cmidrulewidth=\dimen181
\belowrulesep=\dimen182
\belowbottomsep=\dimen183
\aboverulesep=\dimen184
\abovetopsep=\dimen185
\cmidrulesep=\dimen186
\cmidrulekern=\dimen187
\defaultaddspace=\dimen188
\@cmidla=\count306
\@cmidlb=\count307
\@aboverulesep=\dimen189
\@belowrulesep=\dimen190
\@thisruleclass=\count308
\@lastruleclass=\count309
\@thisrulewidth=\dimen191
)
(C:\Users\vresh\AppData\Local\Programs\MiKTeX\tex/latex/tools\longtable.sty
Package: longtable 2025-10-13 v4.24 Multi-page Table package (DPC)
\LTleft=\skip62
\LTright=\skip63
\LTpre=\skip64
\LTpost=\skip65
\LTchunksize=\count310
\LTcapwidth=\dimen192
\LT@head=\box57
\LT@firsthead=\box58
\LT@foot=\box59
\LT@lastfoot=\box60
\LT@gbox=\box61
\LT@cols=\count311
\LT@rows=\count312
\c@LT@tables=\count313
\c@LT@chunks=\count314
\LT@p@ftn=\toks35
)
(C:\Users\vresh\AppData\Local\Programs\MiKTeX\tex/latex/tools\array.sty
Package: array 2025/09/25 v2.6n Tabular extension package (FMi)
\col@sep=\dimen193
\ar@mcellbox=\box62
\extrarowheight=\dimen194
\NC@list=\toks36
\extratabsurround=\skip66
\backup@length=\skip67
\ar@cellbox=\box63
)
(C:\Users\vresh\AppData\Local\Programs\MiKTeX\tex/latex/multirow\multirow.sty
Package: multirow 2024/11/12 v2.9 Span multiple rows of a table
\multirow@colwidth=\skip68
\multirow@cntb=\count315
\multirow@dima=\skip69
\bigstrutjot=\dimen195
)
(C:\Users\vresh\AppData\Local\Programs\MiKTeX\tex/latex/graphics\graphicx.sty
Package: graphicx 2024/12/31 v1.2e Enhanced LaTeX Graphics (DPC,SPQR)

(C:\Users\vresh\AppData\Local\Programs\MiKTeX\tex/latex/graphics\graphics.sty
Package: graphics 2024/08/06 v1.4g Standard LaTeX Graphics (DPC,SPQR)

(C:\Users\vresh\AppData\Local\Programs\MiKTeX\tex/latex/graphics\trig.sty
Package: trig 2023/12/02 v1.11 sin cos tan (DPC)
)
(C:\Users\vresh\AppData\Local\Programs\MiKTeX\tex/latex/graphics-cfg\graphics.c
fg
File: graphics.cfg 2016/06/04 v1.11 sample graphics configuration
)
Package graphics Info: Driver file: pdftex.def on input line 106.

(C:\Users\vresh\AppData\Local\Programs\MiKTeX\tex/latex/graphics-def\pdftex.def
File: pdftex.def 2025/09/29 v1.2d Graphics/color driver for pdftex
))
\Gin@req@height=\dimen196
\Gin@req@width=\dimen197
) (C:\Users\vresh\AppData\Local\Programs\MiKTeX\tex/latex/caption\caption.sty
Package: caption 2023/08/05 v3.6o Customizing captions (AR)
(C:\Users\vresh\AppData\Local\Programs\MiKTeX\tex/latex/caption\caption3.sty
Package: caption3 2023/07/31 v2.4d caption3 kernel (AR)
\caption@tempdima=\dimen198
\captionmargin=\dimen199
\caption@leftmargin=\dimen256
\caption@rightmargin=\dimen257
\caption@width=\dimen258
\caption@indent=\dimen259
\caption@parindent=\dimen260
\caption@hangindent=\dimen261
Package caption Info: Standard document class detected.
)
\c@caption@flags=\count316
\c@continuedfloat=\count317
Package caption Info: longtable package is loaded.

(C:\Users\vresh\AppData\Local\Programs\MiKTeX\tex/latex/caption\ltcaption.sty
Package: ltcaption 2021/01/08 v1.4c longtable captions (AR)
)) (C:\Users\vresh\AppData\Local\Programs\MiKTeX\tex/latex/enumitem\enumitem.st
y
Package: enumitem 2025/02/06 v3.11 Customized lists
\enitkv@toks@=\toks37
\labelindent=\skip70
\enit@outerparindent=\dimen262
\enit@toks=\toks38
\enit@inbox=\box64
\enit@count@id=\count318
\enitdp@description=\count319
) (C:\Users\vresh\AppData\Local\Programs\MiKTeX\tex/latex/xcolor\xcolor.sty
Package: xcolor 2024/09/29 v3.02 LaTeX color extensions (UK)

(C:\Users\vresh\AppData\Local\Programs\MiKTeX\tex/latex/graphics-cfg\color.cfg
File: color.cfg 2016/01/02 v1.6 sample color configuration
)
Package xcolor Info: Driver file: pdftex.def on input line 274.
(C:\Users\vresh\AppData\Local\Programs\MiKTeX\tex/latex/graphics\mathcolor.ltx)
Package xcolor Info: Model `cmy' substituted by `cmy0' on input line 1349.
Package xcolor Info: Model `hsb' substituted by `rgb' on input line 1353.
Package xcolor Info: Model `RGB' extended on input line 1365.
Package xcolor Info: Model `HTML' substituted by `rgb' on input line 1367.
Package xcolor Info: Model `Hsb' substituted by `hsb' on input line 1368.
Package xcolor Info: Model `tHsb' substituted by `hsb' on input line 1369.
Package xcolor Info: Model `HSB' substituted by `hsb' on input line 1370.
Package xcolor Info: Model `Gray' substituted by `gray' on input line 1371.
Package xcolor Info: Model `wave' substituted by `hsb' on input line 1372.
) (C:\Users\vresh\AppData\Local\Programs\MiKTeX\tex/latex/graphics\dvipsnam.def
File: dvipsnam.def 2016/06/17 v3.0m Driver-dependent file (DPC,SPQR)
) (C:\Users\vresh\AppData\Local\Programs\MiKTeX\tex/latex/xcolor\svgnam.def
File: svgnam.def 2024/09/29 v3.02 Predefined colors according to SVG 1.1 (UK)
)
(C:\Users\vresh\AppData\Local\Programs\MiKTeX\tex/latex/hyperref\hyperref.sty
Package: hyperref 2026-01-29 v7.01p Hypertext links for LaTeX

(C:\Users\vresh\AppData\Local\Programs\MiKTeX\tex/latex/kvsetkeys\kvsetkeys.sty
Package: kvsetkeys 2022-10-05 v1.19 Key value parser (HO)
)
(C:\Users\vresh\AppData\Local\Programs\MiKTeX\tex/generic/kvdefinekeys\kvdefine
keys.sty
Package: kvdefinekeys 2019-12-19 v1.6 Define keys (HO)
)
(C:\Users\vresh\AppData\Local\Programs\MiKTeX\tex/generic/pdfescape\pdfescape.s
ty
Package: pdfescape 2019/12/09 v1.15 Implements pdfTeX's escape features (HO)

(C:\Users\vresh\AppData\Local\Programs\MiKTeX\tex/generic/ltxcmds\ltxcmds.sty
Package: ltxcmds 2023-12-04 v1.26 LaTeX kernel commands for general use (HO)
)
(C:\Users\vresh\AppData\Local\Programs\MiKTeX\tex/generic/pdftexcmds\pdftexcmds
.sty
Package: pdftexcmds 2020-06-27 v0.33 Utility functions of pdfTeX for LuaTeX (HO
)

(C:\Users\vresh\AppData\Local\Programs\MiKTeX\tex/generic/infwarerr\infwarerr.s
ty
Package: infwarerr 2019/12/03 v1.5 Providing info/warning/error messages (HO)
)
Package pdftexcmds Info: \pdf@primitive is available.
Package pdftexcmds Info: \pdf@ifprimitive is available.
Package pdftexcmds Info: \pdfdraftmode found.
))
(C:\Users\vresh\AppData\Local\Programs\MiKTeX\tex/latex/hycolor\hycolor.sty
Package: hycolor 2020-01-27 v1.10 Color options for hyperref/bookmark (HO)
)
(C:\Users\vresh\AppData\Local\Programs\MiKTeX\tex/latex/hyperref\nameref.sty
Package: nameref 2026-01-29 v2.58 Cross-referencing by name of section

(C:\Users\vresh\AppData\Local\Programs\MiKTeX\tex/latex/refcount\refcount.sty
Package: refcount 2019/12/15 v3.6 Data extraction from label references (HO)
)
(C:\Users\vresh\AppData\Local\Programs\MiKTeX\tex/generic/gettitlestring\gettit
lestring.sty
Package: gettitlestring 2019/12/15 v1.6 Cleanup title references (HO)

(C:\Users\vresh\AppData\Local\Programs\MiKTeX\tex/latex/kvoptions\kvoptions.sty
Package: kvoptions 2022-06-15 v3.15 Key value format for package options (HO)
))
\c@section@level=\count320
)
(C:\Users\vresh\AppData\Local\Programs\MiKTeX\tex/generic/stringenc\stringenc.s
ty
Package: stringenc 2019/11/29 v1.12 Convert strings between diff. encodings (HO
)
)
\@linkdim=\dimen263
\Hy@linkcounter=\count321
\Hy@pagecounter=\count322
 (C:\Users\vresh\AppData\Local\Programs\MiKTeX\tex/latex/hyperref\pd1enc.def
File: pd1enc.def 2026-01-29 v7.01p Hyperref: PDFDocEncoding definition (HO)
Now handling font encoding PD1 ...
... no UTF-8 mapping file for font encoding PD1
) (C:\Users\vresh\AppData\Local\Programs\MiKTeX\tex/generic/intcalc\intcalc.sty
Package: intcalc 2019/12/15 v1.3 Expandable calculations with integers (HO)
)
\Hy@SavedSpaceFactor=\count323
 (C:\Users\vresh\AppData\Local\Programs\MiKTeX\tex/latex/hyperref\puenc.def
File: puenc.def 2026-01-29 v7.01p Hyperref: PDF Unicode definition (HO)
Now handling font encoding PU ...
... no UTF-8 mapping file for font encoding PU
)
Package hyperref Info: Option `hypertexnames' set `false' on input line 4072.
Package hyperref Info: Hyper figures OFF on input line 4201.
Package hyperref Info: Link nesting OFF on input line 4206.
Package hyperref Info: Hyper index ON on input line 4209.
Package hyperref Info: Plain pages OFF on input line 4216.
Package hyperref Info: Backreferencing OFF on input line 4221.
Package hyperref Info: Implicit mode ON; LaTeX internals redefined.
Package hyperref Info: Bookmarks ON on input line 4468.
\c@Hy@tempcnt=\count324

(C:\Users\vresh\AppData\Local\Programs\MiKTeX\tex/latex/url\url.sty
\Urlmuskip=\muskip18
Package: url 2013/09/16  ver 3.4  Verb mode for urls, etc.
)
LaTeX Info: Redefining \url on input line 4807.
\XeTeXLinkMargin=\dimen264

(C:\Users\vresh\AppData\Local\Programs\MiKTeX\tex/generic/bitset\bitset.sty
Package: bitset 2019/12/09 v1.3 Handle bit-vector datatype (HO)

(C:\Users\vresh\AppData\Local\Programs\MiKTeX\tex/generic/bigintcalc\bigintcalc
.sty
Package: bigintcalc 2019/12/15 v1.5 Expandable calculations on big integers (HO
)
))
\Fld@menulength=\count325
\Field@Width=\dimen265
\Fld@charsize=\dimen266
Package hyperref Info: Hyper figures OFF on input line 6084.
Package hyperref Info: Link nesting OFF on input line 6089.
Package hyperref Info: Hyper index ON on input line 6092.
Package hyperref Info: backreferencing OFF on input line 6099.
Package hyperref Info: Link coloring OFF on input line 6104.
Package hyperref Info: Link coloring with OCG OFF on input line 6109.
Package hyperref Info: PDF/A mode OFF on input line 6114.
\Hy@abspage=\count326
\c@Item=\count327
\c@Hfootnote=\count328
)
Package hyperref Info: Driver (autodetected): hpdftex.

(C:\Users\vresh\AppData\Local\Programs\MiKTeX\tex/latex/hyperref\hpdftex.def
File: hpdftex.def 2026-01-29 v7.01p Hyperref driver for pdfTeX
\Fld@listcount=\count329
\c@bookmark@seq@number=\count330

(C:\Users\vresh\AppData\Local\Programs\MiKTeX\tex/latex/rerunfilecheck\rerunfil
echeck.sty
Package: rerunfilecheck 2025-06-21 v1.11 Rerun checks for auxiliary files (HO)

(C:\Users\vresh\AppData\Local\Programs\MiKTeX\tex/generic/uniquecounter\uniquec
ounter.sty
Package: uniquecounter 2019/12/15 v1.4 Provide unlimited unique counter (HO)
)
Package uniquecounter Info: New unique counter `rerunfilecheck' on input line 2
84.
)
\Hy@SectionHShift=\skip71
)
(C:\Users\vresh\AppData\Local\Programs\MiKTeX\tex/latex/fancyhdr\fancyhdr.sty
Package: fancyhdr 2025/02/07 v5.2 Extensive control of page headers and footers

\f@nch@headwidth=\skip72
\f@nch@offset@elh=\skip73
\f@nch@offset@erh=\skip74
\f@nch@offset@olh=\skip75
\f@nch@offset@orh=\skip76
\f@nch@offset@elf=\skip77
\f@nch@offset@erf=\skip78
\f@nch@offset@olf=\skip79
\f@nch@offset@orf=\skip80
\f@nch@height=\skip81
\f@nch@footalignment=\skip82
\f@nch@widthL=\skip83
\f@nch@widthC=\skip84
\f@nch@widthR=\skip85
\@temptokenb=\toks39
)
(C:\Users\vresh\AppData\Local\Programs\MiKTeX\tex/latex/listings\listings.sty
\lst@mode=\count331
\lst@gtempboxa=\box65
\lst@token=\toks40
\lst@length=\count332
\lst@currlwidth=\dimen267
\lst@column=\count333
\lst@pos=\count334
\lst@lostspace=\dimen268
\lst@width=\dimen269
\lst@newlines=\count335
\lst@lineno=\count336
\lst@maxwidth=\dimen270

(C:\Users\vresh\AppData\Local\Programs\MiKTeX\tex/latex/listings\lstpatch.sty
File: lstpatch.sty 2025/11/14 1.11b (Carsten Heinz)
)
(C:\Users\vresh\AppData\Local\Programs\MiKTeX\tex/latex/listings\lstmisc.sty
File: lstmisc.sty 2025/11/14 1.11b (Carsten Heinz)
\c@lstnumber=\count337
\lst@skipnumbers=\count338
\lst@framebox=\box66
)
(C:\Users\vresh\AppData\Local\Programs\MiKTeX\tex/latex/listings\listings.cfg
File: listings.cfg 2025/11/14 1.11b listings configuration
))
Package: listings 2025/11/14 1.11b (Carsten Heinz)
==> First Aid for listings.sty no longer applied!
    Expected:
        2024/09/23 1.10c (Carsten Heinz)
    but found:
        2025/11/14 1.11b (Carsten Heinz)
    so I'm assuming it got fixed.
(../../../../fabius-notation.tex)
Package hyperref Info: Option `hypertexnames' set `false' on input line 32.
Package hyperref Info: Option `colorlinks' set `true' on input line 32.

(C:\Users\vresh\AppData\Local\Programs\MiKTeX\tex/latex/aliascnt\aliascnt.sty
Package: aliascnt 2026-03-08 v1.7 Alias counters (HO)
)
\c@theorem=\count339

(C:\Users\vresh\AppData\Local\Programs\MiKTeX\tex/latex/tools\tabularx.sty
Package: tabularx 2023/12/11 v2.12a `tabularx' package (DPC)
\TX@col@width=\dimen271
\TX@old@table=\dimen272
\TX@old@col=\dimen273
\TX@target=\dimen274
\TX@delta=\dimen275
\TX@cols=\count340
\TX@ftn=\toks41
)
(C:\Users\vresh\AppData\Local\Programs\MiKTeX\tex/latex/float\float.sty
Package: float 2001/11/08 v1.3d Float enhancements (AL)
\c@float@type=\count341
\float@exts=\toks42
\float@box=\box67
\@float@everytoks=\toks43
\@floatcapt=\box68
)
(C:\Users\vresh\AppData\Local\Programs\MiKTeX\tex/latex/cleveref\cleveref.sty
Package: cleveref 2018/03/27 v0.21.4 Intelligent cross-referencing
Package cleveref Info: `hyperref' support loaded on input line 2370.
LaTeX Info: Redefining \cref on input line 2370.
LaTeX Info: Redefining \Cref on input line 2370.
LaTeX Info: Redefining \crefrange on input line 2370.
LaTeX Info: Redefining \Crefrange on input line 2370.
LaTeX Info: Redefining \cpageref on input line 2370.
LaTeX Info: Redefining \Cpageref on input line 2370.
LaTeX Info: Redefining \cpagerefrange on input line 2370.
LaTeX Info: Redefining \Cpagerefrange on input line 2370.
LaTeX Info: Redefining \labelcref on input line 2370.
LaTeX Info: Redefining \labelcpageref on input line 2370.
Package cleveref Info: `amsthm' support loaded on input line 3026.
Package cleveref Info: `listings' support loaded on input line 3131.
Package cleveref Info: `aliascnt' support loaded on input line 3193.
Package cleveref Info: always capitalise cross-reference names on input line 78
25.
Package cleveref Info: include cross-reference names in hyperlinks on input lin
e 7836.
Package cleveref Info: include cross-reference names in hyperlinks on input lin
e 7852.
Package cleveref Info: always capitalise cross-reference names on input line 78
52.
)
==> First Aid for cleveref.sty applied!
(C:\Users\vresh\AppData\Local\Programs\MiKTeX\tex/latex/caption\subcaption.sty
Package: subcaption 2023/07/28 v1.6b Sub-captions (AR)
Package caption Info: New subtype `subfigure' on input line 238.
\c@subfigure=\count342
Package caption Info: New subtype `subtable' on input line 238.
\c@subtable=\count343
) (C:\Users\vresh\AppData\Local\Programs\MiKTeX\tex/latex/jknappen\mathrsfs.sty
Package: mathrsfs 1996/01/01 Math RSFS package v1.0 (jk)
\symrsfs=\mathgroup9
)
(C:\Users\vresh\AppData\Local\Programs\MiKTeX\tex/latex/tcolorbox\tcolorbox.sty
Package: tcolorbox 2025/11/28 version 6.9.0 text color boxes

(C:\Users\vresh\AppData\Local\Programs\MiKTeX\tex/latex/pgf/frontendlayer\tikz.
sty
(C:\Users\vresh\AppData\Local\Programs\MiKTeX\tex/latex/pgf/basiclayer\pgf.sty
(C:\Users\vresh\AppData\Local\Programs\MiKTeX\tex/latex/pgf/utilities\pgfrcs.st
y
(C:\Users\vresh\AppData\Local\Programs\MiKTeX\tex/generic/pgf/utilities\pgfutil
-common.tex
\pgfutil@everybye=\toks44
\pgfutil@tempdima=\dimen276
\pgfutil@tempdimb=\dimen277
)
(C:\Users\vresh\AppData\Local\Programs\MiKTeX\tex/generic/pgf/utilities\pgfutil
-latex.def
\pgfutil@abb=\box69
)
(C:\Users\vresh\AppData\Local\Programs\MiKTeX\tex/generic/pgf/utilities\pgfrcs.
code.tex
(C:\Users\vresh\AppData\Local\Programs\MiKTeX\tex/generic/pgf\pgf.revision.tex)
Package: pgfrcs 2025-08-29 v3.1.11a (3.1.11a)
))
Package: pgf 2025-08-29 v3.1.11a (3.1.11a)

(C:\Users\vresh\AppData\Local\Programs\MiKTeX\tex/latex/pgf/basiclayer\pgfcore.
sty
(C:\Users\vresh\AppData\Local\Programs\MiKTeX\tex/latex/pgf/systemlayer\pgfsys.
sty
(C:\Users\vresh\AppData\Local\Programs\MiKTeX\tex/generic/pgf/systemlayer\pgfsy
s.code.tex
Package: pgfsys 2025-08-29 v3.1.11a (3.1.11a)

(C:\Users\vresh\AppData\Local\Programs\MiKTeX\tex/generic/pgf/utilities\pgfkeys
.code.tex
\pgfkeys@pathtoks=\toks45
\pgfkeys@temptoks=\toks46

(C:\Users\vresh\AppData\Local\Programs\MiKTeX\tex/generic/pgf/utilities\pgfkeys
libraryfiltered.code.tex
\pgfkeys@tmptoks=\toks47
))
\pgf@x=\dimen278
\pgf@y=\dimen279
\pgf@xa=\dimen280
\pgf@ya=\dimen281
\pgf@xb=\dimen282
\pgf@yb=\dimen283
\pgf@xc=\dimen284
\pgf@yc=\dimen285
\pgf@xd=\dimen286
\pgf@yd=\dimen287
\w@pgf@writea=\write3
\r@pgf@reada=\read2
\c@pgf@counta=\count344
\c@pgf@countb=\count345
\c@pgf@countc=\count346
\c@pgf@countd=\count347
\t@pgf@toka=\toks48
\t@pgf@tokb=\toks49
\t@pgf@tokc=\toks50
\pgf@sys@id@count=\count348

(C:\Users\vresh\AppData\Local\Programs\MiKTeX\tex/generic/pgf/systemlayer\pgf.c
fg
File: pgf.cfg 2025-08-29 v3.1.11a (3.1.11a)
)
Driver file for pgf: pgfsys-pdftex.def

(C:\Users\vresh\AppData\Local\Programs\MiKTeX\tex/generic/pgf/systemlayer\pgfsy
s-pdftex.def
File: pgfsys-pdftex.def 2025-08-29 v3.1.11a (3.1.11a)

(C:\Users\vresh\AppData\Local\Programs\MiKTeX\tex/generic/pgf/systemlayer\pgfsy
s-common-pdf.def
File: pgfsys-common-pdf.def 2025-08-29 v3.1.11a (3.1.11a)
)))
(C:\Users\vresh\AppData\Local\Programs\MiKTeX\tex/generic/pgf/systemlayer\pgfsy
ssoftpath.code.tex
File: pgfsyssoftpath.code.tex 2025-08-29 v3.1.11a (3.1.11a)
\pgfsyssoftpath@smallbuffer@items=\count349
\pgfsyssoftpath@bigbuffer@items=\count350
)
(C:\Users\vresh\AppData\Local\Programs\MiKTeX\tex/generic/pgf/systemlayer\pgfsy
sprotocol.code.tex
File: pgfsysprotocol.code.tex 2025-08-29 v3.1.11a (3.1.11a)
))
(C:\Users\vresh\AppData\Local\Programs\MiKTeX\tex/generic/pgf/basiclayer\pgfcor
e.code.tex
Package: pgfcore 2025-08-29 v3.1.11a (3.1.11a)

(C:\Users\vresh\AppData\Local\Programs\MiKTeX\tex/generic/pgf/math\pgfmath.code
.tex
(C:\Users\vresh\AppData\Local\Programs\MiKTeX\tex/generic/pgf/math\pgfmathutil.
code.tex)
(C:\Users\vresh\AppData\Local\Programs\MiKTeX\tex/generic/pgf/math\pgfmathparse
r.code.tex
\pgfmath@dimen=\dimen288
\pgfmath@count=\count351
\pgfmath@box=\box70
\pgfmath@toks=\toks51
\pgfmath@stack@operand=\toks52
\pgfmath@stack@operation=\toks53
)
(C:\Users\vresh\AppData\Local\Programs\MiKTeX\tex/generic/pgf/math\pgfmathfunct
ions.code.tex)
(C:\Users\vresh\AppData\Local\Programs\MiKTeX\tex/generic/pgf/math\pgfmathfunct
ions.basic.code.tex)
(C:\Users\vresh\AppData\Local\Programs\MiKTeX\tex/generic/pgf/math\pgfmathfunct
ions.trigonometric.code.tex)
(C:\Users\vresh\AppData\Local\Programs\MiKTeX\tex/generic/pgf/math\pgfmathfunct
ions.random.code.tex)
(C:\Users\vresh\AppData\Local\Programs\MiKTeX\tex/generic/pgf/math\pgfmathfunct
ions.comparison.code.tex)
(C:\Users\vresh\AppData\Local\Programs\MiKTeX\tex/generic/pgf/math\pgfmathfunct
ions.base.code.tex)
(C:\Users\vresh\AppData\Local\Programs\MiKTeX\tex/generic/pgf/math\pgfmathfunct
ions.round.code.tex)
(C:\Users\vresh\AppData\Local\Programs\MiKTeX\tex/generic/pgf/math\pgfmathfunct
ions.misc.code.tex)
(C:\Users\vresh\AppData\Local\Programs\MiKTeX\tex/generic/pgf/math\pgfmathfunct
ions.integerarithmetics.code.tex)
(C:\Users\vresh\AppData\Local\Programs\MiKTeX\tex/generic/pgf/math\pgfmathcalc.
code.tex)
(C:\Users\vresh\AppData\Local\Programs\MiKTeX\tex/generic/pgf/math\pgfmathfloat
.code.tex
\c@pgfmathroundto@lastzeros=\count352
))
(C:\Users\vresh\AppData\Local\Programs\MiKTeX\tex/generic/pgf/math\pgfint.code.
tex)
(C:\Users\vresh\AppData\Local\Programs\MiKTeX\tex/generic/pgf/basiclayer\pgfcor
epoints.code.tex
File: pgfcorepoints.code.tex 2025-08-29 v3.1.11a (3.1.11a)
\pgf@picminx=\dimen289
\pgf@picmaxx=\dimen290
\pgf@picminy=\dimen291
\pgf@picmaxy=\dimen292
\pgf@pathminx=\dimen293
\pgf@pathmaxx=\dimen294
\pgf@pathminy=\dimen295
\pgf@pathmaxy=\dimen296
\pgf@xx=\dimen297
\pgf@xy=\dimen298
\pgf@yx=\dimen299
\pgf@yy=\dimen300
\pgf@zx=\dimen301
\pgf@zy=\dimen302
)
(C:\Users\vresh\AppData\Local\Programs\MiKTeX\tex/generic/pgf/basiclayer\pgfcor
epathconstruct.code.tex
File: pgfcorepathconstruct.code.tex 2025-08-29 v3.1.11a (3.1.11a)
\pgf@path@lastx=\dimen303
\pgf@path@lasty=\dimen304
)
(C:\Users\vresh\AppData\Local\Programs\MiKTeX\tex/generic/pgf/basiclayer\pgfcor
epathusage.code.tex
File: pgfcorepathusage.code.tex 2025-08-29 v3.1.11a (3.1.11a)
\pgf@shorten@end@additional=\dimen305
\pgf@shorten@start@additional=\dimen306
)
(C:\Users\vresh\AppData\Local\Programs\MiKTeX\tex/generic/pgf/basiclayer\pgfcor
escopes.code.tex
File: pgfcorescopes.code.tex 2025-08-29 v3.1.11a (3.1.11a)
\pgfpic=\box71
\pgf@hbox=\box72
\pgf@layerbox@main=\box73
\pgf@picture@serial@count=\count353
)
(C:\Users\vresh\AppData\Local\Programs\MiKTeX\tex/generic/pgf/basiclayer\pgfcor
egraphicstate.code.tex
File: pgfcoregraphicstate.code.tex 2025-08-29 v3.1.11a (3.1.11a)
\pgflinewidth=\dimen307
)
(C:\Users\vresh\AppData\Local\Programs\MiKTeX\tex/generic/pgf/basiclayer\pgfcor
etransformations.code.tex
File: pgfcoretransformations.code.tex 2025-08-29 v3.1.11a (3.1.11a)
\pgf@pt@x=\dimen308
\pgf@pt@y=\dimen309
\pgf@pt@temp=\dimen310
)
(C:\Users\vresh\AppData\Local\Programs\MiKTeX\tex/generic/pgf/basiclayer\pgfcor
equick.code.tex
File: pgfcorequick.code.tex 2025-08-29 v3.1.11a (3.1.11a)
)
(C:\Users\vresh\AppData\Local\Programs\MiKTeX\tex/generic/pgf/basiclayer\pgfcor
eobjects.code.tex
File: pgfcoreobjects.code.tex 2025-08-29 v3.1.11a (3.1.11a)
)
(C:\Users\vresh\AppData\Local\Programs\MiKTeX\tex/generic/pgf/basiclayer\pgfcor
epathprocessing.code.tex
File: pgfcorepathprocessing.code.tex 2025-08-29 v3.1.11a (3.1.11a)
)
(C:\Users\vresh\AppData\Local\Programs\MiKTeX\tex/generic/pgf/basiclayer\pgfcor
earrows.code.tex
File: pgfcorearrows.code.tex 2025-08-29 v3.1.11a (3.1.11a)
\pgfarrowsep=\dimen311
)
(C:\Users\vresh\AppData\Local\Programs\MiKTeX\tex/generic/pgf/basiclayer\pgfcor
eshade.code.tex
File: pgfcoreshade.code.tex 2025-08-29 v3.1.11a (3.1.11a)
\pgf@max=\dimen312
\pgf@sys@shading@range@num=\count354
\pgf@shadingcount=\count355
)
(C:\Users\vresh\AppData\Local\Programs\MiKTeX\tex/generic/pgf/basiclayer\pgfcor
eimage.code.tex
File: pgfcoreimage.code.tex 2025-08-29 v3.1.11a (3.1.11a)
)
(C:\Users\vresh\AppData\Local\Programs\MiKTeX\tex/generic/pgf/basiclayer\pgfcor
eexternal.code.tex
File: pgfcoreexternal.code.tex 2025-08-29 v3.1.11a (3.1.11a)
\pgfexternal@startupbox=\box74
)
(C:\Users\vresh\AppData\Local\Programs\MiKTeX\tex/generic/pgf/basiclayer\pgfcor
elayers.code.tex
File: pgfcorelayers.code.tex 2025-08-29 v3.1.11a (3.1.11a)
)
(C:\Users\vresh\AppData\Local\Programs\MiKTeX\tex/generic/pgf/basiclayer\pgfcor
etransparency.code.tex
File: pgfcoretransparency.code.tex 2025-08-29 v3.1.11a (3.1.11a)
)
(C:\Users\vresh\AppData\Local\Programs\MiKTeX\tex/generic/pgf/basiclayer\pgfcor
epatterns.code.tex
File: pgfcorepatterns.code.tex 2025-08-29 v3.1.11a (3.1.11a)
)
(C:\Users\vresh\AppData\Local\Programs\MiKTeX\tex/generic/pgf/basiclayer\pgfcor
erdf.code.tex
File: pgfcorerdf.code.tex 2025-08-29 v3.1.11a (3.1.11a)
)))
(C:\Users\vresh\AppData\Local\Programs\MiKTeX\tex/generic/pgf/modules\pgfmodule
shapes.code.tex
File: pgfmoduleshapes.code.tex 2025-08-29 v3.1.11a (3.1.11a)
\pgfnodeparttextbox=\box75
)
(C:\Users\vresh\AppData\Local\Programs\MiKTeX\tex/generic/pgf/modules\pgfmodule
plot.code.tex
File: pgfmoduleplot.code.tex 2025-08-29 v3.1.11a (3.1.11a)
)
(C:\Users\vresh\AppData\Local\Programs\MiKTeX\tex/latex/pgf/compatibility\pgfco
mp-version-0-65.sty
Package: pgfcomp-version-0-65 2025-08-29 v3.1.11a (3.1.11a)
\pgf@nodesepstart=\dimen313
\pgf@nodesepend=\dimen314
)
(C:\Users\vresh\AppData\Local\Programs\MiKTeX\tex/latex/pgf/compatibility\pgfco
mp-version-1-18.sty
Package: pgfcomp-version-1-18 2025-08-29 v3.1.11a (3.1.11a)
))
(C:\Users\vresh\AppData\Local\Programs\MiKTeX\tex/latex/pgf/utilities\pgffor.st
y
(C:\Users\vresh\AppData\Local\Programs\MiKTeX\tex/latex/pgf/utilities\pgfkeys.s
ty
(C:\Users\vresh\AppData\Local\Programs\MiKTeX\tex/generic/pgf/utilities\pgfkeys
.code.tex))
(C:\Users\vresh\AppData\Local\Programs\MiKTeX\tex/latex/pgf/math\pgfmath.sty
(C:\Users\vresh\AppData\Local\Programs\MiKTeX\tex/generic/pgf/math\pgfmath.code
.tex))
(C:\Users\vresh\AppData\Local\Programs\MiKTeX\tex/generic/pgf/utilities\pgffor.
code.tex
Package: pgffor 2025-08-29 v3.1.11a (3.1.11a)
\pgffor@iter=\dimen315
\pgffor@skip=\dimen316
\pgffor@stack=\toks54
\pgffor@toks=\toks55
))
(C:\Users\vresh\AppData\Local\Programs\MiKTeX\tex/generic/pgf/frontendlayer/tik
z\tikz.code.tex
Package: tikz 2025-08-29 v3.1.11a (3.1.11a)

(C:\Users\vresh\AppData\Local\Programs\MiKTeX\tex/generic/pgf/libraries\pgflibr
aryplothandlers.code.tex
File: pgflibraryplothandlers.code.tex 2025-08-29 v3.1.11a (3.1.11a)
\pgf@plot@mark@count=\count356
\pgfplotmarksize=\dimen317
)
\tikz@lastx=\dimen318
\tikz@lasty=\dimen319
\tikz@lastxsaved=\dimen320
\tikz@lastysaved=\dimen321
\tikz@lastmovetox=\dimen322
\tikz@lastmovetoy=\dimen323
\tikzleveldistance=\dimen324
\tikzsiblingdistance=\dimen325
\tikz@figbox=\box76
\tikz@figbox@bg=\box77
\tikz@tempbox=\box78
\tikz@tempbox@bg=\box79
\tikztreelevel=\count357
\tikznumberofchildren=\count358
\tikznumberofcurrentchild=\count359
\tikz@fig@count=\count360

(C:\Users\vresh\AppData\Local\Programs\MiKTeX\tex/generic/pgf/modules\pgfmodule
matrix.code.tex
File: pgfmodulematrix.code.tex 2025-08-29 v3.1.11a (3.1.11a)
\pgfmatrixcurrentrow=\count361
\pgfmatrixcurrentcolumn=\count362
\pgf@matrix@numberofcolumns=\count363
)
\tikz@expandcount=\count364

(C:\Users\vresh\AppData\Local\Programs\MiKTeX\tex/generic/pgf/frontendlayer/tik
z/libraries\tikzlibrarytopaths.code.tex
File: tikzlibrarytopaths.code.tex 2025-08-29 v3.1.11a (3.1.11a)
)))
(C:\Users\vresh\AppData\Local\Programs\MiKTeX\tex/latex/tools\verbatim.sty
Package: verbatim 2024-01-22 v1.5x LaTeX2e package for verbatim enhancements
\every@verbatim=\toks56
\verbatim@line=\toks57
\verbatim@in@stream=\read3
)
(C:\Users\vresh\AppData\Local\Programs\MiKTeX\tex/latex/environ\environ.sty
Package: environ 2014/05/04 v0.3 A new way to define environments

(C:\Users\vresh\AppData\Local\Programs\MiKTeX\tex/latex/trimspaces\trimspaces.s
ty
Package: trimspaces 2009/09/17 v1.1 Trim spaces around a token list
))
\tcb@titlebox=\box80
\tcb@upperbox=\box81
\tcb@lowerbox=\box82
\tcb@phantombox=\box83
\c@tcbbreakpart=\count365
\c@tcblayer=\count366
\c@tcolorbox@number=\count367
\l__tcobox_tmpa_box=\box84
\l__tcobox_tmpa_dim=\dimen326
\tcb@temp=\box85
\tcb@temp=\box86
\tcb@temp=\box87
\tcb@temp=\box88

(C:\Users\vresh\AppData\Local\Programs\MiKTeX\tex/latex/tcolorbox\tcbraster.cod
e.tex
Library (tcolorbox): 'tcbraster.code.tex' version '6.9.0'
\c@tcbrastercolumn=\count368
\c@tcbrasterrow=\count369
\c@tcbrasternum=\count370
\c@tcbraster=\count371
)
(C:\Users\vresh\AppData\Local\Programs\MiKTeX\tex/latex/tcolorbox\tcbskins.code
.tex
Library (tcolorbox): 'tcbskins.code.tex' version '6.9.0'

(C:\Users\vresh\AppData\Local\Programs\MiKTeX\tex/latex/tikzfill\tikzfill.image
.sty
Package: tikzfill.image 2026/04/23 v1.2.0 Image filling library for TikZ

(C:\Users\vresh\AppData\Local\Programs\MiKTeX\tex/latex/tikzfill\tikzlibraryfil
l.image.code.tex
File: tikzlibraryfill.image.code.tex 2026/04/23 v1.2.0 Image filling library
\l__tikzfill_tmpa_dim=\dimen327
\l__tikzfill_tmpb_dim=\dimen328
\l__tikzfill_img_box=\box89
))
(C:\Users\vresh\AppData\Local\Programs\MiKTeX\tex/latex/tcolorbox\tcbskinsjigsa
w.code.tex
Library (tcolorbox): 'tcbskinsjigsaw.code.tex' version '6.9.0'
))
(C:\Users\vresh\AppData\Local\Programs\MiKTeX\tex/latex/tcolorbox\tcbbreakable.
code.tex
Library (tcolorbox): 'tcbbreakable.code.tex' version '6.9.0'
(C:\Users\vresh\AppData\Local\Programs\MiKTeX\tex/latex/pdfcol\pdfcol.sty
Package: pdfcol 2022-09-21 v1.7 Handle new color stacks for pdfTeX (HO)
)
Package pdfcol Info: New color stack `tcb@breakable' = 1 on input line 23.
\tcb@testbox=\box90
\tcb@totalupperbox=\box91
\tcb@totallowerbox=\box92
)
(C:\Users\vresh\AppData\Local\Programs\MiKTeX\tex/latex/tcolorbox\tcbhooks.code
.tex
Library (tcolorbox): 'tcbhooks.code.tex' version '6.9.0'
)
(C:\Users\vresh\AppData\Local\Programs\MiKTeX\tex/latex/tcolorbox\tcbtheorems.c
ode.tex
Library (tcolorbox): 'tcbtheorems.code.tex' version '6.9.0'
)
(C:\Users\vresh\AppData\Local\Programs\MiKTeX\tex/latex/tcolorbox\tcbfitting.co
de.tex
Library (tcolorbox): 'tcbfitting.code.tex' version '6.9.0'
\tcbfitdim=\dimen329
\tcb@lowerfitdim=\dimen330
\tcb@upperfitdim=\dimen331
\tcb@cur@hbadness=\count372
)
(C:\Users\vresh\AppData\Local\Programs\MiKTeX\tex/latex/tcolorbox\tcblistingsut
f8.code.tex
Library (tcolorbox): 'tcblistingsutf8.code.tex' version '6.9.0'

(C:\Users\vresh\AppData\Local\Programs\MiKTeX\tex/latex/tcolorbox\tcblistings.c
ode.tex
Library (tcolorbox): 'tcblistings.code.tex' version '6.9.0'

(C:\Users\vresh\AppData\Local\Programs\MiKTeX\tex/latex/tcolorbox\tcblistingsco
re.code.tex
Library (tcolorbox): 'tcblistingscore.code.tex' version '6.9.0'

(C:\Users\vresh\AppData\Local\Programs\MiKTeX\tex/latex/tcolorbox\tcbprocessing
.code.tex
Library (tcolorbox): 'tcbprocessing.code.tex' version '6.9.0'
)
\c@tcblisting=\count373
))
(C:\Users\vresh\AppData\Local\Programs\MiKTeX\tex/latex/listingsutf8\listingsut
f8.sty
Package: listingsutf8 2019-12-10 v1.5 Allow UTF-8 in listings input (HO)
))
(C:\Users\vresh\AppData\Local\Programs\MiKTeX\tex/latex/tcolorbox\tcbexternal.c
ode.tex
Library (tcolorbox): 'tcbexternal.code.tex' version '6.9.0'
)
(C:\Users\vresh\AppData\Local\Programs\MiKTeX\tex/latex/tcolorbox\tcbmagazine.c
ode.tex
Library (tcolorbox): 'tcbmagazine.code.tex' version '6.9.0'
)
(C:\Users\vresh\AppData\Local\Programs\MiKTeX\tex/latex/tcolorbox\tcbvignette.c
ode.tex
Library (tcolorbox): 'tcbvignette.code.tex' version '6.9.0'

(C:\Users\vresh\AppData\Local\Programs\MiKTeX\tex/generic/pgf/frontendlayer/tik
z/libraries\tikzlibraryfadings.code.tex
File: tikzlibraryfadings.code.tex 2025-08-29 v3.1.11a (3.1.11a)

(C:\Users\vresh\AppData\Local\Programs\MiKTeX\tex/generic/pgf/libraries\pgflibr
aryfadings.code.tex
File: pgflibraryfadings.code.tex 2025-08-29 v3.1.11a (3.1.11a)
)))
(C:\Users\vresh\AppData\Local\Programs\MiKTeX\tex/latex/tcolorbox\tcbposter.cod
e.tex
Library (tcolorbox): 'tcbposter.code.tex' version '6.9.0'
))
(C:\Users\vresh\AppData\Local\Programs\MiKTeX\tex/latex/fancyvrb\fancyvrb.sty
Package: fancyvrb 2025/07/28 4.6 verbatim text (tvz,hv)
\FV@CodeLineNo=\count374
\FV@InFile=\read4
\FV@TabBox=\box93
\c@FancyVerbLine=\count375
\FV@StepNumber=\count376
\FV@OutFile=\write4
)
(C:\Users\vresh\AppData\Local\Programs\MiKTeX\tex/latex/xurl\xurl.sty
Package: xurl 2022/01/09 v 0.10 modify URL breaks
)
LaTeX Font Info:    Trying to load font information for T1+LibertinusSerif-TLF 
on input line 128.

(C:\Users\vresh\AppData\Local\Programs\MiKTeX\tex/latex/libertinus-type1\t1libe
rtinusserif-tlf.fd
File: T1LibertinusSerif-TLF.fd 2024/09/22 (autoinst) Font definitions for T1/Li
bertinusSerif-TLF.
)
LaTeX Font Info:    Font shape `T1/LibertinusSerif-TLF/m/n' will be
(Font)              scaled to size 10.95pt on input line 128.

(C:\Users\vresh\AppData\Local\Programs\MiKTeX\tex/latex/l3backend\l3backend-pdf
tex.def
File: l3backend-pdftex.def 2026-02-18 L3 backend support: PDF output (pdfTeX)
\l__color_backend_stack_int=\count377
) (C:\Temp\pv-sognjvab\out\Representation_Frontiers.aux)
\openout1 = `Representation_Frontiers.aux'.

LaTeX Font Info:    Checking defaults for OML/cmm/m/it on input line 128.
LaTeX Font Info:    ... okay on input line 128.
LaTeX Font Info:    Checking defaults for OMS/cmsy/m/n on input line 128.
LaTeX Font Info:    ... okay on input line 128.
LaTeX Font Info:    Checking defaults for OT1/cmr/m/n on input line 128.
LaTeX Font Info:    ... okay on input line 128.
LaTeX Font Info:    Checking defaults for T1/cmr/m/n on input line 128.
LaTeX Font Info:    ... okay on input line 128.
LaTeX Font Info:    Checking defaults for TS1/cmr/m/n on input line 128.
LaTeX Font Info:    ... okay on input line 128.
LaTeX Font Info:    Checking defaults for OMX/cmex/m/n on input line 128.
LaTeX Font Info:    ... okay on input line 128.
LaTeX Font Info:    Checking defaults for U/cmr/m/n on input line 128.
LaTeX Font Info:    ... okay on input line 128.
LaTeX Font Info:    Checking defaults for PD1/pdf/m/n on input line 128.
LaTeX Font Info:    ... okay on input line 128.
LaTeX Font Info:    Checking defaults for PU/pdf/m/n on input line 128.
LaTeX Font Info:    ... okay on input line 128.
\c@mv@tabular=\count378
\c@mv@boldtabular=\count379
LaTeX Info: Redefining \microtypecontext on input line 128.
Package microtype Info: Applying patch `item' on input line 128.
Package microtype Info: Applying patch `toc' on input line 128.
Package microtype Info: Applying patch `eqnum' on input line 128.
Package microtype Info: Applying patch `footnote' on input line 128.
Package microtype Info: Applying patch `verbatim' on input line 128.
LaTeX Info: Redefining \microtypesetup on input line 128.
Package microtype Info: Generating PDF output.
Package microtype Info: Character protrusion enabled (level 2).
Package microtype Info: Using default protrusion set `alltext'.
Package microtype Info: Automatic font expansion enabled (level 2),
(microtype)             stretch: 20, shrink: 20, step: 1, non-selected.
Package microtype Info: Using default expansion set `alltext-nott'.
Package microtype Info: Patching command `\showhyphens'.
Package microtype Info: No adjustment of tracking.
Package microtype Info: No adjustment of interword spacing.
Package microtype Info: No adjustment of character kerning.
Package microtype Info: Loading generic protrusion settings for font family
(microtype)             `LibertinusSerif-TLF' (encoding: T1).
(microtype)             For optimal results, create family-specific settings.
(microtype)             See the microtype manual for details.

*geometry* driver: auto-detecting
*geometry* detected driver: pdftex
*geometry* verbose mode - [ preamble ] result:
* driver: pdftex
* paper: a4paper
* layout: <same size as paper>
* layoutoffset:(h,v)=(0.0pt,0.0pt)
* modes: 
* h-part:(L,W,R)=(76.82243pt, 443.863pt, 76.82243pt)
* v-part:(T,H,B)=(76.82243pt, 691.40198pt, 76.82243pt)
* \paperwidth=597.50787pt
* \paperheight=845.04684pt
* \textwidth=443.863pt
* \textheight=691.40198pt
* \oddsidemargin=4.55244pt
* \evensidemargin=4.55244pt
* \topmargin=-35.44756pt
* \headheight=15.0pt
* \headsep=25.0pt
* \topskip=11.0pt
* \footskip=30.0pt
* \marginparwidth=59.0pt
* \marginparsep=10.0pt
* \columnsep=10.0pt
* \skip\footins=10.0pt plus 4.0pt minus 2.0pt
* \hoffset=0.0pt
* \voffset=0.0pt
* \mag=1000
* \@twocolumnfalse
* \@twosidefalse
* \@mparswitchfalse
* \@reversemarginfalse
* (1in=72.27pt=25.4mm, 1cm=28.453pt)


(C:\Users\vresh\AppData\Local\Programs\MiKTeX\tex/context/base/mkii\supp-pdf.mk
ii
[Loading MPS to PDF converter (version 2006.09.02).]
\scratchcounter=\count380
\scratchdimen=\dimen332
\scratchbox=\box94
\nofMPsegments=\count381
\nofMParguments=\count382
\everyMPshowfont=\toks58
\MPscratchCnt=\count383
\MPscratchDim=\dimen333
\MPnumerator=\count384
\makeMPintoPDFobject=\count385
\everyMPtoPDFconversion=\toks59
)
(C:\Users\vresh\AppData\Local\Programs\MiKTeX\tex/latex/epstopdf-pkg\epstopdf-b
ase.sty
Package: epstopdf-base 2020-01-24 v2.11 Base part for package epstopdf


Package epstopdf Warning: Shell escape feature is not enabled.

Package epstopdf-base Info: Redefining graphics rule for `.eps' on input line 4
85.

(C:\Users\vresh\AppData\Local\Programs\MiKTeX\tex/latex/00miktex\epstopdf-sys.c
fg
File: epstopdf-sys.cfg 2021/03/18 v2.0 Configuration of epstopdf for MiKTeX
))
Package caption Info: Begin \AtBeginDocument code.
Package caption Info: float package is loaded.
Package caption Info: hyperref package is loaded.
Package caption Info: listings package is loaded.
Package caption Info: End \AtBeginDocument code.
Package hyperref Info: Link coloring ON on input line 128.
 (C:\Temp\pv-sognjvab\out\Representation_Frontiers.out)
(C:\Temp\pv-sognjvab\out\Representation_Frontiers.out)
\@outlinefile=\write5
\openout5 = `Representation_Frontiers.out'.

\c@lstlisting=\count386
LaTeX Font Info:    Font shape `T1/LibertinusSerif-TLF/m/n' will be
(Font)              scaled to size 17.28pt on input line 130.
LaTeX Font Info:    Font shape `T1/LibertinusSerif-TLF/b/n' will be
(Font)              scaled to size 17.28pt on input line 130.
LaTeX Font Info:    Font shape `T1/LibertinusSerif-TLF/m/n' will be
(Font)              scaled to size 12.0pt on input line 130.

(C:\Users\vresh\AppData\Local\Programs\MiKTeX\tex/latex/microtype\mt-cmr.cfg
File: mt-cmr.cfg 2013/05/19 v2.2 microtype config. file: Computer Modern Roman 
(RS)
)
LaTeX Font Info:    Trying to load font information for U+msa on input line 130
.

(C:\Users\vresh\AppData\Local\Programs\MiKTeX\tex/latex/amsfonts\umsa.fd
File: umsa.fd 2013/01/14 v3.01 AMS symbols A
)
(C:\Users\vresh\AppData\Local\Programs\MiKTeX\tex/latex/microtype\mt-msa.cfg
File: mt-msa.cfg 2006/02/04 v1.1 microtype config. file: AMS symbols (a) (RS)
)
LaTeX Font Info:    Trying to load font information for U+msb on input line 130
.

(C:\Users\vresh\AppData\Local\Programs\MiKTeX\tex/latex/amsfonts\umsb.fd
File: umsb.fd 2013/01/14 v3.01 AMS symbols B
)
(C:\Users\vresh\AppData\Local\Programs\MiKTeX\tex/latex/microtype\mt-msb.cfg
File: mt-msb.cfg 2005/06/01 v1.0 microtype config. file: AMS symbols (b) (RS)
)
LaTeX Font Info:    Trying to load font information for U+rsfs on input line 13
0.

(C:\Users\vresh\AppData\Local\Programs\MiKTeX\tex/latex/jknappen\ursfs.fd
File: ursfs.fd 1998/03/24 rsfs font definition file (jk)
)
LaTeX Font Info:    Font shape `T1/LibertinusSerif-TLF/m/n' will be
(Font)              scaled to size 14.4pt on input line 130.
LaTeX Font Info:    Font shape `T1/LibertinusSerif-TLF/b/n' will be
(Font)              scaled to size 14.4pt on input line 130.

(C:\Temp\pv-sognjvab\out\Representation_Frontiers.toc
LaTeX Font Info:    Font shape `T1/LibertinusSerif-TLF/b/n' will be
(Font)              scaled to size 12.0pt on input line 1.
LaTeX Font Info:    Font shape `T1/LibertinusSerif-TLF/b/n' will be
(Font)              scaled to size 10.95pt on input line 2.
 [1

{C:/Users/vresh/AppData/Local/MiKTeX/fonts/map/pdftex/pdftex.map}{C:/Users/vres
h/AppData/Local/Programs/MiKTeX/fonts/enc/dvips/libertinus-type1/lbn1_sfissr.en
c}{C:/Users/vresh/AppData/Local/Programs/MiKTeX/fonts/enc/dvips/libertinus-type
1/lbn1_75t36g.enc}]
LaTeX Font Info:    Font shape `T1/LibertinusSerif-TLF/m/n' will be
(Font)              scaled to size 10.0pt on input line 65.

[2] [3] [4] [5] [6] [7] [8] [9] [10] [11] [12] [13] [14] [15] [16])
\tf@toc=\write6
\openout6 = `Representation_Frontiers.toc'.

 [17]
LaTeX Font Info:    Trying to load font information for TS1+LibertinusSerif-TLF
 on input line 139.

(C:\Users\vresh\AppData\Local\Programs\MiKTeX\tex/latex/libertinus-type1\ts1lib
ertinusserif-tlf.fd
File: TS1LibertinusSerif-TLF.fd 2024/09/22 (autoinst) Font definitions for TS1/
LibertinusSerif-TLF.
)
LaTeX Font Info:    Font shape `TS1/LibertinusSerif-TLF/m/n' will be
(Font)              scaled to size 10.95pt on input line 139.
Package microtype Info: Loading generic protrusion settings for font family
(microtype)             `LibertinusSerif-TLF' (encoding: TS1).
(microtype)             For optimal results, create family-specific settings.
(microtype)             See the microtype manual for details.
LaTeX Font Info:    Trying to load font information for T1+LibertinusMono-TLF o
n input line 139.

(C:\Users\vresh\AppData\Local\Programs\MiKTeX\tex/latex/libertinus-type1\t1libe
rtinusmono-tlf.fd
File: T1LibertinusMono-TLF.fd 2025/01/11 (autoinst) Font definitions for T1/Lib
ertinusMono-TLF.
)
LaTeX Font Info:    Font shape `T1/LibertinusMono-TLF/m/n' will be
(Font)              scaled to size 9.30756pt on input line 139.
Package microtype Info: Loading generic protrusion settings for font family
(microtype)             `LibertinusMono-TLF' (encoding: T1).
(microtype)             For optimal results, create family-specific settings.
(microtype)             See the microtype manual for details.
Package microtype Info: Character `guilsinglleft ' is missing
(microtype)             in font `T1/LibertinusMono-TLF/m/n/10.95'.
(microtype)             Ignoring protrusion settings for this character.
Package microtype Info: Character `guilsinglright ' is missing
(microtype)             in font `T1/LibertinusMono-TLF/m/n/10.95'.
(microtype)             Ignoring protrusion settings for this character.
LaTeX Font Info:    Font shape `T1/LibertinusSerif-TLF/m/n' will be
(Font)              scaled to size 9.0pt on input line 139.
LaTeX Font Info:    Font shape `T1/LibertinusMono-TLF/m/n' will be
(Font)              scaled to size 7.65005pt on input line 139.
Package microtype Info: Character `guilsinglleft ' is missing
(microtype)             in font `T1/LibertinusMono-TLF/m/n/9'.
(microtype)             Ignoring protrusion settings for this character.
Package microtype Info: Character `guilsinglright ' is missing
(microtype)             in font `T1/LibertinusMono-TLF/m/n/9'.
(microtype)             Ignoring protrusion settings for this character.
LaTeX Font Info:    Font shape `T1/LibertinusSerif-TLF/m/it' will be
(Font)              scaled to size 10.95pt on input line 150.
LaTeX Font Info:    Font shape `T1/LibertinusSerif-TLF/b/n' will be
(Font)              scaled to size 10.0pt on input line 167.
LaTeX Font Info:    Font shape `T1/LibertinusMono-TLF/m/n' will be
(Font)              scaled to size 8.50006pt on input line 167.
Package microtype Info: Character `guilsinglleft ' is missing
(microtype)             in font `T1/LibertinusMono-TLF/m/n/10'.
(microtype)             Ignoring protrusion settings for this character.
Package microtype Info: Character `guilsinglright ' is missing
(microtype)             in font `T1/LibertinusMono-TLF/m/n/10'.
(microtype)             Ignoring protrusion settings for this character.
 [18

{C:/Users/vresh/AppData/Local/Programs/MiKTeX/fonts/enc/dvips/libertinus-type1/
lbn1_rlktsf.enc}{C:/Users/vresh/AppData/Local/Programs/MiKTeX/fonts/enc/dvips/l
ibertinus-type1/lbn1_or3pzs.enc}{C:/Users/vresh/AppData/Local/Programs/MiKTeX/f
onts/enc/dvips/libertinus-type1/lbn1_sncvby.enc}]
LaTeX Font Info:    Font shape `T1/LibertinusSerif-TLF/b/n' will be
(Font)              scaled to size 20.74pt on input line 171.

[19

]
LaTeX Font Info:    Trying to load font information for T1+LibertinusSans-TLF o
n input line 254.

(C:\Users\vresh\AppData\Local\Programs\MiKTeX\tex/latex/libertinus-type1\t1libe
rtinussans-tlf.fd
File: T1LibertinusSans-TLF.fd 2024/09/22 (autoinst) Font definitions for T1/Lib
ertinusSans-TLF.
)
LaTeX Font Info:    Font shape `T1/LibertinusSans-TLF/m/n' will be
(Font)              scaled to size 10.95pt on input line 254.
Package microtype Info: Loading generic protrusion settings for font family
(microtype)             `LibertinusSans-TLF' (encoding: T1).
(microtype)             For optimal results, create family-specific settings.
(microtype)             See the microtype manual for details.
 [20{C:/Users/vresh/AppData/Local/Programs/MiKTeX/fonts/enc/dvips/libertinus-ty
pe1/lbn1_mfadfl.enc}] [21]
LaTeX Font Info:    Font shape `T1/LibertinusSans-TLF/b/n' will be
(Font)              scaled to size 10.95pt on input line 377.
 [22] [23]
LaTeX Font Info:    Font shape `T1/LibertinusSans-TLF/m/n' will be
(Font)              scaled to size 10.0pt on input line 513.

ignored: Infinite glue shrinkage found in box being split [24] [25] [26] [27]
[28] [29] [30] [31] [32] [33] [34] [35] [36] [37]
Package microtype Info: Loading generic protrusion settings for font family
(microtype)             `cmss' (encoding: OT1).
(microtype)             For optimal results, create family-specific settings.
(microtype)             See the microtype manual for details.
 [38] [39] [40]
(assets/Fabius_Rvachev_Representation_Frontiers/generated_tables.tex
LaTeX Font Info:    Font shape `T1/LibertinusSerif-TLF/m/n' will be
(Font)              scaled to size 8.0pt on input line 29.
LaTeX Font Info:    Font shape `T1/LibertinusSerif-TLF/m/n' will be
(Font)              scaled to size 6.0pt on input line 29.
)
<assets/Fabius_Rvachev_Representation_Frontiers/figures/jacobi_coefficients.png
, id=3177, 462.528pt x 289.08pt>
File: assets/Fabius_Rvachev_Representation_Frontiers/figures/jacobi_coefficient
s.png Graphic file (type png)
<use assets/Fabius_Rvachev_Representation_Frontiers/figures/jacobi_coefficients
.png>
Package pdftex.def Info: assets/Fabius_Rvachev_Representation_Frontiers/figures
/jacobi_coefficients.png  used on input line 1683.
(pdftex.def)             Requested size: 346.2126pt x 216.39482pt.
<assets/Fabius_Rvachev_Representation_Frontiers/figures/jacobi_scaled_deficit.p
ng, id=3179, 462.528pt x 289.08pt>
File: assets/Fabius_Rvachev_Representation_Frontiers/figures/jacobi_scaled_defi
cit.png Graphic file (type png)
<use assets/Fabius_Rvachev_Representation_Frontiers/figures/jacobi_scaled_defic
it.png>
Package pdftex.def Info: assets/Fabius_Rvachev_Representation_Frontiers/figures
/jacobi_scaled_deficit.png  used on input line 1691.
(pdftex.def)             Requested size: 346.2126pt x 216.39482pt.
 [41]
[42 <./assets/Fabius_Rvachev_Representation_Frontiers/figures/jacobi_coefficien
ts.png> <./assets/Fabius_Rvachev_Representation_Frontiers/figures/jacobi_scaled
_deficit.png>] [43] [44]
Underfull \hbox (badness 1024) in paragraph at lines 1853--1858
\T1/LibertinusSerif-TLF/m/n/10.95 (+20) points. The zero-set for-mula, trun-cat
ed at $\OT1/cmr/m/n/10.95 10[]$\T1/LibertinusSerif-TLF/m/n/10.95 (+20) , dif-fe
red by $\OT1/cmr/m/n/10.95 5\OML/cmm/m/it/10.95 :\OT1/cmr/m/n/10.95 2 \OMS/cmsy
/m/n/10.95 ^^B \OT1/cmr/m/n/10.95 10[]$\T1/LibertinusSerif-TLF/m/n/10.95 (+20) 
, $\OT1/cmr/m/n/10.95 1\OML/cmm/m/it/10.95 :\OT1/cmr/m/n/10.95 5 \OMS/cmsy/m/n/
10.95 ^^B \OT1/cmr/m/n/10.95 10[]$\T1/LibertinusSerif-TLF/m/n/10.95 (+20) , and

 []

[45] [46] [47]
(C:\Users\vresh\AppData\Local\Programs\MiKTeX\tex/latex/listings\lstlang1.sty
File: lstlang1.sty 2025/11/14 1.11b listings language file
)
(C:\Users\vresh\AppData\Local\Programs\MiKTeX\tex/latex/listings\lstlang1.sty
File: lstlang1.sty 2025/11/14 1.11b listings language file
)
[48] (assets/Fabius_Rvachev_Representation_Frontiers/corpus_inventory.tex
ignored: Infini
te glue shrinkage found in box being split
[49]
ignored: Infinite glue shrinkage found in box being split [50]
LaTeX Font Info:    Font shape `TS1/LibertinusSerif-TLF/m/n' will be
(Font)              scaled to size 10.0pt on input line 77.
) [51] [52]
LaTeX Font Info:    Font shape `T1/LibertinusSerif-TLF/m/it' will be
(Font)              scaled to size 10.0pt on input line 2237.
 [53

] [54]
Underfull \hbox (badness 1137) in paragraph at lines 2325--2330
\T1/LibertinusSerif-TLF/m/n/10.95 (+20) The pri-mary for-mal ex-po-si-tion was 
pinned to repos-i-tory com-mit \T1/LibertinusMono-TLF/m/n/10.95 0770442945d65ba
c5530
 []

[55

] [56] [57] [58] [59] [60] [61] [62] [63] [64]
LaTeX Font Info:    Font shape `T1/LibertinusSerif-TLF/m/n' will be
(Font)              scaled to size 20.74pt on input line 2933.
 [65

]
Underfull \hbox (badness 1762) in paragraph at lines 3024--3035
\T1/LibertinusSerif-TLF/m/n/10.95 (+20) ized $[]\OML/cmm/m/it/10.95 ; []$ \T1/L
ibertinusSerif-TLF/m/n/10.95 (+20) pair. Those ana-logues are
 []

[66] [67] [68] [69] [70] [71] [72] [73] [74] [75]
Underfull \hbox (badness 10000) in paragraph at lines 3854--3854
[]|\T1/LibertinusSerif-TLF/m/n/10 (+20) measurable
 []


ignored: Infinite glue shrinkage found in box being split [76]
ignored: Infinite glue shrinkage fo
und in box being split [77]
<assets/fabius_rvachev_representation_frontier/figures/gamma_factorization_conv
ergence.png, id=3711, 520.344pt x 325.215pt>
File: assets/fabius_rvachev_representation_frontier/figures/gamma_factorization
_convergence.png Graphic file (type png)
<use assets/fabius_rvachev_representation_frontier/figures/gamma_factorization_
convergence.png>
Package pdftex.def Info: assets/fabius_rvachev_representation_frontier/figures/
gamma_factorization_convergence.png  used on input line 3893.
(pdftex.def)             Requested size: 346.2126pt x 216.39427pt.
 [78 <./assets/fabius_rvachev_representation_frontier/figures/gamma_factorizati
on_convergence.png>]
<assets/fabius_rvachev_representation_frontier/figures/jensen_mean_comparison.p
ng, id=3718, 520.344pt x 325.215pt>
File: assets/fabius_rvachev_representation_frontier/figures/jensen_mean_compari
son.png Graphic file (type png)
<use assets/fabius_rvachev_representation_frontier/figures/jensen_mean_comparis
on.png>
Package pdftex.def Info: assets/fabius_rvachev_representation_frontier/figures/
jensen_mean_comparison.png  used on input line 3918.
(pdftex.def)             Requested size: 346.2126pt x 216.39427pt.
<assets/fabius_rvachev_representation_frontier/figures/gaussian_mixture_charact
eristic_function.png, id=3719, 520.344pt x 325.215pt>
File: assets/fabius_rvachev_representation_frontier/figures/gaussian_mixture_ch
aracteristic_function.png Graphic file (type png)
<use assets/fabius_rvachev_representation_frontier/figures/gaussian_mixture_cha
racteristic_function.png>
Package pdftex.def Info: assets/fabius_rvachev_representation_frontier/figures/
gaussian_mixture_characteristic_function.png  used on input line 3935.
(pdftex.def)             Requested size: 346.2126pt x 216.39427pt.
 [79 <./assets/fabius_rvachev_representation_frontier/figures/jensen_mean_compa
rison.png>]
<assets/fabius_rvachev_representation_frontier/figures/fabius_sine_series_conve
rgence.png, id=3732, 520.344pt x 325.215pt>
File: assets/fabius_rvachev_representation_frontier/figures/fabius_sine_series_
convergence.png Graphic file (type png)
<use assets/fabius_rvachev_representation_frontier/figures/fabius_sine_series_c
onvergence.png>
Package pdftex.def Info: assets/fabius_rvachev_representation_frontier/figures/
fabius_sine_series_convergence.png  used on input line 3955.
(pdftex.def)             Requested size: 346.2126pt x 216.39427pt.

(C:\Users\vresh\AppData\Local\Programs\MiKTeX\tex/latex/listings\lstlang1.sty
File: lstlang1.sty 2025/11/14 1.11b listings language file
)
[80 <./assets/fabius_rvachev_representation_frontier/figures/gaussian_mixture_c
haracteristic_function.png> <./assets/fabius_rvachev_representation_frontier/fi
gures/fabius_sine_series_convergence.png>] [81] [82] [83] [84]
LaTeX Font Info:    Font shape `T1/LibertinusSerif-TLF/m/n' will be
(Font)              scaled to size 5.0pt on input line 4239.
 [85] [86]
[87

]
Underfull \hbox (badness 10000) in paragraph at lines 4501--4505
[]|\T1/LibertinusSerif-TLF/m/n/10.95 (+20) Weighted an-tideriva-tives, inverse-
pair area iden-ti-ties,
 []


Underfull \hbox (badness 3168) in paragraph at lines 4501--4505
\T1/LibertinusSerif-TLF/m/n/10.95 (+20) prim-i-tives, or-der statis-tics, Stiel
t-jes/Cauchy trans-forms,
 []


Underfull \hbox (badness 1137) in paragraph at lines 4511--4514
[]|\T1/LibertinusSerif-TLF/m/n/10.95 (+20) Laguerre--Pólya and PF$[]$ struc-tur
e, gen-er-al-ized gamma-
 []


ignored: Infinite glue shrinkage found in box being split [88

] [89] [90] [91] [92] [93] [94] [95] [96] [97] [98] [99] [100] [101]
LaTeX Font Info:    Font shape `T1/LibertinusSerif-TLF/m/it' will be
(Font)              scaled to size 8.0pt on input line 5435.
LaTeX Font Info:    Font shape `T1/LibertinusSerif-TLF/m/it' will be
(Font)              scaled to size 6.0pt on input line 5435.

[102] [103] [104] [105] [106] [107] [108] [109] [110]
Underfull \hbox (badness 1215) in paragraph at lines 6182--6187
[]\T1/LibertinusSerif-TLF/m/n/10.95 (+20) Taylor-expand $[][]\OT1/cmr/m/n/10.95
 (\OML/cmm/m/it/10.95 h^^X=\OT1/cmr/m/n/10.95 4)$ \T1/LibertinusSerif-TLF/m/n/1
0.95 (+20) to an ar-bi-trary fixed or-der in []. The Schwartz de-
 []


Underfull \hbox (badness 1735) in paragraph at lines 6182--6187
\T1/LibertinusSerif-TLF/m/n/10.95 (+20) cay of $[]$ jus-ti-fies termwise in-te-
gra-tion and bounds the re-main-der. Par-se-val iden-ti-fies
 []

[111] [112] [113] [114]
Underfull \hbox (badness 10000) in paragraph at lines 6464--6464
[]|\T1/LibertinusSerif-TLF/m/n/10.95 (+20) dyadic uni-form
 []


Underfull \hbox (badness 1189) in paragraph at lines 6466--6468
\T1/LibertinusSerif-TLF/m/n/10.95 (+20) Fourier de-cay, canon-i-cal prod-
 []


Underfull \hbox (badness 10000) in paragraph at lines 6470--6470
[]|\T1/LibertinusSerif-TLF/m/n/10.95 (+20) equal-width uni-
 []


Underfull \hbox (badness 10000) in paragraph at lines 6474--6474
[]|\T1/LibertinusSerif-TLF/m/n/10.95 (+20) tents and $[][]$
 []


Underfull \hbox (badness 10000) in paragraph at lines 6477--6479
[]|\T1/LibertinusSerif-TLF/m/n/10.95 (+20) Exact Ham-ming can-cel-la-tion,
 []


Underfull \hbox (badness 10000) in paragraph at lines 6477--6479
\T1/LibertinusSerif-TLF/m/n/10.95 (+20) Thue--Morse top mode, fi-
 []


Underfull \hbox (badness 10000) in paragraph at lines 6477--6479
\T1/LibertinusSerif-TLF/m/n/10.95 (+20) nite trigonometric-product
 []


Underfull \hbox (badness 10000) in paragraph at lines 6481--6481
[]|\T1/LibertinusSerif-TLF/m/n/10.95 (+20) inverse val-ues
 []


Underfull \hbox (badness 10000) in paragraph at lines 6483--6483
[]|\T1/LibertinusSerif-TLF/m/n/10.95 (+20) Legendre--
 []


Underfull \hbox (badness 2894) in paragraph at lines 6484--6485
[]|\T1/LibertinusSerif-TLF/m/n/10.95 (+20) Global spec-tral ap-prox-i-ma-tion
 []


Underfull \hbox (badness 10000) in paragraph at lines 6484--6485
\T1/LibertinusSerif-TLF/m/n/10.95 (+20) and transform-to-polynomial
 []


ignored: Infinite glue shrinkage found in box being split [115] [116] [117] [118] [119]
<assets/Fabius_Rvachev_Multiresolution_Report/multiresolution_convergence.png, 
id=4312, 520.344pt x 332.0405pt>
File: assets/Fabius_Rvachev_Multiresolution_Report/multiresolution_convergence.
png Graphic file (type png)
<use assets/Fabius_Rvachev_Multiresolution_Report/multiresolution_convergence.p
ng>
Package pdftex.def Info: assets/Fabius_Rvachev_Multiresolution_Report/multireso
lution_convergence.png  used on input line 6792.
(pdftex.def)             Requested size: 372.84329pt x 237.929pt.
 [120]
<assets/Fabius_Rvachev_Multiresolution_Report/haar_energy_asymptotics.png, id=4
319, 520.344pt x 332.0405pt>
File: assets/Fabius_Rvachev_Multiresolution_Report/haar_energy_asymptotics.png 
Graphic file (type png)
<use assets/Fabius_Rvachev_Multiresolution_Report/haar_energy_asymptotics.png>
Package pdftex.def Info: assets/Fabius_Rvachev_Multiresolution_Report/haar_ener
gy_asymptotics.png  used on input line 6829.
(pdftex.def)             Requested size: 372.84329pt x 237.929pt.
 [121 <./assets/Fabius_Rvachev_Multiresolution_Report/multiresolution_convergen
ce.png>] [122 <./assets/Fabius_Rvachev_Multiresolution_Report/haar_energy_asymp
totics.png>]
Underfull \hbox (badness 1708) in paragraph at lines 6919--6920
[]|\T1/LibertinusSerif-TLF/m/n/10.95 (+20) infinite con-vo-lu-tion of dyadic un
i-
 []


Underfull \hbox (badness 2142) in paragraph at lines 6940--6941
[]|\T1/LibertinusSerif-TLF/m/n/10.95 (+20) Bell--Bernoulli finite-product co-ef
-fi-
 []


Underfull \hbox (badness 10000) in paragraph at lines 6943--6944
[]|\T1/LibertinusSerif-TLF/m/n/10.95 (+20) confluent-hypergeometric mix-ture
 []


ignored: Infinite glue shrinkage found in box being split [123]
Package hyperref Info: bookmark level for unknown lstlisting defaults to 0 on i
nput line 6992.
 (assets/Fabius_Rvachev_Multiresolution_Report/numerical_results.txt
[124]) [125] [126] [127

] [128

] [129] [130] [131] [132] [133] [134] [135]
[136] [137] [138] [139] [140] [141] [142] [143] [144] [145] [146]
<assets/fabius_rvachev_report_package/trace_series_convergence.png, id=4823, 52
0.344pt x 317.988pt>
File: assets/fabius_rvachev_report_package/trace_series_convergence.png Graphic
 file (type png)
<use assets/fabius_rvachev_report_package/trace_series_convergence.png>
Package pdftex.def Info: assets/fabius_rvachev_report_package/trace_series_conv
ergence.png  used on input line 8626.
(pdftex.def)             Requested size: 346.2126pt x 211.58551pt.
 [147]
<assets/fabius_rvachev_report_package/turan_ratios.png, id=4833, 520.344pt x 31
7.988pt>
File: assets/fabius_rvachev_report_package/turan_ratios.png Graphic file (type 
png)
<use assets/fabius_rvachev_report_package/turan_ratios.png>
Package pdftex.def Info: assets/fabius_rvachev_report_package/turan_ratios.png 
 used on input line 8646.
(pdftex.def)             Requested size: 346.2126pt x 211.58551pt.

[148 <./assets/fabius_rvachev_report_package/trace_series_convergence.png> <./a
ssets/fabius_rvachev_report_package/turan_ratios.png>]
<assets/fabius_rvachev_report_package/mellin_barnes_errors.png, id=4844, 520.34
4pt x 317.988pt>
File: assets/fabius_rvachev_report_package/mellin_barnes_errors.png Graphic fil
e (type png)
<use assets/fabius_rvachev_report_package/mellin_barnes_errors.png>
Package pdftex.def Info: assets/fabius_rvachev_report_package/mellin_barnes_err
ors.png  used on input line 8675.
(pdftex.def)             Requested size: 346.2126pt x 211.58551pt.
 [149 <./assets/fabius_rvachev_report_package/mellin_barnes_errors.png>] [150] 
[151] [152] [153]
LaTeX Font Info:    Font shape `T1/LibertinusMono-TLF/b/n' will be
(Font)              scaled to size 9.30756pt on input line 8986.
Package microtype Info: Character `guilsinglleft ' is missing
(microtype)             in font `T1/LibertinusMono-TLF/b/n/10.95'.
(microtype)             Ignoring protrusion settings for this character.
Package microtype Info: Character `guilsinglright ' is missing
(microtype)             in font `T1/LibertinusMono-TLF/b/n/10.95'.
(microtype)             Ignoring protrusion settings for this character.

[154] [155] [156] [157

] [158] [159] [160] [161] [162] [163] [164] [165]
[166] [167] [168] [169]
LaTeX Font Info:    Font shape `T1/LibertinusSerif-TLF/m/it' will be
(Font)              scaled to size 14.4pt on input line 10168.
 [170] [171] [172] [173]
<assets/Fabius_Rvachev_Polyphase_Representation_Report/thue_morse_jump_comb.png
, id=5261, 592.2125pt x 310.761pt>
File: assets/Fabius_Rvachev_Polyphase_Representation_Report/thue_morse_jump_com
b.png Graphic file (type png)
<use assets/Fabius_Rvachev_Polyphase_Representation_Report/thue_morse_jump_comb
.png>
Package pdftex.def Info: assets/Fabius_Rvachev_Polyphase_Representation_Report/
thue_morse_jump_comb.png  used on input line 10416.
(pdftex.def)             Requested size: 417.2323pt x 218.94902pt.
 [174] [175 <./assets/Fabius_Rvachev_Polyphase_Representation_Report/thue_morse
_jump_comb.png>] [176] [177]
[178] [179] [180] [181] [182] [183]
Underfull \hbox (badness 10000) in paragraph at lines 11086--11086
[]|\T1/LibertinusSerif-TLF/m/n/10.95 (+20) Derivative cas-
 []


Underfull \hbox (badness 10000) in paragraph at lines 11098--11098
[]|\T1/LibertinusSerif-TLF/m/n/10.95 (+20) Canonical zero
 []


Underfull \hbox (badness 1308) in paragraph at lines 11102--11102
[]|\T1/LibertinusSerif-TLF/m/n/10.95 (+20) Logarithmic zeta
 []


Underfull \hbox (badness 10000) in paragraph at lines 11104--11104
[]|\T1/LibertinusSerif-TLF/m/n/10.95 (+20) Cotangent log-a-
 []


Underfull \hbox (badness 10000) in paragraph at lines 11110--11110
[]|\T1/LibertinusSerif-TLF/m/n/10.95 (+20) Moment-
 []


Underfull \hbox (badness 10000) in paragraph at lines 11110--11110
\T1/LibertinusSerif-TLF/m/n/10.95 (+20) generating
 []


Underfull \hbox (badness 7047) in paragraph at lines 11124--11124
[]|\T1/LibertinusSerif-TLF/m/n/10.95 (+20) Legendre ex-pan-
 []


Underfull \hbox (badness 4242) in paragraph at lines 11139--11140
[]|$\OML/cmm/m/it/10.95 K\OT1/cmr/m/n/10.95 (\OML/cmm/m/it/10.95 t\OT1/cmr/m/n/
10.95 ) = [][](1 + \OML/cmm/m/it/10.95 ^^W[]\OT1/cmr/m/n/10.95 (\OML/cmm/m/it/1
0.95 n\OT1/cmr/m/n/10.95 ))e[]$ \T1/LibertinusSerif-TLF/m/n/10.95 (+20) and $[]
[] \OML/cmm/m/it/10.95 t[]K\OT1/cmr/m/n/10.95 (\OML/cmm/m/it/10.95 t\OT1/cmr/m/
n/10.95 ) []  d\OML/cmm/m/it/10.95 t \OT1/cmr/m/n/10.95 =
 []


Underfull \hbox (badness 10000) in paragraph at lines 11141--11141
[]|\T1/LibertinusSerif-TLF/m/n/10.95 (+20) Polyphase prod-
 []


Underfull \hbox (badness 10000) in paragraph at lines 11147--11147
[]|\T1/LibertinusSerif-TLF/m/n/10.95 (+20) Averaging prod-
 []


ignored: Infinite glue shrinkage found in box being split [184]
Underfull \hbox (badness 10000) in paragraph at lines 11173--11173
[]|\T1/LibertinusSerif-TLF/m/n/10.95 (+20) Density Fourier
 []


Underfull \hbox (badness 3078) in paragraph at lines 11184--11184
[]|\T1/LibertinusSerif-TLF/m/n/10.95 (+20) Bromwich in-ver-
 []


Underfull \hbox (badness 10000) in paragraph at lines 11194--11194
[]|\T1/LibertinusSerif-TLF/m/n/10.95 (+20) Half-integer
 []


Underfull \hbox (badness 10000) in paragraph at lines 11196--11196
[]|\T1/LibertinusSerif-TLF/m/n/10.95 (+20) Twisted Pois-son
 []


Underfull \hbox (badness 10000) in paragraph at lines 11211--11211
[]|\T1/LibertinusSerif-TLF/m/n/10.95 (+20) Quantile trans-
 []


Underfull \hbox (badness 10000) in paragraph at lines 11213--11213
[]|\T1/LibertinusSerif-TLF/m/n/10.95 (+20) Quantile mo-
 []


Underfull \hbox (badness 10000) in paragraph at lines 11225--11225
[]|\T1/LibertinusSerif-TLF/m/n/10.95 (+20) Endpoint
 []


ignored: Infinite glue shrinkage found in box being split [185]
Underfull \hbox (badness 10000) in paragraph at lines 11250--11250
[]|\T1/LibertinusSerif-TLF/m/n/10.95 (+20) Finite co-ef-fi-cient
 []


Underfull \hbox (badness 1466) in paragraph at lines 11261--11261
[]|\T1/LibertinusSerif-TLF/m/n/10.95 (+20) Sparse lobe prod-
 []


Underfull \hbox (badness 2426) in paragraph at lines 11263--11263
[]|\T1/LibertinusSerif-TLF/m/n/10.95 (+20) Base-$\OT1/cmr/m/n/10.95 2[]$ \T1/Li
bertinusSerif-TLF/m/n/10.95 (+20) digit fac-
 []


Underfull \hbox (badness 10000) in paragraph at lines 11269--11269
[]|\T1/LibertinusSerif-TLF/m/n/10.95 (+20) Unsigned spline
 []


Underfull \hbox (badness 10000) in paragraph at lines 11271--11271
[]|\T1/LibertinusSerif-TLF/m/n/10.95 (+20) Distributional
 []


Underfull \hbox (badness 10000) in paragraph at lines 11280--11280
[]|\T1/LibertinusSerif-TLF/m/n/10.95 (+20) Signed Laplace
 []


Underfull \hbox (badness 10000) in paragraph at lines 11282--11282
[]|\T1/LibertinusSerif-TLF/m/n/10.95 (+20) Unsigned to-tal
 []


Underfull \hbox (badness 10000) in paragraph at lines 11288--11288
[]|\T1/LibertinusSerif-TLF/m/n/10.95 (+20) Bell--Bernoulli
 []


Underfull \hbox (badness 5924) in paragraph at lines 11293--11293
[]|\T1/LibertinusSerif-TLF/m/n/10.95 (+20) Pascal, val-u-a-tion,
 []

[186] [187] [188]
Underfull \hbox (badness 10000) in paragraph at lines 11392--11395
[]\T1/LibertinusSerif-TLF/m/n/10.95 (+20) It com-pares the di-rect fi-nite atom
ic trans-form $[][] \OML/cmm/m/it/10.95 "[]\OT1/cmr/m/n/10.95 e[]$
 []

<assets/Fabius_Rvachev_Polyphase_Representation_Report/polyphase_fourier_factor
s.png, id=5461, 592.2125pt x 346.896pt>
File: assets/Fabius_Rvachev_Polyphase_Representation_Report/polyphase_fourier_f
actors.png Graphic file (type png)
<use assets/Fabius_Rvachev_Polyphase_Representation_Report/polyphase_fourier_fa
ctors.png>
Package pdftex.def Info: assets/Fabius_Rvachev_Polyphase_Representation_Report/
polyphase_fourier_factors.png  used on input line 11440.
(pdftex.def)             Requested size: 430.54765pt x 252.20508pt.
[189] [190 <./assets/Fabius_Rvachev_Polyphase_Representation_Report/polyphase_f
ourier_factors.png>] [191] [192] [193] [194] [195] [196] [197] [198] [199]
[200] [201] [202] [203]
Underfull \hbox (badness 10000) in paragraph at lines 12375--12376
[]|[]\T1/LibertinusSerif-TLF/m/n/10 (+20) --
 []


ignored: Infinite glue shrinkage found in box being split [204] [205] [206] [207] [208] 
[209] [210] [211] [212] [213]
(assets/Fabius_Rvachev_Thue_Morse_Representation_Frontiers/generated_tables.tex
[214])
<assets/Fabius_Rvachev_Thue_Morse_Representation_Frontiers/first_wave_generated
/jacobi_coefficients.png, id=5921, 462.528pt x 289.08pt>
File: assets/Fabius_Rvachev_Thue_Morse_Representation_Frontiers/first_wave_gene
rated/jacobi_coefficients.png Graphic file (type png)
<use assets/Fabius_Rvachev_Thue_Morse_Representation_Frontiers/first_wave_gener
ated/jacobi_coefficients.png>
Package pdftex.def Info: assets/Fabius_Rvachev_Thue_Morse_Representation_Fronti
ers/first_wave_generated/jacobi_coefficients.png  used on input line 13083.
(pdftex.def)             Requested size: 346.2126pt x 216.39482pt.
<assets/Fabius_Rvachev_Thue_Morse_Representation_Frontiers/first_wave_generated
/jacobi_scaled_deficit.png, id=5922, 462.528pt x 289.08pt>
File: assets/Fabius_Rvachev_Thue_Morse_Representation_Frontiers/first_wave_gene
rated/jacobi_scaled_deficit.png Graphic file (type png)
<use assets/Fabius_Rvachev_Thue_Morse_Representation_Frontiers/first_wave_gener
ated/jacobi_scaled_deficit.png>
Package pdftex.def Info: assets/Fabius_Rvachev_Thue_Morse_Representation_Fronti
ers/first_wave_generated/jacobi_scaled_deficit.png  used on input line 13091.
(pdftex.def)             Requested size: 346.2126pt x 216.39482pt.
 [215] [216 <./assets/Fabius_Rvachev_Thue_Morse_Representation_Frontiers/first_
wave_generated/jacobi_coefficients.png> <./assets/Fabius_Rvachev_Thue_Morse_Rep
resentation_Frontiers/first_wave_generated/jacobi_scaled_deficit.png>]
[217] [218] [219] [220] [221] [222] [223] [224] [225] [226] [227]
Underfull \hbox (badness 1024) in paragraph at lines 13952--13957
\T1/LibertinusSerif-TLF/m/n/10.95 (+20) points. The zero-set for-mula, trun-cat
ed at $\OT1/cmr/m/n/10.95 10[]$\T1/LibertinusSerif-TLF/m/n/10.95 (+20) , dif-fe
red by $\OT1/cmr/m/n/10.95 5\OML/cmm/m/it/10.95 :\OT1/cmr/m/n/10.95 2 \OMS/cmsy
/m/n/10.95 ^^B \OT1/cmr/m/n/10.95 10[]$\T1/LibertinusSerif-TLF/m/n/10.95 (+20) 
, $\OT1/cmr/m/n/10.95 1\OML/cmm/m/it/10.95 :\OT1/cmr/m/n/10.95 5 \OMS/cmsy/m/n/
10.95 ^^B \OT1/cmr/m/n/10.95 10[]$\T1/LibertinusSerif-TLF/m/n/10.95 (+20) , and

 []

<assets/Fabius_Rvachev_Thue_Morse_Representation_Frontiers/figures/half_lattice
_decay.png, id=6140, 520.344pt x 317.988pt>
File: assets/Fabius_Rvachev_Thue_Morse_Representation_Frontiers/figures/half_la
ttice_decay.png Graphic file (type png)
<use assets/Fabius_Rvachev_Thue_Morse_Representation_Frontiers/figures/half_lat
tice_decay.png>
Package pdftex.def Info: assets/Fabius_Rvachev_Thue_Morse_Representation_Fronti
ers/figures/half_lattice_decay.png  used on input line 13982.
(pdftex.def)             Requested size: 346.2126pt x 211.58551pt.
<assets/Fabius_Rvachev_Thue_Morse_Representation_Frontiers/figures/weighted_can
cellations.png, id=6141, 520.344pt x 317.988pt>
File: assets/Fabius_Rvachev_Thue_Morse_Representation_Frontiers/figures/weighte
d_cancellations.png Graphic file (type png)
<use assets/Fabius_Rvachev_Thue_Morse_Representation_Frontiers/figures/weighted
_cancellations.png>
Package pdftex.def Info: assets/Fabius_Rvachev_Thue_Morse_Representation_Fronti
ers/figures/weighted_cancellations.png  used on input line 13990.
(pdftex.def)             Requested size: 346.2126pt x 211.58551pt.
<assets/Fabius_Rvachev_Thue_Morse_Representation_Frontiers/figures/formal_jacob
i_coefficients.png, id=6144, 520.344pt x 317.988pt>
File: assets/Fabius_Rvachev_Thue_Morse_Representation_Frontiers/figures/formal_
jacobi_coefficients.png Graphic file (type png)
<use assets/Fabius_Rvachev_Thue_Morse_Representation_Frontiers/figures/formal_j
acobi_coefficients.png>
Package pdftex.def Info: assets/Fabius_Rvachev_Thue_Morse_Representation_Fronti
ers/figures/formal_jacobi_coefficients.png  used on input line 13999.
(pdftex.def)             Requested size: 346.2126pt x 211.58551pt.
<assets/Fabius_Rvachev_Thue_Morse_Representation_Frontiers/figures/dyadic_pade_
error.png, id=6145, 520.344pt x 317.988pt>
File: assets/Fabius_Rvachev_Thue_Morse_Representation_Frontiers/figures/dyadic_
pade_error.png Graphic file (type png)
<use assets/Fabius_Rvachev_Thue_Morse_Representation_Frontiers/figures/dyadic_p
ade_error.png>
Package pdftex.def Info: assets/Fabius_Rvachev_Thue_Morse_Representation_Fronti
ers/figures/dyadic_pade_error.png  used on input line 14008.
(pdftex.def)             Requested size: 346.2126pt x 211.58551pt.
[228] [229 <./assets/Fabius_Rvachev_Thue_Morse_Representation_Frontiers/figures
/half_lattice_decay.png> <./assets/Fabius_Rvachev_Thue_Morse_Representation_Fro
ntiers/figures/weighted_cancellations.png>] [230 <./assets/Fabius_Rvachev_Thue_
Morse_Representation_Frontiers/figures/formal_jacobi_coefficients.png> <./asset
s/Fabius_Rvachev_Thue_Morse_Representation_Frontiers/figures/dyadic_pade_error.
png>] [231] [232] [233]
Underfull \hbox (badness 1142) in paragraph at lines 14241--14247
\T1/LibertinusSerif-TLF/m/n/10.95 (+20) The first com-mand re-gen-er-ates the e
x-act up-law mo-ments, the pos-i-tive Ja-cobi co-ef-fi-cients,
 []


(assets/Fabius_Rvachev_Thue_Morse_Representation_Frontiers/corpus_inventory.tex

ignored: Infinite glue shrinkage found in box being split [234]
ignored: Infinite glue shrinkage f
ound in box being split [235]
ignored: Infinite glue shrinkage found in box being split [
236]) [237]
LaTeX Font Info:    Font shape `T1/LibertinusSerif-TLF/m/n' will be
(Font)              scaled to size 7.0pt on input line 14394.
 [238] [239] [240

]
LaTeX Font Info:    Font shape `T1/LibertinusSerif-TLF/m/sc' will be
(Font)              scaled to size 10.95pt on input line 14520.
 [241{C:/Users/vresh/AppData/Local/Programs/MiKTeX/fonts/enc/dvips/libertinus-t
ype1/lbn1_cb34qf.enc}] [242]
[243] [244] [245] [246] [247] [248] [249] [250] [251] [252] [253]
Underfull \hbox (badness 1655) in paragraph at lines 15581--15581
[]|$\OT1/cmr/m/n/10 ^^H$\T1/LibertinusSerif-TLF/m/n/10 (+20) , Bessel se-
 []


Underfull \hbox (badness 10000) in paragraph at lines 15587--15588
[]|\T1/LibertinusSerif-TLF/m/n/10 (+20) New; zero-multiplicity sum
 []


Underfull \hbox (badness 1210) in paragraph at lines 15591--15592
[]|\T1/LibertinusSerif-TLF/m/n/10 (+20) Baseline; mo-ment gen-er-at-ing
 []


Underfull \hbox (badness 10000) in paragraph at lines 15611--15612
[]|\T1/LibertinusSerif-TLF/m/n/10 (+20) New; ex-act probability-
 []


Underfull \hbox (badness 10000) in paragraph at lines 15625--15625
[]|$\OML/cmm/m/it/10 R\OT1/cmr/m/n/10 (\OML/cmm/m/it/10 z\OT1/cmr/m/n/10 )$\T1/
LibertinusSerif-TLF/m/n/10 (+20) , mo-
 []


Underfull \hbox (badness 10000) in paragraph at lines 15633--15633
[]|$\OML/cmm/m/it/10 R\OT1/cmr/m/n/10 (\OML/cmm/m/it/10 z\OT1/cmr/m/n/10 )$\T1/
LibertinusSerif-TLF/m/n/10 (+20) ,
 []


Underfull \hbox (badness 3078) in paragraph at lines 15637--15637
[]|$\OML/cmm/m/it/10 R\OT1/cmr/m/n/10 (\OML/cmm/m/it/10 z\OT1/cmr/m/n/10 )$\T1/
LibertinusSerif-TLF/m/n/10 (+20) , Bessel-
 []


Underfull \hbox (badness 10000) in paragraph at lines 15641--15641
[]|$\OML/cmm/m/it/10 R\OT1/cmr/m/n/10 (\OML/cmm/m/it/10 z\OT1/cmr/m/n/10 )$\T1/
LibertinusSerif-TLF/m/n/10 (+20) , Ja-cobi
 []


Underfull \hbox (badness 3460) in paragraph at lines 15643--15644
[]|\T1/LibertinusSerif-TLF/m/n/10 (+20) Baseline; real-line con-tin-ued
 []


Underfull \hbox (badness 10000) in paragraph at lines 15645--15645
[]|$\OML/cmm/m/it/10 R\OT1/cmr/m/n/10 (\OML/cmm/m/it/10 z\OT1/cmr/m/n/10 )$\T1/
LibertinusSerif-TLF/m/n/10 (+20) ,
 []


Underfull \hbox (badness 10000) in paragraph at lines 15649--15649
[]|$\OML/cmm/m/it/10 ^^Z\OT1/cmr/m/n/10 (\OML/cmm/m/it/10 x\OT1/cmr/m/n/10 )$\T
1/LibertinusSerif-TLF/m/n/10 (+20) ,
 []


Underfull \hbox (badness 10000) in paragraph at lines 15649--15649
\T1/LibertinusSerif-TLF/m/n/10 (+20) weighted
 []


Underfull \hbox (badness 10000) in paragraph at lines 15653--15653
[]|$\OML/cmm/m/it/10 F\OT1/cmr/m/n/10 (\OML/cmm/m/it/10 u\OT1/cmr/m/n/10 )$\T1/
LibertinusSerif-TLF/m/n/10 (+20) , phase
 []


Underfull \hbox (badness 10000) in paragraph at lines 15673--15673
[]|$\OML/cmm/m/it/10 F$\T1/LibertinusSerif-TLF/m/n/10 (+20) , Bessel
 []


Underfull \hbox (badness 10000) in paragraph at lines 15677--15677
[]|$\OML/cmm/m/it/10 I$\T1/LibertinusSerif-TLF/m/n/10 (+20) , push-for-
 []


Underfull \hbox (badness 1436) in paragraph at lines 15687--15688
[]|\T1/LibertinusSerif-TLF/m/n/10 (+20) New; ex-act unit-circle co-ef-fi-
 []


Underfull \hbox (badness 3108) in paragraph at lines 15695--15696
[]|\T1/LibertinusSerif-TLF/m/n/10 (+20) New de-ter-mi-nant rep-re-sen-ta-
 []


Underfull \hbox (badness 1112) in paragraph at lines 15701--15701
[]|$[][]\OT1/cmr/m/n/10 (\OML/cmm/m/it/10 n\OT1/cmr/m/n/10 )$\T1/LibertinusSeri
f-TLF/m/n/10 (+20) , spec-
 []


Underfull \hbox (badness 10000) in paragraph at lines 15713--15713
[]|\T1/LibertinusSerif-TLF/m/n/10 (+20) Finite TM
 []


Underfull \hbox (badness 10000) in paragraph at lines 15721--15721
[]|$\OT1/cmr/m/n/10 ^^H$\T1/LibertinusSerif-TLF/m/n/10 (+20) , car-di-nal
 []

[254]
ignored: Infinite glue shrinkage found in box being split [255] (assets/rvachev_fab
ius_representations_2026/generated_tables.tex)
<assets/rvachev_fabius_representations_2026/bessel_convergence.png, id=6532, 52
0.344pt x 332.1135pt>
File: assets/rvachev_fabius_representations_2026/bessel_convergence.png Graphic
 file (type png)
<use assets/rvachev_fabius_representations_2026/bessel_convergence.png>
Package pdftex.def Info: assets/rvachev_fabius_representations_2026/bessel_conv
ergence.png  used on input line 15751.
(pdftex.def)             Requested size: 363.9709pt x 232.31569pt.

[256] [257]
<assets/rvachev_fabius_representations_2026/mgf_bessel_convergence.png, id=6548
, 520.344pt x 332.1135pt>
File: assets/rvachev_fabius_representations_2026/mgf_bessel_convergence.png Gra
phic file (type png)
<use assets/rvachev_fabius_representations_2026/mgf_bessel_convergence.png>
Package pdftex.def Info: assets/rvachev_fabius_representations_2026/mgf_bessel_
convergence.png  used on input line 15776.
(pdftex.def)             Requested size: 363.9709pt x 232.31569pt.
<assets/rvachev_fabius_representations_2026/verblunsky_coefficients.png, id=655
1, 520.344pt x 332.1135pt>
File: assets/rvachev_fabius_representations_2026/verblunsky_coefficients.png Gr
aphic file (type png)
<use assets/rvachev_fabius_representations_2026/verblunsky_coefficients.png>
Package pdftex.def Info: assets/rvachev_fabius_representations_2026/verblunsky_
coefficients.png  used on input line 15807.
(pdftex.def)             Requested size: 363.9709pt x 232.31569pt.
 [258 <./assets/rvachev_fabius_representations_2026/bessel_convergence.png>] [2
59 <./assets/rvachev_fabius_representations_2026/mgf_bessel_convergence.png> <.
/assets/rvachev_fabius_representations_2026/verblunsky_coefficients.png>] [260]

Underfull \hbox (badness 2932) in paragraph at lines 15957--15960
[]\T1/LibertinusSerif-TLF/b/n/10.95 (+20) Mellin match-ing. \T1/LibertinusSerif
-TLF/m/n/10.95 (+20) Match the unit-circle phase rep-re-sen-ta-tion to the repo
s-i-tory's
 []

[261] [262] [263] [264] [265] [266

] [267] [268] [269] [270]
Underfull \hbox (badness 7740) in paragraph at lines 16562--16562
[]|\T1/LibertinusSerif-TLF/m/n/10.95 (+20) Infinite con-vo-lu-tion of uni-form
 []


Underfull \hbox (badness 1009) in paragraph at lines 16569--16570
[]|\T1/LibertinusSerif-TLF/m/n/10.95 (+20) Physical-space spec-tral ap-prox-i-
 []


Underfull \hbox (badness 10000) in paragraph at lines 16571--16572
[]|\T1/LibertinusSerif-TLF/m/n/10.95 (+20) Moments, cu-mu-lants, Laplace
 []


Underfull \hbox (badness 10000) in paragraph at lines 16572--16573
[]|\T1/LibertinusSerif-TLF/m/n/10.95 (+20) Integral cal-cu-lus and inverse-
 []


Underfull \hbox (badness 10000) in paragraph at lines 16573--16574
[]|\T1/LibertinusSerif-TLF/m/n/10.95 (+20) Sharp end-point and inverse-
 []

[271] [272] [273] [274] [275] [276] [277] [278] [279] [280] [281] [282]
[283] [284] [285] [286] [287] [288] [289]
<assets/Fabius_Rvachev_Multiresolution_Representations/figures/faber_approximan
ts.png, id=7031, 592.2125pt x 346.896pt>
File: assets/Fabius_Rvachev_Multiresolution_Representations/figures/faber_appro
ximants.png Graphic file (type png)
<use assets/Fabius_Rvachev_Multiresolution_Representations/figures/faber_approx
imants.png>
Package pdftex.def Info: assets/Fabius_Rvachev_Multiresolution_Representations/
figures/faber_approximants.png  used on input line 17978.
(pdftex.def)             Requested size: 417.2323pt x 244.4082pt.
 [290 <./assets/Fabius_Rvachev_Multiresolution_Representations/figures/faber_ap
proximants.png>]
<assets/Fabius_Rvachev_Multiresolution_Representations/figures/energy_convergen
ce.png, id=7039, 592.2125pt x 346.896pt>
File: assets/Fabius_Rvachev_Multiresolution_Representations/figures/energy_conv
ergence.png Graphic file (type png)
<use assets/Fabius_Rvachev_Multiresolution_Representations/figures/energy_conve
rgence.png>
Package pdftex.def Info: assets/Fabius_Rvachev_Multiresolution_Representations/
figures/energy_convergence.png  used on input line 17995.
(pdftex.def)             Requested size: 417.2323pt x 244.4082pt.

(assets/Fabius_Rvachev_Multiresolution_Representations/generated_tables.tex)
[291 <./assets/Fabius_Rvachev_Multiresolution_Representations/figures/energy_co
nvergence.png>]
<assets/Fabius_Rvachev_Multiresolution_Representations/figures/odd_sampling_con
vergence.png, id=7050, 592.2125pt x 346.896pt>
File: assets/Fabius_Rvachev_Multiresolution_Representations/figures/odd_samplin
g_convergence.png Graphic file (type png)
<use assets/Fabius_Rvachev_Multiresolution_Representations/figures/odd_sampling
_convergence.png>
Package pdftex.def Info: assets/Fabius_Rvachev_Multiresolution_Representations/
figures/odd_sampling_convergence.png  used on input line 18026.
(pdftex.def)             Requested size: 417.2323pt x 244.4082pt.
<assets/Fabius_Rvachev_Multiresolution_Representations/figures/triangular_distr
ibution.png, id=7053, 592.2125pt x 346.896pt>
File: assets/Fabius_Rvachev_Multiresolution_Representations/figures/triangular_
distribution.png Graphic file (type png)
<use assets/Fabius_Rvachev_Multiresolution_Representations/figures/triangular_d
istribution.png>
Package pdftex.def Info: assets/Fabius_Rvachev_Multiresolution_Representations/
figures/triangular_distribution.png  used on input line 18041.
(pdftex.def)             Requested size: 417.2323pt x 244.4082pt.
 [292] [293 <./assets/Fabius_Rvachev_Multiresolution_Representations/figures/od
d_sampling_convergence.png> <./assets/Fabius_Rvachev_Multiresolution_Representa
tions/figures/triangular_distribution.png>] [294] [295] [296]
[297]
Underfull \hbox (badness 1596) in paragraph at lines 18445--18446
[]|\T1/LibertinusSerif-TLF/m/n/10.95 (+20) new pack-
 []


Underfull \hbox (badness 1596) in paragraph at lines 18446--18447
[]|\T1/LibertinusSerif-TLF/m/n/10.95 (+20) new pack-
 []

[298] [299] [300] [301] (C:\Temp\pv-sognjvab\out\Representation_Frontiers.aux)
 ***********
LaTeX2e <2025-11-01>
L3 programming layer <2026-03-20>
 ***********
Package rerunfilecheck Info: File `Representation_Frontiers.out' has not change
d.
(rerunfilecheck)             Checksum: 66B0808918A21E0EFE70F33D5E65D9D6;139783.

 ) 
Here is how much of TeX's memory you used:
 44812 strings out of 467691
 911822 string characters out of 5414987
 2011707 words of memory out of 5000000
 69616 multiletter control sequences out of 15000+600000
 852316 words of font info for 631 fonts, out of 8000000 for 9000
 1141 hyphenation exceptions out of 8191
 98i,20n,117p,1023b,2163s stack positions out of 10000i,1000n,20000p,200000b,200000s
<C:/Users/vresh/AppData/Local/Programs/MiKTeX/fonts/type1/public/libertinus-t
ype1/LibertinusMono-Bold.pfb><C:/Users/vresh/AppData/Local/Programs/MiKTeX/font
s/type1/public/libertinus-type1/LibertinusMono-Regular.pfb><C:/Users/vresh/AppD
ata/Local/Programs/MiKTeX/fonts/type1/public/libertinus-type1/LibertinusSans-Bo
ld.pfb><C:/Users/vresh/AppData/Local/Programs/MiKTeX/fonts/type1/public/liberti
nus-type1/LibertinusSans-Regular.pfb><C:/Users/vresh/AppData/Local/Programs/MiK
TeX/fonts/type1/public/libertinus-type1/LibertinusSerif-Bold.pfb><C:/Users/vres
h/AppData/Local/Programs/MiKTeX/fonts/type1/public/libertinus-type1/LibertinusS
erif-Italic.pfb><C:/Users/vresh/AppData/Local/Programs/MiKTeX/fonts/type1/publi
c/libertinus-type1/LibertinusSerif-Regular.pfb><C:/Users/vresh/AppData/Local/Pr
ograms/MiKTeX/fonts/type1/public/amsfonts/cm/cmbx10.pfb><C:/Users/vresh/AppData
/Local/Programs/MiKTeX/fonts/type1/public/amsfonts/cm/cmex10.pfb><C:/Users/vres
h/AppData/Local/Programs/MiKTeX/fonts/type1/public/amsfonts/cmextra/cmex8.pfb><
C:/Users/vresh/AppData/Local/Programs/MiKTeX/fonts/type1/public/amsfonts/cmextr
a/cmex9.pfb><C:/Users/vresh/AppData/Local/Programs/MiKTeX/fonts/type1/public/am
sfonts/cm/cmmi10.pfb><C:/Users/vresh/AppData/Local/Programs/MiKTeX/fonts/type1/
public/amsfonts/cm/cmmi12.pfb><C:/Users/vresh/AppData/Local/Programs/MiKTeX/fon
ts/type1/public/amsfonts/cm/cmmi5.pfb><C:/Users/vresh/AppData/Local/Programs/Mi
KTeX/fonts/type1/public/amsfonts/cm/cmmi6.pfb><C:/Users/vresh/AppData/Local/Pro
grams/MiKTeX/fonts/type1/public/amsfonts/cm/cmmi7.pfb><C:/Users/vresh/AppData/L
ocal/Programs/MiKTeX/fonts/type1/public/amsfonts/cm/cmmi8.pfb><C:/Users/vresh/A
ppData/Local/Programs/MiKTeX/fonts/type1/public/amsfonts/cm/cmmi9.pfb><C:/Users
/vresh/AppData/Local/Programs/MiKTeX/fonts/type1/public/amsfonts/cm/cmmib10.pfb
><C:/Users/vresh/AppData/Local/Programs/MiKTeX/fonts/type1/public/amsfonts/cm/c
mr10.pfb><C:/Users/vresh/AppData/Local/Programs/MiKTeX/fonts/type1/public/amsfo
nts/cm/cmr12.pfb><C:/Users/vresh/AppData/Local/Programs/MiKTeX/fonts/type1/publ
ic/amsfonts/cm/cmr5.pfb><C:/Users/vresh/AppData/Local/Programs/MiKTeX/fonts/typ
e1/public/amsfonts/cm/cmr6.pfb><C:/Users/vresh/AppData/Local/Programs/MiKTeX/fo
nts/type1/public/amsfonts/cm/cmr7.pfb><C:/Users/vresh/AppData/Local/Programs/Mi
KTeX/fonts/type1/public/amsfonts/cm/cmr8.pfb><C:/Users/vresh/AppData/Local/Prog
rams/MiKTeX/fonts/type1/public/amsfonts/cm/cmr9.pfb><C:/Users/vresh/AppData/Loc
al/Programs/MiKTeX/fonts/type1/public/amsfonts/cm/cmss8.pfb><C:/Users/vresh/App
Data/Local/Programs/MiKTeX/fonts/type1/public/amsfonts/cm/cmsy10.pfb><C:/Users/
vresh/AppData/Local/Programs/MiKTeX/fonts/type1/public/amsfonts/cm/cmsy5.pfb><C
:/Users/vresh/AppData/Local/Programs/MiKTeX/fonts/type1/public/amsfonts/cm/cmsy
6.pfb><C:/Users/vresh/AppData/Local/Programs/MiKTeX/fonts/type1/public/amsfonts
/cm/cmsy7.pfb><C:/Users/vresh/AppData/Local/Programs/MiKTeX/fonts/type1/public/
amsfonts/cm/cmsy8.pfb><C:/Users/vresh/AppData/Local/Programs/MiKTeX/fonts/type1
/public/amsfonts/cm/cmsy9.pfb><C:/Users/vresh/AppData/Local/Programs/MiKTeX/fon
ts/type1/public/amsfonts/symbols/msam10.pfb><C:/Users/vresh/AppData/Local/Progr
ams/MiKTeX/fonts/type1/public/amsfonts/symbols/msbm10.pfb><C:/Users/vresh/AppDa
ta/Local/Programs/MiKTeX/fonts/type1/public/amsfonts/symbols/msbm7.pfb><C:/User
s/vresh/AppData/Local/Programs/MiKTeX/fonts/type1/public/rsfs/rsfs10.pfb>
Output written on C:\Temp\pv-sognjvab\out\Representation_Frontiers.pdf (301 pag
es, 4484038 bytes).
PDF statistics:
 7915 PDF objects out of 8907 (max. 8388607)
 2874 named destinations out of 2984 (max. 500000)
 119783 words of extra memory for PDF output out of 128383 (max. 10000000)

